None of WRF_EM_CORE, WRF_NMM_CORE, 
        specified in shell environment.... 
copying Registry/Registry.EM to Registry/Registry
 
============================================================================================== 
 
V3.8.1    
 
Compiling: WRF_EM_CORE  
WRFIO_NCD_LARGE_FILE_SUPPORT=1
 
Linux odin2 4.4.49-92.11.1_3.0-cray_ari_s #1 SMP Tue Oct 9 14:08:38 UTC 2018 (3.0.116) x86_64 x86_64 x86_64 GNU/Linux
 
Not sure how to figure out the version of this compiler: ftn
 
============================================================================================== 
 
setting parallel make -j 2
 
============================================================================================== 
 
The following indicate the compilers selected to build the WRF system
 
Serial Fortran compiler (mostly for tool generation):
which SFC
/opt/cray/pe/craype/2.5.12/bin/ftn
 
Serial C compiler (mostly for tool generation):
which SCC
/opt/intel/compilers_and_libraries_2016.4.258/linux/bin/intel64/icc
 
Fortran compiler for the model source code:
which FC
/opt/cray/pe/craype/2.5.12/bin/ftn
Will use 'time' to report timing information
 
C compiler for the model source code:
which CC
/opt/cray/pe/craype/2.5.12/bin/cc
 
============================================================================================== 
 
make -i -r MODULE_DIRS="-I../dyn_em -I../dyn_nmm   -I/scratch/john.lawson/stochastic/stochWRF_3.8/external/esmf_time_f90  -I/scratch/john.lawson/stochastic/stochWRF_3.8/main -I/scratch/john.lawson/stochastic/stochWRF_3.8/external/io_netcdf -I/scratch/john.lawson/stochastic/stochWRF_3.8/external/io_int -I/scratch/john.lawson/stochastic/stochWRF_3.8/frame -I/scratch/john.lawson/stochastic/stochWRF_3.8/share -I/scratch/john.lawson/stochastic/stochWRF_3.8/phys -I/scratch/john.lawson/stochastic/stochWRF_3.8/chem -I/scratch/john.lawson/stochastic/stochWRF_3.8/inc -I/opt/cray/pe/netcdf-hdf5parallel/4.4.1.1.3/INTEL/16.0/include " ext
make[1]: Entering directory '/scratch/john.lawson/stochastic/stochWRF_3.8'
--------------------------------------
( cd frame ; make -i -r externals )
make[2]: Entering directory '/scratch/john.lawson/stochastic/stochWRF_3.8/frame'
( cd /scratch/john.lawson/stochastic/stochWRF_3.8/external/esmf_time_f90 ; \
          make -j 2 FC="ftn -real-size `expr 8 \* 4` -i4  -w -ftz -fno-alias -align all -FR -convert big_endian  " RANLIB="ranlib" \
          CPP="/lib/cpp -P -I/scratch/john.lawson/stochastic/stochWRF_3.8/inc -I. -DEM_CORE=1 -DNMM_CORE=0 -DNMM_MAX_DIM=2600 -DCOAMPS_CORE=0 -DDA_CORE=0 -DEXP_CORE=0 -DIWORDSIZE=4 -DDWORDSIZE=8 -DRWORDSIZE=4 -DLWORDSIZE=4 -DNONSTANDARD_SYSTEM_FUNC  -DWRF_USE_CLM -DUSE_NETCDF4_FEATURES -DWRFIO_NCD_LARGE_FILE_SUPPORT  -DDM_PARALLEL -DNETCDF -DHDF5 -DUSE_ALLOCATABLES -DGRIB1 -DINTIO -DKEEP_INT_AROUND -DLIMIT_ARGS -DCONFIG_BUF_LEN=65536 -DMAX_DOMAINS_F=21 -DMAX_HISTORY=25 -DNMM_NEST=0 -traditional -DUSE_NETCDF4_FEATURES -DWRFIO_NCD_LARGE_FILE_SUPPORT" AR="ar" ARFLAGS="ru" )
make[3]: Entering directory '/scratch/john.lawson/stochastic/stochWRF_3.8/external/esmf_time_f90'
/bin/rm -f ESMF_Base.o
sed -e "/\!.*'/s/'//g" ESMF_Base.F90 > ESMF_Base.b
/bin/rm -f ESMF_Fraction.o
sed -e "/\!.*'/s/'//g" ESMF_Fraction.F90 > ESMF_Fraction.b
/lib/cpp -P -I/scratch/john.lawson/stochastic/stochWRF_3.8/inc -I. -DEM_CORE=1 -DNMM_CORE=0 -DNMM_MAX_DIM=2600 -DCOAMPS_CORE=0 -DDA_CORE=0 -DEXP_CORE=0 -DIWORDSIZE=4 -DDWORDSIZE=8 -DRWORDSIZE=4 -DLWORDSIZE=4 -DNONSTANDARD_SYSTEM_FUNC  -DWRF_USE_CLM -DUSE_NETCDF4_FEATURES -DWRFIO_NCD_LARGE_FILE_SUPPORT  -DDM_PARALLEL -DNETCDF -DHDF5 -DUSE_ALLOCATABLES -DGRIB1 -DINTIO -DKEEP_INT_AROUND -DLIMIT_ARGS -DCONFIG_BUF_LEN=65536 -DMAX_DOMAINS_F=21 -DMAX_HISTORY=25 -DNMM_NEST=0 -traditional -DUSE_NETCDF4_FEATURES -DWRFIO_NCD_LARGE_FILE_SUPPORT -I. ESMF_Fraction.b > ESMF_Fraction.f
/lib/cpp -P -I/scratch/john.lawson/stochastic/stochWRF_3.8/inc -I. -DEM_CORE=1 -DNMM_CORE=0 -DNMM_MAX_DIM=2600 -DCOAMPS_CORE=0 -DDA_CORE=0 -DEXP_CORE=0 -DIWORDSIZE=4 -DDWORDSIZE=8 -DRWORDSIZE=4 -DLWORDSIZE=4 -DNONSTANDARD_SYSTEM_FUNC  -DWRF_USE_CLM -DUSE_NETCDF4_FEATURES -DWRFIO_NCD_LARGE_FILE_SUPPORT  -DDM_PARALLEL -DNETCDF -DHDF5 -DUSE_ALLOCATABLES -DGRIB1 -DINTIO -DKEEP_INT_AROUND -DLIMIT_ARGS -DCONFIG_BUF_LEN=65536 -DMAX_DOMAINS_F=21 -DMAX_HISTORY=25 -DNMM_NEST=0 -traditional -DUSE_NETCDF4_FEATURES -DWRFIO_NCD_LARGE_FILE_SUPPORT -I. ESMF_Base.b > ESMF_Base.f
/bin/rm -f ESMF_Fraction.b
/bin/rm -f ESMF_Base.b
ftn -real-size 32 -i4  -w -ftz -fno-alias -align all -FR -convert big_endian   -o ESMF_Base.o -c ESMF_Base.f
ftn -real-size 32 -i4  -w -ftz -fno-alias -align all -FR -convert big_endian   -o ESMF_Fraction.o -c ESMF_Fraction.f
/bin/rm -f ESMF_BaseTime.o
sed -e "/\!.*'/s/'//g" ESMF_BaseTime.F90 > ESMF_BaseTime.b
/lib/cpp -P -I/scratch/john.lawson/stochastic/stochWRF_3.8/inc -I. -DEM_CORE=1 -DNMM_CORE=0 -DNMM_MAX_DIM=2600 -DCOAMPS_CORE=0 -DDA_CORE=0 -DEXP_CORE=0 -DIWORDSIZE=4 -DDWORDSIZE=8 -DRWORDSIZE=4 -DLWORDSIZE=4 -DNONSTANDARD_SYSTEM_FUNC  -DWRF_USE_CLM -DUSE_NETCDF4_FEATURES -DWRFIO_NCD_LARGE_FILE_SUPPORT  -DDM_PARALLEL -DNETCDF -DHDF5 -DUSE_ALLOCATABLES -DGRIB1 -DINTIO -DKEEP_INT_AROUND -DLIMIT_ARGS -DCONFIG_BUF_LEN=65536 -DMAX_DOMAINS_F=21 -DMAX_HISTORY=25 -DNMM_NEST=0 -traditional -DUSE_NETCDF4_FEATURES -DWRFIO_NCD_LARGE_FILE_SUPPORT -I. ESMF_BaseTime.b > ESMF_BaseTime.f
/bin/rm -f ESMF_BaseTime.b
ftn -real-size 32 -i4  -w -ftz -fno-alias -align all -FR -convert big_endian   -o ESMF_BaseTime.o -c ESMF_BaseTime.f
/bin/rm -f ESMF_Calendar.o
sed -e "/\!.*'/s/'//g" ESMF_Calendar.F90 > ESMF_Calendar.b
/lib/cpp -P -I/scratch/john.lawson/stochastic/stochWRF_3.8/inc -I. -DEM_CORE=1 -DNMM_CORE=0 -DNMM_MAX_DIM=2600 -DCOAMPS_CORE=0 -DDA_CORE=0 -DEXP_CORE=0 -DIWORDSIZE=4 -DDWORDSIZE=8 -DRWORDSIZE=4 -DLWORDSIZE=4 -DNONSTANDARD_SYSTEM_FUNC  -DWRF_USE_CLM -DUSE_NETCDF4_FEATURES -DWRFIO_NCD_LARGE_FILE_SUPPORT  -DDM_PARALLEL -DNETCDF -DHDF5 -DUSE_ALLOCATABLES -DGRIB1 -DINTIO -DKEEP_INT_AROUND -DLIMIT_ARGS -DCONFIG_BUF_LEN=65536 -DMAX_DOMAINS_F=21 -DMAX_HISTORY=25 -DNMM_NEST=0 -traditional -DUSE_NETCDF4_FEATURES -DWRFIO_NCD_LARGE_FILE_SUPPORT -I. ESMF_Calendar.b > ESMF_Calendar.f
/bin/rm -f ESMF_Calendar.b
ftn -real-size 32 -i4  -w -ftz -fno-alias -align all -FR -convert big_endian   -o ESMF_Calendar.o -c ESMF_Calendar.f
/bin/rm -f ESMF_TimeInterval.o
/bin/rm -f ESMF_Stubs.o
sed -e "/\!.*'/s/'//g" ESMF_TimeInterval.F90 > ESMF_TimeInterval.b
sed -e "/\!.*'/s/'//g" ESMF_Stubs.F90 > ESMF_Stubs.b
/lib/cpp -P -I/scratch/john.lawson/stochastic/stochWRF_3.8/inc -I. -DEM_CORE=1 -DNMM_CORE=0 -DNMM_MAX_DIM=2600 -DCOAMPS_CORE=0 -DDA_CORE=0 -DEXP_CORE=0 -DIWORDSIZE=4 -DDWORDSIZE=8 -DRWORDSIZE=4 -DLWORDSIZE=4 -DNONSTANDARD_SYSTEM_FUNC  -DWRF_USE_CLM -DUSE_NETCDF4_FEATURES -DWRFIO_NCD_LARGE_FILE_SUPPORT  -DDM_PARALLEL -DNETCDF -DHDF5 -DUSE_ALLOCATABLES -DGRIB1 -DINTIO -DKEEP_INT_AROUND -DLIMIT_ARGS -DCONFIG_BUF_LEN=65536 -DMAX_DOMAINS_F=21 -DMAX_HISTORY=25 -DNMM_NEST=0 -traditional -DUSE_NETCDF4_FEATURES -DWRFIO_NCD_LARGE_FILE_SUPPORT -I. ESMF_Stubs.b > ESMF_Stubs.f
/lib/cpp -P -I/scratch/john.lawson/stochastic/stochWRF_3.8/inc -I. -DEM_CORE=1 -DNMM_CORE=0 -DNMM_MAX_DIM=2600 -DCOAMPS_CORE=0 -DDA_CORE=0 -DEXP_CORE=0 -DIWORDSIZE=4 -DDWORDSIZE=8 -DRWORDSIZE=4 -DLWORDSIZE=4 -DNONSTANDARD_SYSTEM_FUNC  -DWRF_USE_CLM -DUSE_NETCDF4_FEATURES -DWRFIO_NCD_LARGE_FILE_SUPPORT  -DDM_PARALLEL -DNETCDF -DHDF5 -DUSE_ALLOCATABLES -DGRIB1 -DINTIO -DKEEP_INT_AROUND -DLIMIT_ARGS -DCONFIG_BUF_LEN=65536 -DMAX_DOMAINS_F=21 -DMAX_HISTORY=25 -DNMM_NEST=0 -traditional -DUSE_NETCDF4_FEATURES -DWRFIO_NCD_LARGE_FILE_SUPPORT -I. ESMF_TimeInterval.b > ESMF_TimeInterval.f
/bin/rm -f ESMF_Stubs.b
/bin/rm -f ESMF_TimeInterval.b
ftn -real-size 32 -i4  -w -ftz -fno-alias -align all -FR -convert big_endian   -o ESMF_Stubs.o -c ESMF_Stubs.f
ftn -real-size 32 -i4  -w -ftz -fno-alias -align all -FR -convert big_endian   -o ESMF_TimeInterval.o -c ESMF_TimeInterval.f
/bin/rm -f ESMF_Time.o
sed -e "/\!.*'/s/'//g" ESMF_Time.F90 > ESMF_Time.b
/lib/cpp -P -I/scratch/john.lawson/stochastic/stochWRF_3.8/inc -I. -DEM_CORE=1 -DNMM_CORE=0 -DNMM_MAX_DIM=2600 -DCOAMPS_CORE=0 -DDA_CORE=0 -DEXP_CORE=0 -DIWORDSIZE=4 -DDWORDSIZE=8 -DRWORDSIZE=4 -DLWORDSIZE=4 -DNONSTANDARD_SYSTEM_FUNC  -DWRF_USE_CLM -DUSE_NETCDF4_FEATURES -DWRFIO_NCD_LARGE_FILE_SUPPORT  -DDM_PARALLEL -DNETCDF -DHDF5 -DUSE_ALLOCATABLES -DGRIB1 -DINTIO -DKEEP_INT_AROUND -DLIMIT_ARGS -DCONFIG_BUF_LEN=65536 -DMAX_DOMAINS_F=21 -DMAX_HISTORY=25 -DNMM_NEST=0 -traditional -DUSE_NETCDF4_FEATURES -DWRFIO_NCD_LARGE_FILE_SUPPORT -I. ESMF_Time.b > ESMF_Time.f
/bin/rm -f ESMF_Time.b
ftn -real-size 32 -i4  -w -ftz -fno-alias -align all -FR -convert big_endian   -o ESMF_Time.o -c ESMF_Time.f
/bin/rm -f ESMF_Alarm.o
sed -e "/\!.*'/s/'//g" ESMF_Alarm.F90 > ESMF_Alarm.b
/lib/cpp -P -I/scratch/john.lawson/stochastic/stochWRF_3.8/inc -I. -DEM_CORE=1 -DNMM_CORE=0 -DNMM_MAX_DIM=2600 -DCOAMPS_CORE=0 -DDA_CORE=0 -DEXP_CORE=0 -DIWORDSIZE=4 -DDWORDSIZE=8 -DRWORDSIZE=4 -DLWORDSIZE=4 -DNONSTANDARD_SYSTEM_FUNC  -DWRF_USE_CLM -DUSE_NETCDF4_FEATURES -DWRFIO_NCD_LARGE_FILE_SUPPORT  -DDM_PARALLEL -DNETCDF -DHDF5 -DUSE_ALLOCATABLES -DGRIB1 -DINTIO -DKEEP_INT_AROUND -DLIMIT_ARGS -DCONFIG_BUF_LEN=65536 -DMAX_DOMAINS_F=21 -DMAX_HISTORY=25 -DNMM_NEST=0 -traditional -DUSE_NETCDF4_FEATURES -DWRFIO_NCD_LARGE_FILE_SUPPORT -I. ESMF_Alarm.b > ESMF_Alarm.f
/bin/rm -f ESMF_Alarm.b
ftn -real-size 32 -i4  -w -ftz -fno-alias -align all -FR -convert big_endian   -o ESMF_Alarm.o -c ESMF_Alarm.f
/bin/rm -f ESMF_Clock.o
sed -e "/\!.*'/s/'//g" ESMF_Clock.F90 > ESMF_Clock.b
/lib/cpp -P -I/scratch/john.lawson/stochastic/stochWRF_3.8/inc -I. -DEM_CORE=1 -DNMM_CORE=0 -DNMM_MAX_DIM=2600 -DCOAMPS_CORE=0 -DDA_CORE=0 -DEXP_CORE=0 -DIWORDSIZE=4 -DDWORDSIZE=8 -DRWORDSIZE=4 -DLWORDSIZE=4 -DNONSTANDARD_SYSTEM_FUNC  -DWRF_USE_CLM -DUSE_NETCDF4_FEATURES -DWRFIO_NCD_LARGE_FILE_SUPPORT  -DDM_PARALLEL -DNETCDF -DHDF5 -DUSE_ALLOCATABLES -DGRIB1 -DINTIO -DKEEP_INT_AROUND -DLIMIT_ARGS -DCONFIG_BUF_LEN=65536 -DMAX_DOMAINS_F=21 -DMAX_HISTORY=25 -DNMM_NEST=0 -traditional -DUSE_NETCDF4_FEATURES -DWRFIO_NCD_LARGE_FILE_SUPPORT -I. ESMF_Clock.b > ESMF_Clock.f
/bin/rm -f ESMF_Clock.b
ftn -real-size 32 -i4  -w -ftz -fno-alias -align all -FR -convert big_endian   -o ESMF_Clock.o -c ESMF_Clock.f
/bin/rm -f Meat.o
/bin/rm -f ESMF_AlarmClock.o
sed -e "/\!.*'/s/'//g" ESMF_AlarmClock.F90 > ESMF_AlarmClock.b
sed -e "/\!.*'/s/'//g" Meat.F90 > Meat.b
/lib/cpp -P -I/scratch/john.lawson/stochastic/stochWRF_3.8/inc -I. -DEM_CORE=1 -DNMM_CORE=0 -DNMM_MAX_DIM=2600 -DCOAMPS_CORE=0 -DDA_CORE=0 -DEXP_CORE=0 -DIWORDSIZE=4 -DDWORDSIZE=8 -DRWORDSIZE=4 -DLWORDSIZE=4 -DNONSTANDARD_SYSTEM_FUNC  -DWRF_USE_CLM -DUSE_NETCDF4_FEATURES -DWRFIO_NCD_LARGE_FILE_SUPPORT  -DDM_PARALLEL -DNETCDF -DHDF5 -DUSE_ALLOCATABLES -DGRIB1 -DINTIO -DKEEP_INT_AROUND -DLIMIT_ARGS -DCONFIG_BUF_LEN=65536 -DMAX_DOMAINS_F=21 -DMAX_HISTORY=25 -DNMM_NEST=0 -traditional -DUSE_NETCDF4_FEATURES -DWRFIO_NCD_LARGE_FILE_SUPPORT -I. ESMF_AlarmClock.b > ESMF_AlarmClock.f
/lib/cpp -P -I/scratch/john.lawson/stochastic/stochWRF_3.8/inc -I. -DEM_CORE=1 -DNMM_CORE=0 -DNMM_MAX_DIM=2600 -DCOAMPS_CORE=0 -DDA_CORE=0 -DEXP_CORE=0 -DIWORDSIZE=4 -DDWORDSIZE=8 -DRWORDSIZE=4 -DLWORDSIZE=4 -DNONSTANDARD_SYSTEM_FUNC  -DWRF_USE_CLM -DUSE_NETCDF4_FEATURES -DWRFIO_NCD_LARGE_FILE_SUPPORT  -DDM_PARALLEL -DNETCDF -DHDF5 -DUSE_ALLOCATABLES -DGRIB1 -DINTIO -DKEEP_INT_AROUND -DLIMIT_ARGS -DCONFIG_BUF_LEN=65536 -DMAX_DOMAINS_F=21 -DMAX_HISTORY=25 -DNMM_NEST=0 -traditional -DUSE_NETCDF4_FEATURES -DWRFIO_NCD_LARGE_FILE_SUPPORT -I. Meat.b > Meat.f
/bin/rm -f ESMF_AlarmClock.b
ftn -real-size 32 -i4  -w -ftz -fno-alias -align all -FR -convert big_endian   -o ESMF_AlarmClock.o -c ESMF_AlarmClock.f
/bin/rm -f Meat.b
ftn -real-size 32 -i4  -w -ftz -fno-alias -align all -FR -convert big_endian   -o Meat.o -c Meat.f
/bin/rm -f ESMF_Mod.o
sed -e "/\!.*'/s/'//g" ESMF_Mod.F90 > ESMF_Mod.b
/lib/cpp -P -I/scratch/john.lawson/stochastic/stochWRF_3.8/inc -I. -DEM_CORE=1 -DNMM_CORE=0 -DNMM_MAX_DIM=2600 -DCOAMPS_CORE=0 -DDA_CORE=0 -DEXP_CORE=0 -DIWORDSIZE=4 -DDWORDSIZE=8 -DRWORDSIZE=4 -DLWORDSIZE=4 -DNONSTANDARD_SYSTEM_FUNC  -DWRF_USE_CLM -DUSE_NETCDF4_FEATURES -DWRFIO_NCD_LARGE_FILE_SUPPORT  -DDM_PARALLEL -DNETCDF -DHDF5 -DUSE_ALLOCATABLES -DGRIB1 -DINTIO -DKEEP_INT_AROUND -DLIMIT_ARGS -DCONFIG_BUF_LEN=65536 -DMAX_DOMAINS_F=21 -DMAX_HISTORY=25 -DNMM_NEST=0 -traditional -DUSE_NETCDF4_FEATURES -DWRFIO_NCD_LARGE_FILE_SUPPORT -I. ESMF_Mod.b > ESMF_Mod.f
/bin/rm -f ESMF_Mod.b
ftn -real-size 32 -i4  -w -ftz -fno-alias -align all -FR -convert big_endian   -o ESMF_Mod.o -c ESMF_Mod.f
/bin/rm -f module_symbols_util.o
sed -e "/\!.*'/s/'//g" module_symbols_util.F90 > module_symbols_util.b
/lib/cpp -P -I/scratch/john.lawson/stochastic/stochWRF_3.8/inc -I. -DEM_CORE=1 -DNMM_CORE=0 -DNMM_MAX_DIM=2600 -DCOAMPS_CORE=0 -DDA_CORE=0 -DEXP_CORE=0 -DIWORDSIZE=4 -DDWORDSIZE=8 -DRWORDSIZE=4 -DLWORDSIZE=4 -DNONSTANDARD_SYSTEM_FUNC  -DWRF_USE_CLM -DUSE_NETCDF4_FEATURES -DWRFIO_NCD_LARGE_FILE_SUPPORT  -DDM_PARALLEL -DNETCDF -DHDF5 -DUSE_ALLOCATABLES -DGRIB1 -DINTIO -DKEEP_INT_AROUND -DLIMIT_ARGS -DCONFIG_BUF_LEN=65536 -DMAX_DOMAINS_F=21 -DMAX_HISTORY=25 -DNMM_NEST=0 -traditional -DUSE_NETCDF4_FEATURES -DWRFIO_NCD_LARGE_FILE_SUPPORT -I. module_symbols_util.b > module_symbols_util.f
/bin/rm -f module_symbols_util.b
ftn -real-size 32 -i4  -w -ftz -fno-alias -align all -FR -convert big_endian   -o module_symbols_util.o -c module_symbols_util.f
/bin/rm -f module_utility.o
sed -e "/\!.*'/s/'//g" module_utility.F90 > module_utility.b
/lib/cpp -P -I/scratch/john.lawson/stochastic/stochWRF_3.8/inc -I. -DEM_CORE=1 -DNMM_CORE=0 -DNMM_MAX_DIM=2600 -DCOAMPS_CORE=0 -DDA_CORE=0 -DEXP_CORE=0 -DIWORDSIZE=4 -DDWORDSIZE=8 -DRWORDSIZE=4 -DLWORDSIZE=4 -DNONSTANDARD_SYSTEM_FUNC  -DWRF_USE_CLM -DUSE_NETCDF4_FEATURES -DWRFIO_NCD_LARGE_FILE_SUPPORT  -DDM_PARALLEL -DNETCDF -DHDF5 -DUSE_ALLOCATABLES -DGRIB1 -DINTIO -DKEEP_INT_AROUND -DLIMIT_ARGS -DCONFIG_BUF_LEN=65536 -DMAX_DOMAINS_F=21 -DMAX_HISTORY=25 -DNMM_NEST=0 -traditional -DUSE_NETCDF4_FEATURES -DWRFIO_NCD_LARGE_FILE_SUPPORT -I. module_utility.b > module_utility.f
/bin/rm -f module_utility.b
ftn -real-size 32 -i4  -w -ftz -fno-alias -align all -FR -convert big_endian   -o module_utility.o -c module_utility.f
/bin/rm -f libesmf_time.a
if [ "ar" != "lib.exe" ] ; then \
          ar ru libesmf_time.a ESMF_Alarm.o ESMF_BaseTime.o ESMF_Clock.o ESMF_Time.o Meat.o ESMF_Base.o ESMF_Calendar.o ESMF_Fraction.o ESMF_TimeInterval.o ESMF_Stubs.o ESMF_Mod.o module_symbols_util.o module_utility.o ESMF_AlarmClock.o ; \
        else \
          ar /out:libesmf_time.a ESMF_Alarm.o ESMF_BaseTime.o ESMF_Clock.o ESMF_Time.o Meat.o ESMF_Base.o ESMF_Calendar.o ESMF_Fraction.o ESMF_TimeInterval.o ESMF_Stubs.o ESMF_Mod.o module_symbols_util.o module_utility.o ESMF_AlarmClock.o ; \
        fi
ar: creating libesmf_time.a
ranlib libesmf_time.a
make[3]: Leaving directory '/scratch/john.lawson/stochastic/stochWRF_3.8/external/esmf_time_f90'
( cd /scratch/john.lawson/stochastic/stochWRF_3.8/external/io_netcdf ; \
          make -j 2 NETCDFPATH="/opt/cray/pe/netcdf-hdf5parallel/4.4.1.1.3/INTEL/16.0" RANLIB="ranlib" CPP="/lib/cpp -P" \
          CC="icc " CFLAGS="-w -O3 -ip  -DDM_PARALLEL -DMAX_HISTORY=25 -DNMM_CORE=0" \
          FC="ftn -real-size `expr 8 \* 4` -i4  -ip -O3  -w -ftz -fno-alias -align all -FR -convert big_endian  " TRADFLAG="-traditional -DUSE_NETCDF4_FEATURES -DWRFIO_NCD_LARGE_FILE_SUPPORT" AR="ar" ARFLAGS="ru" )
make[3]: Entering directory '/scratch/john.lawson/stochastic/stochWRF_3.8/external/io_netcdf'
grep nf_format_64bit /opt/cray/pe/netcdf-hdf5parallel/4.4.1.1.3/INTEL/16.0/include/netcdf.inc ;\
                        a=$? ; export a ; \
		if [ $a -a "$WRFIO_NCD_LARGE_FILE_SUPPORT" = "1" ] ; then \
                          /lib/cpp -P -P -traditional -DUSE_NETCDF4_FEATURES -DWRFIO_NCD_LARGE_FILE_SUPPORT -DWRFIO_NCD_LARGE_FILE_SUPPORT -I../ioapi_share wrf_io.F90 | m4 -Uinclude -Uindex -Ulen - > wrf_io.f ; \
                        else \
                          /lib/cpp -P -P -traditional -DUSE_NETCDF4_FEATURES -DWRFIO_NCD_LARGE_FILE_SUPPORT -I../ioapi_share wrf_io.F90 | m4 -Uinclude -Uindex -Ulen - > wrf_io.f ; \
                        fi
/lib/cpp -P -P -traditional -DUSE_NETCDF4_FEATURES -DWRFIO_NCD_LARGE_FILE_SUPPORT -I../ioapi_share module_wrfsi_static.F90 > module_wrfsi_static.f
      integer nf_format_64bit
      parameter (nf_format_64bit = 2)
ftn -real-size 32 -i4  -ip -O3  -w -ftz -fno-alias -align all -FR -convert big_endian   -o module_wrfsi_static.o  -I/opt/cray/pe/netcdf-hdf5parallel/4.4.1.1.3/INTEL/16.0/include -I../ioapi_share -c module_wrfsi_static.f
ftn -real-size 32 -i4  -ip -O3  -w -ftz -fno-alias -align all -FR -convert big_endian   -o wrf_io.o  -I/opt/cray/pe/netcdf-hdf5parallel/4.4.1.1.3/INTEL/16.0/include -I../ioapi_share -c wrf_io.f
/lib/cpp -P -P -traditional -DUSE_NETCDF4_FEATURES -DWRFIO_NCD_LARGE_FILE_SUPPORT -I../ioapi_share field_routines.F90 > field_routines.f
ftn -real-size 32 -i4  -ip -O3  -w -ftz -fno-alias -align all -FR -convert big_endian   -o field_routines.o  -I/opt/cray/pe/netcdf-hdf5parallel/4.4.1.1.3/INTEL/16.0/include -I../ioapi_share -c field_routines.f
/bin/rm -f libwrfio_nf.a
if [ "ar" != "lib.exe" ] ; then \
                          ar cr libwrfio_nf.a wrf_io.o field_routines.o module_wrfsi_static.o ; \
                        else \
                          ar /out:libwrfio_nf.a wrf_io.o field_routines.o module_wrfsi_static.o ; \
                        fi
ranlib libwrfio_nf.a
make[3]: Leaving directory '/scratch/john.lawson/stochastic/stochWRF_3.8/external/io_netcdf'
( cd /scratch/john.lawson/stochastic/stochWRF_3.8/external/ioapi_share ; \
          make -i -r NATIVE_RWORDSIZE="4" RWORDSIZE="4" AR="ar" ARFLAGS="ru" )
make[3]: Entering directory '/scratch/john.lawson/stochastic/stochWRF_3.8/external/ioapi_share'
( /bin/rm -f ../../inc/wrf_io_flags.h foo_io_flags.h; \
/bin/cp wrf_io_flags.h foo_io_flags.h; \
if [ 4 -ne 4 ] ; then \
  /bin/rm -f foo_io_flags.h; \
  sed -e 's/104/105/' wrf_io_flags.h > foo_io_flags.h ;\
fi ; \
/bin/mv foo_io_flags.h ../../inc/wrf_io_flags.h )
/bin/rm -f ../../inc/wrf_status_codes.h
/bin/cp wrf_status_codes.h ../../inc
make[3]: Leaving directory '/scratch/john.lawson/stochastic/stochWRF_3.8/external/ioapi_share'
( cd /scratch/john.lawson/stochastic/stochWRF_3.8/external/io_grib_share ; \
          make -j 2 CC="icc " CFLAGS="-w -O3 -ip  -DDM_PARALLEL -DMAX_HISTORY=25 -DNMM_CORE=0" RM="rm -f" RANLIB="ranlib" CPP="/lib/cpp -P" \
          FC="ftn -real-size `expr 8 \* 4` -i4 -I.  -w -ftz -fno-alias -align all -FR -convert big_endian   " TRADFLAG="-traditional -DUSE_NETCDF4_FEATURES -DWRFIO_NCD_LARGE_FILE_SUPPORT" AR="ar" ARFLAGS="ru" archive) 
make[3]: Entering directory '/scratch/john.lawson/stochastic/stochWRF_3.8/external/io_grib_share'
make[4]: Entering directory '/scratch/john.lawson/stochastic/stochWRF_3.8/external/io_grib_share'
rm -f io_grib_share.o
icc   -I. -w -O3 -ip  -DDM_PARALLEL -DMAX_HISTORY=25 -DNMM_CORE=0   -c get_region_center.c
/lib/cpp -P  -traditional -DUSE_NETCDF4_FEATURES -DWRFIO_NCD_LARGE_FILE_SUPPORT  -I. io_grib_share.F > io_grib_share.f90
ftn -real-size 32 -i4 -I.  -w -ftz -fno-alias -align all -FR -convert big_endian      -I.     -c io_grib_share.f90
icc   -I. -w -O3 -ip  -DDM_PARALLEL -DMAX_HISTORY=25 -DNMM_CORE=0   -c gridnav.c
icc   -I. -w -O3 -ip  -DDM_PARALLEL -DMAX_HISTORY=25 -DNMM_CORE=0   -c open_file.c
ar ru ./libio_grib_share.a io_grib_share.o get_region_center.o gridnav.o open_file.o
ar: creating ./libio_grib_share.a
ranlib ./libio_grib_share.a
make[4]: Leaving directory '/scratch/john.lawson/stochastic/stochWRF_3.8/external/io_grib_share'
make[3]: Leaving directory '/scratch/john.lawson/stochastic/stochWRF_3.8/external/io_grib_share'
( cd /scratch/john.lawson/stochastic/stochWRF_3.8/external/io_grib1 ; \
          make -j 2 CC="icc " CFLAGS="-w -O3 -ip  -DDM_PARALLEL -DMAX_HISTORY=25 -DNMM_CORE=0" RM="rm -f" RANLIB="ranlib" CPP="/lib/cpp -P" \
          FC="ftn -real-size `expr 8 \* 4` -i4 -I.  -w -ftz -fno-alias -align all -FR -convert big_endian   " TRADFLAG="-traditional -DUSE_NETCDF4_FEATURES -DWRFIO_NCD_LARGE_FILE_SUPPORT" AR="ar" ARFLAGS="ru" archive)
make[3]: Entering directory '/scratch/john.lawson/stochastic/stochWRF_3.8/external/io_grib1'
        Doing make archive on library subdirectory MEL_grib1
make[4]: Entering directory '/scratch/john.lawson/stochastic/stochWRF_3.8/external/io_grib1/MEL_grib1'
make[5]: Entering directory '/scratch/john.lawson/stochastic/stochWRF_3.8/external/io_grib1/MEL_grib1'
icc   -I. -w -O3 -ip  -DDM_PARALLEL -DMAX_HISTORY=25 -DNMM_CORE=0   -c FTP_getfile.c
icc   -I. -w -O3 -ip  -DDM_PARALLEL -DMAX_HISTORY=25 -DNMM_CORE=0   -c apply_bitmap.c
icc   -I. -w -O3 -ip  -DDM_PARALLEL -DMAX_HISTORY=25 -DNMM_CORE=0   -c display_gribhdr.c
icc   -I. -w -O3 -ip  -DDM_PARALLEL -DMAX_HISTORY=25 -DNMM_CORE=0   -c gbyte.c
icc   -I. -w -O3 -ip  -DDM_PARALLEL -DMAX_HISTORY=25 -DNMM_CORE=0   -c grib_dec.c
icc   -I. -w -O3 -ip  -DDM_PARALLEL -DMAX_HISTORY=25 -DNMM_CORE=0   -c grib_enc.c
icc   -I. -w -O3 -ip  -DDM_PARALLEL -DMAX_HISTORY=25 -DNMM_CORE=0   -c grib_seek.c
icc   -I. -w -O3 -ip  -DDM_PARALLEL -DMAX_HISTORY=25 -DNMM_CORE=0   -c gribgetbds.c
icc   -I. -w -O3 -ip  -DDM_PARALLEL -DMAX_HISTORY=25 -DNMM_CORE=0   -c gribgetbms.c
icc   -I. -w -O3 -ip  -DDM_PARALLEL -DMAX_HISTORY=25 -DNMM_CORE=0   -c gribgetgds.c
icc   -I. -w -O3 -ip  -DDM_PARALLEL -DMAX_HISTORY=25 -DNMM_CORE=0   -c gribgetpds.c
icc   -I. -w -O3 -ip  -DDM_PARALLEL -DMAX_HISTORY=25 -DNMM_CORE=0   -c gribhdr2file.c
icc   -I. -w -O3 -ip  -DDM_PARALLEL -DMAX_HISTORY=25 -DNMM_CORE=0   -c gribputbds.c
icc   -I. -w -O3 -ip  -DDM_PARALLEL -DMAX_HISTORY=25 -DNMM_CORE=0   -c gribputgds.c
icc   -I. -w -O3 -ip  -DDM_PARALLEL -DMAX_HISTORY=25 -DNMM_CORE=0   -c gribputpds.c
icc   -I. -w -O3 -ip  -DDM_PARALLEL -DMAX_HISTORY=25 -DNMM_CORE=0   -c hdr_print.c
icc   -I. -w -O3 -ip  -DDM_PARALLEL -DMAX_HISTORY=25 -DNMM_CORE=0   -c init_dec_struct.c
icc   -I. -w -O3 -ip  -DDM_PARALLEL -DMAX_HISTORY=25 -DNMM_CORE=0   -c init_enc_struct.c
icc   -I. -w -O3 -ip  -DDM_PARALLEL -DMAX_HISTORY=25 -DNMM_CORE=0   -c init_gribhdr.c
icc   -I. -w -O3 -ip  -DDM_PARALLEL -DMAX_HISTORY=25 -DNMM_CORE=0   -c init_struct.c
icc   -I. -w -O3 -ip  -DDM_PARALLEL -DMAX_HISTORY=25 -DNMM_CORE=0   -c ld_dec_lookup.c
icc   -I. -w -O3 -ip  -DDM_PARALLEL -DMAX_HISTORY=25 -DNMM_CORE=0   -c ld_enc_input.c
icc   -I. -w -O3 -ip  -DDM_PARALLEL -DMAX_HISTORY=25 -DNMM_CORE=0   -c ld_enc_lookup.c
icc   -I. -w -O3 -ip  -DDM_PARALLEL -DMAX_HISTORY=25 -DNMM_CORE=0   -c ld_grib_origctrs.c
icc   -I. -w -O3 -ip  -DDM_PARALLEL -DMAX_HISTORY=25 -DNMM_CORE=0   -c make_default_grbfn.c
icc   -I. -w -O3 -ip  -DDM_PARALLEL -DMAX_HISTORY=25 -DNMM_CORE=0   -c make_grib_log.c
icc   -I. -w -O3 -ip  -DDM_PARALLEL -DMAX_HISTORY=25 -DNMM_CORE=0   -c map_lvl.c
icc   -I. -w -O3 -ip  -DDM_PARALLEL -DMAX_HISTORY=25 -DNMM_CORE=0   -c map_parm.c
icc   -I. -w -O3 -ip  -DDM_PARALLEL -DMAX_HISTORY=25 -DNMM_CORE=0   -c pack_spatial.c
icc   -I. -w -O3 -ip  -DDM_PARALLEL -DMAX_HISTORY=25 -DNMM_CORE=0   -c prt_inp_struct.c
icc   -I. -w -O3 -ip  -DDM_PARALLEL -DMAX_HISTORY=25 -DNMM_CORE=0   -c upd_child_errmsg.c
icc   -I. -w -O3 -ip  -DDM_PARALLEL -DMAX_HISTORY=25 -DNMM_CORE=0   -c prt_badmsg.c
icc   -I. -w -O3 -ip  -DDM_PARALLEL -DMAX_HISTORY=25 -DNMM_CORE=0   -c swap.c
icc   -I. -w -O3 -ip  -DDM_PARALLEL -DMAX_HISTORY=25 -DNMM_CORE=0   -c grib_uthin.c
icc   -I. -w -O3 -ip  -DDM_PARALLEL -DMAX_HISTORY=25 -DNMM_CORE=0   -c set_bytes.c
ar ru ../libio_grib1.a FTP_getfile.o apply_bitmap.o display_gribhdr.o gbyte.o grib_dec.o grib_enc.o grib_seek.o gribgetbds.o gribgetbms.o gribgetgds.o gribgetpds.o gribhdr2file.o gribputbds.o gribputgds.o gribputpds.o hdr_print.o init_dec_struct.o init_enc_struct.o init_gribhdr.o init_struct.o ld_dec_lookup.o ld_enc_input.o ld_enc_lookup.o ld_grib_origctrs.o make_default_grbfn.o make_grib_log.o map_lvl.o map_parm.o pack_spatial.o prt_inp_struct.o upd_child_errmsg.o prt_badmsg.o swap.o grib_uthin.o set_bytes.o
ar: creating ../libio_grib1.a
ranlib ../libio_grib1.a
make[5]: Leaving directory '/scratch/john.lawson/stochastic/stochWRF_3.8/external/io_grib1/MEL_grib1'
make[4]: Leaving directory '/scratch/john.lawson/stochastic/stochWRF_3.8/external/io_grib1/MEL_grib1'
        Doing make archive on library subdirectory grib1_util
make[4]: Entering directory '/scratch/john.lawson/stochastic/stochWRF_3.8/external/io_grib1/grib1_util'
make[5]: Entering directory '/scratch/john.lawson/stochastic/stochWRF_3.8/external/io_grib1/grib1_util'
icc   -I. -I../MEL_grib1 -w -O3 -ip  -DDM_PARALLEL -DMAX_HISTORY=25 -DNMM_CORE=0   -c alloc_2d.c
icc   -I. -I../MEL_grib1 -w -O3 -ip  -DDM_PARALLEL -DMAX_HISTORY=25 -DNMM_CORE=0   -c read_grib.c
icc   -I. -I../MEL_grib1 -w -O3 -ip  -DDM_PARALLEL -DMAX_HISTORY=25 -DNMM_CORE=0   -c write_grib.c
ar ru ../libio_grib1.a alloc_2d.o read_grib.o write_grib.o
ranlib ../libio_grib1.a
make[5]: Leaving directory '/scratch/john.lawson/stochastic/stochWRF_3.8/external/io_grib1/grib1_util'
make[4]: Leaving directory '/scratch/john.lawson/stochastic/stochWRF_3.8/external/io_grib1/grib1_util'
        Doing make archive on library subdirectory WGRIB
make[4]: Entering directory '/scratch/john.lawson/stochastic/stochWRF_3.8/external/io_grib1/WGRIB'
icc  -c -O wgrib_main.c
icc  -c -O seekgrib.c
icc  -c -O ibm2flt.c
icc  -c -O readgrib.c
icc  -c -O intpower.c
icc  -c -O cnames.c
icc  -c -O BDSunpk.c
icc  -c -O flt2ieee.c
icc  -c -O wrtieee.c
icc  -c -O levels.c
icc  -c -O PDStimes.c
icc  -c -O missing.c
icc  -c -O nceptable_reanal.c
icc  -c -O nceptable_opn.c
icc  -c -O ensemble.c
icc  -c -O ombtable.c
icc  -c -O ec_ext.c
icc  -c -O gribtable.c
icc  -c -O gds_grid.c
icc  -c -O PDS_date.c
icc  -c -O ectable_128.c
icc  -c -O ectable_129.c
icc  -c -O ectable_130.c
icc  -c -O ectable_131.c
icc  -c -O ectable_140.c
icc  -c -O ectable_150.c
icc  -c -O ectable_151.c
icc  -c -O ectable_160.c
icc  -c -O ectable_170.c
icc  -c -O ectable_180.c
icc  -c -O nceptab_129.c
icc  -c -O dwdtable_002.c
icc  -c -O dwdtable_201.c
icc  -c -O dwdtable_202.c
icc  -c -O dwdtable_203.c
icc  -c -O cptectable_254.c
icc  -c -O nceptab_130.c
icc  -c -O nceptab_131.c
icc  -o wgrib.exe wgrib_main.o seekgrib.o ibm2flt.o readgrib.o intpower.o cnames.o BDSunpk.o flt2ieee.o wrtieee.o levels.o PDStimes.o missing.o nceptable_reanal.o nceptable_opn.o ensemble.o ombtable.o ec_ext.o gribtable.o gds_grid.o PDS_date.o ectable_128.o ectable_129.o ectable_130.o ectable_131.o ectable_140.o ectable_150.o ectable_151.o ectable_160.o ectable_170.o ectable_180.o nceptab_129.o dwdtable_002.o dwdtable_201.o dwdtable_202.o dwdtable_203.o cptectable_254.o nceptab_130.o nceptab_131.o #-lm
( cd .. ; \rm -f wgrib.exe ; \ln -sf WGRIB/wgrib.exe wgrib.exe ; cd WGRIB )
make[4]: Leaving directory '/scratch/john.lawson/stochastic/stochWRF_3.8/external/io_grib1/WGRIB'
make[4]: Entering directory '/scratch/john.lawson/stochastic/stochWRF_3.8/external/io_grib1'
icc   -I. -I./MEL_grib1 -Igrib1_util -I../io_grib_share -I../ -w -O3 -ip  -DDM_PARALLEL -DMAX_HISTORY=25 -DNMM_CORE=0   -c grib1_routines.c
icc   -I. -I./MEL_grib1 -Igrib1_util -I../io_grib_share -I../ -w -O3 -ip  -DDM_PARALLEL -DMAX_HISTORY=25 -DNMM_CORE=0   -c gribmap.c
rm -f io_grib1.o
/lib/cpp -P  -traditional -DUSE_NETCDF4_FEATURES -DWRFIO_NCD_LARGE_FILE_SUPPORT  -I. -I./MEL_grib1 -Igrib1_util -I../io_grib_share -I../ io_grib1.F > io_grib1.f90
icc   -I. -I./MEL_grib1 -Igrib1_util -I../io_grib_share -I../ -w -O3 -ip  -DDM_PARALLEL -DMAX_HISTORY=25 -DNMM_CORE=0   -c trim.c
ftn -real-size 32 -i4 -I.  -w -ftz -fno-alias -align all -FR -convert big_endian      -I. -I./MEL_grib1 -Igrib1_util -I../io_grib_share -I../     -c io_grib1.f90
ar ru ./libio_grib1.a grib1_routines.o gribmap.o io_grib1.o trim.o
ranlib ./libio_grib1.a
make[4]: Leaving directory '/scratch/john.lawson/stochastic/stochWRF_3.8/external/io_grib1'
make[3]: Leaving directory '/scratch/john.lawson/stochastic/stochWRF_3.8/external/io_grib1'
( cd /scratch/john.lawson/stochastic/stochWRF_3.8/external/io_int ; \
          make -j 2 CC="cc -DMPI2_SUPPORT -DFSEEKO64_OK " CFLAGS_LOCAL="-w -O3 -ip " RM="rm -f" RANLIB="ranlib" CPP="/lib/cpp -P" \
          FC="ftn -real-size `expr 8 \* 4` -i4  -w -ftz -fno-alias -align all -FR -convert big_endian   " FGREP="fgrep -iq" \
          TRADFLAG="-traditional -DUSE_NETCDF4_FEATURES -DWRFIO_NCD_LARGE_FILE_SUPPORT" AR="ar" ARFLAGS="ru" ARCHFLAGS="-DEM_CORE=1 -DNMM_CORE=0 -DNMM_MAX_DIM=2600 -DCOAMPS_CORE=0 -DDA_CORE=0 -DEXP_CORE=0 -DIWORDSIZE=4 -DDWORDSIZE=8 -DRWORDSIZE=4 -DLWORDSIZE=4 -DNONSTANDARD_SYSTEM_FUNC  -DWRF_USE_CLM -DUSE_NETCDF4_FEATURES -DWRFIO_NCD_LARGE_FILE_SUPPORT  -DDM_PARALLEL -DNETCDF -DHDF5 -DUSE_ALLOCATABLES -DGRIB1 -DINTIO -DKEEP_INT_AROUND -DLIMIT_ARGS -DCONFIG_BUF_LEN=65536 -DMAX_DOMAINS_F=21 -DMAX_HISTORY=25 -DNMM_NEST=0" all )
make[3]: Entering directory '/scratch/john.lawson/stochastic/stochWRF_3.8/external/io_int'
rm -f module_internal_header_util.f
cp ../../frame/module_internal_header_util.F mod_int_hdr_util.b
awk '{print "#define", toupper($4), $6}' < ../../inc/intio_tags.h > io_int_idx_tags.h
/lib/cpp -P -traditional -DUSE_NETCDF4_FEATURES -DWRFIO_NCD_LARGE_FILE_SUPPORT -DEM_CORE=1 -DNMM_CORE=0 -DNMM_MAX_DIM=2600 -DCOAMPS_CORE=0 -DDA_CORE=0 -DEXP_CORE=0 -DIWORDSIZE=4 -DDWORDSIZE=8 -DRWORDSIZE=4 -DLWORDSIZE=4 -DNONSTANDARD_SYSTEM_FUNC  -DWRF_USE_CLM -DUSE_NETCDF4_FEATURES -DWRFIO_NCD_LARGE_FILE_SUPPORT  -DDM_PARALLEL -DNETCDF -DHDF5 -DUSE_ALLOCATABLES -DGRIB1 -DINTIO -DKEEP_INT_AROUND -DLIMIT_ARGS -DCONFIG_BUF_LEN=65536 -DMAX_DOMAINS_F=21 -DMAX_HISTORY=25 -DNMM_NEST=0 -I../../inc -I../ioapi_share mod_int_hdr_util.b > module_internal_header_util.f
/lib/cpp -P -traditional -DUSE_NETCDF4_FEATURES -DWRFIO_NCD_LARGE_FILE_SUPPORT -DEM_CORE=1 -DNMM_CORE=0 -DNMM_MAX_DIM=2600 -DCOAMPS_CORE=0 -DDA_CORE=0 -DEXP_CORE=0 -DIWORDSIZE=4 -DDWORDSIZE=8 -DRWORDSIZE=4 -DLWORDSIZE=4 -DNONSTANDARD_SYSTEM_FUNC  -DWRF_USE_CLM -DUSE_NETCDF4_FEATURES -DWRFIO_NCD_LARGE_FILE_SUPPORT  -DDM_PARALLEL -DNETCDF -DHDF5 -DUSE_ALLOCATABLES -DGRIB1 -DINTIO -DKEEP_INT_AROUND -DLIMIT_ARGS -DCONFIG_BUF_LEN=65536 -DMAX_DOMAINS_F=21 -DMAX_HISTORY=25 -DNMM_NEST=0 module_io_int_idx.F90 > module_io_int_idx.f
rm -f mod_int_hdr_util.b
/lib/cpp -P -traditional -DUSE_NETCDF4_FEATURES -DWRFIO_NCD_LARGE_FILE_SUPPORT -DEM_CORE=1 -DNMM_CORE=0 -DNMM_MAX_DIM=2600 -DCOAMPS_CORE=0 -DDA_CORE=0 -DEXP_CORE=0 -DIWORDSIZE=4 -DDWORDSIZE=8 -DRWORDSIZE=4 -DLWORDSIZE=4 -DNONSTANDARD_SYSTEM_FUNC  -DWRF_USE_CLM -DUSE_NETCDF4_FEATURES -DWRFIO_NCD_LARGE_FILE_SUPPORT  -DDM_PARALLEL -DNETCDF -DHDF5 -DUSE_ALLOCATABLES -DGRIB1 -DINTIO -DKEEP_INT_AROUND -DLIMIT_ARGS -DCONFIG_BUF_LEN=65536 -DMAX_DOMAINS_F=21 -DMAX_HISTORY=25 -DNMM_NEST=0 -DEM_CORE=1 -DNMM_CORE=0 -DNMM_MAX_DIM=2600 -DCOAMPS_CORE=0 -DDA_CORE=0 -DEXP_CORE=0 -DIWORDSIZE=4 -DDWORDSIZE=8 -DRWORDSIZE=4 -DLWORDSIZE=4 -DNONSTANDARD_SYSTEM_FUNC  -DWRF_USE_CLM -DUSE_NETCDF4_FEATURES -DWRFIO_NCD_LARGE_FILE_SUPPORT  -DDM_PARALLEL -DNETCDF -DHDF5 -DUSE_ALLOCATABLES -DGRIB1 -DINTIO -DKEEP_INT_AROUND -DLIMIT_ARGS -DCONFIG_BUF_LEN=65536 -DMAX_DOMAINS_F=21 -DMAX_HISTORY=25 -DNMM_NEST=0 module_io_int_read.F90 > module_io_int_read.f
Diffwrf io_int will be built later on in this compile. No need to rerun compile. 
Diffwrf io_int will be built later on in this compile. No need to rerun compile. 
Diffwrf io_int will be built later on in this compile. No need to rerun compile. 
Diffwrf io_int will be built later on in this compile. No need to rerun compile. 
Diffwrf io_int will be built later on in this compile. No need to rerun compile. 
/lib/cpp -P -traditional -DUSE_NETCDF4_FEATURES -DWRFIO_NCD_LARGE_FILE_SUPPORT -DEM_CORE=1 -DNMM_CORE=0 -DNMM_MAX_DIM=2600 -DCOAMPS_CORE=0 -DDA_CORE=0 -DEXP_CORE=0 -DIWORDSIZE=4 -DDWORDSIZE=8 -DRWORDSIZE=4 -DLWORDSIZE=4 -DNONSTANDARD_SYSTEM_FUNC  -DWRF_USE_CLM -DUSE_NETCDF4_FEATURES -DWRFIO_NCD_LARGE_FILE_SUPPORT  -DDM_PARALLEL -DNETCDF -DHDF5 -DUSE_ALLOCATABLES -DGRIB1 -DINTIO -DKEEP_INT_AROUND -DLIMIT_ARGS -DCONFIG_BUF_LEN=65536 -DMAX_DOMAINS_F=21 -DMAX_HISTORY=25 -DNMM_NEST=0 test_io_idx.F90 > test_io_idx.f
Diffwrf io_int will be built later on in this compile. No need to rerun compile. 
ftn -real-size 32 -i4  -w -ftz -fno-alias -align all -FR -convert big_endian     -o module_internal_header_util.o -c module_internal_header_util.f
cc -DMPI2_SUPPORT -DFSEEKO64_OK  -o io_int_idx.o -c -w -O3 -ip  io_int_idx.c
ftn -real-size 32 -i4  -w -ftz -fno-alias -align all -FR -convert big_endian     -o module_io_int_idx.o -c module_io_int_idx.f
/lib/cpp -P -traditional -DUSE_NETCDF4_FEATURES -DWRFIO_NCD_LARGE_FILE_SUPPORT -DEM_CORE=1 -DNMM_CORE=0 -DNMM_MAX_DIM=2600 -DCOAMPS_CORE=0 -DDA_CORE=0 -DEXP_CORE=0 -DIWORDSIZE=4 -DDWORDSIZE=8 -DRWORDSIZE=4 -DLWORDSIZE=4 -DNONSTANDARD_SYSTEM_FUNC  -DWRF_USE_CLM -DUSE_NETCDF4_FEATURES -DWRFIO_NCD_LARGE_FILE_SUPPORT  -DDM_PARALLEL -DNETCDF -DHDF5 -DUSE_ALLOCATABLES -DGRIB1 -DINTIO -DKEEP_INT_AROUND -DLIMIT_ARGS -DCONFIG_BUF_LEN=65536 -DMAX_DOMAINS_F=21 -DMAX_HISTORY=25 -DNMM_NEST=0  -I../../inc -I../ioapi_share io_int.F90 | m4 -Uinclude -Uindex -Ulen - > io_int.f
ftn -real-size 32 -i4  -w -ftz -fno-alias -align all -FR -convert big_endian     -I../../inc -I../ioapi_share -o io_int.o -c io_int.f
ftn -real-size 32 -i4  -w -ftz -fno-alias -align all -FR -convert big_endian     -I../../frame -o module_io_int_read.o -c module_io_int_read.f
rm -f libwrfio_int.a
if [ `echo "ftn -real-size 32 -i4  -w -ftz -fno-alias -align all -FR -convert big_endian   " | awk '{print $1}'` = "gfortran" ] ; then \
	echo removing external declaration of iargc for gfortran ; \
	/lib/cpp -P -traditional -DUSE_NETCDF4_FEATURES -DWRFIO_NCD_LARGE_FILE_SUPPORT -DEM_CORE=1 -DNMM_CORE=0 -DNMM_MAX_DIM=2600 -DCOAMPS_CORE=0 -DDA_CORE=0 -DEXP_CORE=0 -DIWORDSIZE=4 -DDWORDSIZE=8 -DRWORDSIZE=4 -DLWORDSIZE=4 -DNONSTANDARD_SYSTEM_FUNC  -DWRF_USE_CLM -DUSE_NETCDF4_FEATURES -DWRFIO_NCD_LARGE_FILE_SUPPORT  -DDM_PARALLEL -DNETCDF -DHDF5 -DUSE_ALLOCATABLES -DGRIB1 -DINTIO -DKEEP_INT_AROUND -DLIMIT_ARGS -DCONFIG_BUF_LEN=65536 -DMAX_DOMAINS_F=21 -DMAX_HISTORY=25 -DNMM_NEST=0  -I../ioapi_share diffwrf.F90 | \
	sed '/integer *, *external.*iargc/d' > diffwrf.f  ; \
else \
	/lib/cpp -P -traditional -DUSE_NETCDF4_FEATURES -DWRFIO_NCD_LARGE_FILE_SUPPORT -DEM_CORE=1 -DNMM_CORE=0 -DNMM_MAX_DIM=2600 -DCOAMPS_CORE=0 -DDA_CORE=0 -DEXP_CORE=0 -DIWORDSIZE=4 -DDWORDSIZE=8 -DRWORDSIZE=4 -DLWORDSIZE=4 -DNONSTANDARD_SYSTEM_FUNC  -DWRF_USE_CLM -DUSE_NETCDF4_FEATURES -DWRFIO_NCD_LARGE_FILE_SUPPORT  -DDM_PARALLEL -DNETCDF -DHDF5 -DUSE_ALLOCATABLES -DGRIB1 -DINTIO -DKEEP_INT_AROUND -DLIMIT_ARGS -DCONFIG_BUF_LEN=65536 -DMAX_DOMAINS_F=21 -DMAX_HISTORY=25 -DNMM_NEST=0  -I../ioapi_share diffwrf.F90 > diffwrf.f  ; \
fi ; \
ftn -real-size 32 -i4  -w -ftz -fno-alias -align all -FR -convert big_endian    -c  -I../ioapi_share diffwrf.f ; \

ar ru libwrfio_int.a io_int.o io_int_idx.o module_io_int_idx.o module_io_int_read.o
ar: creating libwrfio_int.a
ranlib libwrfio_int.a
ftn -real-size 32 -i4  -w -ftz -fno-alias -align all -FR -convert big_endian      -o test_io_idx test_io_idx.f -L. -lwrfio_int
if [ -f ../../frame/pack_utils.o -a -f ../../frame/clog.o ] ; then \
  ftn -real-size 32 -i4  -w -ftz -fno-alias -align all -FR -convert big_endian      -I../ioapi_share -o diffwrf diffwrf.f \
	../../frame/pack_utils.o ../../frame/module_internal_header_util.o ../../frame/module_driver_constants.o ../../frame/module_machine.o ../../frame/module_wrf_error.o ../../frame/wrf_debug.o  libwrfio_int.a ; \
fi
WARNING: PerfTools is saving object files from a temporary directory into directory '/home/john.lawson/.craypat/test_io_idx/18236'
make[3]: Leaving directory '/scratch/john.lawson/stochastic/stochWRF_3.8/external/io_int'
( cd /scratch/john.lawson/stochastic/stochWRF_3.8/external/fftpack/fftpack5 ; \
          make -j 2 FC="ftn" FFLAGS="-real-size `expr 8 \* 4` -i4  -w -ftz -fno-alias -align all -FR -convert big_endian  " RANLIB="ranlib" AR="ar" \
          ARFLAGS="ru" CPP="/lib/cpp -P" CPPFLAGS="-DEM_CORE=1 -DNMM_CORE=0 -DNMM_MAX_DIM=2600 -DCOAMPS_CORE=0 -DDA_CORE=0 -DEXP_CORE=0 -DIWORDSIZE=4 -DDWORDSIZE=8 -DRWORDSIZE=4 -DLWORDSIZE=4 -DNONSTANDARD_SYSTEM_FUNC  -DWRF_USE_CLM -DUSE_NETCDF4_FEATURES -DWRFIO_NCD_LARGE_FILE_SUPPORT  -DDM_PARALLEL -DNETCDF -DHDF5 -DUSE_ALLOCATABLES -DGRIB1 -DINTIO -DKEEP_INT_AROUND -DLIMIT_ARGS -DCONFIG_BUF_LEN=65536 -DMAX_DOMAINS_F=21 -DMAX_HISTORY=25 -DNMM_NEST=0  -I. -traditional -DUSE_NETCDF4_FEATURES -DWRFIO_NCD_LARGE_FILE_SUPPORT " RM="rm -f" )
make[3]: Entering directory '/scratch/john.lawson/stochastic/stochWRF_3.8/external/fftpack/fftpack5'
/lib/cpp -P -DEM_CORE=1 -DNMM_CORE=0 -DNMM_MAX_DIM=2600 -DCOAMPS_CORE=0 -DDA_CORE=0 -DEXP_CORE=0 -DIWORDSIZE=4 -DDWORDSIZE=8 -DRWORDSIZE=4 -DLWORDSIZE=4 -DNONSTANDARD_SYSTEM_FUNC  -DWRF_USE_CLM -DUSE_NETCDF4_FEATURES -DWRFIO_NCD_LARGE_FILE_SUPPORT  -DDM_PARALLEL -DNETCDF -DHDF5 -DUSE_ALLOCATABLES -DGRIB1 -DINTIO -DKEEP_INT_AROUND -DLIMIT_ARGS -DCONFIG_BUF_LEN=65536 -DMAX_DOMAINS_F=21 -DMAX_HISTORY=25 -DNMM_NEST=0  -I. -traditional -DUSE_NETCDF4_FEATURES -DWRFIO_NCD_LARGE_FILE_SUPPORT  c1f2kb.F  > c1f2kb.f90
/lib/cpp -P -DEM_CORE=1 -DNMM_CORE=0 -DNMM_MAX_DIM=2600 -DCOAMPS_CORE=0 -DDA_CORE=0 -DEXP_CORE=0 -DIWORDSIZE=4 -DDWORDSIZE=8 -DRWORDSIZE=4 -DLWORDSIZE=4 -DNONSTANDARD_SYSTEM_FUNC  -DWRF_USE_CLM -DUSE_NETCDF4_FEATURES -DWRFIO_NCD_LARGE_FILE_SUPPORT  -DDM_PARALLEL -DNETCDF -DHDF5 -DUSE_ALLOCATABLES -DGRIB1 -DINTIO -DKEEP_INT_AROUND -DLIMIT_ARGS -DCONFIG_BUF_LEN=65536 -DMAX_DOMAINS_F=21 -DMAX_HISTORY=25 -DNMM_NEST=0  -I. -traditional -DUSE_NETCDF4_FEATURES -DWRFIO_NCD_LARGE_FILE_SUPPORT  cfft1b.F  > cfft1b.f90
ftn -c -real-size 32 -i4  -w -ftz -fno-alias -align all -FR -convert big_endian   cfft1b.f90
ftn -c -real-size 32 -i4  -w -ftz -fno-alias -align all -FR -convert big_endian   c1f2kb.f90
rm -f -f cfft1b.f90
/lib/cpp -P -DEM_CORE=1 -DNMM_CORE=0 -DNMM_MAX_DIM=2600 -DCOAMPS_CORE=0 -DDA_CORE=0 -DEXP_CORE=0 -DIWORDSIZE=4 -DDWORDSIZE=8 -DRWORDSIZE=4 -DLWORDSIZE=4 -DNONSTANDARD_SYSTEM_FUNC  -DWRF_USE_CLM -DUSE_NETCDF4_FEATURES -DWRFIO_NCD_LARGE_FILE_SUPPORT  -DDM_PARALLEL -DNETCDF -DHDF5 -DUSE_ALLOCATABLES -DGRIB1 -DINTIO -DKEEP_INT_AROUND -DLIMIT_ARGS -DCONFIG_BUF_LEN=65536 -DMAX_DOMAINS_F=21 -DMAX_HISTORY=25 -DNMM_NEST=0  -I. -traditional -DUSE_NETCDF4_FEATURES -DWRFIO_NCD_LARGE_FILE_SUPPORT  cmf3kf.F  > cmf3kf.f90
ftn -c -real-size 32 -i4  -w -ftz -fno-alias -align all -FR -convert big_endian   cmf3kf.f90
rm -f -f c1f2kb.f90
/lib/cpp -P -DEM_CORE=1 -DNMM_CORE=0 -DNMM_MAX_DIM=2600 -DCOAMPS_CORE=0 -DDA_CORE=0 -DEXP_CORE=0 -DIWORDSIZE=4 -DDWORDSIZE=8 -DRWORDSIZE=4 -DLWORDSIZE=4 -DNONSTANDARD_SYSTEM_FUNC  -DWRF_USE_CLM -DUSE_NETCDF4_FEATURES -DWRFIO_NCD_LARGE_FILE_SUPPORT  -DDM_PARALLEL -DNETCDF -DHDF5 -DUSE_ALLOCATABLES -DGRIB1 -DINTIO -DKEEP_INT_AROUND -DLIMIT_ARGS -DCONFIG_BUF_LEN=65536 -DMAX_DOMAINS_F=21 -DMAX_HISTORY=25 -DNMM_NEST=0  -I. -traditional -DUSE_NETCDF4_FEATURES -DWRFIO_NCD_LARGE_FILE_SUPPORT  cosqb1.F  > cosqb1.f90
ftn -c -real-size 32 -i4  -w -ftz -fno-alias -align all -FR -convert big_endian   cosqb1.f90
rm -f -f cmf3kf.f90
/lib/cpp -P -DEM_CORE=1 -DNMM_CORE=0 -DNMM_MAX_DIM=2600 -DCOAMPS_CORE=0 -DDA_CORE=0 -DEXP_CORE=0 -DIWORDSIZE=4 -DDWORDSIZE=8 -DRWORDSIZE=4 -DLWORDSIZE=4 -DNONSTANDARD_SYSTEM_FUNC  -DWRF_USE_CLM -DUSE_NETCDF4_FEATURES -DWRFIO_NCD_LARGE_FILE_SUPPORT  -DDM_PARALLEL -DNETCDF -DHDF5 -DUSE_ALLOCATABLES -DGRIB1 -DINTIO -DKEEP_INT_AROUND -DLIMIT_ARGS -DCONFIG_BUF_LEN=65536 -DMAX_DOMAINS_F=21 -DMAX_HISTORY=25 -DNMM_NEST=0  -I. -traditional -DUSE_NETCDF4_FEATURES -DWRFIO_NCD_LARGE_FILE_SUPPORT  costmi.F  > costmi.f90
rm -f -f cosqb1.f90
/lib/cpp -P -DEM_CORE=1 -DNMM_CORE=0 -DNMM_MAX_DIM=2600 -DCOAMPS_CORE=0 -DDA_CORE=0 -DEXP_CORE=0 -DIWORDSIZE=4 -DDWORDSIZE=8 -DRWORDSIZE=4 -DLWORDSIZE=4 -DNONSTANDARD_SYSTEM_FUNC  -DWRF_USE_CLM -DUSE_NETCDF4_FEATURES -DWRFIO_NCD_LARGE_FILE_SUPPORT  -DDM_PARALLEL -DNETCDF -DHDF5 -DUSE_ALLOCATABLES -DGRIB1 -DINTIO -DKEEP_INT_AROUND -DLIMIT_ARGS -DCONFIG_BUF_LEN=65536 -DMAX_DOMAINS_F=21 -DMAX_HISTORY=25 -DNMM_NEST=0  -I. -traditional -DUSE_NETCDF4_FEATURES -DWRFIO_NCD_LARGE_FILE_SUPPORT  dcosq1f.F  > dcosq1f.f90
ftn -c -real-size 32 -i4  -w -ftz -fno-alias -align all -FR -convert big_endian   dcosq1f.f90
ftn -c -real-size 32 -i4  -w -ftz -fno-alias -align all -FR -convert big_endian   costmi.f90
rm -f -f dcosq1f.f90
/lib/cpp -P -DEM_CORE=1 -DNMM_CORE=0 -DNMM_MAX_DIM=2600 -DCOAMPS_CORE=0 -DDA_CORE=0 -DEXP_CORE=0 -DIWORDSIZE=4 -DDWORDSIZE=8 -DRWORDSIZE=4 -DLWORDSIZE=4 -DNONSTANDARD_SYSTEM_FUNC  -DWRF_USE_CLM -DUSE_NETCDF4_FEATURES -DWRFIO_NCD_LARGE_FILE_SUPPORT  -DDM_PARALLEL -DNETCDF -DHDF5 -DUSE_ALLOCATABLES -DGRIB1 -DINTIO -DKEEP_INT_AROUND -DLIMIT_ARGS -DCONFIG_BUF_LEN=65536 -DMAX_DOMAINS_F=21 -DMAX_HISTORY=25 -DNMM_NEST=0  -I. -traditional -DUSE_NETCDF4_FEATURES -DWRFIO_NCD_LARGE_FILE_SUPPORT  dfftb1.F  > dfftb1.f90
rm -f -f costmi.f90
/lib/cpp -P -DEM_CORE=1 -DNMM_CORE=0 -DNMM_MAX_DIM=2600 -DCOAMPS_CORE=0 -DDA_CORE=0 -DEXP_CORE=0 -DIWORDSIZE=4 -DDWORDSIZE=8 -DRWORDSIZE=4 -DLWORDSIZE=4 -DNONSTANDARD_SYSTEM_FUNC  -DWRF_USE_CLM -DUSE_NETCDF4_FEATURES -DWRFIO_NCD_LARGE_FILE_SUPPORT  -DDM_PARALLEL -DNETCDF -DHDF5 -DUSE_ALLOCATABLES -DGRIB1 -DINTIO -DKEEP_INT_AROUND -DLIMIT_ARGS -DCONFIG_BUF_LEN=65536 -DMAX_DOMAINS_F=21 -DMAX_HISTORY=25 -DNMM_NEST=0  -I. -traditional -DUSE_NETCDF4_FEATURES -DWRFIO_NCD_LARGE_FILE_SUPPORT  mradb2.F  > mradb2.f90
ftn -c -real-size 32 -i4  -w -ftz -fno-alias -align all -FR -convert big_endian   dfftb1.f90
ftn -c -real-size 32 -i4  -w -ftz -fno-alias -align all -FR -convert big_endian   mradb2.f90
rm -f -f dfftb1.f90
/lib/cpp -P -DEM_CORE=1 -DNMM_CORE=0 -DNMM_MAX_DIM=2600 -DCOAMPS_CORE=0 -DDA_CORE=0 -DEXP_CORE=0 -DIWORDSIZE=4 -DDWORDSIZE=8 -DRWORDSIZE=4 -DLWORDSIZE=4 -DNONSTANDARD_SYSTEM_FUNC  -DWRF_USE_CLM -DUSE_NETCDF4_FEATURES -DWRFIO_NCD_LARGE_FILE_SUPPORT  -DDM_PARALLEL -DNETCDF -DHDF5 -DUSE_ALLOCATABLES -DGRIB1 -DINTIO -DKEEP_INT_AROUND -DLIMIT_ARGS -DCONFIG_BUF_LEN=65536 -DMAX_DOMAINS_F=21 -DMAX_HISTORY=25 -DNMM_NEST=0  -I. -traditional -DUSE_NETCDF4_FEATURES -DWRFIO_NCD_LARGE_FILE_SUPPORT  mrfti1.F  > mrfti1.f90
ftn -c -real-size 32 -i4  -w -ftz -fno-alias -align all -FR -convert big_endian   mrfti1.f90
rm -f -f mradb2.f90
/lib/cpp -P -DEM_CORE=1 -DNMM_CORE=0 -DNMM_MAX_DIM=2600 -DCOAMPS_CORE=0 -DDA_CORE=0 -DEXP_CORE=0 -DIWORDSIZE=4 -DDWORDSIZE=8 -DRWORDSIZE=4 -DLWORDSIZE=4 -DNONSTANDARD_SYSTEM_FUNC  -DWRF_USE_CLM -DUSE_NETCDF4_FEATURES -DWRFIO_NCD_LARGE_FILE_SUPPORT  -DDM_PARALLEL -DNETCDF -DHDF5 -DUSE_ALLOCATABLES -DGRIB1 -DINTIO -DKEEP_INT_AROUND -DLIMIT_ARGS -DCONFIG_BUF_LEN=65536 -DMAX_DOMAINS_F=21 -DMAX_HISTORY=25 -DNMM_NEST=0  -I. -traditional -DUSE_NETCDF4_FEATURES -DWRFIO_NCD_LARGE_FILE_SUPPORT  r1fgkf.F  > r1fgkf.f90
ftn -c -real-size 32 -i4  -w -ftz -fno-alias -align all -FR -convert big_endian   r1fgkf.f90
rm -f -f mrfti1.f90
/lib/cpp -P -DEM_CORE=1 -DNMM_CORE=0 -DNMM_MAX_DIM=2600 -DCOAMPS_CORE=0 -DDA_CORE=0 -DEXP_CORE=0 -DIWORDSIZE=4 -DDWORDSIZE=8 -DRWORDSIZE=4 -DLWORDSIZE=4 -DNONSTANDARD_SYSTEM_FUNC  -DWRF_USE_CLM -DUSE_NETCDF4_FEATURES -DWRFIO_NCD_LARGE_FILE_SUPPORT  -DDM_PARALLEL -DNETCDF -DHDF5 -DUSE_ALLOCATABLES -DGRIB1 -DINTIO -DKEEP_INT_AROUND -DLIMIT_ARGS -DCONFIG_BUF_LEN=65536 -DMAX_DOMAINS_F=21 -DMAX_HISTORY=25 -DNMM_NEST=0  -I. -traditional -DUSE_NETCDF4_FEATURES -DWRFIO_NCD_LARGE_FILE_SUPPORT  rfft2i.F  > rfft2i.f90
ftn -c -real-size 32 -i4  -w -ftz -fno-alias -align all -FR -convert big_endian   rfft2i.f90
rm -f -f r1fgkf.f90
/lib/cpp -P -DEM_CORE=1 -DNMM_CORE=0 -DNMM_MAX_DIM=2600 -DCOAMPS_CORE=0 -DDA_CORE=0 -DEXP_CORE=0 -DIWORDSIZE=4 -DDWORDSIZE=8 -DRWORDSIZE=4 -DLWORDSIZE=4 -DNONSTANDARD_SYSTEM_FUNC  -DWRF_USE_CLM -DUSE_NETCDF4_FEATURES -DWRFIO_NCD_LARGE_FILE_SUPPORT  -DDM_PARALLEL -DNETCDF -DHDF5 -DUSE_ALLOCATABLES -DGRIB1 -DINTIO -DKEEP_INT_AROUND -DLIMIT_ARGS -DCONFIG_BUF_LEN=65536 -DMAX_DOMAINS_F=21 -DMAX_HISTORY=25 -DNMM_NEST=0  -I. -traditional -DUSE_NETCDF4_FEATURES -DWRFIO_NCD_LARGE_FILE_SUPPORT  sinqmi.F  > sinqmi.f90
ftn -c -real-size 32 -i4  -w -ftz -fno-alias -align all -FR -convert big_endian   sinqmi.f90
rm -f -f rfft2i.f90
/lib/cpp -P -DEM_CORE=1 -DNMM_CORE=0 -DNMM_MAX_DIM=2600 -DCOAMPS_CORE=0 -DDA_CORE=0 -DEXP_CORE=0 -DIWORDSIZE=4 -DDWORDSIZE=8 -DRWORDSIZE=4 -DLWORDSIZE=4 -DNONSTANDARD_SYSTEM_FUNC  -DWRF_USE_CLM -DUSE_NETCDF4_FEATURES -DWRFIO_NCD_LARGE_FILE_SUPPORT  -DDM_PARALLEL -DNETCDF -DHDF5 -DUSE_ALLOCATABLES -DGRIB1 -DINTIO -DKEEP_INT_AROUND -DLIMIT_ARGS -DCONFIG_BUF_LEN=65536 -DMAX_DOMAINS_F=21 -DMAX_HISTORY=25 -DNMM_NEST=0  -I. -traditional -DUSE_NETCDF4_FEATURES -DWRFIO_NCD_LARGE_FILE_SUPPORT  z1f2kf.F  > z1f2kf.f90
ftn -c -real-size 32 -i4  -w -ftz -fno-alias -align all -FR -convert big_endian   z1f2kf.f90
rm -f -f sinqmi.f90
/lib/cpp -P -DEM_CORE=1 -DNMM_CORE=0 -DNMM_MAX_DIM=2600 -DCOAMPS_CORE=0 -DDA_CORE=0 -DEXP_CORE=0 -DIWORDSIZE=4 -DDWORDSIZE=8 -DRWORDSIZE=4 -DLWORDSIZE=4 -DNONSTANDARD_SYSTEM_FUNC  -DWRF_USE_CLM -DUSE_NETCDF4_FEATURES -DWRFIO_NCD_LARGE_FILE_SUPPORT  -DDM_PARALLEL -DNETCDF -DHDF5 -DUSE_ALLOCATABLES -DGRIB1 -DINTIO -DKEEP_INT_AROUND -DLIMIT_ARGS -DCONFIG_BUF_LEN=65536 -DMAX_DOMAINS_F=21 -DMAX_HISTORY=25 -DNMM_NEST=0  -I. -traditional -DUSE_NETCDF4_FEATURES -DWRFIO_NCD_LARGE_FILE_SUPPORT  zfft1f.F  > zfft1f.f90
ftn -c -real-size 32 -i4  -w -ftz -fno-alias -align all -FR -convert big_endian   zfft1f.f90
rm -f -f z1f2kf.f90
/lib/cpp -P -DEM_CORE=1 -DNMM_CORE=0 -DNMM_MAX_DIM=2600 -DCOAMPS_CORE=0 -DDA_CORE=0 -DEXP_CORE=0 -DIWORDSIZE=4 -DDWORDSIZE=8 -DRWORDSIZE=4 -DLWORDSIZE=4 -DNONSTANDARD_SYSTEM_FUNC  -DWRF_USE_CLM -DUSE_NETCDF4_FEATURES -DWRFIO_NCD_LARGE_FILE_SUPPORT  -DDM_PARALLEL -DNETCDF -DHDF5 -DUSE_ALLOCATABLES -DGRIB1 -DINTIO -DKEEP_INT_AROUND -DLIMIT_ARGS -DCONFIG_BUF_LEN=65536 -DMAX_DOMAINS_F=21 -DMAX_HISTORY=25 -DNMM_NEST=0  -I. -traditional -DUSE_NETCDF4_FEATURES -DWRFIO_NCD_LARGE_FILE_SUPPORT  zmf4kb.F  > zmf4kb.f90
ftn -c -real-size 32 -i4  -w -ftz -fno-alias -align all -FR -convert big_endian   zmf4kb.f90
rm -f -f zfft1f.f90
/lib/cpp -P -DEM_CORE=1 -DNMM_CORE=0 -DNMM_MAX_DIM=2600 -DCOAMPS_CORE=0 -DDA_CORE=0 -DEXP_CORE=0 -DIWORDSIZE=4 -DDWORDSIZE=8 -DRWORDSIZE=4 -DLWORDSIZE=4 -DNONSTANDARD_SYSTEM_FUNC  -DWRF_USE_CLM -DUSE_NETCDF4_FEATURES -DWRFIO_NCD_LARGE_FILE_SUPPORT  -DDM_PARALLEL -DNETCDF -DHDF5 -DUSE_ALLOCATABLES -DGRIB1 -DINTIO -DKEEP_INT_AROUND -DLIMIT_ARGS -DCONFIG_BUF_LEN=65536 -DMAX_DOMAINS_F=21 -DMAX_HISTORY=25 -DNMM_NEST=0  -I. -traditional -DUSE_NETCDF4_FEATURES -DWRFIO_NCD_LARGE_FILE_SUPPORT  c1f2kf.F  > c1f2kf.f90
ftn -c -real-size 32 -i4  -w -ftz -fno-alias -align all -FR -convert big_endian   c1f2kf.f90
rm -f -f zmf4kb.f90
/lib/cpp -P -DEM_CORE=1 -DNMM_CORE=0 -DNMM_MAX_DIM=2600 -DCOAMPS_CORE=0 -DDA_CORE=0 -DEXP_CORE=0 -DIWORDSIZE=4 -DDWORDSIZE=8 -DRWORDSIZE=4 -DLWORDSIZE=4 -DNONSTANDARD_SYSTEM_FUNC  -DWRF_USE_CLM -DUSE_NETCDF4_FEATURES -DWRFIO_NCD_LARGE_FILE_SUPPORT  -DDM_PARALLEL -DNETCDF -DHDF5 -DUSE_ALLOCATABLES -DGRIB1 -DINTIO -DKEEP_INT_AROUND -DLIMIT_ARGS -DCONFIG_BUF_LEN=65536 -DMAX_DOMAINS_F=21 -DMAX_HISTORY=25 -DNMM_NEST=0  -I. -traditional -DUSE_NETCDF4_FEATURES -DWRFIO_NCD_LARGE_FILE_SUPPORT  cfft1f.F  > cfft1f.f90
ftn -c -real-size 32 -i4  -w -ftz -fno-alias -align all -FR -convert big_endian   cfft1f.f90
rm -f -f c1f2kf.f90
/lib/cpp -P -DEM_CORE=1 -DNMM_CORE=0 -DNMM_MAX_DIM=2600 -DCOAMPS_CORE=0 -DDA_CORE=0 -DEXP_CORE=0 -DIWORDSIZE=4 -DDWORDSIZE=8 -DRWORDSIZE=4 -DLWORDSIZE=4 -DNONSTANDARD_SYSTEM_FUNC  -DWRF_USE_CLM -DUSE_NETCDF4_FEATURES -DWRFIO_NCD_LARGE_FILE_SUPPORT  -DDM_PARALLEL -DNETCDF -DHDF5 -DUSE_ALLOCATABLES -DGRIB1 -DINTIO -DKEEP_INT_AROUND -DLIMIT_ARGS -DCONFIG_BUF_LEN=65536 -DMAX_DOMAINS_F=21 -DMAX_HISTORY=25 -DNMM_NEST=0  -I. -traditional -DUSE_NETCDF4_FEATURES -DWRFIO_NCD_LARGE_FILE_SUPPORT  cmf4kb.F  > cmf4kb.f90
ftn -c -real-size 32 -i4  -w -ftz -fno-alias -align all -FR -convert big_endian   cmf4kb.f90
rm -f -f cfft1f.f90
/lib/cpp -P -DEM_CORE=1 -DNMM_CORE=0 -DNMM_MAX_DIM=2600 -DCOAMPS_CORE=0 -DDA_CORE=0 -DEXP_CORE=0 -DIWORDSIZE=4 -DDWORDSIZE=8 -DRWORDSIZE=4 -DLWORDSIZE=4 -DNONSTANDARD_SYSTEM_FUNC  -DWRF_USE_CLM -DUSE_NETCDF4_FEATURES -DWRFIO_NCD_LARGE_FILE_SUPPORT  -DDM_PARALLEL -DNETCDF -DHDF5 -DUSE_ALLOCATABLES -DGRIB1 -DINTIO -DKEEP_INT_AROUND -DLIMIT_ARGS -DCONFIG_BUF_LEN=65536 -DMAX_DOMAINS_F=21 -DMAX_HISTORY=25 -DNMM_NEST=0  -I. -traditional -DUSE_NETCDF4_FEATURES -DWRFIO_NCD_LARGE_FILE_SUPPORT  cosqf1.F  > cosqf1.f90
ftn -c -real-size 32 -i4  -w -ftz -fno-alias -align all -FR -convert big_endian   cosqf1.f90
rm -f -f cmf4kb.f90
/lib/cpp -P -DEM_CORE=1 -DNMM_CORE=0 -DNMM_MAX_DIM=2600 -DCOAMPS_CORE=0 -DDA_CORE=0 -DEXP_CORE=0 -DIWORDSIZE=4 -DDWORDSIZE=8 -DRWORDSIZE=4 -DLWORDSIZE=4 -DNONSTANDARD_SYSTEM_FUNC  -DWRF_USE_CLM -DUSE_NETCDF4_FEATURES -DWRFIO_NCD_LARGE_FILE_SUPPORT  -DDM_PARALLEL -DNETCDF -DHDF5 -DUSE_ALLOCATABLES -DGRIB1 -DINTIO -DKEEP_INT_AROUND -DLIMIT_ARGS -DCONFIG_BUF_LEN=65536 -DMAX_DOMAINS_F=21 -DMAX_HISTORY=25 -DNMM_NEST=0  -I. -traditional -DUSE_NETCDF4_FEATURES -DWRFIO_NCD_LARGE_FILE_SUPPORT  d1f2kb.F  > d1f2kb.f90
ftn -c -real-size 32 -i4  -w -ftz -fno-alias -align all -FR -convert big_endian   d1f2kb.f90
rm -f -f cosqf1.f90
/lib/cpp -P -DEM_CORE=1 -DNMM_CORE=0 -DNMM_MAX_DIM=2600 -DCOAMPS_CORE=0 -DDA_CORE=0 -DEXP_CORE=0 -DIWORDSIZE=4 -DDWORDSIZE=8 -DRWORDSIZE=4 -DLWORDSIZE=4 -DNONSTANDARD_SYSTEM_FUNC  -DWRF_USE_CLM -DUSE_NETCDF4_FEATURES -DWRFIO_NCD_LARGE_FILE_SUPPORT  -DDM_PARALLEL -DNETCDF -DHDF5 -DUSE_ALLOCATABLES -DGRIB1 -DINTIO -DKEEP_INT_AROUND -DLIMIT_ARGS -DCONFIG_BUF_LEN=65536 -DMAX_DOMAINS_F=21 -DMAX_HISTORY=25 -DNMM_NEST=0  -I. -traditional -DUSE_NETCDF4_FEATURES -DWRFIO_NCD_LARGE_FILE_SUPPORT  dcosq1i.F  > dcosq1i.f90
ftn -c -real-size 32 -i4  -w -ftz -fno-alias -align all -FR -convert big_endian   dcosq1i.f90
rm -f -f d1f2kb.f90
/lib/cpp -P -DEM_CORE=1 -DNMM_CORE=0 -DNMM_MAX_DIM=2600 -DCOAMPS_CORE=0 -DDA_CORE=0 -DEXP_CORE=0 -DIWORDSIZE=4 -DDWORDSIZE=8 -DRWORDSIZE=4 -DLWORDSIZE=4 -DNONSTANDARD_SYSTEM_FUNC  -DWRF_USE_CLM -DUSE_NETCDF4_FEATURES -DWRFIO_NCD_LARGE_FILE_SUPPORT  -DDM_PARALLEL -DNETCDF -DHDF5 -DUSE_ALLOCATABLES -DGRIB1 -DINTIO -DKEEP_INT_AROUND -DLIMIT_ARGS -DCONFIG_BUF_LEN=65536 -DMAX_DOMAINS_F=21 -DMAX_HISTORY=25 -DNMM_NEST=0  -I. -traditional -DUSE_NETCDF4_FEATURES -DWRFIO_NCD_LARGE_FILE_SUPPORT  dfftf1.F  > dfftf1.f90
ftn -c -real-size 32 -i4  -w -ftz -fno-alias -align all -FR -convert big_endian   dfftf1.f90
rm -f -f dcosq1i.f90
/lib/cpp -P -DEM_CORE=1 -DNMM_CORE=0 -DNMM_MAX_DIM=2600 -DCOAMPS_CORE=0 -DDA_CORE=0 -DEXP_CORE=0 -DIWORDSIZE=4 -DDWORDSIZE=8 -DRWORDSIZE=4 -DLWORDSIZE=4 -DNONSTANDARD_SYSTEM_FUNC  -DWRF_USE_CLM -DUSE_NETCDF4_FEATURES -DWRFIO_NCD_LARGE_FILE_SUPPORT  -DDM_PARALLEL -DNETCDF -DHDF5 -DUSE_ALLOCATABLES -DGRIB1 -DINTIO -DKEEP_INT_AROUND -DLIMIT_ARGS -DCONFIG_BUF_LEN=65536 -DMAX_DOMAINS_F=21 -DMAX_HISTORY=25 -DNMM_NEST=0  -I. -traditional -DUSE_NETCDF4_FEATURES -DWRFIO_NCD_LARGE_FILE_SUPPORT  mradb3.F  > mradb3.f90
ftn -c -real-size 32 -i4  -w -ftz -fno-alias -align all -FR -convert big_endian   mradb3.f90
rm -f -f dfftf1.f90
/lib/cpp -P -DEM_CORE=1 -DNMM_CORE=0 -DNMM_MAX_DIM=2600 -DCOAMPS_CORE=0 -DDA_CORE=0 -DEXP_CORE=0 -DIWORDSIZE=4 -DDWORDSIZE=8 -DRWORDSIZE=4 -DLWORDSIZE=4 -DNONSTANDARD_SYSTEM_FUNC  -DWRF_USE_CLM -DUSE_NETCDF4_FEATURES -DWRFIO_NCD_LARGE_FILE_SUPPORT  -DDM_PARALLEL -DNETCDF -DHDF5 -DUSE_ALLOCATABLES -DGRIB1 -DINTIO -DKEEP_INT_AROUND -DLIMIT_ARGS -DCONFIG_BUF_LEN=65536 -DMAX_DOMAINS_F=21 -DMAX_HISTORY=25 -DNMM_NEST=0  -I. -traditional -DUSE_NETCDF4_FEATURES -DWRFIO_NCD_LARGE_FILE_SUPPORT  msntb1.F  > msntb1.f90
ftn -c -real-size 32 -i4  -w -ftz -fno-alias -align all -FR -convert big_endian   msntb1.f90
rm -f -f mradb3.f90
/lib/cpp -P -DEM_CORE=1 -DNMM_CORE=0 -DNMM_MAX_DIM=2600 -DCOAMPS_CORE=0 -DDA_CORE=0 -DEXP_CORE=0 -DIWORDSIZE=4 -DDWORDSIZE=8 -DRWORDSIZE=4 -DLWORDSIZE=4 -DNONSTANDARD_SYSTEM_FUNC  -DWRF_USE_CLM -DUSE_NETCDF4_FEATURES -DWRFIO_NCD_LARGE_FILE_SUPPORT  -DDM_PARALLEL -DNETCDF -DHDF5 -DUSE_ALLOCATABLES -DGRIB1 -DINTIO -DKEEP_INT_AROUND -DLIMIT_ARGS -DCONFIG_BUF_LEN=65536 -DMAX_DOMAINS_F=21 -DMAX_HISTORY=25 -DNMM_NEST=0  -I. -traditional -DUSE_NETCDF4_FEATURES -DWRFIO_NCD_LARGE_FILE_SUPPORT  r4_factor.F  > r4_factor.f90
ftn -c -real-size 32 -i4  -w -ftz -fno-alias -align all -FR -convert big_endian   r4_factor.f90
rm -f -f msntb1.f90
/lib/cpp -P -DEM_CORE=1 -DNMM_CORE=0 -DNMM_MAX_DIM=2600 -DCOAMPS_CORE=0 -DDA_CORE=0 -DEXP_CORE=0 -DIWORDSIZE=4 -DDWORDSIZE=8 -DRWORDSIZE=4 -DLWORDSIZE=4 -DNONSTANDARD_SYSTEM_FUNC  -DWRF_USE_CLM -DUSE_NETCDF4_FEATURES -DWRFIO_NCD_LARGE_FILE_SUPPORT  -DDM_PARALLEL -DNETCDF -DHDF5 -DUSE_ALLOCATABLES -DGRIB1 -DINTIO -DKEEP_INT_AROUND -DLIMIT_ARGS -DCONFIG_BUF_LEN=65536 -DMAX_DOMAINS_F=21 -DMAX_HISTORY=25 -DNMM_NEST=0  -I. -traditional -DUSE_NETCDF4_FEATURES -DWRFIO_NCD_LARGE_FILE_SUPPORT  rfftb1.F  > rfftb1.f90
ftn -c -real-size 32 -i4  -w -ftz -fno-alias -align all -FR -convert big_endian   rfftb1.f90
rm -f -f r4_factor.f90
/lib/cpp -P -DEM_CORE=1 -DNMM_CORE=0 -DNMM_MAX_DIM=2600 -DCOAMPS_CORE=0 -DDA_CORE=0 -DEXP_CORE=0 -DIWORDSIZE=4 -DDWORDSIZE=8 -DRWORDSIZE=4 -DLWORDSIZE=4 -DNONSTANDARD_SYSTEM_FUNC  -DWRF_USE_CLM -DUSE_NETCDF4_FEATURES -DWRFIO_NCD_LARGE_FILE_SUPPORT  -DDM_PARALLEL -DNETCDF -DHDF5 -DUSE_ALLOCATABLES -DGRIB1 -DINTIO -DKEEP_INT_AROUND -DLIMIT_ARGS -DCONFIG_BUF_LEN=65536 -DMAX_DOMAINS_F=21 -DMAX_HISTORY=25 -DNMM_NEST=0  -I. -traditional -DUSE_NETCDF4_FEATURES -DWRFIO_NCD_LARGE_FILE_SUPPORT  sint1b.F  > sint1b.f90
ftn -c -real-size 32 -i4  -w -ftz -fno-alias -align all -FR -convert big_endian   sint1b.f90
rm -f -f rfftb1.f90
/lib/cpp -P -DEM_CORE=1 -DNMM_CORE=0 -DNMM_MAX_DIM=2600 -DCOAMPS_CORE=0 -DDA_CORE=0 -DEXP_CORE=0 -DIWORDSIZE=4 -DDWORDSIZE=8 -DRWORDSIZE=4 -DLWORDSIZE=4 -DNONSTANDARD_SYSTEM_FUNC  -DWRF_USE_CLM -DUSE_NETCDF4_FEATURES -DWRFIO_NCD_LARGE_FILE_SUPPORT  -DDM_PARALLEL -DNETCDF -DHDF5 -DUSE_ALLOCATABLES -DGRIB1 -DINTIO -DKEEP_INT_AROUND -DLIMIT_ARGS -DCONFIG_BUF_LEN=65536 -DMAX_DOMAINS_F=21 -DMAX_HISTORY=25 -DNMM_NEST=0  -I. -traditional -DUSE_NETCDF4_FEATURES -DWRFIO_NCD_LARGE_FILE_SUPPORT  z1f3kb.F  > z1f3kb.f90
ftn -c -real-size 32 -i4  -w -ftz -fno-alias -align all -FR -convert big_endian   z1f3kb.f90
rm -f -f sint1b.f90
/lib/cpp -P -DEM_CORE=1 -DNMM_CORE=0 -DNMM_MAX_DIM=2600 -DCOAMPS_CORE=0 -DDA_CORE=0 -DEXP_CORE=0 -DIWORDSIZE=4 -DDWORDSIZE=8 -DRWORDSIZE=4 -DLWORDSIZE=4 -DNONSTANDARD_SYSTEM_FUNC  -DWRF_USE_CLM -DUSE_NETCDF4_FEATURES -DWRFIO_NCD_LARGE_FILE_SUPPORT  -DDM_PARALLEL -DNETCDF -DHDF5 -DUSE_ALLOCATABLES -DGRIB1 -DINTIO -DKEEP_INT_AROUND -DLIMIT_ARGS -DCONFIG_BUF_LEN=65536 -DMAX_DOMAINS_F=21 -DMAX_HISTORY=25 -DNMM_NEST=0  -I. -traditional -DUSE_NETCDF4_FEATURES -DWRFIO_NCD_LARGE_FILE_SUPPORT  zfft1i.F  > zfft1i.f90
ftn -c -real-size 32 -i4  -w -ftz -fno-alias -align all -FR -convert big_endian   zfft1i.f90
rm -f -f z1f3kb.f90
/lib/cpp -P -DEM_CORE=1 -DNMM_CORE=0 -DNMM_MAX_DIM=2600 -DCOAMPS_CORE=0 -DDA_CORE=0 -DEXP_CORE=0 -DIWORDSIZE=4 -DDWORDSIZE=8 -DRWORDSIZE=4 -DLWORDSIZE=4 -DNONSTANDARD_SYSTEM_FUNC  -DWRF_USE_CLM -DUSE_NETCDF4_FEATURES -DWRFIO_NCD_LARGE_FILE_SUPPORT  -DDM_PARALLEL -DNETCDF -DHDF5 -DUSE_ALLOCATABLES -DGRIB1 -DINTIO -DKEEP_INT_AROUND -DLIMIT_ARGS -DCONFIG_BUF_LEN=65536 -DMAX_DOMAINS_F=21 -DMAX_HISTORY=25 -DNMM_NEST=0  -I. -traditional -DUSE_NETCDF4_FEATURES -DWRFIO_NCD_LARGE_FILE_SUPPORT  zmf4kf.F  > zmf4kf.f90
ftn -c -real-size 32 -i4  -w -ftz -fno-alias -align all -FR -convert big_endian   zmf4kf.f90
rm -f -f zfft1i.f90
/lib/cpp -P -DEM_CORE=1 -DNMM_CORE=0 -DNMM_MAX_DIM=2600 -DCOAMPS_CORE=0 -DDA_CORE=0 -DEXP_CORE=0 -DIWORDSIZE=4 -DDWORDSIZE=8 -DRWORDSIZE=4 -DLWORDSIZE=4 -DNONSTANDARD_SYSTEM_FUNC  -DWRF_USE_CLM -DUSE_NETCDF4_FEATURES -DWRFIO_NCD_LARGE_FILE_SUPPORT  -DDM_PARALLEL -DNETCDF -DHDF5 -DUSE_ALLOCATABLES -DGRIB1 -DINTIO -DKEEP_INT_AROUND -DLIMIT_ARGS -DCONFIG_BUF_LEN=65536 -DMAX_DOMAINS_F=21 -DMAX_HISTORY=25 -DNMM_NEST=0  -I. -traditional -DUSE_NETCDF4_FEATURES -DWRFIO_NCD_LARGE_FILE_SUPPORT  c1f3kb.F  > c1f3kb.f90
ftn -c -real-size 32 -i4  -w -ftz -fno-alias -align all -FR -convert big_endian   c1f3kb.f90
rm -f -f zmf4kf.f90
/lib/cpp -P -DEM_CORE=1 -DNMM_CORE=0 -DNMM_MAX_DIM=2600 -DCOAMPS_CORE=0 -DDA_CORE=0 -DEXP_CORE=0 -DIWORDSIZE=4 -DDWORDSIZE=8 -DRWORDSIZE=4 -DLWORDSIZE=4 -DNONSTANDARD_SYSTEM_FUNC  -DWRF_USE_CLM -DUSE_NETCDF4_FEATURES -DWRFIO_NCD_LARGE_FILE_SUPPORT  -DDM_PARALLEL -DNETCDF -DHDF5 -DUSE_ALLOCATABLES -DGRIB1 -DINTIO -DKEEP_INT_AROUND -DLIMIT_ARGS -DCONFIG_BUF_LEN=65536 -DMAX_DOMAINS_F=21 -DMAX_HISTORY=25 -DNMM_NEST=0  -I. -traditional -DUSE_NETCDF4_FEATURES -DWRFIO_NCD_LARGE_FILE_SUPPORT  cfft1i.F  > cfft1i.f90
ftn -c -real-size 32 -i4  -w -ftz -fno-alias -align all -FR -convert big_endian   cfft1i.f90
rm -f -f c1f3kb.f90
/lib/cpp -P -DEM_CORE=1 -DNMM_CORE=0 -DNMM_MAX_DIM=2600 -DCOAMPS_CORE=0 -DDA_CORE=0 -DEXP_CORE=0 -DIWORDSIZE=4 -DDWORDSIZE=8 -DRWORDSIZE=4 -DLWORDSIZE=4 -DNONSTANDARD_SYSTEM_FUNC  -DWRF_USE_CLM -DUSE_NETCDF4_FEATURES -DWRFIO_NCD_LARGE_FILE_SUPPORT  -DDM_PARALLEL -DNETCDF -DHDF5 -DUSE_ALLOCATABLES -DGRIB1 -DINTIO -DKEEP_INT_AROUND -DLIMIT_ARGS -DCONFIG_BUF_LEN=65536 -DMAX_DOMAINS_F=21 -DMAX_HISTORY=25 -DNMM_NEST=0  -I. -traditional -DUSE_NETCDF4_FEATURES -DWRFIO_NCD_LARGE_FILE_SUPPORT  cmf4kf.F  > cmf4kf.f90
ftn -c -real-size 32 -i4  -w -ftz -fno-alias -align all -FR -convert big_endian   cmf4kf.f90
rm -f -f cfft1i.f90
/lib/cpp -P -DEM_CORE=1 -DNMM_CORE=0 -DNMM_MAX_DIM=2600 -DCOAMPS_CORE=0 -DDA_CORE=0 -DEXP_CORE=0 -DIWORDSIZE=4 -DDWORDSIZE=8 -DRWORDSIZE=4 -DLWORDSIZE=4 -DNONSTANDARD_SYSTEM_FUNC  -DWRF_USE_CLM -DUSE_NETCDF4_FEATURES -DWRFIO_NCD_LARGE_FILE_SUPPORT  -DDM_PARALLEL -DNETCDF -DHDF5 -DUSE_ALLOCATABLES -DGRIB1 -DINTIO -DKEEP_INT_AROUND -DLIMIT_ARGS -DCONFIG_BUF_LEN=65536 -DMAX_DOMAINS_F=21 -DMAX_HISTORY=25 -DNMM_NEST=0  -I. -traditional -DUSE_NETCDF4_FEATURES -DWRFIO_NCD_LARGE_FILE_SUPPORT  cosqmb.F  > cosqmb.f90
ftn -c -real-size 32 -i4  -w -ftz -fno-alias -align all -FR -convert big_endian   cosqmb.f90
rm -f -f cmf4kf.f90
/lib/cpp -P -DEM_CORE=1 -DNMM_CORE=0 -DNMM_MAX_DIM=2600 -DCOAMPS_CORE=0 -DDA_CORE=0 -DEXP_CORE=0 -DIWORDSIZE=4 -DDWORDSIZE=8 -DRWORDSIZE=4 -DLWORDSIZE=4 -DNONSTANDARD_SYSTEM_FUNC  -DWRF_USE_CLM -DUSE_NETCDF4_FEATURES -DWRFIO_NCD_LARGE_FILE_SUPPORT  -DDM_PARALLEL -DNETCDF -DHDF5 -DUSE_ALLOCATABLES -DGRIB1 -DINTIO -DKEEP_INT_AROUND -DLIMIT_ARGS -DCONFIG_BUF_LEN=65536 -DMAX_DOMAINS_F=21 -DMAX_HISTORY=25 -DNMM_NEST=0  -I. -traditional -DUSE_NETCDF4_FEATURES -DWRFIO_NCD_LARGE_FILE_SUPPORT  d1f2kf.F  > d1f2kf.f90
ftn -c -real-size 32 -i4  -w -ftz -fno-alias -align all -FR -convert big_endian   d1f2kf.f90
rm -f -f cosqmb.f90
/lib/cpp -P -DEM_CORE=1 -DNMM_CORE=0 -DNMM_MAX_DIM=2600 -DCOAMPS_CORE=0 -DDA_CORE=0 -DEXP_CORE=0 -DIWORDSIZE=4 -DDWORDSIZE=8 -DRWORDSIZE=4 -DLWORDSIZE=4 -DNONSTANDARD_SYSTEM_FUNC  -DWRF_USE_CLM -DUSE_NETCDF4_FEATURES -DWRFIO_NCD_LARGE_FILE_SUPPORT  -DDM_PARALLEL -DNETCDF -DHDF5 -DUSE_ALLOCATABLES -DGRIB1 -DINTIO -DKEEP_INT_AROUND -DLIMIT_ARGS -DCONFIG_BUF_LEN=65536 -DMAX_DOMAINS_F=21 -DMAX_HISTORY=25 -DNMM_NEST=0  -I. -traditional -DUSE_NETCDF4_FEATURES -DWRFIO_NCD_LARGE_FILE_SUPPORT  dcosqb1.F  > dcosqb1.f90
ftn -c -real-size 32 -i4  -w -ftz -fno-alias -align all -FR -convert big_endian   dcosqb1.f90
rm -f -f d1f2kf.f90
/lib/cpp -P -DEM_CORE=1 -DNMM_CORE=0 -DNMM_MAX_DIM=2600 -DCOAMPS_CORE=0 -DDA_CORE=0 -DEXP_CORE=0 -DIWORDSIZE=4 -DDWORDSIZE=8 -DRWORDSIZE=4 -DLWORDSIZE=4 -DNONSTANDARD_SYSTEM_FUNC  -DWRF_USE_CLM -DUSE_NETCDF4_FEATURES -DWRFIO_NCD_LARGE_FILE_SUPPORT  -DDM_PARALLEL -DNETCDF -DHDF5 -DUSE_ALLOCATABLES -DGRIB1 -DINTIO -DKEEP_INT_AROUND -DLIMIT_ARGS -DCONFIG_BUF_LEN=65536 -DMAX_DOMAINS_F=21 -DMAX_HISTORY=25 -DNMM_NEST=0  -I. -traditional -DUSE_NETCDF4_FEATURES -DWRFIO_NCD_LARGE_FILE_SUPPORT  dffti1.F  > dffti1.f90
ftn -c -real-size 32 -i4  -w -ftz -fno-alias -align all -FR -convert big_endian   dffti1.f90
rm -f -f dcosqb1.f90
/lib/cpp -P -DEM_CORE=1 -DNMM_CORE=0 -DNMM_MAX_DIM=2600 -DCOAMPS_CORE=0 -DDA_CORE=0 -DEXP_CORE=0 -DIWORDSIZE=4 -DDWORDSIZE=8 -DRWORDSIZE=4 -DLWORDSIZE=4 -DNONSTANDARD_SYSTEM_FUNC  -DWRF_USE_CLM -DUSE_NETCDF4_FEATURES -DWRFIO_NCD_LARGE_FILE_SUPPORT  -DDM_PARALLEL -DNETCDF -DHDF5 -DUSE_ALLOCATABLES -DGRIB1 -DINTIO -DKEEP_INT_AROUND -DLIMIT_ARGS -DCONFIG_BUF_LEN=65536 -DMAX_DOMAINS_F=21 -DMAX_HISTORY=25 -DNMM_NEST=0  -I. -traditional -DUSE_NETCDF4_FEATURES -DWRFIO_NCD_LARGE_FILE_SUPPORT  mradb4.F  > mradb4.f90
ftn -c -real-size 32 -i4  -w -ftz -fno-alias -align all -FR -convert big_endian   mradb4.f90
rm -f -f dffti1.f90
/lib/cpp -P -DEM_CORE=1 -DNMM_CORE=0 -DNMM_MAX_DIM=2600 -DCOAMPS_CORE=0 -DDA_CORE=0 -DEXP_CORE=0 -DIWORDSIZE=4 -DDWORDSIZE=8 -DRWORDSIZE=4 -DLWORDSIZE=4 -DNONSTANDARD_SYSTEM_FUNC  -DWRF_USE_CLM -DUSE_NETCDF4_FEATURES -DWRFIO_NCD_LARGE_FILE_SUPPORT  -DDM_PARALLEL -DNETCDF -DHDF5 -DUSE_ALLOCATABLES -DGRIB1 -DINTIO -DKEEP_INT_AROUND -DLIMIT_ARGS -DCONFIG_BUF_LEN=65536 -DMAX_DOMAINS_F=21 -DMAX_HISTORY=25 -DNMM_NEST=0  -I. -traditional -DUSE_NETCDF4_FEATURES -DWRFIO_NCD_LARGE_FILE_SUPPORT  msntf1.F  > msntf1.f90
ftn -c -real-size 32 -i4  -w -ftz -fno-alias -align all -FR -convert big_endian   msntf1.f90
rm -f -f mradb4.f90
/lib/cpp -P -DEM_CORE=1 -DNMM_CORE=0 -DNMM_MAX_DIM=2600 -DCOAMPS_CORE=0 -DDA_CORE=0 -DEXP_CORE=0 -DIWORDSIZE=4 -DDWORDSIZE=8 -DRWORDSIZE=4 -DLWORDSIZE=4 -DNONSTANDARD_SYSTEM_FUNC  -DWRF_USE_CLM -DUSE_NETCDF4_FEATURES -DWRFIO_NCD_LARGE_FILE_SUPPORT  -DDM_PARALLEL -DNETCDF -DHDF5 -DUSE_ALLOCATABLES -DGRIB1 -DINTIO -DKEEP_INT_AROUND -DLIMIT_ARGS -DCONFIG_BUF_LEN=65536 -DMAX_DOMAINS_F=21 -DMAX_HISTORY=25 -DNMM_NEST=0  -I. -traditional -DUSE_NETCDF4_FEATURES -DWRFIO_NCD_LARGE_FILE_SUPPORT  r4_mcfti1.F  > r4_mcfti1.f90
ftn -c -real-size 32 -i4  -w -ftz -fno-alias -align all -FR -convert big_endian   r4_mcfti1.f90
rm -f -f msntf1.f90
/lib/cpp -P -DEM_CORE=1 -DNMM_CORE=0 -DNMM_MAX_DIM=2600 -DCOAMPS_CORE=0 -DDA_CORE=0 -DEXP_CORE=0 -DIWORDSIZE=4 -DDWORDSIZE=8 -DRWORDSIZE=4 -DLWORDSIZE=4 -DNONSTANDARD_SYSTEM_FUNC  -DWRF_USE_CLM -DUSE_NETCDF4_FEATURES -DWRFIO_NCD_LARGE_FILE_SUPPORT  -DDM_PARALLEL -DNETCDF -DHDF5 -DUSE_ALLOCATABLES -DGRIB1 -DINTIO -DKEEP_INT_AROUND -DLIMIT_ARGS -DCONFIG_BUF_LEN=65536 -DMAX_DOMAINS_F=21 -DMAX_HISTORY=25 -DNMM_NEST=0  -I. -traditional -DUSE_NETCDF4_FEATURES -DWRFIO_NCD_LARGE_FILE_SUPPORT  rfftf1.F  > rfftf1.f90
ftn -c -real-size 32 -i4  -w -ftz -fno-alias -align all -FR -convert big_endian   rfftf1.f90
rm -f -f r4_mcfti1.f90
/lib/cpp -P -DEM_CORE=1 -DNMM_CORE=0 -DNMM_MAX_DIM=2600 -DCOAMPS_CORE=0 -DDA_CORE=0 -DEXP_CORE=0 -DIWORDSIZE=4 -DDWORDSIZE=8 -DRWORDSIZE=4 -DLWORDSIZE=4 -DNONSTANDARD_SYSTEM_FUNC  -DWRF_USE_CLM -DUSE_NETCDF4_FEATURES -DWRFIO_NCD_LARGE_FILE_SUPPORT  -DDM_PARALLEL -DNETCDF -DHDF5 -DUSE_ALLOCATABLES -DGRIB1 -DINTIO -DKEEP_INT_AROUND -DLIMIT_ARGS -DCONFIG_BUF_LEN=65536 -DMAX_DOMAINS_F=21 -DMAX_HISTORY=25 -DNMM_NEST=0  -I. -traditional -DUSE_NETCDF4_FEATURES -DWRFIO_NCD_LARGE_FILE_SUPPORT  sint1f.F  > sint1f.f90
ftn -c -real-size 32 -i4  -w -ftz -fno-alias -align all -FR -convert big_endian   sint1f.f90
rm -f -f rfftf1.f90
/lib/cpp -P -DEM_CORE=1 -DNMM_CORE=0 -DNMM_MAX_DIM=2600 -DCOAMPS_CORE=0 -DDA_CORE=0 -DEXP_CORE=0 -DIWORDSIZE=4 -DDWORDSIZE=8 -DRWORDSIZE=4 -DLWORDSIZE=4 -DNONSTANDARD_SYSTEM_FUNC  -DWRF_USE_CLM -DUSE_NETCDF4_FEATURES -DWRFIO_NCD_LARGE_FILE_SUPPORT  -DDM_PARALLEL -DNETCDF -DHDF5 -DUSE_ALLOCATABLES -DGRIB1 -DINTIO -DKEEP_INT_AROUND -DLIMIT_ARGS -DCONFIG_BUF_LEN=65536 -DMAX_DOMAINS_F=21 -DMAX_HISTORY=25 -DNMM_NEST=0  -I. -traditional -DUSE_NETCDF4_FEATURES -DWRFIO_NCD_LARGE_FILE_SUPPORT  z1f3kf.F  > z1f3kf.f90
ftn -c -real-size 32 -i4  -w -ftz -fno-alias -align all -FR -convert big_endian   z1f3kf.f90
rm -f -f sint1f.f90
/lib/cpp -P -DEM_CORE=1 -DNMM_CORE=0 -DNMM_MAX_DIM=2600 -DCOAMPS_CORE=0 -DDA_CORE=0 -DEXP_CORE=0 -DIWORDSIZE=4 -DDWORDSIZE=8 -DRWORDSIZE=4 -DLWORDSIZE=4 -DNONSTANDARD_SYSTEM_FUNC  -DWRF_USE_CLM -DUSE_NETCDF4_FEATURES -DWRFIO_NCD_LARGE_FILE_SUPPORT  -DDM_PARALLEL -DNETCDF -DHDF5 -DUSE_ALLOCATABLES -DGRIB1 -DINTIO -DKEEP_INT_AROUND -DLIMIT_ARGS -DCONFIG_BUF_LEN=65536 -DMAX_DOMAINS_F=21 -DMAX_HISTORY=25 -DNMM_NEST=0  -I. -traditional -DUSE_NETCDF4_FEATURES -DWRFIO_NCD_LARGE_FILE_SUPPORT  zfft2b.F  > zfft2b.f90
ftn -c -real-size 32 -i4  -w -ftz -fno-alias -align all -FR -convert big_endian   zfft2b.f90
rm -f -f z1f3kf.f90
/lib/cpp -P -DEM_CORE=1 -DNMM_CORE=0 -DNMM_MAX_DIM=2600 -DCOAMPS_CORE=0 -DDA_CORE=0 -DEXP_CORE=0 -DIWORDSIZE=4 -DDWORDSIZE=8 -DRWORDSIZE=4 -DLWORDSIZE=4 -DNONSTANDARD_SYSTEM_FUNC  -DWRF_USE_CLM -DUSE_NETCDF4_FEATURES -DWRFIO_NCD_LARGE_FILE_SUPPORT  -DDM_PARALLEL -DNETCDF -DHDF5 -DUSE_ALLOCATABLES -DGRIB1 -DINTIO -DKEEP_INT_AROUND -DLIMIT_ARGS -DCONFIG_BUF_LEN=65536 -DMAX_DOMAINS_F=21 -DMAX_HISTORY=25 -DNMM_NEST=0  -I. -traditional -DUSE_NETCDF4_FEATURES -DWRFIO_NCD_LARGE_FILE_SUPPORT  zmf5kb.F  > zmf5kb.f90
ftn -c -real-size 32 -i4  -w -ftz -fno-alias -align all -FR -convert big_endian   zmf5kb.f90
rm -f -f zfft2b.f90
/lib/cpp -P -DEM_CORE=1 -DNMM_CORE=0 -DNMM_MAX_DIM=2600 -DCOAMPS_CORE=0 -DDA_CORE=0 -DEXP_CORE=0 -DIWORDSIZE=4 -DDWORDSIZE=8 -DRWORDSIZE=4 -DLWORDSIZE=4 -DNONSTANDARD_SYSTEM_FUNC  -DWRF_USE_CLM -DUSE_NETCDF4_FEATURES -DWRFIO_NCD_LARGE_FILE_SUPPORT  -DDM_PARALLEL -DNETCDF -DHDF5 -DUSE_ALLOCATABLES -DGRIB1 -DINTIO -DKEEP_INT_AROUND -DLIMIT_ARGS -DCONFIG_BUF_LEN=65536 -DMAX_DOMAINS_F=21 -DMAX_HISTORY=25 -DNMM_NEST=0  -I. -traditional -DUSE_NETCDF4_FEATURES -DWRFIO_NCD_LARGE_FILE_SUPPORT  c1f3kf.F  > c1f3kf.f90
ftn -c -real-size 32 -i4  -w -ftz -fno-alias -align all -FR -convert big_endian   c1f3kf.f90
rm -f -f zmf5kb.f90
/lib/cpp -P -DEM_CORE=1 -DNMM_CORE=0 -DNMM_MAX_DIM=2600 -DCOAMPS_CORE=0 -DDA_CORE=0 -DEXP_CORE=0 -DIWORDSIZE=4 -DDWORDSIZE=8 -DRWORDSIZE=4 -DLWORDSIZE=4 -DNONSTANDARD_SYSTEM_FUNC  -DWRF_USE_CLM -DUSE_NETCDF4_FEATURES -DWRFIO_NCD_LARGE_FILE_SUPPORT  -DDM_PARALLEL -DNETCDF -DHDF5 -DUSE_ALLOCATABLES -DGRIB1 -DINTIO -DKEEP_INT_AROUND -DLIMIT_ARGS -DCONFIG_BUF_LEN=65536 -DMAX_DOMAINS_F=21 -DMAX_HISTORY=25 -DNMM_NEST=0  -I. -traditional -DUSE_NETCDF4_FEATURES -DWRFIO_NCD_LARGE_FILE_SUPPORT  cfft2b.F  > cfft2b.f90
ftn -c -real-size 32 -i4  -w -ftz -fno-alias -align all -FR -convert big_endian   cfft2b.f90
rm -f -f c1f3kf.f90
/lib/cpp -P -DEM_CORE=1 -DNMM_CORE=0 -DNMM_MAX_DIM=2600 -DCOAMPS_CORE=0 -DDA_CORE=0 -DEXP_CORE=0 -DIWORDSIZE=4 -DDWORDSIZE=8 -DRWORDSIZE=4 -DLWORDSIZE=4 -DNONSTANDARD_SYSTEM_FUNC  -DWRF_USE_CLM -DUSE_NETCDF4_FEATURES -DWRFIO_NCD_LARGE_FILE_SUPPORT  -DDM_PARALLEL -DNETCDF -DHDF5 -DUSE_ALLOCATABLES -DGRIB1 -DINTIO -DKEEP_INT_AROUND -DLIMIT_ARGS -DCONFIG_BUF_LEN=65536 -DMAX_DOMAINS_F=21 -DMAX_HISTORY=25 -DNMM_NEST=0  -I. -traditional -DUSE_NETCDF4_FEATURES -DWRFIO_NCD_LARGE_FILE_SUPPORT  cmf5kb.F  > cmf5kb.f90
ftn -c -real-size 32 -i4  -w -ftz -fno-alias -align all -FR -convert big_endian   cmf5kb.f90
rm -f -f cfft2b.f90
/lib/cpp -P -DEM_CORE=1 -DNMM_CORE=0 -DNMM_MAX_DIM=2600 -DCOAMPS_CORE=0 -DDA_CORE=0 -DEXP_CORE=0 -DIWORDSIZE=4 -DDWORDSIZE=8 -DRWORDSIZE=4 -DLWORDSIZE=4 -DNONSTANDARD_SYSTEM_FUNC  -DWRF_USE_CLM -DUSE_NETCDF4_FEATURES -DWRFIO_NCD_LARGE_FILE_SUPPORT  -DDM_PARALLEL -DNETCDF -DHDF5 -DUSE_ALLOCATABLES -DGRIB1 -DINTIO -DKEEP_INT_AROUND -DLIMIT_ARGS -DCONFIG_BUF_LEN=65536 -DMAX_DOMAINS_F=21 -DMAX_HISTORY=25 -DNMM_NEST=0  -I. -traditional -DUSE_NETCDF4_FEATURES -DWRFIO_NCD_LARGE_FILE_SUPPORT  cosqmf.F  > cosqmf.f90
ftn -c -real-size 32 -i4  -w -ftz -fno-alias -align all -FR -convert big_endian   cosqmf.f90
rm -f -f cmf5kb.f90
/lib/cpp -P -DEM_CORE=1 -DNMM_CORE=0 -DNMM_MAX_DIM=2600 -DCOAMPS_CORE=0 -DDA_CORE=0 -DEXP_CORE=0 -DIWORDSIZE=4 -DDWORDSIZE=8 -DRWORDSIZE=4 -DLWORDSIZE=4 -DNONSTANDARD_SYSTEM_FUNC  -DWRF_USE_CLM -DUSE_NETCDF4_FEATURES -DWRFIO_NCD_LARGE_FILE_SUPPORT  -DDM_PARALLEL -DNETCDF -DHDF5 -DUSE_ALLOCATABLES -DGRIB1 -DINTIO -DKEEP_INT_AROUND -DLIMIT_ARGS -DCONFIG_BUF_LEN=65536 -DMAX_DOMAINS_F=21 -DMAX_HISTORY=25 -DNMM_NEST=0  -I. -traditional -DUSE_NETCDF4_FEATURES -DWRFIO_NCD_LARGE_FILE_SUPPORT  d1f3kb.F  > d1f3kb.f90
ftn -c -real-size 32 -i4  -w -ftz -fno-alias -align all -FR -convert big_endian   d1f3kb.f90
rm -f -f cosqmf.f90
/lib/cpp -P -DEM_CORE=1 -DNMM_CORE=0 -DNMM_MAX_DIM=2600 -DCOAMPS_CORE=0 -DDA_CORE=0 -DEXP_CORE=0 -DIWORDSIZE=4 -DDWORDSIZE=8 -DRWORDSIZE=4 -DLWORDSIZE=4 -DNONSTANDARD_SYSTEM_FUNC  -DWRF_USE_CLM -DUSE_NETCDF4_FEATURES -DWRFIO_NCD_LARGE_FILE_SUPPORT  -DDM_PARALLEL -DNETCDF -DHDF5 -DUSE_ALLOCATABLES -DGRIB1 -DINTIO -DKEEP_INT_AROUND -DLIMIT_ARGS -DCONFIG_BUF_LEN=65536 -DMAX_DOMAINS_F=21 -DMAX_HISTORY=25 -DNMM_NEST=0  -I. -traditional -DUSE_NETCDF4_FEATURES -DWRFIO_NCD_LARGE_FILE_SUPPORT  dcosqf1.F  > dcosqf1.f90
ftn -c -real-size 32 -i4  -w -ftz -fno-alias -align all -FR -convert big_endian   dcosqf1.f90
rm -f -f d1f3kb.f90
/lib/cpp -P -DEM_CORE=1 -DNMM_CORE=0 -DNMM_MAX_DIM=2600 -DCOAMPS_CORE=0 -DDA_CORE=0 -DEXP_CORE=0 -DIWORDSIZE=4 -DDWORDSIZE=8 -DRWORDSIZE=4 -DLWORDSIZE=4 -DNONSTANDARD_SYSTEM_FUNC  -DWRF_USE_CLM -DUSE_NETCDF4_FEATURES -DWRFIO_NCD_LARGE_FILE_SUPPORT  -DDM_PARALLEL -DNETCDF -DHDF5 -DUSE_ALLOCATABLES -DGRIB1 -DINTIO -DKEEP_INT_AROUND -DLIMIT_ARGS -DCONFIG_BUF_LEN=65536 -DMAX_DOMAINS_F=21 -DMAX_HISTORY=25 -DNMM_NEST=0  -I. -traditional -DUSE_NETCDF4_FEATURES -DWRFIO_NCD_LARGE_FILE_SUPPORT  dsint1b.F  > dsint1b.f90
ftn -c -real-size 32 -i4  -w -ftz -fno-alias -align all -FR -convert big_endian   dsint1b.f90
rm -f -f dcosqf1.f90
/lib/cpp -P -DEM_CORE=1 -DNMM_CORE=0 -DNMM_MAX_DIM=2600 -DCOAMPS_CORE=0 -DDA_CORE=0 -DEXP_CORE=0 -DIWORDSIZE=4 -DDWORDSIZE=8 -DRWORDSIZE=4 -DLWORDSIZE=4 -DNONSTANDARD_SYSTEM_FUNC  -DWRF_USE_CLM -DUSE_NETCDF4_FEATURES -DWRFIO_NCD_LARGE_FILE_SUPPORT  -DDM_PARALLEL -DNETCDF -DHDF5 -DUSE_ALLOCATABLES -DGRIB1 -DINTIO -DKEEP_INT_AROUND -DLIMIT_ARGS -DCONFIG_BUF_LEN=65536 -DMAX_DOMAINS_F=21 -DMAX_HISTORY=25 -DNMM_NEST=0  -I. -traditional -DUSE_NETCDF4_FEATURES -DWRFIO_NCD_LARGE_FILE_SUPPORT  mradb5.F  > mradb5.f90
ftn -c -real-size 32 -i4  -w -ftz -fno-alias -align all -FR -convert big_endian   mradb5.f90
rm -f -f dsint1b.f90
/lib/cpp -P -DEM_CORE=1 -DNMM_CORE=0 -DNMM_MAX_DIM=2600 -DCOAMPS_CORE=0 -DDA_CORE=0 -DEXP_CORE=0 -DIWORDSIZE=4 -DDWORDSIZE=8 -DRWORDSIZE=4 -DLWORDSIZE=4 -DNONSTANDARD_SYSTEM_FUNC  -DWRF_USE_CLM -DUSE_NETCDF4_FEATURES -DWRFIO_NCD_LARGE_FILE_SUPPORT  -DDM_PARALLEL -DNETCDF -DHDF5 -DUSE_ALLOCATABLES -DGRIB1 -DINTIO -DKEEP_INT_AROUND -DLIMIT_ARGS -DCONFIG_BUF_LEN=65536 -DMAX_DOMAINS_F=21 -DMAX_HISTORY=25 -DNMM_NEST=0  -I. -traditional -DUSE_NETCDF4_FEATURES -DWRFIO_NCD_LARGE_FILE_SUPPORT  r1f2kb.F  > r1f2kb.f90
ftn -c -real-size 32 -i4  -w -ftz -fno-alias -align all -FR -convert big_endian   r1f2kb.f90
rm -f -f mradb5.f90
/lib/cpp -P -DEM_CORE=1 -DNMM_CORE=0 -DNMM_MAX_DIM=2600 -DCOAMPS_CORE=0 -DDA_CORE=0 -DEXP_CORE=0 -DIWORDSIZE=4 -DDWORDSIZE=8 -DRWORDSIZE=4 -DLWORDSIZE=4 -DNONSTANDARD_SYSTEM_FUNC  -DWRF_USE_CLM -DUSE_NETCDF4_FEATURES -DWRFIO_NCD_LARGE_FILE_SUPPORT  -DDM_PARALLEL -DNETCDF -DHDF5 -DUSE_ALLOCATABLES -DGRIB1 -DINTIO -DKEEP_INT_AROUND -DLIMIT_ARGS -DCONFIG_BUF_LEN=65536 -DMAX_DOMAINS_F=21 -DMAX_HISTORY=25 -DNMM_NEST=0  -I. -traditional -DUSE_NETCDF4_FEATURES -DWRFIO_NCD_LARGE_FILE_SUPPORT  r4_tables.F  > r4_tables.f90
ftn -c -real-size 32 -i4  -w -ftz -fno-alias -align all -FR -convert big_endian   r4_tables.f90
rm -f -f r1f2kb.f90
/lib/cpp -P -DEM_CORE=1 -DNMM_CORE=0 -DNMM_MAX_DIM=2600 -DCOAMPS_CORE=0 -DDA_CORE=0 -DEXP_CORE=0 -DIWORDSIZE=4 -DDWORDSIZE=8 -DRWORDSIZE=4 -DLWORDSIZE=4 -DNONSTANDARD_SYSTEM_FUNC  -DWRF_USE_CLM -DUSE_NETCDF4_FEATURES -DWRFIO_NCD_LARGE_FILE_SUPPORT  -DDM_PARALLEL -DNETCDF -DHDF5 -DUSE_ALLOCATABLES -DGRIB1 -DINTIO -DKEEP_INT_AROUND -DLIMIT_ARGS -DCONFIG_BUF_LEN=65536 -DMAX_DOMAINS_F=21 -DMAX_HISTORY=25 -DNMM_NEST=0  -I. -traditional -DUSE_NETCDF4_FEATURES -DWRFIO_NCD_LARGE_FILE_SUPPORT  rffti1.F  > rffti1.f90
ftn -c -real-size 32 -i4  -w -ftz -fno-alias -align all -FR -convert big_endian   rffti1.f90
rm -f -f r4_tables.f90
/lib/cpp -P -DEM_CORE=1 -DNMM_CORE=0 -DNMM_MAX_DIM=2600 -DCOAMPS_CORE=0 -DDA_CORE=0 -DEXP_CORE=0 -DIWORDSIZE=4 -DDWORDSIZE=8 -DRWORDSIZE=4 -DLWORDSIZE=4 -DNONSTANDARD_SYSTEM_FUNC  -DWRF_USE_CLM -DUSE_NETCDF4_FEATURES -DWRFIO_NCD_LARGE_FILE_SUPPORT  -DDM_PARALLEL -DNETCDF -DHDF5 -DUSE_ALLOCATABLES -DGRIB1 -DINTIO -DKEEP_INT_AROUND -DLIMIT_ARGS -DCONFIG_BUF_LEN=65536 -DMAX_DOMAINS_F=21 -DMAX_HISTORY=25 -DNMM_NEST=0  -I. -traditional -DUSE_NETCDF4_FEATURES -DWRFIO_NCD_LARGE_FILE_SUPPORT  sint1i.F  > sint1i.f90
ftn -c -real-size 32 -i4  -w -ftz -fno-alias -align all -FR -convert big_endian   sint1i.f90
rm -f -f rffti1.f90
/lib/cpp -P -DEM_CORE=1 -DNMM_CORE=0 -DNMM_MAX_DIM=2600 -DCOAMPS_CORE=0 -DDA_CORE=0 -DEXP_CORE=0 -DIWORDSIZE=4 -DDWORDSIZE=8 -DRWORDSIZE=4 -DLWORDSIZE=4 -DNONSTANDARD_SYSTEM_FUNC  -DWRF_USE_CLM -DUSE_NETCDF4_FEATURES -DWRFIO_NCD_LARGE_FILE_SUPPORT  -DDM_PARALLEL -DNETCDF -DHDF5 -DUSE_ALLOCATABLES -DGRIB1 -DINTIO -DKEEP_INT_AROUND -DLIMIT_ARGS -DCONFIG_BUF_LEN=65536 -DMAX_DOMAINS_F=21 -DMAX_HISTORY=25 -DNMM_NEST=0  -I. -traditional -DUSE_NETCDF4_FEATURES -DWRFIO_NCD_LARGE_FILE_SUPPORT  z1f4kb.F  > z1f4kb.f90
ftn -c -real-size 32 -i4  -w -ftz -fno-alias -align all -FR -convert big_endian   z1f4kb.f90
rm -f -f sint1i.f90
/lib/cpp -P -DEM_CORE=1 -DNMM_CORE=0 -DNMM_MAX_DIM=2600 -DCOAMPS_CORE=0 -DDA_CORE=0 -DEXP_CORE=0 -DIWORDSIZE=4 -DDWORDSIZE=8 -DRWORDSIZE=4 -DLWORDSIZE=4 -DNONSTANDARD_SYSTEM_FUNC  -DWRF_USE_CLM -DUSE_NETCDF4_FEATURES -DWRFIO_NCD_LARGE_FILE_SUPPORT  -DDM_PARALLEL -DNETCDF -DHDF5 -DUSE_ALLOCATABLES -DGRIB1 -DINTIO -DKEEP_INT_AROUND -DLIMIT_ARGS -DCONFIG_BUF_LEN=65536 -DMAX_DOMAINS_F=21 -DMAX_HISTORY=25 -DNMM_NEST=0  -I. -traditional -DUSE_NETCDF4_FEATURES -DWRFIO_NCD_LARGE_FILE_SUPPORT  zfft2f.F  > zfft2f.f90
ftn -c -real-size 32 -i4  -w -ftz -fno-alias -align all -FR -convert big_endian   zfft2f.f90
rm -f -f z1f4kb.f90
/lib/cpp -P -DEM_CORE=1 -DNMM_CORE=0 -DNMM_MAX_DIM=2600 -DCOAMPS_CORE=0 -DDA_CORE=0 -DEXP_CORE=0 -DIWORDSIZE=4 -DDWORDSIZE=8 -DRWORDSIZE=4 -DLWORDSIZE=4 -DNONSTANDARD_SYSTEM_FUNC  -DWRF_USE_CLM -DUSE_NETCDF4_FEATURES -DWRFIO_NCD_LARGE_FILE_SUPPORT  -DDM_PARALLEL -DNETCDF -DHDF5 -DUSE_ALLOCATABLES -DGRIB1 -DINTIO -DKEEP_INT_AROUND -DLIMIT_ARGS -DCONFIG_BUF_LEN=65536 -DMAX_DOMAINS_F=21 -DMAX_HISTORY=25 -DNMM_NEST=0  -I. -traditional -DUSE_NETCDF4_FEATURES -DWRFIO_NCD_LARGE_FILE_SUPPORT  zmf5kf.F  > zmf5kf.f90
ftn -c -real-size 32 -i4  -w -ftz -fno-alias -align all -FR -convert big_endian   zmf5kf.f90
rm -f -f zfft2f.f90
/lib/cpp -P -DEM_CORE=1 -DNMM_CORE=0 -DNMM_MAX_DIM=2600 -DCOAMPS_CORE=0 -DDA_CORE=0 -DEXP_CORE=0 -DIWORDSIZE=4 -DDWORDSIZE=8 -DRWORDSIZE=4 -DLWORDSIZE=4 -DNONSTANDARD_SYSTEM_FUNC  -DWRF_USE_CLM -DUSE_NETCDF4_FEATURES -DWRFIO_NCD_LARGE_FILE_SUPPORT  -DDM_PARALLEL -DNETCDF -DHDF5 -DUSE_ALLOCATABLES -DGRIB1 -DINTIO -DKEEP_INT_AROUND -DLIMIT_ARGS -DCONFIG_BUF_LEN=65536 -DMAX_DOMAINS_F=21 -DMAX_HISTORY=25 -DNMM_NEST=0  -I. -traditional -DUSE_NETCDF4_FEATURES -DWRFIO_NCD_LARGE_FILE_SUPPORT  c1f4kb.F  > c1f4kb.f90
ftn -c -real-size 32 -i4  -w -ftz -fno-alias -align all -FR -convert big_endian   c1f4kb.f90
rm -f -f zmf5kf.f90
/lib/cpp -P -DEM_CORE=1 -DNMM_CORE=0 -DNMM_MAX_DIM=2600 -DCOAMPS_CORE=0 -DDA_CORE=0 -DEXP_CORE=0 -DIWORDSIZE=4 -DDWORDSIZE=8 -DRWORDSIZE=4 -DLWORDSIZE=4 -DNONSTANDARD_SYSTEM_FUNC  -DWRF_USE_CLM -DUSE_NETCDF4_FEATURES -DWRFIO_NCD_LARGE_FILE_SUPPORT  -DDM_PARALLEL -DNETCDF -DHDF5 -DUSE_ALLOCATABLES -DGRIB1 -DINTIO -DKEEP_INT_AROUND -DLIMIT_ARGS -DCONFIG_BUF_LEN=65536 -DMAX_DOMAINS_F=21 -DMAX_HISTORY=25 -DNMM_NEST=0  -I. -traditional -DUSE_NETCDF4_FEATURES -DWRFIO_NCD_LARGE_FILE_SUPPORT  cfft2f.F  > cfft2f.f90
ftn -c -real-size 32 -i4  -w -ftz -fno-alias -align all -FR -convert big_endian   cfft2f.f90
rm -f -f c1f4kb.f90
/lib/cpp -P -DEM_CORE=1 -DNMM_CORE=0 -DNMM_MAX_DIM=2600 -DCOAMPS_CORE=0 -DDA_CORE=0 -DEXP_CORE=0 -DIWORDSIZE=4 -DDWORDSIZE=8 -DRWORDSIZE=4 -DLWORDSIZE=4 -DNONSTANDARD_SYSTEM_FUNC  -DWRF_USE_CLM -DUSE_NETCDF4_FEATURES -DWRFIO_NCD_LARGE_FILE_SUPPORT  -DDM_PARALLEL -DNETCDF -DHDF5 -DUSE_ALLOCATABLES -DGRIB1 -DINTIO -DKEEP_INT_AROUND -DLIMIT_ARGS -DCONFIG_BUF_LEN=65536 -DMAX_DOMAINS_F=21 -DMAX_HISTORY=25 -DNMM_NEST=0  -I. -traditional -DUSE_NETCDF4_FEATURES -DWRFIO_NCD_LARGE_FILE_SUPPORT  cmf5kf.F  > cmf5kf.f90
ftn -c -real-size 32 -i4  -w -ftz -fno-alias -align all -FR -convert big_endian   cmf5kf.f90
rm -f -f cfft2f.f90
/lib/cpp -P -DEM_CORE=1 -DNMM_CORE=0 -DNMM_MAX_DIM=2600 -DCOAMPS_CORE=0 -DDA_CORE=0 -DEXP_CORE=0 -DIWORDSIZE=4 -DDWORDSIZE=8 -DRWORDSIZE=4 -DLWORDSIZE=4 -DNONSTANDARD_SYSTEM_FUNC  -DWRF_USE_CLM -DUSE_NETCDF4_FEATURES -DWRFIO_NCD_LARGE_FILE_SUPPORT  -DDM_PARALLEL -DNETCDF -DHDF5 -DUSE_ALLOCATABLES -DGRIB1 -DINTIO -DKEEP_INT_AROUND -DLIMIT_ARGS -DCONFIG_BUF_LEN=65536 -DMAX_DOMAINS_F=21 -DMAX_HISTORY=25 -DNMM_NEST=0  -I. -traditional -DUSE_NETCDF4_FEATURES -DWRFIO_NCD_LARGE_FILE_SUPPORT  cosqmi.F  > cosqmi.f90
ftn -c -real-size 32 -i4  -w -ftz -fno-alias -align all -FR -convert big_endian   cosqmi.f90
rm -f -f cmf5kf.f90
/lib/cpp -P -DEM_CORE=1 -DNMM_CORE=0 -DNMM_MAX_DIM=2600 -DCOAMPS_CORE=0 -DDA_CORE=0 -DEXP_CORE=0 -DIWORDSIZE=4 -DDWORDSIZE=8 -DRWORDSIZE=4 -DLWORDSIZE=4 -DNONSTANDARD_SYSTEM_FUNC  -DWRF_USE_CLM -DUSE_NETCDF4_FEATURES -DWRFIO_NCD_LARGE_FILE_SUPPORT  -DDM_PARALLEL -DNETCDF -DHDF5 -DUSE_ALLOCATABLES -DGRIB1 -DINTIO -DKEEP_INT_AROUND -DLIMIT_ARGS -DCONFIG_BUF_LEN=65536 -DMAX_DOMAINS_F=21 -DMAX_HISTORY=25 -DNMM_NEST=0  -I. -traditional -DUSE_NETCDF4_FEATURES -DWRFIO_NCD_LARGE_FILE_SUPPORT  d1f3kf.F  > d1f3kf.f90
ftn -c -real-size 32 -i4  -w -ftz -fno-alias -align all -FR -convert big_endian   d1f3kf.f90
rm -f -f cosqmi.f90
/lib/cpp -P -DEM_CORE=1 -DNMM_CORE=0 -DNMM_MAX_DIM=2600 -DCOAMPS_CORE=0 -DDA_CORE=0 -DEXP_CORE=0 -DIWORDSIZE=4 -DDWORDSIZE=8 -DRWORDSIZE=4 -DLWORDSIZE=4 -DNONSTANDARD_SYSTEM_FUNC  -DWRF_USE_CLM -DUSE_NETCDF4_FEATURES -DWRFIO_NCD_LARGE_FILE_SUPPORT  -DDM_PARALLEL -DNETCDF -DHDF5 -DUSE_ALLOCATABLES -DGRIB1 -DINTIO -DKEEP_INT_AROUND -DLIMIT_ARGS -DCONFIG_BUF_LEN=65536 -DMAX_DOMAINS_F=21 -DMAX_HISTORY=25 -DNMM_NEST=0  -I. -traditional -DUSE_NETCDF4_FEATURES -DWRFIO_NCD_LARGE_FILE_SUPPORT  dcost1b.F  > dcost1b.f90
ftn -c -real-size 32 -i4  -w -ftz -fno-alias -align all -FR -convert big_endian   dcost1b.f90
rm -f -f d1f3kf.f90
/lib/cpp -P -DEM_CORE=1 -DNMM_CORE=0 -DNMM_MAX_DIM=2600 -DCOAMPS_CORE=0 -DDA_CORE=0 -DEXP_CORE=0 -DIWORDSIZE=4 -DDWORDSIZE=8 -DRWORDSIZE=4 -DLWORDSIZE=4 -DNONSTANDARD_SYSTEM_FUNC  -DWRF_USE_CLM -DUSE_NETCDF4_FEATURES -DWRFIO_NCD_LARGE_FILE_SUPPORT  -DDM_PARALLEL -DNETCDF -DHDF5 -DUSE_ALLOCATABLES -DGRIB1 -DINTIO -DKEEP_INT_AROUND -DLIMIT_ARGS -DCONFIG_BUF_LEN=65536 -DMAX_DOMAINS_F=21 -DMAX_HISTORY=25 -DNMM_NEST=0  -I. -traditional -DUSE_NETCDF4_FEATURES -DWRFIO_NCD_LARGE_FILE_SUPPORT  dsint1f.F  > dsint1f.f90
ftn -c -real-size 32 -i4  -w -ftz -fno-alias -align all -FR -convert big_endian   dsint1f.f90
rm -f -f dcost1b.f90
/lib/cpp -P -DEM_CORE=1 -DNMM_CORE=0 -DNMM_MAX_DIM=2600 -DCOAMPS_CORE=0 -DDA_CORE=0 -DEXP_CORE=0 -DIWORDSIZE=4 -DDWORDSIZE=8 -DRWORDSIZE=4 -DLWORDSIZE=4 -DNONSTANDARD_SYSTEM_FUNC  -DWRF_USE_CLM -DUSE_NETCDF4_FEATURES -DWRFIO_NCD_LARGE_FILE_SUPPORT  -DDM_PARALLEL -DNETCDF -DHDF5 -DUSE_ALLOCATABLES -DGRIB1 -DINTIO -DKEEP_INT_AROUND -DLIMIT_ARGS -DCONFIG_BUF_LEN=65536 -DMAX_DOMAINS_F=21 -DMAX_HISTORY=25 -DNMM_NEST=0  -I. -traditional -DUSE_NETCDF4_FEATURES -DWRFIO_NCD_LARGE_FILE_SUPPORT  mradbg.F  > mradbg.f90
ftn -c -real-size 32 -i4  -w -ftz -fno-alias -align all -FR -convert big_endian   mradbg.f90
rm -f -f dsint1f.f90
/lib/cpp -P -DEM_CORE=1 -DNMM_CORE=0 -DNMM_MAX_DIM=2600 -DCOAMPS_CORE=0 -DDA_CORE=0 -DEXP_CORE=0 -DIWORDSIZE=4 -DDWORDSIZE=8 -DRWORDSIZE=4 -DLWORDSIZE=4 -DNONSTANDARD_SYSTEM_FUNC  -DWRF_USE_CLM -DUSE_NETCDF4_FEATURES -DWRFIO_NCD_LARGE_FILE_SUPPORT  -DDM_PARALLEL -DNETCDF -DHDF5 -DUSE_ALLOCATABLES -DGRIB1 -DINTIO -DKEEP_INT_AROUND -DLIMIT_ARGS -DCONFIG_BUF_LEN=65536 -DMAX_DOMAINS_F=21 -DMAX_HISTORY=25 -DNMM_NEST=0  -I. -traditional -DUSE_NETCDF4_FEATURES -DWRFIO_NCD_LARGE_FILE_SUPPORT  r1f2kf.F  > r1f2kf.f90
ftn -c -real-size 32 -i4  -w -ftz -fno-alias -align all -FR -convert big_endian   r1f2kf.f90
rm -f -f mradbg.f90
/lib/cpp -P -DEM_CORE=1 -DNMM_CORE=0 -DNMM_MAX_DIM=2600 -DCOAMPS_CORE=0 -DDA_CORE=0 -DEXP_CORE=0 -DIWORDSIZE=4 -DDWORDSIZE=8 -DRWORDSIZE=4 -DLWORDSIZE=4 -DNONSTANDARD_SYSTEM_FUNC  -DWRF_USE_CLM -DUSE_NETCDF4_FEATURES -DWRFIO_NCD_LARGE_FILE_SUPPORT  -DDM_PARALLEL -DNETCDF -DHDF5 -DUSE_ALLOCATABLES -DGRIB1 -DINTIO -DKEEP_INT_AROUND -DLIMIT_ARGS -DCONFIG_BUF_LEN=65536 -DMAX_DOMAINS_F=21 -DMAX_HISTORY=25 -DNMM_NEST=0  -I. -traditional -DUSE_NETCDF4_FEATURES -DWRFIO_NCD_LARGE_FILE_SUPPORT  r8_factor.F  > r8_factor.f90
ftn -c -real-size 32 -i4  -w -ftz -fno-alias -align all -FR -convert big_endian   r8_factor.f90
rm -f -f r1f2kf.f90
/lib/cpp -P -DEM_CORE=1 -DNMM_CORE=0 -DNMM_MAX_DIM=2600 -DCOAMPS_CORE=0 -DDA_CORE=0 -DEXP_CORE=0 -DIWORDSIZE=4 -DDWORDSIZE=8 -DRWORDSIZE=4 -DLWORDSIZE=4 -DNONSTANDARD_SYSTEM_FUNC  -DWRF_USE_CLM -DUSE_NETCDF4_FEATURES -DWRFIO_NCD_LARGE_FILE_SUPPORT  -DDM_PARALLEL -DNETCDF -DHDF5 -DUSE_ALLOCATABLES -DGRIB1 -DINTIO -DKEEP_INT_AROUND -DLIMIT_ARGS -DCONFIG_BUF_LEN=65536 -DMAX_DOMAINS_F=21 -DMAX_HISTORY=25 -DNMM_NEST=0  -I. -traditional -DUSE_NETCDF4_FEATURES -DWRFIO_NCD_LARGE_FILE_SUPPORT  rfftmb.F  > rfftmb.f90
ftn -c -real-size 32 -i4  -w -ftz -fno-alias -align all -FR -convert big_endian   rfftmb.f90
rm -f -f r8_factor.f90
/lib/cpp -P -DEM_CORE=1 -DNMM_CORE=0 -DNMM_MAX_DIM=2600 -DCOAMPS_CORE=0 -DDA_CORE=0 -DEXP_CORE=0 -DIWORDSIZE=4 -DDWORDSIZE=8 -DRWORDSIZE=4 -DLWORDSIZE=4 -DNONSTANDARD_SYSTEM_FUNC  -DWRF_USE_CLM -DUSE_NETCDF4_FEATURES -DWRFIO_NCD_LARGE_FILE_SUPPORT  -DDM_PARALLEL -DNETCDF -DHDF5 -DUSE_ALLOCATABLES -DGRIB1 -DINTIO -DKEEP_INT_AROUND -DLIMIT_ARGS -DCONFIG_BUF_LEN=65536 -DMAX_DOMAINS_F=21 -DMAX_HISTORY=25 -DNMM_NEST=0  -I. -traditional -DUSE_NETCDF4_FEATURES -DWRFIO_NCD_LARGE_FILE_SUPPORT  sintb1.F  > sintb1.f90
ftn -c -real-size 32 -i4  -w -ftz -fno-alias -align all -FR -convert big_endian   sintb1.f90
rm -f -f rfftmb.f90
/lib/cpp -P -DEM_CORE=1 -DNMM_CORE=0 -DNMM_MAX_DIM=2600 -DCOAMPS_CORE=0 -DDA_CORE=0 -DEXP_CORE=0 -DIWORDSIZE=4 -DDWORDSIZE=8 -DRWORDSIZE=4 -DLWORDSIZE=4 -DNONSTANDARD_SYSTEM_FUNC  -DWRF_USE_CLM -DUSE_NETCDF4_FEATURES -DWRFIO_NCD_LARGE_FILE_SUPPORT  -DDM_PARALLEL -DNETCDF -DHDF5 -DUSE_ALLOCATABLES -DGRIB1 -DINTIO -DKEEP_INT_AROUND -DLIMIT_ARGS -DCONFIG_BUF_LEN=65536 -DMAX_DOMAINS_F=21 -DMAX_HISTORY=25 -DNMM_NEST=0  -I. -traditional -DUSE_NETCDF4_FEATURES -DWRFIO_NCD_LARGE_FILE_SUPPORT  z1f4kf.F  > z1f4kf.f90
ftn -c -real-size 32 -i4  -w -ftz -fno-alias -align all -FR -convert big_endian   z1f4kf.f90
rm -f -f sintb1.f90
/lib/cpp -P -DEM_CORE=1 -DNMM_CORE=0 -DNMM_MAX_DIM=2600 -DCOAMPS_CORE=0 -DDA_CORE=0 -DEXP_CORE=0 -DIWORDSIZE=4 -DDWORDSIZE=8 -DRWORDSIZE=4 -DLWORDSIZE=4 -DNONSTANDARD_SYSTEM_FUNC  -DWRF_USE_CLM -DUSE_NETCDF4_FEATURES -DWRFIO_NCD_LARGE_FILE_SUPPORT  -DDM_PARALLEL -DNETCDF -DHDF5 -DUSE_ALLOCATABLES -DGRIB1 -DINTIO -DKEEP_INT_AROUND -DLIMIT_ARGS -DCONFIG_BUF_LEN=65536 -DMAX_DOMAINS_F=21 -DMAX_HISTORY=25 -DNMM_NEST=0  -I. -traditional -DUSE_NETCDF4_FEATURES -DWRFIO_NCD_LARGE_FILE_SUPPORT  zfft2i.F  > zfft2i.f90
ftn -c -real-size 32 -i4  -w -ftz -fno-alias -align all -FR -convert big_endian   zfft2i.f90
rm -f -f z1f4kf.f90
/lib/cpp -P -DEM_CORE=1 -DNMM_CORE=0 -DNMM_MAX_DIM=2600 -DCOAMPS_CORE=0 -DDA_CORE=0 -DEXP_CORE=0 -DIWORDSIZE=4 -DDWORDSIZE=8 -DRWORDSIZE=4 -DLWORDSIZE=4 -DNONSTANDARD_SYSTEM_FUNC  -DWRF_USE_CLM -DUSE_NETCDF4_FEATURES -DWRFIO_NCD_LARGE_FILE_SUPPORT  -DDM_PARALLEL -DNETCDF -DHDF5 -DUSE_ALLOCATABLES -DGRIB1 -DINTIO -DKEEP_INT_AROUND -DLIMIT_ARGS -DCONFIG_BUF_LEN=65536 -DMAX_DOMAINS_F=21 -DMAX_HISTORY=25 -DNMM_NEST=0  -I. -traditional -DUSE_NETCDF4_FEATURES -DWRFIO_NCD_LARGE_FILE_SUPPORT  zmfgkb.F  > zmfgkb.f90
ftn -c -real-size 32 -i4  -w -ftz -fno-alias -align all -FR -convert big_endian   zmfgkb.f90
rm -f -f zfft2i.f90
/lib/cpp -P -DEM_CORE=1 -DNMM_CORE=0 -DNMM_MAX_DIM=2600 -DCOAMPS_CORE=0 -DDA_CORE=0 -DEXP_CORE=0 -DIWORDSIZE=4 -DDWORDSIZE=8 -DRWORDSIZE=4 -DLWORDSIZE=4 -DNONSTANDARD_SYSTEM_FUNC  -DWRF_USE_CLM -DUSE_NETCDF4_FEATURES -DWRFIO_NCD_LARGE_FILE_SUPPORT  -DDM_PARALLEL -DNETCDF -DHDF5 -DUSE_ALLOCATABLES -DGRIB1 -DINTIO -DKEEP_INT_AROUND -DLIMIT_ARGS -DCONFIG_BUF_LEN=65536 -DMAX_DOMAINS_F=21 -DMAX_HISTORY=25 -DNMM_NEST=0  -I. -traditional -DUSE_NETCDF4_FEATURES -DWRFIO_NCD_LARGE_FILE_SUPPORT  c1f4kf.F  > c1f4kf.f90
ftn -c -real-size 32 -i4  -w -ftz -fno-alias -align all -FR -convert big_endian   c1f4kf.f90
rm -f -f zmfgkb.f90
/lib/cpp -P -DEM_CORE=1 -DNMM_CORE=0 -DNMM_MAX_DIM=2600 -DCOAMPS_CORE=0 -DDA_CORE=0 -DEXP_CORE=0 -DIWORDSIZE=4 -DDWORDSIZE=8 -DRWORDSIZE=4 -DLWORDSIZE=4 -DNONSTANDARD_SYSTEM_FUNC  -DWRF_USE_CLM -DUSE_NETCDF4_FEATURES -DWRFIO_NCD_LARGE_FILE_SUPPORT  -DDM_PARALLEL -DNETCDF -DHDF5 -DUSE_ALLOCATABLES -DGRIB1 -DINTIO -DKEEP_INT_AROUND -DLIMIT_ARGS -DCONFIG_BUF_LEN=65536 -DMAX_DOMAINS_F=21 -DMAX_HISTORY=25 -DNMM_NEST=0  -I. -traditional -DUSE_NETCDF4_FEATURES -DWRFIO_NCD_LARGE_FILE_SUPPORT  cfft2i.F  > cfft2i.f90
ftn -c -real-size 32 -i4  -w -ftz -fno-alias -align all -FR -convert big_endian   cfft2i.f90
rm -f -f c1f4kf.f90
/lib/cpp -P -DEM_CORE=1 -DNMM_CORE=0 -DNMM_MAX_DIM=2600 -DCOAMPS_CORE=0 -DDA_CORE=0 -DEXP_CORE=0 -DIWORDSIZE=4 -DDWORDSIZE=8 -DRWORDSIZE=4 -DLWORDSIZE=4 -DNONSTANDARD_SYSTEM_FUNC  -DWRF_USE_CLM -DUSE_NETCDF4_FEATURES -DWRFIO_NCD_LARGE_FILE_SUPPORT  -DDM_PARALLEL -DNETCDF -DHDF5 -DUSE_ALLOCATABLES -DGRIB1 -DINTIO -DKEEP_INT_AROUND -DLIMIT_ARGS -DCONFIG_BUF_LEN=65536 -DMAX_DOMAINS_F=21 -DMAX_HISTORY=25 -DNMM_NEST=0  -I. -traditional -DUSE_NETCDF4_FEATURES -DWRFIO_NCD_LARGE_FILE_SUPPORT  cmfgkb.F  > cmfgkb.f90
ftn -c -real-size 32 -i4  -w -ftz -fno-alias -align all -FR -convert big_endian   cmfgkb.f90
rm -f -f cfft2i.f90
/lib/cpp -P -DEM_CORE=1 -DNMM_CORE=0 -DNMM_MAX_DIM=2600 -DCOAMPS_CORE=0 -DDA_CORE=0 -DEXP_CORE=0 -DIWORDSIZE=4 -DDWORDSIZE=8 -DRWORDSIZE=4 -DLWORDSIZE=4 -DNONSTANDARD_SYSTEM_FUNC  -DWRF_USE_CLM -DUSE_NETCDF4_FEATURES -DWRFIO_NCD_LARGE_FILE_SUPPORT  -DDM_PARALLEL -DNETCDF -DHDF5 -DUSE_ALLOCATABLES -DGRIB1 -DINTIO -DKEEP_INT_AROUND -DLIMIT_ARGS -DCONFIG_BUF_LEN=65536 -DMAX_DOMAINS_F=21 -DMAX_HISTORY=25 -DNMM_NEST=0  -I. -traditional -DUSE_NETCDF4_FEATURES -DWRFIO_NCD_LARGE_FILE_SUPPORT  cost1b.F  > cost1b.f90
ftn -c -real-size 32 -i4  -w -ftz -fno-alias -align all -FR -convert big_endian   cost1b.f90
rm -f -f cmfgkb.f90
/lib/cpp -P -DEM_CORE=1 -DNMM_CORE=0 -DNMM_MAX_DIM=2600 -DCOAMPS_CORE=0 -DDA_CORE=0 -DEXP_CORE=0 -DIWORDSIZE=4 -DDWORDSIZE=8 -DRWORDSIZE=4 -DLWORDSIZE=4 -DNONSTANDARD_SYSTEM_FUNC  -DWRF_USE_CLM -DUSE_NETCDF4_FEATURES -DWRFIO_NCD_LARGE_FILE_SUPPORT  -DDM_PARALLEL -DNETCDF -DHDF5 -DUSE_ALLOCATABLES -DGRIB1 -DINTIO -DKEEP_INT_AROUND -DLIMIT_ARGS -DCONFIG_BUF_LEN=65536 -DMAX_DOMAINS_F=21 -DMAX_HISTORY=25 -DNMM_NEST=0  -I. -traditional -DUSE_NETCDF4_FEATURES -DWRFIO_NCD_LARGE_FILE_SUPPORT  d1f4kb.F  > d1f4kb.f90
ftn -c -real-size 32 -i4  -w -ftz -fno-alias -align all -FR -convert big_endian   d1f4kb.f90
rm -f -f cost1b.f90
/lib/cpp -P -DEM_CORE=1 -DNMM_CORE=0 -DNMM_MAX_DIM=2600 -DCOAMPS_CORE=0 -DDA_CORE=0 -DEXP_CORE=0 -DIWORDSIZE=4 -DDWORDSIZE=8 -DRWORDSIZE=4 -DLWORDSIZE=4 -DNONSTANDARD_SYSTEM_FUNC  -DWRF_USE_CLM -DUSE_NETCDF4_FEATURES -DWRFIO_NCD_LARGE_FILE_SUPPORT  -DDM_PARALLEL -DNETCDF -DHDF5 -DUSE_ALLOCATABLES -DGRIB1 -DINTIO -DKEEP_INT_AROUND -DLIMIT_ARGS -DCONFIG_BUF_LEN=65536 -DMAX_DOMAINS_F=21 -DMAX_HISTORY=25 -DNMM_NEST=0  -I. -traditional -DUSE_NETCDF4_FEATURES -DWRFIO_NCD_LARGE_FILE_SUPPORT  dcost1f.F  > dcost1f.f90
ftn -c -real-size 32 -i4  -w -ftz -fno-alias -align all -FR -convert big_endian   dcost1f.f90
rm -f -f dcost1f.f90
rm -f -f d1f4kb.f90
/lib/cpp -P -DEM_CORE=1 -DNMM_CORE=0 -DNMM_MAX_DIM=2600 -DCOAMPS_CORE=0 -DDA_CORE=0 -DEXP_CORE=0 -DIWORDSIZE=4 -DDWORDSIZE=8 -DRWORDSIZE=4 -DLWORDSIZE=4 -DNONSTANDARD_SYSTEM_FUNC  -DWRF_USE_CLM -DUSE_NETCDF4_FEATURES -DWRFIO_NCD_LARGE_FILE_SUPPORT  -DDM_PARALLEL -DNETCDF -DHDF5 -DUSE_ALLOCATABLES -DGRIB1 -DINTIO -DKEEP_INT_AROUND -DLIMIT_ARGS -DCONFIG_BUF_LEN=65536 -DMAX_DOMAINS_F=21 -DMAX_HISTORY=25 -DNMM_NEST=0  -I. -traditional -DUSE_NETCDF4_FEATURES -DWRFIO_NCD_LARGE_FILE_SUPPORT  dsint1i.F  > dsint1i.f90
/lib/cpp -P -DEM_CORE=1 -DNMM_CORE=0 -DNMM_MAX_DIM=2600 -DCOAMPS_CORE=0 -DDA_CORE=0 -DEXP_CORE=0 -DIWORDSIZE=4 -DDWORDSIZE=8 -DRWORDSIZE=4 -DLWORDSIZE=4 -DNONSTANDARD_SYSTEM_FUNC  -DWRF_USE_CLM -DUSE_NETCDF4_FEATURES -DWRFIO_NCD_LARGE_FILE_SUPPORT  -DDM_PARALLEL -DNETCDF -DHDF5 -DUSE_ALLOCATABLES -DGRIB1 -DINTIO -DKEEP_INT_AROUND -DLIMIT_ARGS -DCONFIG_BUF_LEN=65536 -DMAX_DOMAINS_F=21 -DMAX_HISTORY=25 -DNMM_NEST=0  -I. -traditional -DUSE_NETCDF4_FEATURES -DWRFIO_NCD_LARGE_FILE_SUPPORT  mradf2.F  > mradf2.f90
ftn -c -real-size 32 -i4  -w -ftz -fno-alias -align all -FR -convert big_endian   mradf2.f90
ftn -c -real-size 32 -i4  -w -ftz -fno-alias -align all -FR -convert big_endian   dsint1i.f90
rm -f -f dsint1i.f90
/lib/cpp -P -DEM_CORE=1 -DNMM_CORE=0 -DNMM_MAX_DIM=2600 -DCOAMPS_CORE=0 -DDA_CORE=0 -DEXP_CORE=0 -DIWORDSIZE=4 -DDWORDSIZE=8 -DRWORDSIZE=4 -DLWORDSIZE=4 -DNONSTANDARD_SYSTEM_FUNC  -DWRF_USE_CLM -DUSE_NETCDF4_FEATURES -DWRFIO_NCD_LARGE_FILE_SUPPORT  -DDM_PARALLEL -DNETCDF -DHDF5 -DUSE_ALLOCATABLES -DGRIB1 -DINTIO -DKEEP_INT_AROUND -DLIMIT_ARGS -DCONFIG_BUF_LEN=65536 -DMAX_DOMAINS_F=21 -DMAX_HISTORY=25 -DNMM_NEST=0  -I. -traditional -DUSE_NETCDF4_FEATURES -DWRFIO_NCD_LARGE_FILE_SUPPORT  r1f3kb.F  > r1f3kb.f90
rm -f -f mradf2.f90
ftn -c -real-size 32 -i4  -w -ftz -fno-alias -align all -FR -convert big_endian   r1f3kb.f90
/lib/cpp -P -DEM_CORE=1 -DNMM_CORE=0 -DNMM_MAX_DIM=2600 -DCOAMPS_CORE=0 -DDA_CORE=0 -DEXP_CORE=0 -DIWORDSIZE=4 -DDWORDSIZE=8 -DRWORDSIZE=4 -DLWORDSIZE=4 -DNONSTANDARD_SYSTEM_FUNC  -DWRF_USE_CLM -DUSE_NETCDF4_FEATURES -DWRFIO_NCD_LARGE_FILE_SUPPORT  -DDM_PARALLEL -DNETCDF -DHDF5 -DUSE_ALLOCATABLES -DGRIB1 -DINTIO -DKEEP_INT_AROUND -DLIMIT_ARGS -DCONFIG_BUF_LEN=65536 -DMAX_DOMAINS_F=21 -DMAX_HISTORY=25 -DNMM_NEST=0  -I. -traditional -DUSE_NETCDF4_FEATURES -DWRFIO_NCD_LARGE_FILE_SUPPORT  r8_mcfti1.F  > r8_mcfti1.f90
ftn -c -real-size 32 -i4  -w -ftz -fno-alias -align all -FR -convert big_endian   r8_mcfti1.f90
rm -f -f r8_mcfti1.f90
/lib/cpp -P -DEM_CORE=1 -DNMM_CORE=0 -DNMM_MAX_DIM=2600 -DCOAMPS_CORE=0 -DDA_CORE=0 -DEXP_CORE=0 -DIWORDSIZE=4 -DDWORDSIZE=8 -DRWORDSIZE=4 -DLWORDSIZE=4 -DNONSTANDARD_SYSTEM_FUNC  -DWRF_USE_CLM -DUSE_NETCDF4_FEATURES -DWRFIO_NCD_LARGE_FILE_SUPPORT  -DDM_PARALLEL -DNETCDF -DHDF5 -DUSE_ALLOCATABLES -DGRIB1 -DINTIO -DKEEP_INT_AROUND -DLIMIT_ARGS -DCONFIG_BUF_LEN=65536 -DMAX_DOMAINS_F=21 -DMAX_HISTORY=25 -DNMM_NEST=0  -I. -traditional -DUSE_NETCDF4_FEATURES -DWRFIO_NCD_LARGE_FILE_SUPPORT  rfftmf.F  > rfftmf.f90
ftn -c -real-size 32 -i4  -w -ftz -fno-alias -align all -FR -convert big_endian   rfftmf.f90
rm -f -f r1f3kb.f90
/lib/cpp -P -DEM_CORE=1 -DNMM_CORE=0 -DNMM_MAX_DIM=2600 -DCOAMPS_CORE=0 -DDA_CORE=0 -DEXP_CORE=0 -DIWORDSIZE=4 -DDWORDSIZE=8 -DRWORDSIZE=4 -DLWORDSIZE=4 -DNONSTANDARD_SYSTEM_FUNC  -DWRF_USE_CLM -DUSE_NETCDF4_FEATURES -DWRFIO_NCD_LARGE_FILE_SUPPORT  -DDM_PARALLEL -DNETCDF -DHDF5 -DUSE_ALLOCATABLES -DGRIB1 -DINTIO -DKEEP_INT_AROUND -DLIMIT_ARGS -DCONFIG_BUF_LEN=65536 -DMAX_DOMAINS_F=21 -DMAX_HISTORY=25 -DNMM_NEST=0  -I. -traditional -DUSE_NETCDF4_FEATURES -DWRFIO_NCD_LARGE_FILE_SUPPORT  sintf1.F  > sintf1.f90
ftn -c -real-size 32 -i4  -w -ftz -fno-alias -align all -FR -convert big_endian   sintf1.f90
rm -f -f rfftmf.f90
/lib/cpp -P -DEM_CORE=1 -DNMM_CORE=0 -DNMM_MAX_DIM=2600 -DCOAMPS_CORE=0 -DDA_CORE=0 -DEXP_CORE=0 -DIWORDSIZE=4 -DDWORDSIZE=8 -DRWORDSIZE=4 -DLWORDSIZE=4 -DNONSTANDARD_SYSTEM_FUNC  -DWRF_USE_CLM -DUSE_NETCDF4_FEATURES -DWRFIO_NCD_LARGE_FILE_SUPPORT  -DDM_PARALLEL -DNETCDF -DHDF5 -DUSE_ALLOCATABLES -DGRIB1 -DINTIO -DKEEP_INT_AROUND -DLIMIT_ARGS -DCONFIG_BUF_LEN=65536 -DMAX_DOMAINS_F=21 -DMAX_HISTORY=25 -DNMM_NEST=0  -I. -traditional -DUSE_NETCDF4_FEATURES -DWRFIO_NCD_LARGE_FILE_SUPPORT  z1f5kb.F  > z1f5kb.f90
ftn -c -real-size 32 -i4  -w -ftz -fno-alias -align all -FR -convert big_endian   z1f5kb.f90
rm -f -f sintf1.f90
/lib/cpp -P -DEM_CORE=1 -DNMM_CORE=0 -DNMM_MAX_DIM=2600 -DCOAMPS_CORE=0 -DDA_CORE=0 -DEXP_CORE=0 -DIWORDSIZE=4 -DDWORDSIZE=8 -DRWORDSIZE=4 -DLWORDSIZE=4 -DNONSTANDARD_SYSTEM_FUNC  -DWRF_USE_CLM -DUSE_NETCDF4_FEATURES -DWRFIO_NCD_LARGE_FILE_SUPPORT  -DDM_PARALLEL -DNETCDF -DHDF5 -DUSE_ALLOCATABLES -DGRIB1 -DINTIO -DKEEP_INT_AROUND -DLIMIT_ARGS -DCONFIG_BUF_LEN=65536 -DMAX_DOMAINS_F=21 -DMAX_HISTORY=25 -DNMM_NEST=0  -I. -traditional -DUSE_NETCDF4_FEATURES -DWRFIO_NCD_LARGE_FILE_SUPPORT  zfftmb.F  > zfftmb.f90
ftn -c -real-size 32 -i4  -w -ftz -fno-alias -align all -FR -convert big_endian   zfftmb.f90
rm -f -f zfftmb.f90
/lib/cpp -P -DEM_CORE=1 -DNMM_CORE=0 -DNMM_MAX_DIM=2600 -DCOAMPS_CORE=0 -DDA_CORE=0 -DEXP_CORE=0 -DIWORDSIZE=4 -DDWORDSIZE=8 -DRWORDSIZE=4 -DLWORDSIZE=4 -DNONSTANDARD_SYSTEM_FUNC  -DWRF_USE_CLM -DUSE_NETCDF4_FEATURES -DWRFIO_NCD_LARGE_FILE_SUPPORT  -DDM_PARALLEL -DNETCDF -DHDF5 -DUSE_ALLOCATABLES -DGRIB1 -DINTIO -DKEEP_INT_AROUND -DLIMIT_ARGS -DCONFIG_BUF_LEN=65536 -DMAX_DOMAINS_F=21 -DMAX_HISTORY=25 -DNMM_NEST=0  -I. -traditional -DUSE_NETCDF4_FEATURES -DWRFIO_NCD_LARGE_FILE_SUPPORT  zmfgkf.F  > zmfgkf.f90
ftn -c -real-size 32 -i4  -w -ftz -fno-alias -align all -FR -convert big_endian   zmfgkf.f90
rm -f -f z1f5kb.f90
/lib/cpp -P -DEM_CORE=1 -DNMM_CORE=0 -DNMM_MAX_DIM=2600 -DCOAMPS_CORE=0 -DDA_CORE=0 -DEXP_CORE=0 -DIWORDSIZE=4 -DDWORDSIZE=8 -DRWORDSIZE=4 -DLWORDSIZE=4 -DNONSTANDARD_SYSTEM_FUNC  -DWRF_USE_CLM -DUSE_NETCDF4_FEATURES -DWRFIO_NCD_LARGE_FILE_SUPPORT  -DDM_PARALLEL -DNETCDF -DHDF5 -DUSE_ALLOCATABLES -DGRIB1 -DINTIO -DKEEP_INT_AROUND -DLIMIT_ARGS -DCONFIG_BUF_LEN=65536 -DMAX_DOMAINS_F=21 -DMAX_HISTORY=25 -DNMM_NEST=0  -I. -traditional -DUSE_NETCDF4_FEATURES -DWRFIO_NCD_LARGE_FILE_SUPPORT  c1f5kb.F  > c1f5kb.f90
ftn -c -real-size 32 -i4  -w -ftz -fno-alias -align all -FR -convert big_endian   c1f5kb.f90
rm -f -f zmfgkf.f90
/lib/cpp -P -DEM_CORE=1 -DNMM_CORE=0 -DNMM_MAX_DIM=2600 -DCOAMPS_CORE=0 -DDA_CORE=0 -DEXP_CORE=0 -DIWORDSIZE=4 -DDWORDSIZE=8 -DRWORDSIZE=4 -DLWORDSIZE=4 -DNONSTANDARD_SYSTEM_FUNC  -DWRF_USE_CLM -DUSE_NETCDF4_FEATURES -DWRFIO_NCD_LARGE_FILE_SUPPORT  -DDM_PARALLEL -DNETCDF -DHDF5 -DUSE_ALLOCATABLES -DGRIB1 -DINTIO -DKEEP_INT_AROUND -DLIMIT_ARGS -DCONFIG_BUF_LEN=65536 -DMAX_DOMAINS_F=21 -DMAX_HISTORY=25 -DNMM_NEST=0  -I. -traditional -DUSE_NETCDF4_FEATURES -DWRFIO_NCD_LARGE_FILE_SUPPORT  cfftmb.F  > cfftmb.f90
ftn -c -real-size 32 -i4  -w -ftz -fno-alias -align all -FR -convert big_endian   cfftmb.f90
rm -f -f c1f5kb.f90
/lib/cpp -P -DEM_CORE=1 -DNMM_CORE=0 -DNMM_MAX_DIM=2600 -DCOAMPS_CORE=0 -DDA_CORE=0 -DEXP_CORE=0 -DIWORDSIZE=4 -DDWORDSIZE=8 -DRWORDSIZE=4 -DLWORDSIZE=4 -DNONSTANDARD_SYSTEM_FUNC  -DWRF_USE_CLM -DUSE_NETCDF4_FEATURES -DWRFIO_NCD_LARGE_FILE_SUPPORT  -DDM_PARALLEL -DNETCDF -DHDF5 -DUSE_ALLOCATABLES -DGRIB1 -DINTIO -DKEEP_INT_AROUND -DLIMIT_ARGS -DCONFIG_BUF_LEN=65536 -DMAX_DOMAINS_F=21 -DMAX_HISTORY=25 -DNMM_NEST=0  -I. -traditional -DUSE_NETCDF4_FEATURES -DWRFIO_NCD_LARGE_FILE_SUPPORT  cmfgkf.F  > cmfgkf.f90
ftn -c -real-size 32 -i4  -w -ftz -fno-alias -align all -FR -convert big_endian   cmfgkf.f90
rm -f -f cfftmb.f90
/lib/cpp -P -DEM_CORE=1 -DNMM_CORE=0 -DNMM_MAX_DIM=2600 -DCOAMPS_CORE=0 -DDA_CORE=0 -DEXP_CORE=0 -DIWORDSIZE=4 -DDWORDSIZE=8 -DRWORDSIZE=4 -DLWORDSIZE=4 -DNONSTANDARD_SYSTEM_FUNC  -DWRF_USE_CLM -DUSE_NETCDF4_FEATURES -DWRFIO_NCD_LARGE_FILE_SUPPORT  -DDM_PARALLEL -DNETCDF -DHDF5 -DUSE_ALLOCATABLES -DGRIB1 -DINTIO -DKEEP_INT_AROUND -DLIMIT_ARGS -DCONFIG_BUF_LEN=65536 -DMAX_DOMAINS_F=21 -DMAX_HISTORY=25 -DNMM_NEST=0  -I. -traditional -DUSE_NETCDF4_FEATURES -DWRFIO_NCD_LARGE_FILE_SUPPORT  cost1f.F  > cost1f.f90
ftn -c -real-size 32 -i4  -w -ftz -fno-alias -align all -FR -convert big_endian   cost1f.f90
rm -f -f cmfgkf.f90
/lib/cpp -P -DEM_CORE=1 -DNMM_CORE=0 -DNMM_MAX_DIM=2600 -DCOAMPS_CORE=0 -DDA_CORE=0 -DEXP_CORE=0 -DIWORDSIZE=4 -DDWORDSIZE=8 -DRWORDSIZE=4 -DLWORDSIZE=4 -DNONSTANDARD_SYSTEM_FUNC  -DWRF_USE_CLM -DUSE_NETCDF4_FEATURES -DWRFIO_NCD_LARGE_FILE_SUPPORT  -DDM_PARALLEL -DNETCDF -DHDF5 -DUSE_ALLOCATABLES -DGRIB1 -DINTIO -DKEEP_INT_AROUND -DLIMIT_ARGS -DCONFIG_BUF_LEN=65536 -DMAX_DOMAINS_F=21 -DMAX_HISTORY=25 -DNMM_NEST=0  -I. -traditional -DUSE_NETCDF4_FEATURES -DWRFIO_NCD_LARGE_FILE_SUPPORT  d1f4kf.F  > d1f4kf.f90
ftn -c -real-size 32 -i4  -w -ftz -fno-alias -align all -FR -convert big_endian   d1f4kf.f90
rm -f -f cost1f.f90
/lib/cpp -P -DEM_CORE=1 -DNMM_CORE=0 -DNMM_MAX_DIM=2600 -DCOAMPS_CORE=0 -DDA_CORE=0 -DEXP_CORE=0 -DIWORDSIZE=4 -DDWORDSIZE=8 -DRWORDSIZE=4 -DLWORDSIZE=4 -DNONSTANDARD_SYSTEM_FUNC  -DWRF_USE_CLM -DUSE_NETCDF4_FEATURES -DWRFIO_NCD_LARGE_FILE_SUPPORT  -DDM_PARALLEL -DNETCDF -DHDF5 -DUSE_ALLOCATABLES -DGRIB1 -DINTIO -DKEEP_INT_AROUND -DLIMIT_ARGS -DCONFIG_BUF_LEN=65536 -DMAX_DOMAINS_F=21 -DMAX_HISTORY=25 -DNMM_NEST=0  -I. -traditional -DUSE_NETCDF4_FEATURES -DWRFIO_NCD_LARGE_FILE_SUPPORT  dcost1i.F  > dcost1i.f90
ftn -c -real-size 32 -i4  -w -ftz -fno-alias -align all -FR -convert big_endian   dcost1i.f90
rm -f -f d1f4kf.f90
/lib/cpp -P -DEM_CORE=1 -DNMM_CORE=0 -DNMM_MAX_DIM=2600 -DCOAMPS_CORE=0 -DDA_CORE=0 -DEXP_CORE=0 -DIWORDSIZE=4 -DDWORDSIZE=8 -DRWORDSIZE=4 -DLWORDSIZE=4 -DNONSTANDARD_SYSTEM_FUNC  -DWRF_USE_CLM -DUSE_NETCDF4_FEATURES -DWRFIO_NCD_LARGE_FILE_SUPPORT  -DDM_PARALLEL -DNETCDF -DHDF5 -DUSE_ALLOCATABLES -DGRIB1 -DINTIO -DKEEP_INT_AROUND -DLIMIT_ARGS -DCONFIG_BUF_LEN=65536 -DMAX_DOMAINS_F=21 -DMAX_HISTORY=25 -DNMM_NEST=0  -I. -traditional -DUSE_NETCDF4_FEATURES -DWRFIO_NCD_LARGE_FILE_SUPPORT  dsintb1.F  > dsintb1.f90
ftn -c -real-size 32 -i4  -w -ftz -fno-alias -align all -FR -convert big_endian   dsintb1.f90
rm -f -f dcost1i.f90
/lib/cpp -P -DEM_CORE=1 -DNMM_CORE=0 -DNMM_MAX_DIM=2600 -DCOAMPS_CORE=0 -DDA_CORE=0 -DEXP_CORE=0 -DIWORDSIZE=4 -DDWORDSIZE=8 -DRWORDSIZE=4 -DLWORDSIZE=4 -DNONSTANDARD_SYSTEM_FUNC  -DWRF_USE_CLM -DUSE_NETCDF4_FEATURES -DWRFIO_NCD_LARGE_FILE_SUPPORT  -DDM_PARALLEL -DNETCDF -DHDF5 -DUSE_ALLOCATABLES -DGRIB1 -DINTIO -DKEEP_INT_AROUND -DLIMIT_ARGS -DCONFIG_BUF_LEN=65536 -DMAX_DOMAINS_F=21 -DMAX_HISTORY=25 -DNMM_NEST=0  -I. -traditional -DUSE_NETCDF4_FEATURES -DWRFIO_NCD_LARGE_FILE_SUPPORT  mradf3.F  > mradf3.f90
ftn -c -real-size 32 -i4  -w -ftz -fno-alias -align all -FR -convert big_endian   mradf3.f90
rm -f -f dsintb1.f90
/lib/cpp -P -DEM_CORE=1 -DNMM_CORE=0 -DNMM_MAX_DIM=2600 -DCOAMPS_CORE=0 -DDA_CORE=0 -DEXP_CORE=0 -DIWORDSIZE=4 -DDWORDSIZE=8 -DRWORDSIZE=4 -DLWORDSIZE=4 -DNONSTANDARD_SYSTEM_FUNC  -DWRF_USE_CLM -DUSE_NETCDF4_FEATURES -DWRFIO_NCD_LARGE_FILE_SUPPORT  -DDM_PARALLEL -DNETCDF -DHDF5 -DUSE_ALLOCATABLES -DGRIB1 -DINTIO -DKEEP_INT_AROUND -DLIMIT_ARGS -DCONFIG_BUF_LEN=65536 -DMAX_DOMAINS_F=21 -DMAX_HISTORY=25 -DNMM_NEST=0  -I. -traditional -DUSE_NETCDF4_FEATURES -DWRFIO_NCD_LARGE_FILE_SUPPORT  r1f3kf.F  > r1f3kf.f90
ftn -c -real-size 32 -i4  -w -ftz -fno-alias -align all -FR -convert big_endian   r1f3kf.f90
rm -f -f mradf3.f90
/lib/cpp -P -DEM_CORE=1 -DNMM_CORE=0 -DNMM_MAX_DIM=2600 -DCOAMPS_CORE=0 -DDA_CORE=0 -DEXP_CORE=0 -DIWORDSIZE=4 -DDWORDSIZE=8 -DRWORDSIZE=4 -DLWORDSIZE=4 -DNONSTANDARD_SYSTEM_FUNC  -DWRF_USE_CLM -DUSE_NETCDF4_FEATURES -DWRFIO_NCD_LARGE_FILE_SUPPORT  -DDM_PARALLEL -DNETCDF -DHDF5 -DUSE_ALLOCATABLES -DGRIB1 -DINTIO -DKEEP_INT_AROUND -DLIMIT_ARGS -DCONFIG_BUF_LEN=65536 -DMAX_DOMAINS_F=21 -DMAX_HISTORY=25 -DNMM_NEST=0  -I. -traditional -DUSE_NETCDF4_FEATURES -DWRFIO_NCD_LARGE_FILE_SUPPORT  r8_tables.F  > r8_tables.f90
ftn -c -real-size 32 -i4  -w -ftz -fno-alias -align all -FR -convert big_endian   r8_tables.f90
rm -f -f r8_tables.f90
/lib/cpp -P -DEM_CORE=1 -DNMM_CORE=0 -DNMM_MAX_DIM=2600 -DCOAMPS_CORE=0 -DDA_CORE=0 -DEXP_CORE=0 -DIWORDSIZE=4 -DDWORDSIZE=8 -DRWORDSIZE=4 -DLWORDSIZE=4 -DNONSTANDARD_SYSTEM_FUNC  -DWRF_USE_CLM -DUSE_NETCDF4_FEATURES -DWRFIO_NCD_LARGE_FILE_SUPPORT  -DDM_PARALLEL -DNETCDF -DHDF5 -DUSE_ALLOCATABLES -DGRIB1 -DINTIO -DKEEP_INT_AROUND -DLIMIT_ARGS -DCONFIG_BUF_LEN=65536 -DMAX_DOMAINS_F=21 -DMAX_HISTORY=25 -DNMM_NEST=0  -I. -traditional -DUSE_NETCDF4_FEATURES -DWRFIO_NCD_LARGE_FILE_SUPPORT  rfftmi.F  > rfftmi.f90
ftn -c -real-size 32 -i4  -w -ftz -fno-alias -align all -FR -convert big_endian   rfftmi.f90
rm -f -f r1f3kf.f90
/lib/cpp -P -DEM_CORE=1 -DNMM_CORE=0 -DNMM_MAX_DIM=2600 -DCOAMPS_CORE=0 -DDA_CORE=0 -DEXP_CORE=0 -DIWORDSIZE=4 -DDWORDSIZE=8 -DRWORDSIZE=4 -DLWORDSIZE=4 -DNONSTANDARD_SYSTEM_FUNC  -DWRF_USE_CLM -DUSE_NETCDF4_FEATURES -DWRFIO_NCD_LARGE_FILE_SUPPORT  -DDM_PARALLEL -DNETCDF -DHDF5 -DUSE_ALLOCATABLES -DGRIB1 -DINTIO -DKEEP_INT_AROUND -DLIMIT_ARGS -DCONFIG_BUF_LEN=65536 -DMAX_DOMAINS_F=21 -DMAX_HISTORY=25 -DNMM_NEST=0  -I. -traditional -DUSE_NETCDF4_FEATURES -DWRFIO_NCD_LARGE_FILE_SUPPORT  sintmb.F  > sintmb.f90
ftn -c -real-size 32 -i4  -w -ftz -fno-alias -align all -FR -convert big_endian   sintmb.f90
rm -f -f rfftmi.f90
/lib/cpp -P -DEM_CORE=1 -DNMM_CORE=0 -DNMM_MAX_DIM=2600 -DCOAMPS_CORE=0 -DDA_CORE=0 -DEXP_CORE=0 -DIWORDSIZE=4 -DDWORDSIZE=8 -DRWORDSIZE=4 -DLWORDSIZE=4 -DNONSTANDARD_SYSTEM_FUNC  -DWRF_USE_CLM -DUSE_NETCDF4_FEATURES -DWRFIO_NCD_LARGE_FILE_SUPPORT  -DDM_PARALLEL -DNETCDF -DHDF5 -DUSE_ALLOCATABLES -DGRIB1 -DINTIO -DKEEP_INT_AROUND -DLIMIT_ARGS -DCONFIG_BUF_LEN=65536 -DMAX_DOMAINS_F=21 -DMAX_HISTORY=25 -DNMM_NEST=0  -I. -traditional -DUSE_NETCDF4_FEATURES -DWRFIO_NCD_LARGE_FILE_SUPPORT  z1f5kf.F  > z1f5kf.f90
ftn -c -real-size 32 -i4  -w -ftz -fno-alias -align all -FR -convert big_endian   z1f5kf.f90
rm -f -f sintmb.f90
/lib/cpp -P -DEM_CORE=1 -DNMM_CORE=0 -DNMM_MAX_DIM=2600 -DCOAMPS_CORE=0 -DDA_CORE=0 -DEXP_CORE=0 -DIWORDSIZE=4 -DDWORDSIZE=8 -DRWORDSIZE=4 -DLWORDSIZE=4 -DNONSTANDARD_SYSTEM_FUNC  -DWRF_USE_CLM -DUSE_NETCDF4_FEATURES -DWRFIO_NCD_LARGE_FILE_SUPPORT  -DDM_PARALLEL -DNETCDF -DHDF5 -DUSE_ALLOCATABLES -DGRIB1 -DINTIO -DKEEP_INT_AROUND -DLIMIT_ARGS -DCONFIG_BUF_LEN=65536 -DMAX_DOMAINS_F=21 -DMAX_HISTORY=25 -DNMM_NEST=0  -I. -traditional -DUSE_NETCDF4_FEATURES -DWRFIO_NCD_LARGE_FILE_SUPPORT  zfftmf.F  > zfftmf.f90
ftn -c -real-size 32 -i4  -w -ftz -fno-alias -align all -FR -convert big_endian   zfftmf.f90
rm -f -f zfftmf.f90
/lib/cpp -P -DEM_CORE=1 -DNMM_CORE=0 -DNMM_MAX_DIM=2600 -DCOAMPS_CORE=0 -DDA_CORE=0 -DEXP_CORE=0 -DIWORDSIZE=4 -DDWORDSIZE=8 -DRWORDSIZE=4 -DLWORDSIZE=4 -DNONSTANDARD_SYSTEM_FUNC  -DWRF_USE_CLM -DUSE_NETCDF4_FEATURES -DWRFIO_NCD_LARGE_FILE_SUPPORT  -DDM_PARALLEL -DNETCDF -DHDF5 -DUSE_ALLOCATABLES -DGRIB1 -DINTIO -DKEEP_INT_AROUND -DLIMIT_ARGS -DCONFIG_BUF_LEN=65536 -DMAX_DOMAINS_F=21 -DMAX_HISTORY=25 -DNMM_NEST=0  -I. -traditional -DUSE_NETCDF4_FEATURES -DWRFIO_NCD_LARGE_FILE_SUPPORT  zmfm1b.F  > zmfm1b.f90
ftn -c -real-size 32 -i4  -w -ftz -fno-alias -align all -FR -convert big_endian   zmfm1b.f90
rm -f -f z1f5kf.f90
/lib/cpp -P -DEM_CORE=1 -DNMM_CORE=0 -DNMM_MAX_DIM=2600 -DCOAMPS_CORE=0 -DDA_CORE=0 -DEXP_CORE=0 -DIWORDSIZE=4 -DDWORDSIZE=8 -DRWORDSIZE=4 -DLWORDSIZE=4 -DNONSTANDARD_SYSTEM_FUNC  -DWRF_USE_CLM -DUSE_NETCDF4_FEATURES -DWRFIO_NCD_LARGE_FILE_SUPPORT  -DDM_PARALLEL -DNETCDF -DHDF5 -DUSE_ALLOCATABLES -DGRIB1 -DINTIO -DKEEP_INT_AROUND -DLIMIT_ARGS -DCONFIG_BUF_LEN=65536 -DMAX_DOMAINS_F=21 -DMAX_HISTORY=25 -DNMM_NEST=0  -I. -traditional -DUSE_NETCDF4_FEATURES -DWRFIO_NCD_LARGE_FILE_SUPPORT  c1f5kf.F  > c1f5kf.f90
ftn -c -real-size 32 -i4  -w -ftz -fno-alias -align all -FR -convert big_endian   c1f5kf.f90
rm -f -f zmfm1b.f90
/lib/cpp -P -DEM_CORE=1 -DNMM_CORE=0 -DNMM_MAX_DIM=2600 -DCOAMPS_CORE=0 -DDA_CORE=0 -DEXP_CORE=0 -DIWORDSIZE=4 -DDWORDSIZE=8 -DRWORDSIZE=4 -DLWORDSIZE=4 -DNONSTANDARD_SYSTEM_FUNC  -DWRF_USE_CLM -DUSE_NETCDF4_FEATURES -DWRFIO_NCD_LARGE_FILE_SUPPORT  -DDM_PARALLEL -DNETCDF -DHDF5 -DUSE_ALLOCATABLES -DGRIB1 -DINTIO -DKEEP_INT_AROUND -DLIMIT_ARGS -DCONFIG_BUF_LEN=65536 -DMAX_DOMAINS_F=21 -DMAX_HISTORY=25 -DNMM_NEST=0  -I. -traditional -DUSE_NETCDF4_FEATURES -DWRFIO_NCD_LARGE_FILE_SUPPORT  cfftmf.F  > cfftmf.f90
ftn -c -real-size 32 -i4  -w -ftz -fno-alias -align all -FR -convert big_endian   cfftmf.f90
rm -f -f c1f5kf.f90
rm -f -f cfftmf.f90
/lib/cpp -P -DEM_CORE=1 -DNMM_CORE=0 -DNMM_MAX_DIM=2600 -DCOAMPS_CORE=0 -DDA_CORE=0 -DEXP_CORE=0 -DIWORDSIZE=4 -DDWORDSIZE=8 -DRWORDSIZE=4 -DLWORDSIZE=4 -DNONSTANDARD_SYSTEM_FUNC  -DWRF_USE_CLM -DUSE_NETCDF4_FEATURES -DWRFIO_NCD_LARGE_FILE_SUPPORT  -DDM_PARALLEL -DNETCDF -DHDF5 -DUSE_ALLOCATABLES -DGRIB1 -DINTIO -DKEEP_INT_AROUND -DLIMIT_ARGS -DCONFIG_BUF_LEN=65536 -DMAX_DOMAINS_F=21 -DMAX_HISTORY=25 -DNMM_NEST=0  -I. -traditional -DUSE_NETCDF4_FEATURES -DWRFIO_NCD_LARGE_FILE_SUPPORT  cmfm1b.F  > cmfm1b.f90
/lib/cpp -P -DEM_CORE=1 -DNMM_CORE=0 -DNMM_MAX_DIM=2600 -DCOAMPS_CORE=0 -DDA_CORE=0 -DEXP_CORE=0 -DIWORDSIZE=4 -DDWORDSIZE=8 -DRWORDSIZE=4 -DLWORDSIZE=4 -DNONSTANDARD_SYSTEM_FUNC  -DWRF_USE_CLM -DUSE_NETCDF4_FEATURES -DWRFIO_NCD_LARGE_FILE_SUPPORT  -DDM_PARALLEL -DNETCDF -DHDF5 -DUSE_ALLOCATABLES -DGRIB1 -DINTIO -DKEEP_INT_AROUND -DLIMIT_ARGS -DCONFIG_BUF_LEN=65536 -DMAX_DOMAINS_F=21 -DMAX_HISTORY=25 -DNMM_NEST=0  -I. -traditional -DUSE_NETCDF4_FEATURES -DWRFIO_NCD_LARGE_FILE_SUPPORT  cost1i.F  > cost1i.f90
ftn -c -real-size 32 -i4  -w -ftz -fno-alias -align all -FR -convert big_endian   cost1i.f90
ftn -c -real-size 32 -i4  -w -ftz -fno-alias -align all -FR -convert big_endian   cmfm1b.f90
rm -f -f cost1i.f90
/lib/cpp -P -DEM_CORE=1 -DNMM_CORE=0 -DNMM_MAX_DIM=2600 -DCOAMPS_CORE=0 -DDA_CORE=0 -DEXP_CORE=0 -DIWORDSIZE=4 -DDWORDSIZE=8 -DRWORDSIZE=4 -DLWORDSIZE=4 -DNONSTANDARD_SYSTEM_FUNC  -DWRF_USE_CLM -DUSE_NETCDF4_FEATURES -DWRFIO_NCD_LARGE_FILE_SUPPORT  -DDM_PARALLEL -DNETCDF -DHDF5 -DUSE_ALLOCATABLES -DGRIB1 -DINTIO -DKEEP_INT_AROUND -DLIMIT_ARGS -DCONFIG_BUF_LEN=65536 -DMAX_DOMAINS_F=21 -DMAX_HISTORY=25 -DNMM_NEST=0  -I. -traditional -DUSE_NETCDF4_FEATURES -DWRFIO_NCD_LARGE_FILE_SUPPORT  d1f5kb.F  > d1f5kb.f90
rm -f -f cmfm1b.f90
/lib/cpp -P -DEM_CORE=1 -DNMM_CORE=0 -DNMM_MAX_DIM=2600 -DCOAMPS_CORE=0 -DDA_CORE=0 -DEXP_CORE=0 -DIWORDSIZE=4 -DDWORDSIZE=8 -DRWORDSIZE=4 -DLWORDSIZE=4 -DNONSTANDARD_SYSTEM_FUNC  -DWRF_USE_CLM -DUSE_NETCDF4_FEATURES -DWRFIO_NCD_LARGE_FILE_SUPPORT  -DDM_PARALLEL -DNETCDF -DHDF5 -DUSE_ALLOCATABLES -DGRIB1 -DINTIO -DKEEP_INT_AROUND -DLIMIT_ARGS -DCONFIG_BUF_LEN=65536 -DMAX_DOMAINS_F=21 -DMAX_HISTORY=25 -DNMM_NEST=0  -I. -traditional -DUSE_NETCDF4_FEATURES -DWRFIO_NCD_LARGE_FILE_SUPPORT  dcostb1.F  > dcostb1.f90
ftn -c -real-size 32 -i4  -w -ftz -fno-alias -align all -FR -convert big_endian   d1f5kb.f90
ftn -c -real-size 32 -i4  -w -ftz -fno-alias -align all -FR -convert big_endian   dcostb1.f90
rm -f -f dcostb1.f90
/lib/cpp -P -DEM_CORE=1 -DNMM_CORE=0 -DNMM_MAX_DIM=2600 -DCOAMPS_CORE=0 -DDA_CORE=0 -DEXP_CORE=0 -DIWORDSIZE=4 -DDWORDSIZE=8 -DRWORDSIZE=4 -DLWORDSIZE=4 -DNONSTANDARD_SYSTEM_FUNC  -DWRF_USE_CLM -DUSE_NETCDF4_FEATURES -DWRFIO_NCD_LARGE_FILE_SUPPORT  -DDM_PARALLEL -DNETCDF -DHDF5 -DUSE_ALLOCATABLES -DGRIB1 -DINTIO -DKEEP_INT_AROUND -DLIMIT_ARGS -DCONFIG_BUF_LEN=65536 -DMAX_DOMAINS_F=21 -DMAX_HISTORY=25 -DNMM_NEST=0  -I. -traditional -DUSE_NETCDF4_FEATURES -DWRFIO_NCD_LARGE_FILE_SUPPORT  dsintf1.F  > dsintf1.f90
ftn -c -real-size 32 -i4  -w -ftz -fno-alias -align all -FR -convert big_endian   dsintf1.f90
rm -f -f d1f5kb.f90
/lib/cpp -P -DEM_CORE=1 -DNMM_CORE=0 -DNMM_MAX_DIM=2600 -DCOAMPS_CORE=0 -DDA_CORE=0 -DEXP_CORE=0 -DIWORDSIZE=4 -DDWORDSIZE=8 -DRWORDSIZE=4 -DLWORDSIZE=4 -DNONSTANDARD_SYSTEM_FUNC  -DWRF_USE_CLM -DUSE_NETCDF4_FEATURES -DWRFIO_NCD_LARGE_FILE_SUPPORT  -DDM_PARALLEL -DNETCDF -DHDF5 -DUSE_ALLOCATABLES -DGRIB1 -DINTIO -DKEEP_INT_AROUND -DLIMIT_ARGS -DCONFIG_BUF_LEN=65536 -DMAX_DOMAINS_F=21 -DMAX_HISTORY=25 -DNMM_NEST=0  -I. -traditional -DUSE_NETCDF4_FEATURES -DWRFIO_NCD_LARGE_FILE_SUPPORT  mradf4.F  > mradf4.f90
ftn -c -real-size 32 -i4  -w -ftz -fno-alias -align all -FR -convert big_endian   mradf4.f90
rm -f -f dsintf1.f90
/lib/cpp -P -DEM_CORE=1 -DNMM_CORE=0 -DNMM_MAX_DIM=2600 -DCOAMPS_CORE=0 -DDA_CORE=0 -DEXP_CORE=0 -DIWORDSIZE=4 -DDWORDSIZE=8 -DRWORDSIZE=4 -DLWORDSIZE=4 -DNONSTANDARD_SYSTEM_FUNC  -DWRF_USE_CLM -DUSE_NETCDF4_FEATURES -DWRFIO_NCD_LARGE_FILE_SUPPORT  -DDM_PARALLEL -DNETCDF -DHDF5 -DUSE_ALLOCATABLES -DGRIB1 -DINTIO -DKEEP_INT_AROUND -DLIMIT_ARGS -DCONFIG_BUF_LEN=65536 -DMAX_DOMAINS_F=21 -DMAX_HISTORY=25 -DNMM_NEST=0  -I. -traditional -DUSE_NETCDF4_FEATURES -DWRFIO_NCD_LARGE_FILE_SUPPORT  r1f4kb.F  > r1f4kb.f90
ftn -c -real-size 32 -i4  -w -ftz -fno-alias -align all -FR -convert big_endian   r1f4kb.f90
rm -f -f mradf4.f90
/lib/cpp -P -DEM_CORE=1 -DNMM_CORE=0 -DNMM_MAX_DIM=2600 -DCOAMPS_CORE=0 -DDA_CORE=0 -DEXP_CORE=0 -DIWORDSIZE=4 -DDWORDSIZE=8 -DRWORDSIZE=4 -DLWORDSIZE=4 -DNONSTANDARD_SYSTEM_FUNC  -DWRF_USE_CLM -DUSE_NETCDF4_FEATURES -DWRFIO_NCD_LARGE_FILE_SUPPORT  -DDM_PARALLEL -DNETCDF -DHDF5 -DUSE_ALLOCATABLES -DGRIB1 -DINTIO -DKEEP_INT_AROUND -DLIMIT_ARGS -DCONFIG_BUF_LEN=65536 -DMAX_DOMAINS_F=21 -DMAX_HISTORY=25 -DNMM_NEST=0  -I. -traditional -DUSE_NETCDF4_FEATURES -DWRFIO_NCD_LARGE_FILE_SUPPORT  rfft1b.F  > rfft1b.f90
ftn -c -real-size 32 -i4  -w -ftz -fno-alias -align all -FR -convert big_endian   rfft1b.f90
rm -f -f r1f4kb.f90
/lib/cpp -P -DEM_CORE=1 -DNMM_CORE=0 -DNMM_MAX_DIM=2600 -DCOAMPS_CORE=0 -DDA_CORE=0 -DEXP_CORE=0 -DIWORDSIZE=4 -DDWORDSIZE=8 -DRWORDSIZE=4 -DLWORDSIZE=4 -DNONSTANDARD_SYSTEM_FUNC  -DWRF_USE_CLM -DUSE_NETCDF4_FEATURES -DWRFIO_NCD_LARGE_FILE_SUPPORT  -DDM_PARALLEL -DNETCDF -DHDF5 -DUSE_ALLOCATABLES -DGRIB1 -DINTIO -DKEEP_INT_AROUND -DLIMIT_ARGS -DCONFIG_BUF_LEN=65536 -DMAX_DOMAINS_F=21 -DMAX_HISTORY=25 -DNMM_NEST=0  -I. -traditional -DUSE_NETCDF4_FEATURES -DWRFIO_NCD_LARGE_FILE_SUPPORT  sinq1b.F  > sinq1b.f90
ftn -c -real-size 32 -i4  -w -ftz -fno-alias -align all -FR -convert big_endian   sinq1b.f90
rm -f -f rfft1b.f90
/lib/cpp -P -DEM_CORE=1 -DNMM_CORE=0 -DNMM_MAX_DIM=2600 -DCOAMPS_CORE=0 -DDA_CORE=0 -DEXP_CORE=0 -DIWORDSIZE=4 -DDWORDSIZE=8 -DRWORDSIZE=4 -DLWORDSIZE=4 -DNONSTANDARD_SYSTEM_FUNC  -DWRF_USE_CLM -DUSE_NETCDF4_FEATURES -DWRFIO_NCD_LARGE_FILE_SUPPORT  -DDM_PARALLEL -DNETCDF -DHDF5 -DUSE_ALLOCATABLES -DGRIB1 -DINTIO -DKEEP_INT_AROUND -DLIMIT_ARGS -DCONFIG_BUF_LEN=65536 -DMAX_DOMAINS_F=21 -DMAX_HISTORY=25 -DNMM_NEST=0  -I. -traditional -DUSE_NETCDF4_FEATURES -DWRFIO_NCD_LARGE_FILE_SUPPORT  sintmf.F  > sintmf.f90
ftn -c -real-size 32 -i4  -w -ftz -fno-alias -align all -FR -convert big_endian   sintmf.f90
rm -f -f sinq1b.f90
/lib/cpp -P -DEM_CORE=1 -DNMM_CORE=0 -DNMM_MAX_DIM=2600 -DCOAMPS_CORE=0 -DDA_CORE=0 -DEXP_CORE=0 -DIWORDSIZE=4 -DDWORDSIZE=8 -DRWORDSIZE=4 -DLWORDSIZE=4 -DNONSTANDARD_SYSTEM_FUNC  -DWRF_USE_CLM -DUSE_NETCDF4_FEATURES -DWRFIO_NCD_LARGE_FILE_SUPPORT  -DDM_PARALLEL -DNETCDF -DHDF5 -DUSE_ALLOCATABLES -DGRIB1 -DINTIO -DKEEP_INT_AROUND -DLIMIT_ARGS -DCONFIG_BUF_LEN=65536 -DMAX_DOMAINS_F=21 -DMAX_HISTORY=25 -DNMM_NEST=0  -I. -traditional -DUSE_NETCDF4_FEATURES -DWRFIO_NCD_LARGE_FILE_SUPPORT  z1fgkb.F  > z1fgkb.f90
ftn -c -real-size 32 -i4  -w -ftz -fno-alias -align all -FR -convert big_endian   z1fgkb.f90
rm -f -f sintmf.f90
/lib/cpp -P -DEM_CORE=1 -DNMM_CORE=0 -DNMM_MAX_DIM=2600 -DCOAMPS_CORE=0 -DDA_CORE=0 -DEXP_CORE=0 -DIWORDSIZE=4 -DDWORDSIZE=8 -DRWORDSIZE=4 -DLWORDSIZE=4 -DNONSTANDARD_SYSTEM_FUNC  -DWRF_USE_CLM -DUSE_NETCDF4_FEATURES -DWRFIO_NCD_LARGE_FILE_SUPPORT  -DDM_PARALLEL -DNETCDF -DHDF5 -DUSE_ALLOCATABLES -DGRIB1 -DINTIO -DKEEP_INT_AROUND -DLIMIT_ARGS -DCONFIG_BUF_LEN=65536 -DMAX_DOMAINS_F=21 -DMAX_HISTORY=25 -DNMM_NEST=0  -I. -traditional -DUSE_NETCDF4_FEATURES -DWRFIO_NCD_LARGE_FILE_SUPPORT  zfftmi.F  > zfftmi.f90
ftn -c -real-size 32 -i4  -w -ftz -fno-alias -align all -FR -convert big_endian   zfftmi.f90
rm -f -f z1fgkb.f90
/lib/cpp -P -DEM_CORE=1 -DNMM_CORE=0 -DNMM_MAX_DIM=2600 -DCOAMPS_CORE=0 -DDA_CORE=0 -DEXP_CORE=0 -DIWORDSIZE=4 -DDWORDSIZE=8 -DRWORDSIZE=4 -DLWORDSIZE=4 -DNONSTANDARD_SYSTEM_FUNC  -DWRF_USE_CLM -DUSE_NETCDF4_FEATURES -DWRFIO_NCD_LARGE_FILE_SUPPORT  -DDM_PARALLEL -DNETCDF -DHDF5 -DUSE_ALLOCATABLES -DGRIB1 -DINTIO -DKEEP_INT_AROUND -DLIMIT_ARGS -DCONFIG_BUF_LEN=65536 -DMAX_DOMAINS_F=21 -DMAX_HISTORY=25 -DNMM_NEST=0  -I. -traditional -DUSE_NETCDF4_FEATURES -DWRFIO_NCD_LARGE_FILE_SUPPORT  zmfm1f.F  > zmfm1f.f90
ftn -c -real-size 32 -i4  -w -ftz -fno-alias -align all -FR -convert big_endian   zmfm1f.f90
rm -f -f zfftmi.f90
/lib/cpp -P -DEM_CORE=1 -DNMM_CORE=0 -DNMM_MAX_DIM=2600 -DCOAMPS_CORE=0 -DDA_CORE=0 -DEXP_CORE=0 -DIWORDSIZE=4 -DDWORDSIZE=8 -DRWORDSIZE=4 -DLWORDSIZE=4 -DNONSTANDARD_SYSTEM_FUNC  -DWRF_USE_CLM -DUSE_NETCDF4_FEATURES -DWRFIO_NCD_LARGE_FILE_SUPPORT  -DDM_PARALLEL -DNETCDF -DHDF5 -DUSE_ALLOCATABLES -DGRIB1 -DINTIO -DKEEP_INT_AROUND -DLIMIT_ARGS -DCONFIG_BUF_LEN=65536 -DMAX_DOMAINS_F=21 -DMAX_HISTORY=25 -DNMM_NEST=0  -I. -traditional -DUSE_NETCDF4_FEATURES -DWRFIO_NCD_LARGE_FILE_SUPPORT  c1fgkb.F  > c1fgkb.f90
ftn -c -real-size 32 -i4  -w -ftz -fno-alias -align all -FR -convert big_endian   c1fgkb.f90
rm -f -f zmfm1f.f90
/lib/cpp -P -DEM_CORE=1 -DNMM_CORE=0 -DNMM_MAX_DIM=2600 -DCOAMPS_CORE=0 -DDA_CORE=0 -DEXP_CORE=0 -DIWORDSIZE=4 -DDWORDSIZE=8 -DRWORDSIZE=4 -DLWORDSIZE=4 -DNONSTANDARD_SYSTEM_FUNC  -DWRF_USE_CLM -DUSE_NETCDF4_FEATURES -DWRFIO_NCD_LARGE_FILE_SUPPORT  -DDM_PARALLEL -DNETCDF -DHDF5 -DUSE_ALLOCATABLES -DGRIB1 -DINTIO -DKEEP_INT_AROUND -DLIMIT_ARGS -DCONFIG_BUF_LEN=65536 -DMAX_DOMAINS_F=21 -DMAX_HISTORY=25 -DNMM_NEST=0  -I. -traditional -DUSE_NETCDF4_FEATURES -DWRFIO_NCD_LARGE_FILE_SUPPORT  cfftmi.F  > cfftmi.f90
ftn -c -real-size 32 -i4  -w -ftz -fno-alias -align all -FR -convert big_endian   cfftmi.f90
rm -f -f c1fgkb.f90
/lib/cpp -P -DEM_CORE=1 -DNMM_CORE=0 -DNMM_MAX_DIM=2600 -DCOAMPS_CORE=0 -DDA_CORE=0 -DEXP_CORE=0 -DIWORDSIZE=4 -DDWORDSIZE=8 -DRWORDSIZE=4 -DLWORDSIZE=4 -DNONSTANDARD_SYSTEM_FUNC  -DWRF_USE_CLM -DUSE_NETCDF4_FEATURES -DWRFIO_NCD_LARGE_FILE_SUPPORT  -DDM_PARALLEL -DNETCDF -DHDF5 -DUSE_ALLOCATABLES -DGRIB1 -DINTIO -DKEEP_INT_AROUND -DLIMIT_ARGS -DCONFIG_BUF_LEN=65536 -DMAX_DOMAINS_F=21 -DMAX_HISTORY=25 -DNMM_NEST=0  -I. -traditional -DUSE_NETCDF4_FEATURES -DWRFIO_NCD_LARGE_FILE_SUPPORT  cmfm1f.F  > cmfm1f.f90
ftn -c -real-size 32 -i4  -w -ftz -fno-alias -align all -FR -convert big_endian   cmfm1f.f90
rm -f -f cfftmi.f90
/lib/cpp -P -DEM_CORE=1 -DNMM_CORE=0 -DNMM_MAX_DIM=2600 -DCOAMPS_CORE=0 -DDA_CORE=0 -DEXP_CORE=0 -DIWORDSIZE=4 -DDWORDSIZE=8 -DRWORDSIZE=4 -DLWORDSIZE=4 -DNONSTANDARD_SYSTEM_FUNC  -DWRF_USE_CLM -DUSE_NETCDF4_FEATURES -DWRFIO_NCD_LARGE_FILE_SUPPORT  -DDM_PARALLEL -DNETCDF -DHDF5 -DUSE_ALLOCATABLES -DGRIB1 -DINTIO -DKEEP_INT_AROUND -DLIMIT_ARGS -DCONFIG_BUF_LEN=65536 -DMAX_DOMAINS_F=21 -DMAX_HISTORY=25 -DNMM_NEST=0  -I. -traditional -DUSE_NETCDF4_FEATURES -DWRFIO_NCD_LARGE_FILE_SUPPORT  costb1.F  > costb1.f90
ftn -c -real-size 32 -i4  -w -ftz -fno-alias -align all -FR -convert big_endian   costb1.f90
rm -f -f cmfm1f.f90
/lib/cpp -P -DEM_CORE=1 -DNMM_CORE=0 -DNMM_MAX_DIM=2600 -DCOAMPS_CORE=0 -DDA_CORE=0 -DEXP_CORE=0 -DIWORDSIZE=4 -DDWORDSIZE=8 -DRWORDSIZE=4 -DLWORDSIZE=4 -DNONSTANDARD_SYSTEM_FUNC  -DWRF_USE_CLM -DUSE_NETCDF4_FEATURES -DWRFIO_NCD_LARGE_FILE_SUPPORT  -DDM_PARALLEL -DNETCDF -DHDF5 -DUSE_ALLOCATABLES -DGRIB1 -DINTIO -DKEEP_INT_AROUND -DLIMIT_ARGS -DCONFIG_BUF_LEN=65536 -DMAX_DOMAINS_F=21 -DMAX_HISTORY=25 -DNMM_NEST=0  -I. -traditional -DUSE_NETCDF4_FEATURES -DWRFIO_NCD_LARGE_FILE_SUPPORT  d1f5kf.F  > d1f5kf.f90
ftn -c -real-size 32 -i4  -w -ftz -fno-alias -align all -FR -convert big_endian   d1f5kf.f90
rm -f -f costb1.f90
/lib/cpp -P -DEM_CORE=1 -DNMM_CORE=0 -DNMM_MAX_DIM=2600 -DCOAMPS_CORE=0 -DDA_CORE=0 -DEXP_CORE=0 -DIWORDSIZE=4 -DDWORDSIZE=8 -DRWORDSIZE=4 -DLWORDSIZE=4 -DNONSTANDARD_SYSTEM_FUNC  -DWRF_USE_CLM -DUSE_NETCDF4_FEATURES -DWRFIO_NCD_LARGE_FILE_SUPPORT  -DDM_PARALLEL -DNETCDF -DHDF5 -DUSE_ALLOCATABLES -DGRIB1 -DINTIO -DKEEP_INT_AROUND -DLIMIT_ARGS -DCONFIG_BUF_LEN=65536 -DMAX_DOMAINS_F=21 -DMAX_HISTORY=25 -DNMM_NEST=0  -I. -traditional -DUSE_NETCDF4_FEATURES -DWRFIO_NCD_LARGE_FILE_SUPPORT  dcostf1.F  > dcostf1.f90
ftn -c -real-size 32 -i4  -w -ftz -fno-alias -align all -FR -convert big_endian   dcostf1.f90
rm -f -f dcostf1.f90
/lib/cpp -P -DEM_CORE=1 -DNMM_CORE=0 -DNMM_MAX_DIM=2600 -DCOAMPS_CORE=0 -DDA_CORE=0 -DEXP_CORE=0 -DIWORDSIZE=4 -DDWORDSIZE=8 -DRWORDSIZE=4 -DLWORDSIZE=4 -DNONSTANDARD_SYSTEM_FUNC  -DWRF_USE_CLM -DUSE_NETCDF4_FEATURES -DWRFIO_NCD_LARGE_FILE_SUPPORT  -DDM_PARALLEL -DNETCDF -DHDF5 -DUSE_ALLOCATABLES -DGRIB1 -DINTIO -DKEEP_INT_AROUND -DLIMIT_ARGS -DCONFIG_BUF_LEN=65536 -DMAX_DOMAINS_F=21 -DMAX_HISTORY=25 -DNMM_NEST=0  -I. -traditional -DUSE_NETCDF4_FEATURES -DWRFIO_NCD_LARGE_FILE_SUPPORT  mcsqb1.F  > mcsqb1.f90
ftn -c -real-size 32 -i4  -w -ftz -fno-alias -align all -FR -convert big_endian   mcsqb1.f90
rm -f -f d1f5kf.f90
/lib/cpp -P -DEM_CORE=1 -DNMM_CORE=0 -DNMM_MAX_DIM=2600 -DCOAMPS_CORE=0 -DDA_CORE=0 -DEXP_CORE=0 -DIWORDSIZE=4 -DDWORDSIZE=8 -DRWORDSIZE=4 -DLWORDSIZE=4 -DNONSTANDARD_SYSTEM_FUNC  -DWRF_USE_CLM -DUSE_NETCDF4_FEATURES -DWRFIO_NCD_LARGE_FILE_SUPPORT  -DDM_PARALLEL -DNETCDF -DHDF5 -DUSE_ALLOCATABLES -DGRIB1 -DINTIO -DKEEP_INT_AROUND -DLIMIT_ARGS -DCONFIG_BUF_LEN=65536 -DMAX_DOMAINS_F=21 -DMAX_HISTORY=25 -DNMM_NEST=0  -I. -traditional -DUSE_NETCDF4_FEATURES -DWRFIO_NCD_LARGE_FILE_SUPPORT  mradf5.F  > mradf5.f90
ftn -c -real-size 32 -i4  -w -ftz -fno-alias -align all -FR -convert big_endian   mradf5.f90
rm -f -f mcsqb1.f90
/lib/cpp -P -DEM_CORE=1 -DNMM_CORE=0 -DNMM_MAX_DIM=2600 -DCOAMPS_CORE=0 -DDA_CORE=0 -DEXP_CORE=0 -DIWORDSIZE=4 -DDWORDSIZE=8 -DRWORDSIZE=4 -DLWORDSIZE=4 -DNONSTANDARD_SYSTEM_FUNC  -DWRF_USE_CLM -DUSE_NETCDF4_FEATURES -DWRFIO_NCD_LARGE_FILE_SUPPORT  -DDM_PARALLEL -DNETCDF -DHDF5 -DUSE_ALLOCATABLES -DGRIB1 -DINTIO -DKEEP_INT_AROUND -DLIMIT_ARGS -DCONFIG_BUF_LEN=65536 -DMAX_DOMAINS_F=21 -DMAX_HISTORY=25 -DNMM_NEST=0  -I. -traditional -DUSE_NETCDF4_FEATURES -DWRFIO_NCD_LARGE_FILE_SUPPORT  r1f4kf.F  > r1f4kf.f90
ftn -c -real-size 32 -i4  -w -ftz -fno-alias -align all -FR -convert big_endian   r1f4kf.f90
rm -f -f mradf5.f90
/lib/cpp -P -DEM_CORE=1 -DNMM_CORE=0 -DNMM_MAX_DIM=2600 -DCOAMPS_CORE=0 -DDA_CORE=0 -DEXP_CORE=0 -DIWORDSIZE=4 -DDWORDSIZE=8 -DRWORDSIZE=4 -DLWORDSIZE=4 -DNONSTANDARD_SYSTEM_FUNC  -DWRF_USE_CLM -DUSE_NETCDF4_FEATURES -DWRFIO_NCD_LARGE_FILE_SUPPORT  -DDM_PARALLEL -DNETCDF -DHDF5 -DUSE_ALLOCATABLES -DGRIB1 -DINTIO -DKEEP_INT_AROUND -DLIMIT_ARGS -DCONFIG_BUF_LEN=65536 -DMAX_DOMAINS_F=21 -DMAX_HISTORY=25 -DNMM_NEST=0  -I. -traditional -DUSE_NETCDF4_FEATURES -DWRFIO_NCD_LARGE_FILE_SUPPORT  rfft1f.F  > rfft1f.f90
ftn -c -real-size 32 -i4  -w -ftz -fno-alias -align all -FR -convert big_endian   rfft1f.f90
rm -f -f r1f4kf.f90
/lib/cpp -P -DEM_CORE=1 -DNMM_CORE=0 -DNMM_MAX_DIM=2600 -DCOAMPS_CORE=0 -DDA_CORE=0 -DEXP_CORE=0 -DIWORDSIZE=4 -DDWORDSIZE=8 -DRWORDSIZE=4 -DLWORDSIZE=4 -DNONSTANDARD_SYSTEM_FUNC  -DWRF_USE_CLM -DUSE_NETCDF4_FEATURES -DWRFIO_NCD_LARGE_FILE_SUPPORT  -DDM_PARALLEL -DNETCDF -DHDF5 -DUSE_ALLOCATABLES -DGRIB1 -DINTIO -DKEEP_INT_AROUND -DLIMIT_ARGS -DCONFIG_BUF_LEN=65536 -DMAX_DOMAINS_F=21 -DMAX_HISTORY=25 -DNMM_NEST=0  -I. -traditional -DUSE_NETCDF4_FEATURES -DWRFIO_NCD_LARGE_FILE_SUPPORT  sinq1f.F  > sinq1f.f90
ftn -c -real-size 32 -i4  -w -ftz -fno-alias -align all -FR -convert big_endian   sinq1f.f90
rm -f -f rfft1f.f90
/lib/cpp -P -DEM_CORE=1 -DNMM_CORE=0 -DNMM_MAX_DIM=2600 -DCOAMPS_CORE=0 -DDA_CORE=0 -DEXP_CORE=0 -DIWORDSIZE=4 -DDWORDSIZE=8 -DRWORDSIZE=4 -DLWORDSIZE=4 -DNONSTANDARD_SYSTEM_FUNC  -DWRF_USE_CLM -DUSE_NETCDF4_FEATURES -DWRFIO_NCD_LARGE_FILE_SUPPORT  -DDM_PARALLEL -DNETCDF -DHDF5 -DUSE_ALLOCATABLES -DGRIB1 -DINTIO -DKEEP_INT_AROUND -DLIMIT_ARGS -DCONFIG_BUF_LEN=65536 -DMAX_DOMAINS_F=21 -DMAX_HISTORY=25 -DNMM_NEST=0  -I. -traditional -DUSE_NETCDF4_FEATURES -DWRFIO_NCD_LARGE_FILE_SUPPORT  sintmi.F  > sintmi.f90
ftn -c -real-size 32 -i4  -w -ftz -fno-alias -align all -FR -convert big_endian   sintmi.f90
rm -f -f sinq1f.f90
/lib/cpp -P -DEM_CORE=1 -DNMM_CORE=0 -DNMM_MAX_DIM=2600 -DCOAMPS_CORE=0 -DDA_CORE=0 -DEXP_CORE=0 -DIWORDSIZE=4 -DDWORDSIZE=8 -DRWORDSIZE=4 -DLWORDSIZE=4 -DNONSTANDARD_SYSTEM_FUNC  -DWRF_USE_CLM -DUSE_NETCDF4_FEATURES -DWRFIO_NCD_LARGE_FILE_SUPPORT  -DDM_PARALLEL -DNETCDF -DHDF5 -DUSE_ALLOCATABLES -DGRIB1 -DINTIO -DKEEP_INT_AROUND -DLIMIT_ARGS -DCONFIG_BUF_LEN=65536 -DMAX_DOMAINS_F=21 -DMAX_HISTORY=25 -DNMM_NEST=0  -I. -traditional -DUSE_NETCDF4_FEATURES -DWRFIO_NCD_LARGE_FILE_SUPPORT  z1fgkf.F  > z1fgkf.f90
ftn -c -real-size 32 -i4  -w -ftz -fno-alias -align all -FR -convert big_endian   z1fgkf.f90
rm -f -f sintmi.f90
/lib/cpp -P -DEM_CORE=1 -DNMM_CORE=0 -DNMM_MAX_DIM=2600 -DCOAMPS_CORE=0 -DDA_CORE=0 -DEXP_CORE=0 -DIWORDSIZE=4 -DDWORDSIZE=8 -DRWORDSIZE=4 -DLWORDSIZE=4 -DNONSTANDARD_SYSTEM_FUNC  -DWRF_USE_CLM -DUSE_NETCDF4_FEATURES -DWRFIO_NCD_LARGE_FILE_SUPPORT  -DDM_PARALLEL -DNETCDF -DHDF5 -DUSE_ALLOCATABLES -DGRIB1 -DINTIO -DKEEP_INT_AROUND -DLIMIT_ARGS -DCONFIG_BUF_LEN=65536 -DMAX_DOMAINS_F=21 -DMAX_HISTORY=25 -DNMM_NEST=0  -I. -traditional -DUSE_NETCDF4_FEATURES -DWRFIO_NCD_LARGE_FILE_SUPPORT  zmf2kb.F  > zmf2kb.f90
ftn -c -real-size 32 -i4  -w -ftz -fno-alias -align all -FR -convert big_endian   zmf2kb.f90
rm -f -f zmf2kb.f90
/lib/cpp -P -DEM_CORE=1 -DNMM_CORE=0 -DNMM_MAX_DIM=2600 -DCOAMPS_CORE=0 -DDA_CORE=0 -DEXP_CORE=0 -DIWORDSIZE=4 -DDWORDSIZE=8 -DRWORDSIZE=4 -DLWORDSIZE=4 -DNONSTANDARD_SYSTEM_FUNC  -DWRF_USE_CLM -DUSE_NETCDF4_FEATURES -DWRFIO_NCD_LARGE_FILE_SUPPORT  -DDM_PARALLEL -DNETCDF -DHDF5 -DUSE_ALLOCATABLES -DGRIB1 -DINTIO -DKEEP_INT_AROUND -DLIMIT_ARGS -DCONFIG_BUF_LEN=65536 -DMAX_DOMAINS_F=21 -DMAX_HISTORY=25 -DNMM_NEST=0  -I. -traditional -DUSE_NETCDF4_FEATURES -DWRFIO_NCD_LARGE_FILE_SUPPORT  c1fgkf.F  > c1fgkf.f90
ftn -c -real-size 32 -i4  -w -ftz -fno-alias -align all -FR -convert big_endian   c1fgkf.f90
rm -f -f z1fgkf.f90
/lib/cpp -P -DEM_CORE=1 -DNMM_CORE=0 -DNMM_MAX_DIM=2600 -DCOAMPS_CORE=0 -DDA_CORE=0 -DEXP_CORE=0 -DIWORDSIZE=4 -DDWORDSIZE=8 -DRWORDSIZE=4 -DLWORDSIZE=4 -DNONSTANDARD_SYSTEM_FUNC  -DWRF_USE_CLM -DUSE_NETCDF4_FEATURES -DWRFIO_NCD_LARGE_FILE_SUPPORT  -DDM_PARALLEL -DNETCDF -DHDF5 -DUSE_ALLOCATABLES -DGRIB1 -DINTIO -DKEEP_INT_AROUND -DLIMIT_ARGS -DCONFIG_BUF_LEN=65536 -DMAX_DOMAINS_F=21 -DMAX_HISTORY=25 -DNMM_NEST=0  -I. -traditional -DUSE_NETCDF4_FEATURES -DWRFIO_NCD_LARGE_FILE_SUPPORT  cmf2kb.F  > cmf2kb.f90
ftn -c -real-size 32 -i4  -w -ftz -fno-alias -align all -FR -convert big_endian   cmf2kb.f90
rm -f -f cmf2kb.f90
/lib/cpp -P -DEM_CORE=1 -DNMM_CORE=0 -DNMM_MAX_DIM=2600 -DCOAMPS_CORE=0 -DDA_CORE=0 -DEXP_CORE=0 -DIWORDSIZE=4 -DDWORDSIZE=8 -DRWORDSIZE=4 -DLWORDSIZE=4 -DNONSTANDARD_SYSTEM_FUNC  -DWRF_USE_CLM -DUSE_NETCDF4_FEATURES -DWRFIO_NCD_LARGE_FILE_SUPPORT  -DDM_PARALLEL -DNETCDF -DHDF5 -DUSE_ALLOCATABLES -DGRIB1 -DINTIO -DKEEP_INT_AROUND -DLIMIT_ARGS -DCONFIG_BUF_LEN=65536 -DMAX_DOMAINS_F=21 -DMAX_HISTORY=25 -DNMM_NEST=0  -I. -traditional -DUSE_NETCDF4_FEATURES -DWRFIO_NCD_LARGE_FILE_SUPPORT  cosq1b.F  > cosq1b.f90
ftn -c -real-size 32 -i4  -w -ftz -fno-alias -align all -FR -convert big_endian   cosq1b.f90
rm -f -f c1fgkf.f90
/lib/cpp -P -DEM_CORE=1 -DNMM_CORE=0 -DNMM_MAX_DIM=2600 -DCOAMPS_CORE=0 -DDA_CORE=0 -DEXP_CORE=0 -DIWORDSIZE=4 -DDWORDSIZE=8 -DRWORDSIZE=4 -DLWORDSIZE=4 -DNONSTANDARD_SYSTEM_FUNC  -DWRF_USE_CLM -DUSE_NETCDF4_FEATURES -DWRFIO_NCD_LARGE_FILE_SUPPORT  -DDM_PARALLEL -DNETCDF -DHDF5 -DUSE_ALLOCATABLES -DGRIB1 -DINTIO -DKEEP_INT_AROUND -DLIMIT_ARGS -DCONFIG_BUF_LEN=65536 -DMAX_DOMAINS_F=21 -DMAX_HISTORY=25 -DNMM_NEST=0  -I. -traditional -DUSE_NETCDF4_FEATURES -DWRFIO_NCD_LARGE_FILE_SUPPORT  costf1.F  > costf1.f90
ftn -c -real-size 32 -i4  -w -ftz -fno-alias -align all -FR -convert big_endian   costf1.f90
rm -f -f cosq1b.f90
/lib/cpp -P -DEM_CORE=1 -DNMM_CORE=0 -DNMM_MAX_DIM=2600 -DCOAMPS_CORE=0 -DDA_CORE=0 -DEXP_CORE=0 -DIWORDSIZE=4 -DDWORDSIZE=8 -DRWORDSIZE=4 -DLWORDSIZE=4 -DNONSTANDARD_SYSTEM_FUNC  -DWRF_USE_CLM -DUSE_NETCDF4_FEATURES -DWRFIO_NCD_LARGE_FILE_SUPPORT  -DDM_PARALLEL -DNETCDF -DHDF5 -DUSE_ALLOCATABLES -DGRIB1 -DINTIO -DKEEP_INT_AROUND -DLIMIT_ARGS -DCONFIG_BUF_LEN=65536 -DMAX_DOMAINS_F=21 -DMAX_HISTORY=25 -DNMM_NEST=0  -I. -traditional -DUSE_NETCDF4_FEATURES -DWRFIO_NCD_LARGE_FILE_SUPPORT  d1fgkb.F  > d1fgkb.f90
ftn -c -real-size 32 -i4  -w -ftz -fno-alias -align all -FR -convert big_endian   d1fgkb.f90
rm -f -f costf1.f90
/lib/cpp -P -DEM_CORE=1 -DNMM_CORE=0 -DNMM_MAX_DIM=2600 -DCOAMPS_CORE=0 -DDA_CORE=0 -DEXP_CORE=0 -DIWORDSIZE=4 -DDWORDSIZE=8 -DRWORDSIZE=4 -DLWORDSIZE=4 -DNONSTANDARD_SYSTEM_FUNC  -DWRF_USE_CLM -DUSE_NETCDF4_FEATURES -DWRFIO_NCD_LARGE_FILE_SUPPORT  -DDM_PARALLEL -DNETCDF -DHDF5 -DUSE_ALLOCATABLES -DGRIB1 -DINTIO -DKEEP_INT_AROUND -DLIMIT_ARGS -DCONFIG_BUF_LEN=65536 -DMAX_DOMAINS_F=21 -DMAX_HISTORY=25 -DNMM_NEST=0  -I. -traditional -DUSE_NETCDF4_FEATURES -DWRFIO_NCD_LARGE_FILE_SUPPORT  dfft1b.F  > dfft1b.f90
ftn -c -real-size 32 -i4  -w -ftz -fno-alias -align all -FR -convert big_endian   dfft1b.f90
rm -f -f dfft1b.f90
/lib/cpp -P -DEM_CORE=1 -DNMM_CORE=0 -DNMM_MAX_DIM=2600 -DCOAMPS_CORE=0 -DDA_CORE=0 -DEXP_CORE=0 -DIWORDSIZE=4 -DDWORDSIZE=8 -DRWORDSIZE=4 -DLWORDSIZE=4 -DNONSTANDARD_SYSTEM_FUNC  -DWRF_USE_CLM -DUSE_NETCDF4_FEATURES -DWRFIO_NCD_LARGE_FILE_SUPPORT  -DDM_PARALLEL -DNETCDF -DHDF5 -DUSE_ALLOCATABLES -DGRIB1 -DINTIO -DKEEP_INT_AROUND -DLIMIT_ARGS -DCONFIG_BUF_LEN=65536 -DMAX_DOMAINS_F=21 -DMAX_HISTORY=25 -DNMM_NEST=0  -I. -traditional -DUSE_NETCDF4_FEATURES -DWRFIO_NCD_LARGE_FILE_SUPPORT  mcsqf1.F  > mcsqf1.f90
ftn -c -real-size 32 -i4  -w -ftz -fno-alias -align all -FR -convert big_endian   mcsqf1.f90
rm -f -f d1fgkb.f90
/lib/cpp -P -DEM_CORE=1 -DNMM_CORE=0 -DNMM_MAX_DIM=2600 -DCOAMPS_CORE=0 -DDA_CORE=0 -DEXP_CORE=0 -DIWORDSIZE=4 -DDWORDSIZE=8 -DRWORDSIZE=4 -DLWORDSIZE=4 -DNONSTANDARD_SYSTEM_FUNC  -DWRF_USE_CLM -DUSE_NETCDF4_FEATURES -DWRFIO_NCD_LARGE_FILE_SUPPORT  -DDM_PARALLEL -DNETCDF -DHDF5 -DUSE_ALLOCATABLES -DGRIB1 -DINTIO -DKEEP_INT_AROUND -DLIMIT_ARGS -DCONFIG_BUF_LEN=65536 -DMAX_DOMAINS_F=21 -DMAX_HISTORY=25 -DNMM_NEST=0  -I. -traditional -DUSE_NETCDF4_FEATURES -DWRFIO_NCD_LARGE_FILE_SUPPORT  mradfg.F  > mradfg.f90
ftn -c -real-size 32 -i4  -w -ftz -fno-alias -align all -FR -convert big_endian   mradfg.f90
rm -f -f mcsqf1.f90
/lib/cpp -P -DEM_CORE=1 -DNMM_CORE=0 -DNMM_MAX_DIM=2600 -DCOAMPS_CORE=0 -DDA_CORE=0 -DEXP_CORE=0 -DIWORDSIZE=4 -DDWORDSIZE=8 -DRWORDSIZE=4 -DLWORDSIZE=4 -DNONSTANDARD_SYSTEM_FUNC  -DWRF_USE_CLM -DUSE_NETCDF4_FEATURES -DWRFIO_NCD_LARGE_FILE_SUPPORT  -DDM_PARALLEL -DNETCDF -DHDF5 -DUSE_ALLOCATABLES -DGRIB1 -DINTIO -DKEEP_INT_AROUND -DLIMIT_ARGS -DCONFIG_BUF_LEN=65536 -DMAX_DOMAINS_F=21 -DMAX_HISTORY=25 -DNMM_NEST=0  -I. -traditional -DUSE_NETCDF4_FEATURES -DWRFIO_NCD_LARGE_FILE_SUPPORT  r1f5kb.F  > r1f5kb.f90
ftn -c -real-size 32 -i4  -w -ftz -fno-alias -align all -FR -convert big_endian   r1f5kb.f90
rm -f -f mradfg.f90
/lib/cpp -P -DEM_CORE=1 -DNMM_CORE=0 -DNMM_MAX_DIM=2600 -DCOAMPS_CORE=0 -DDA_CORE=0 -DEXP_CORE=0 -DIWORDSIZE=4 -DDWORDSIZE=8 -DRWORDSIZE=4 -DLWORDSIZE=4 -DNONSTANDARD_SYSTEM_FUNC  -DWRF_USE_CLM -DUSE_NETCDF4_FEATURES -DWRFIO_NCD_LARGE_FILE_SUPPORT  -DDM_PARALLEL -DNETCDF -DHDF5 -DUSE_ALLOCATABLES -DGRIB1 -DINTIO -DKEEP_INT_AROUND -DLIMIT_ARGS -DCONFIG_BUF_LEN=65536 -DMAX_DOMAINS_F=21 -DMAX_HISTORY=25 -DNMM_NEST=0  -I. -traditional -DUSE_NETCDF4_FEATURES -DWRFIO_NCD_LARGE_FILE_SUPPORT  rfft1i.F  > rfft1i.f90
ftn -c -real-size 32 -i4  -w -ftz -fno-alias -align all -FR -convert big_endian   rfft1i.f90
rm -f -f r1f5kb.f90
/lib/cpp -P -DEM_CORE=1 -DNMM_CORE=0 -DNMM_MAX_DIM=2600 -DCOAMPS_CORE=0 -DDA_CORE=0 -DEXP_CORE=0 -DIWORDSIZE=4 -DDWORDSIZE=8 -DRWORDSIZE=4 -DLWORDSIZE=4 -DNONSTANDARD_SYSTEM_FUNC  -DWRF_USE_CLM -DUSE_NETCDF4_FEATURES -DWRFIO_NCD_LARGE_FILE_SUPPORT  -DDM_PARALLEL -DNETCDF -DHDF5 -DUSE_ALLOCATABLES -DGRIB1 -DINTIO -DKEEP_INT_AROUND -DLIMIT_ARGS -DCONFIG_BUF_LEN=65536 -DMAX_DOMAINS_F=21 -DMAX_HISTORY=25 -DNMM_NEST=0  -I. -traditional -DUSE_NETCDF4_FEATURES -DWRFIO_NCD_LARGE_FILE_SUPPORT  sinq1i.F  > sinq1i.f90
ftn -c -real-size 32 -i4  -w -ftz -fno-alias -align all -FR -convert big_endian   sinq1i.f90
rm -f -f rfft1i.f90
/lib/cpp -P -DEM_CORE=1 -DNMM_CORE=0 -DNMM_MAX_DIM=2600 -DCOAMPS_CORE=0 -DDA_CORE=0 -DEXP_CORE=0 -DIWORDSIZE=4 -DDWORDSIZE=8 -DRWORDSIZE=4 -DLWORDSIZE=4 -DNONSTANDARD_SYSTEM_FUNC  -DWRF_USE_CLM -DUSE_NETCDF4_FEATURES -DWRFIO_NCD_LARGE_FILE_SUPPORT  -DDM_PARALLEL -DNETCDF -DHDF5 -DUSE_ALLOCATABLES -DGRIB1 -DINTIO -DKEEP_INT_AROUND -DLIMIT_ARGS -DCONFIG_BUF_LEN=65536 -DMAX_DOMAINS_F=21 -DMAX_HISTORY=25 -DNMM_NEST=0  -I. -traditional -DUSE_NETCDF4_FEATURES -DWRFIO_NCD_LARGE_FILE_SUPPORT  xercon.F  > xercon.f90
ftn -c -real-size 32 -i4  -w -ftz -fno-alias -align all -FR -convert big_endian   xercon.f90
rm -f -f sinq1i.f90
/lib/cpp -P -DEM_CORE=1 -DNMM_CORE=0 -DNMM_MAX_DIM=2600 -DCOAMPS_CORE=0 -DDA_CORE=0 -DEXP_CORE=0 -DIWORDSIZE=4 -DDWORDSIZE=8 -DRWORDSIZE=4 -DLWORDSIZE=4 -DNONSTANDARD_SYSTEM_FUNC  -DWRF_USE_CLM -DUSE_NETCDF4_FEATURES -DWRFIO_NCD_LARGE_FILE_SUPPORT  -DDM_PARALLEL -DNETCDF -DHDF5 -DUSE_ALLOCATABLES -DGRIB1 -DINTIO -DKEEP_INT_AROUND -DLIMIT_ARGS -DCONFIG_BUF_LEN=65536 -DMAX_DOMAINS_F=21 -DMAX_HISTORY=25 -DNMM_NEST=0  -I. -traditional -DUSE_NETCDF4_FEATURES -DWRFIO_NCD_LARGE_FILE_SUPPORT  z1fm1b.F  > z1fm1b.f90
ftn -c -real-size 32 -i4  -w -ftz -fno-alias -align all -FR -convert big_endian   z1fm1b.f90
rm -f -f xercon.f90
/lib/cpp -P -DEM_CORE=1 -DNMM_CORE=0 -DNMM_MAX_DIM=2600 -DCOAMPS_CORE=0 -DDA_CORE=0 -DEXP_CORE=0 -DIWORDSIZE=4 -DDWORDSIZE=8 -DRWORDSIZE=4 -DLWORDSIZE=4 -DNONSTANDARD_SYSTEM_FUNC  -DWRF_USE_CLM -DUSE_NETCDF4_FEATURES -DWRFIO_NCD_LARGE_FILE_SUPPORT  -DDM_PARALLEL -DNETCDF -DHDF5 -DUSE_ALLOCATABLES -DGRIB1 -DINTIO -DKEEP_INT_AROUND -DLIMIT_ARGS -DCONFIG_BUF_LEN=65536 -DMAX_DOMAINS_F=21 -DMAX_HISTORY=25 -DNMM_NEST=0  -I. -traditional -DUSE_NETCDF4_FEATURES -DWRFIO_NCD_LARGE_FILE_SUPPORT  zmf2kf.F  > zmf2kf.f90
ftn -c -real-size 32 -i4  -w -ftz -fno-alias -align all -FR -convert big_endian   zmf2kf.f90
rm -f -f z1fm1b.f90
/lib/cpp -P -DEM_CORE=1 -DNMM_CORE=0 -DNMM_MAX_DIM=2600 -DCOAMPS_CORE=0 -DDA_CORE=0 -DEXP_CORE=0 -DIWORDSIZE=4 -DDWORDSIZE=8 -DRWORDSIZE=4 -DLWORDSIZE=4 -DNONSTANDARD_SYSTEM_FUNC  -DWRF_USE_CLM -DUSE_NETCDF4_FEATURES -DWRFIO_NCD_LARGE_FILE_SUPPORT  -DDM_PARALLEL -DNETCDF -DHDF5 -DUSE_ALLOCATABLES -DGRIB1 -DINTIO -DKEEP_INT_AROUND -DLIMIT_ARGS -DCONFIG_BUF_LEN=65536 -DMAX_DOMAINS_F=21 -DMAX_HISTORY=25 -DNMM_NEST=0  -I. -traditional -DUSE_NETCDF4_FEATURES -DWRFIO_NCD_LARGE_FILE_SUPPORT  c1fm1b.F  > c1fm1b.f90
ftn -c -real-size 32 -i4  -w -ftz -fno-alias -align all -FR -convert big_endian   c1fm1b.f90
rm -f -f zmf2kf.f90
/lib/cpp -P -DEM_CORE=1 -DNMM_CORE=0 -DNMM_MAX_DIM=2600 -DCOAMPS_CORE=0 -DDA_CORE=0 -DEXP_CORE=0 -DIWORDSIZE=4 -DDWORDSIZE=8 -DRWORDSIZE=4 -DLWORDSIZE=4 -DNONSTANDARD_SYSTEM_FUNC  -DWRF_USE_CLM -DUSE_NETCDF4_FEATURES -DWRFIO_NCD_LARGE_FILE_SUPPORT  -DDM_PARALLEL -DNETCDF -DHDF5 -DUSE_ALLOCATABLES -DGRIB1 -DINTIO -DKEEP_INT_AROUND -DLIMIT_ARGS -DCONFIG_BUF_LEN=65536 -DMAX_DOMAINS_F=21 -DMAX_HISTORY=25 -DNMM_NEST=0  -I. -traditional -DUSE_NETCDF4_FEATURES -DWRFIO_NCD_LARGE_FILE_SUPPORT  cmf2kf.F  > cmf2kf.f90
ftn -c -real-size 32 -i4  -w -ftz -fno-alias -align all -FR -convert big_endian   cmf2kf.f90
rm -f -f c1fm1b.f90
/lib/cpp -P -DEM_CORE=1 -DNMM_CORE=0 -DNMM_MAX_DIM=2600 -DCOAMPS_CORE=0 -DDA_CORE=0 -DEXP_CORE=0 -DIWORDSIZE=4 -DDWORDSIZE=8 -DRWORDSIZE=4 -DLWORDSIZE=4 -DNONSTANDARD_SYSTEM_FUNC  -DWRF_USE_CLM -DUSE_NETCDF4_FEATURES -DWRFIO_NCD_LARGE_FILE_SUPPORT  -DDM_PARALLEL -DNETCDF -DHDF5 -DUSE_ALLOCATABLES -DGRIB1 -DINTIO -DKEEP_INT_AROUND -DLIMIT_ARGS -DCONFIG_BUF_LEN=65536 -DMAX_DOMAINS_F=21 -DMAX_HISTORY=25 -DNMM_NEST=0  -I. -traditional -DUSE_NETCDF4_FEATURES -DWRFIO_NCD_LARGE_FILE_SUPPORT  cosq1f.F  > cosq1f.f90
ftn -c -real-size 32 -i4  -w -ftz -fno-alias -align all -FR -convert big_endian   cosq1f.f90
rm -f -f cmf2kf.f90
/lib/cpp -P -DEM_CORE=1 -DNMM_CORE=0 -DNMM_MAX_DIM=2600 -DCOAMPS_CORE=0 -DDA_CORE=0 -DEXP_CORE=0 -DIWORDSIZE=4 -DDWORDSIZE=8 -DRWORDSIZE=4 -DLWORDSIZE=4 -DNONSTANDARD_SYSTEM_FUNC  -DWRF_USE_CLM -DUSE_NETCDF4_FEATURES -DWRFIO_NCD_LARGE_FILE_SUPPORT  -DDM_PARALLEL -DNETCDF -DHDF5 -DUSE_ALLOCATABLES -DGRIB1 -DINTIO -DKEEP_INT_AROUND -DLIMIT_ARGS -DCONFIG_BUF_LEN=65536 -DMAX_DOMAINS_F=21 -DMAX_HISTORY=25 -DNMM_NEST=0  -I. -traditional -DUSE_NETCDF4_FEATURES -DWRFIO_NCD_LARGE_FILE_SUPPORT  costmb.F  > costmb.f90
ftn -c -real-size 32 -i4  -w -ftz -fno-alias -align all -FR -convert big_endian   costmb.f90
rm -f -f cosq1f.f90
/lib/cpp -P -DEM_CORE=1 -DNMM_CORE=0 -DNMM_MAX_DIM=2600 -DCOAMPS_CORE=0 -DDA_CORE=0 -DEXP_CORE=0 -DIWORDSIZE=4 -DDWORDSIZE=8 -DRWORDSIZE=4 -DLWORDSIZE=4 -DNONSTANDARD_SYSTEM_FUNC  -DWRF_USE_CLM -DUSE_NETCDF4_FEATURES -DWRFIO_NCD_LARGE_FILE_SUPPORT  -DDM_PARALLEL -DNETCDF -DHDF5 -DUSE_ALLOCATABLES -DGRIB1 -DINTIO -DKEEP_INT_AROUND -DLIMIT_ARGS -DCONFIG_BUF_LEN=65536 -DMAX_DOMAINS_F=21 -DMAX_HISTORY=25 -DNMM_NEST=0  -I. -traditional -DUSE_NETCDF4_FEATURES -DWRFIO_NCD_LARGE_FILE_SUPPORT  d1fgkf.F  > d1fgkf.f90
ftn -c -real-size 32 -i4  -w -ftz -fno-alias -align all -FR -convert big_endian   d1fgkf.f90
rm -f -f costmb.f90
/lib/cpp -P -DEM_CORE=1 -DNMM_CORE=0 -DNMM_MAX_DIM=2600 -DCOAMPS_CORE=0 -DDA_CORE=0 -DEXP_CORE=0 -DIWORDSIZE=4 -DDWORDSIZE=8 -DRWORDSIZE=4 -DLWORDSIZE=4 -DNONSTANDARD_SYSTEM_FUNC  -DWRF_USE_CLM -DUSE_NETCDF4_FEATURES -DWRFIO_NCD_LARGE_FILE_SUPPORT  -DDM_PARALLEL -DNETCDF -DHDF5 -DUSE_ALLOCATABLES -DGRIB1 -DINTIO -DKEEP_INT_AROUND -DLIMIT_ARGS -DCONFIG_BUF_LEN=65536 -DMAX_DOMAINS_F=21 -DMAX_HISTORY=25 -DNMM_NEST=0  -I. -traditional -DUSE_NETCDF4_FEATURES -DWRFIO_NCD_LARGE_FILE_SUPPORT  dfft1f.F  > dfft1f.f90
ftn -c -real-size 32 -i4  -w -ftz -fno-alias -align all -FR -convert big_endian   dfft1f.f90
rm -f -f dfft1f.f90
/lib/cpp -P -DEM_CORE=1 -DNMM_CORE=0 -DNMM_MAX_DIM=2600 -DCOAMPS_CORE=0 -DDA_CORE=0 -DEXP_CORE=0 -DIWORDSIZE=4 -DDWORDSIZE=8 -DRWORDSIZE=4 -DLWORDSIZE=4 -DNONSTANDARD_SYSTEM_FUNC  -DWRF_USE_CLM -DUSE_NETCDF4_FEATURES -DWRFIO_NCD_LARGE_FILE_SUPPORT  -DDM_PARALLEL -DNETCDF -DHDF5 -DUSE_ALLOCATABLES -DGRIB1 -DINTIO -DKEEP_INT_AROUND -DLIMIT_ARGS -DCONFIG_BUF_LEN=65536 -DMAX_DOMAINS_F=21 -DMAX_HISTORY=25 -DNMM_NEST=0  -I. -traditional -DUSE_NETCDF4_FEATURES -DWRFIO_NCD_LARGE_FILE_SUPPORT  mcstb1.F  > mcstb1.f90
ftn -c -real-size 32 -i4  -w -ftz -fno-alias -align all -FR -convert big_endian   mcstb1.f90
rm -f -f d1fgkf.f90
/lib/cpp -P -DEM_CORE=1 -DNMM_CORE=0 -DNMM_MAX_DIM=2600 -DCOAMPS_CORE=0 -DDA_CORE=0 -DEXP_CORE=0 -DIWORDSIZE=4 -DDWORDSIZE=8 -DRWORDSIZE=4 -DLWORDSIZE=4 -DNONSTANDARD_SYSTEM_FUNC  -DWRF_USE_CLM -DUSE_NETCDF4_FEATURES -DWRFIO_NCD_LARGE_FILE_SUPPORT  -DDM_PARALLEL -DNETCDF -DHDF5 -DUSE_ALLOCATABLES -DGRIB1 -DINTIO -DKEEP_INT_AROUND -DLIMIT_ARGS -DCONFIG_BUF_LEN=65536 -DMAX_DOMAINS_F=21 -DMAX_HISTORY=25 -DNMM_NEST=0  -I. -traditional -DUSE_NETCDF4_FEATURES -DWRFIO_NCD_LARGE_FILE_SUPPORT  mrftb1.F  > mrftb1.f90
ftn -c -real-size 32 -i4  -w -ftz -fno-alias -align all -FR -convert big_endian   mrftb1.f90
rm -f -f mcstb1.f90
/lib/cpp -P -DEM_CORE=1 -DNMM_CORE=0 -DNMM_MAX_DIM=2600 -DCOAMPS_CORE=0 -DDA_CORE=0 -DEXP_CORE=0 -DIWORDSIZE=4 -DDWORDSIZE=8 -DRWORDSIZE=4 -DLWORDSIZE=4 -DNONSTANDARD_SYSTEM_FUNC  -DWRF_USE_CLM -DUSE_NETCDF4_FEATURES -DWRFIO_NCD_LARGE_FILE_SUPPORT  -DDM_PARALLEL -DNETCDF -DHDF5 -DUSE_ALLOCATABLES -DGRIB1 -DINTIO -DKEEP_INT_AROUND -DLIMIT_ARGS -DCONFIG_BUF_LEN=65536 -DMAX_DOMAINS_F=21 -DMAX_HISTORY=25 -DNMM_NEST=0  -I. -traditional -DUSE_NETCDF4_FEATURES -DWRFIO_NCD_LARGE_FILE_SUPPORT  r1f5kf.F  > r1f5kf.f90
ftn -c -real-size 32 -i4  -w -ftz -fno-alias -align all -FR -convert big_endian   r1f5kf.f90
rm -f -f mrftb1.f90
/lib/cpp -P -DEM_CORE=1 -DNMM_CORE=0 -DNMM_MAX_DIM=2600 -DCOAMPS_CORE=0 -DDA_CORE=0 -DEXP_CORE=0 -DIWORDSIZE=4 -DDWORDSIZE=8 -DRWORDSIZE=4 -DLWORDSIZE=4 -DNONSTANDARD_SYSTEM_FUNC  -DWRF_USE_CLM -DUSE_NETCDF4_FEATURES -DWRFIO_NCD_LARGE_FILE_SUPPORT  -DDM_PARALLEL -DNETCDF -DHDF5 -DUSE_ALLOCATABLES -DGRIB1 -DINTIO -DKEEP_INT_AROUND -DLIMIT_ARGS -DCONFIG_BUF_LEN=65536 -DMAX_DOMAINS_F=21 -DMAX_HISTORY=25 -DNMM_NEST=0  -I. -traditional -DUSE_NETCDF4_FEATURES -DWRFIO_NCD_LARGE_FILE_SUPPORT  rfft2b.F  > rfft2b.f90
ftn -c -real-size 32 -i4  -w -ftz -fno-alias -align all -FR -convert big_endian   rfft2b.f90
rm -f -f rfft2b.f90
/lib/cpp -P -DEM_CORE=1 -DNMM_CORE=0 -DNMM_MAX_DIM=2600 -DCOAMPS_CORE=0 -DDA_CORE=0 -DEXP_CORE=0 -DIWORDSIZE=4 -DDWORDSIZE=8 -DRWORDSIZE=4 -DLWORDSIZE=4 -DNONSTANDARD_SYSTEM_FUNC  -DWRF_USE_CLM -DUSE_NETCDF4_FEATURES -DWRFIO_NCD_LARGE_FILE_SUPPORT  -DDM_PARALLEL -DNETCDF -DHDF5 -DUSE_ALLOCATABLES -DGRIB1 -DINTIO -DKEEP_INT_AROUND -DLIMIT_ARGS -DCONFIG_BUF_LEN=65536 -DMAX_DOMAINS_F=21 -DMAX_HISTORY=25 -DNMM_NEST=0  -I. -traditional -DUSE_NETCDF4_FEATURES -DWRFIO_NCD_LARGE_FILE_SUPPORT  sinqmb.F  > sinqmb.f90
ftn -c -real-size 32 -i4  -w -ftz -fno-alias -align all -FR -convert big_endian   sinqmb.f90
rm -f -f r1f5kf.f90
/lib/cpp -P -DEM_CORE=1 -DNMM_CORE=0 -DNMM_MAX_DIM=2600 -DCOAMPS_CORE=0 -DDA_CORE=0 -DEXP_CORE=0 -DIWORDSIZE=4 -DDWORDSIZE=8 -DRWORDSIZE=4 -DLWORDSIZE=4 -DNONSTANDARD_SYSTEM_FUNC  -DWRF_USE_CLM -DUSE_NETCDF4_FEATURES -DWRFIO_NCD_LARGE_FILE_SUPPORT  -DDM_PARALLEL -DNETCDF -DHDF5 -DUSE_ALLOCATABLES -DGRIB1 -DINTIO -DKEEP_INT_AROUND -DLIMIT_ARGS -DCONFIG_BUF_LEN=65536 -DMAX_DOMAINS_F=21 -DMAX_HISTORY=25 -DNMM_NEST=0  -I. -traditional -DUSE_NETCDF4_FEATURES -DWRFIO_NCD_LARGE_FILE_SUPPORT  xerfft.F  > xerfft.f90
ftn -c -real-size 32 -i4  -w -ftz -fno-alias -align all -FR -convert big_endian   xerfft.f90
rm -f -f sinqmb.f90
/lib/cpp -P -DEM_CORE=1 -DNMM_CORE=0 -DNMM_MAX_DIM=2600 -DCOAMPS_CORE=0 -DDA_CORE=0 -DEXP_CORE=0 -DIWORDSIZE=4 -DDWORDSIZE=8 -DRWORDSIZE=4 -DLWORDSIZE=4 -DNONSTANDARD_SYSTEM_FUNC  -DWRF_USE_CLM -DUSE_NETCDF4_FEATURES -DWRFIO_NCD_LARGE_FILE_SUPPORT  -DDM_PARALLEL -DNETCDF -DHDF5 -DUSE_ALLOCATABLES -DGRIB1 -DINTIO -DKEEP_INT_AROUND -DLIMIT_ARGS -DCONFIG_BUF_LEN=65536 -DMAX_DOMAINS_F=21 -DMAX_HISTORY=25 -DNMM_NEST=0  -I. -traditional -DUSE_NETCDF4_FEATURES -DWRFIO_NCD_LARGE_FILE_SUPPORT  z1fm1f.F  > z1fm1f.f90
ftn -c -real-size 32 -i4  -w -ftz -fno-alias -align all -FR -convert big_endian   z1fm1f.f90
rm -f -f xerfft.f90
/lib/cpp -P -DEM_CORE=1 -DNMM_CORE=0 -DNMM_MAX_DIM=2600 -DCOAMPS_CORE=0 -DDA_CORE=0 -DEXP_CORE=0 -DIWORDSIZE=4 -DDWORDSIZE=8 -DRWORDSIZE=4 -DLWORDSIZE=4 -DNONSTANDARD_SYSTEM_FUNC  -DWRF_USE_CLM -DUSE_NETCDF4_FEATURES -DWRFIO_NCD_LARGE_FILE_SUPPORT  -DDM_PARALLEL -DNETCDF -DHDF5 -DUSE_ALLOCATABLES -DGRIB1 -DINTIO -DKEEP_INT_AROUND -DLIMIT_ARGS -DCONFIG_BUF_LEN=65536 -DMAX_DOMAINS_F=21 -DMAX_HISTORY=25 -DNMM_NEST=0  -I. -traditional -DUSE_NETCDF4_FEATURES -DWRFIO_NCD_LARGE_FILE_SUPPORT  zmf3kb.F  > zmf3kb.f90
ftn -c -real-size 32 -i4  -w -ftz -fno-alias -align all -FR -convert big_endian   zmf3kb.f90
rm -f -f z1fm1f.f90
/lib/cpp -P -DEM_CORE=1 -DNMM_CORE=0 -DNMM_MAX_DIM=2600 -DCOAMPS_CORE=0 -DDA_CORE=0 -DEXP_CORE=0 -DIWORDSIZE=4 -DDWORDSIZE=8 -DRWORDSIZE=4 -DLWORDSIZE=4 -DNONSTANDARD_SYSTEM_FUNC  -DWRF_USE_CLM -DUSE_NETCDF4_FEATURES -DWRFIO_NCD_LARGE_FILE_SUPPORT  -DDM_PARALLEL -DNETCDF -DHDF5 -DUSE_ALLOCATABLES -DGRIB1 -DINTIO -DKEEP_INT_AROUND -DLIMIT_ARGS -DCONFIG_BUF_LEN=65536 -DMAX_DOMAINS_F=21 -DMAX_HISTORY=25 -DNMM_NEST=0  -I. -traditional -DUSE_NETCDF4_FEATURES -DWRFIO_NCD_LARGE_FILE_SUPPORT  c1fm1f.F  > c1fm1f.f90
ftn -c -real-size 32 -i4  -w -ftz -fno-alias -align all -FR -convert big_endian   c1fm1f.f90
rm -f -f zmf3kb.f90
/lib/cpp -P -DEM_CORE=1 -DNMM_CORE=0 -DNMM_MAX_DIM=2600 -DCOAMPS_CORE=0 -DDA_CORE=0 -DEXP_CORE=0 -DIWORDSIZE=4 -DDWORDSIZE=8 -DRWORDSIZE=4 -DLWORDSIZE=4 -DNONSTANDARD_SYSTEM_FUNC  -DWRF_USE_CLM -DUSE_NETCDF4_FEATURES -DWRFIO_NCD_LARGE_FILE_SUPPORT  -DDM_PARALLEL -DNETCDF -DHDF5 -DUSE_ALLOCATABLES -DGRIB1 -DINTIO -DKEEP_INT_AROUND -DLIMIT_ARGS -DCONFIG_BUF_LEN=65536 -DMAX_DOMAINS_F=21 -DMAX_HISTORY=25 -DNMM_NEST=0  -I. -traditional -DUSE_NETCDF4_FEATURES -DWRFIO_NCD_LARGE_FILE_SUPPORT  cmf3kb.F  > cmf3kb.f90
ftn -c -real-size 32 -i4  -w -ftz -fno-alias -align all -FR -convert big_endian   cmf3kb.f90
rm -f -f c1fm1f.f90
/lib/cpp -P -DEM_CORE=1 -DNMM_CORE=0 -DNMM_MAX_DIM=2600 -DCOAMPS_CORE=0 -DDA_CORE=0 -DEXP_CORE=0 -DIWORDSIZE=4 -DDWORDSIZE=8 -DRWORDSIZE=4 -DLWORDSIZE=4 -DNONSTANDARD_SYSTEM_FUNC  -DWRF_USE_CLM -DUSE_NETCDF4_FEATURES -DWRFIO_NCD_LARGE_FILE_SUPPORT  -DDM_PARALLEL -DNETCDF -DHDF5 -DUSE_ALLOCATABLES -DGRIB1 -DINTIO -DKEEP_INT_AROUND -DLIMIT_ARGS -DCONFIG_BUF_LEN=65536 -DMAX_DOMAINS_F=21 -DMAX_HISTORY=25 -DNMM_NEST=0  -I. -traditional -DUSE_NETCDF4_FEATURES -DWRFIO_NCD_LARGE_FILE_SUPPORT  cosq1i.F  > cosq1i.f90
ftn -c -real-size 32 -i4  -w -ftz -fno-alias -align all -FR -convert big_endian   cosq1i.f90
rm -f -f cmf3kb.f90
/lib/cpp -P -DEM_CORE=1 -DNMM_CORE=0 -DNMM_MAX_DIM=2600 -DCOAMPS_CORE=0 -DDA_CORE=0 -DEXP_CORE=0 -DIWORDSIZE=4 -DDWORDSIZE=8 -DRWORDSIZE=4 -DLWORDSIZE=4 -DNONSTANDARD_SYSTEM_FUNC  -DWRF_USE_CLM -DUSE_NETCDF4_FEATURES -DWRFIO_NCD_LARGE_FILE_SUPPORT  -DDM_PARALLEL -DNETCDF -DHDF5 -DUSE_ALLOCATABLES -DGRIB1 -DINTIO -DKEEP_INT_AROUND -DLIMIT_ARGS -DCONFIG_BUF_LEN=65536 -DMAX_DOMAINS_F=21 -DMAX_HISTORY=25 -DNMM_NEST=0  -I. -traditional -DUSE_NETCDF4_FEATURES -DWRFIO_NCD_LARGE_FILE_SUPPORT  costmf.F  > costmf.f90
ftn -c -real-size 32 -i4  -w -ftz -fno-alias -align all -FR -convert big_endian   costmf.f90
rm -f -f cosq1i.f90
/lib/cpp -P -DEM_CORE=1 -DNMM_CORE=0 -DNMM_MAX_DIM=2600 -DCOAMPS_CORE=0 -DDA_CORE=0 -DEXP_CORE=0 -DIWORDSIZE=4 -DDWORDSIZE=8 -DRWORDSIZE=4 -DLWORDSIZE=4 -DNONSTANDARD_SYSTEM_FUNC  -DWRF_USE_CLM -DUSE_NETCDF4_FEATURES -DWRFIO_NCD_LARGE_FILE_SUPPORT  -DDM_PARALLEL -DNETCDF -DHDF5 -DUSE_ALLOCATABLES -DGRIB1 -DINTIO -DKEEP_INT_AROUND -DLIMIT_ARGS -DCONFIG_BUF_LEN=65536 -DMAX_DOMAINS_F=21 -DMAX_HISTORY=25 -DNMM_NEST=0  -I. -traditional -DUSE_NETCDF4_FEATURES -DWRFIO_NCD_LARGE_FILE_SUPPORT  dcosq1b.F  > dcosq1b.f90
ftn -c -real-size 32 -i4  -w -ftz -fno-alias -align all -FR -convert big_endian   dcosq1b.f90
rm -f -f costmf.f90
/lib/cpp -P -DEM_CORE=1 -DNMM_CORE=0 -DNMM_MAX_DIM=2600 -DCOAMPS_CORE=0 -DDA_CORE=0 -DEXP_CORE=0 -DIWORDSIZE=4 -DDWORDSIZE=8 -DRWORDSIZE=4 -DLWORDSIZE=4 -DNONSTANDARD_SYSTEM_FUNC  -DWRF_USE_CLM -DUSE_NETCDF4_FEATURES -DWRFIO_NCD_LARGE_FILE_SUPPORT  -DDM_PARALLEL -DNETCDF -DHDF5 -DUSE_ALLOCATABLES -DGRIB1 -DINTIO -DKEEP_INT_AROUND -DLIMIT_ARGS -DCONFIG_BUF_LEN=65536 -DMAX_DOMAINS_F=21 -DMAX_HISTORY=25 -DNMM_NEST=0  -I. -traditional -DUSE_NETCDF4_FEATURES -DWRFIO_NCD_LARGE_FILE_SUPPORT  dfft1i.F  > dfft1i.f90
ftn -c -real-size 32 -i4  -w -ftz -fno-alias -align all -FR -convert big_endian   dfft1i.f90
rm -f -f dcosq1b.f90
/lib/cpp -P -DEM_CORE=1 -DNMM_CORE=0 -DNMM_MAX_DIM=2600 -DCOAMPS_CORE=0 -DDA_CORE=0 -DEXP_CORE=0 -DIWORDSIZE=4 -DDWORDSIZE=8 -DRWORDSIZE=4 -DLWORDSIZE=4 -DNONSTANDARD_SYSTEM_FUNC  -DWRF_USE_CLM -DUSE_NETCDF4_FEATURES -DWRFIO_NCD_LARGE_FILE_SUPPORT  -DDM_PARALLEL -DNETCDF -DHDF5 -DUSE_ALLOCATABLES -DGRIB1 -DINTIO -DKEEP_INT_AROUND -DLIMIT_ARGS -DCONFIG_BUF_LEN=65536 -DMAX_DOMAINS_F=21 -DMAX_HISTORY=25 -DNMM_NEST=0  -I. -traditional -DUSE_NETCDF4_FEATURES -DWRFIO_NCD_LARGE_FILE_SUPPORT  mcstf1.F  > mcstf1.f90
ftn -c -real-size 32 -i4  -w -ftz -fno-alias -align all -FR -convert big_endian   mcstf1.f90
rm -f -f dfft1i.f90
/lib/cpp -P -DEM_CORE=1 -DNMM_CORE=0 -DNMM_MAX_DIM=2600 -DCOAMPS_CORE=0 -DDA_CORE=0 -DEXP_CORE=0 -DIWORDSIZE=4 -DDWORDSIZE=8 -DRWORDSIZE=4 -DLWORDSIZE=4 -DNONSTANDARD_SYSTEM_FUNC  -DWRF_USE_CLM -DUSE_NETCDF4_FEATURES -DWRFIO_NCD_LARGE_FILE_SUPPORT  -DDM_PARALLEL -DNETCDF -DHDF5 -DUSE_ALLOCATABLES -DGRIB1 -DINTIO -DKEEP_INT_AROUND -DLIMIT_ARGS -DCONFIG_BUF_LEN=65536 -DMAX_DOMAINS_F=21 -DMAX_HISTORY=25 -DNMM_NEST=0  -I. -traditional -DUSE_NETCDF4_FEATURES -DWRFIO_NCD_LARGE_FILE_SUPPORT  mrftf1.F  > mrftf1.f90
ftn -c -real-size 32 -i4  -w -ftz -fno-alias -align all -FR -convert big_endian   mrftf1.f90
rm -f -f mcstf1.f90
/lib/cpp -P -DEM_CORE=1 -DNMM_CORE=0 -DNMM_MAX_DIM=2600 -DCOAMPS_CORE=0 -DDA_CORE=0 -DEXP_CORE=0 -DIWORDSIZE=4 -DDWORDSIZE=8 -DRWORDSIZE=4 -DLWORDSIZE=4 -DNONSTANDARD_SYSTEM_FUNC  -DWRF_USE_CLM -DUSE_NETCDF4_FEATURES -DWRFIO_NCD_LARGE_FILE_SUPPORT  -DDM_PARALLEL -DNETCDF -DHDF5 -DUSE_ALLOCATABLES -DGRIB1 -DINTIO -DKEEP_INT_AROUND -DLIMIT_ARGS -DCONFIG_BUF_LEN=65536 -DMAX_DOMAINS_F=21 -DMAX_HISTORY=25 -DNMM_NEST=0  -I. -traditional -DUSE_NETCDF4_FEATURES -DWRFIO_NCD_LARGE_FILE_SUPPORT  r1fgkb.F  > r1fgkb.f90
ftn -c -real-size 32 -i4  -w -ftz -fno-alias -align all -FR -convert big_endian   r1fgkb.f90
rm -f -f mrftf1.f90
/lib/cpp -P -DEM_CORE=1 -DNMM_CORE=0 -DNMM_MAX_DIM=2600 -DCOAMPS_CORE=0 -DDA_CORE=0 -DEXP_CORE=0 -DIWORDSIZE=4 -DDWORDSIZE=8 -DRWORDSIZE=4 -DLWORDSIZE=4 -DNONSTANDARD_SYSTEM_FUNC  -DWRF_USE_CLM -DUSE_NETCDF4_FEATURES -DWRFIO_NCD_LARGE_FILE_SUPPORT  -DDM_PARALLEL -DNETCDF -DHDF5 -DUSE_ALLOCATABLES -DGRIB1 -DINTIO -DKEEP_INT_AROUND -DLIMIT_ARGS -DCONFIG_BUF_LEN=65536 -DMAX_DOMAINS_F=21 -DMAX_HISTORY=25 -DNMM_NEST=0  -I. -traditional -DUSE_NETCDF4_FEATURES -DWRFIO_NCD_LARGE_FILE_SUPPORT  rfft2f.F  > rfft2f.f90
ftn -c -real-size 32 -i4  -w -ftz -fno-alias -align all -FR -convert big_endian   rfft2f.f90
rm -f -f r1fgkb.f90
/lib/cpp -P -DEM_CORE=1 -DNMM_CORE=0 -DNMM_MAX_DIM=2600 -DCOAMPS_CORE=0 -DDA_CORE=0 -DEXP_CORE=0 -DIWORDSIZE=4 -DDWORDSIZE=8 -DRWORDSIZE=4 -DLWORDSIZE=4 -DNONSTANDARD_SYSTEM_FUNC  -DWRF_USE_CLM -DUSE_NETCDF4_FEATURES -DWRFIO_NCD_LARGE_FILE_SUPPORT  -DDM_PARALLEL -DNETCDF -DHDF5 -DUSE_ALLOCATABLES -DGRIB1 -DINTIO -DKEEP_INT_AROUND -DLIMIT_ARGS -DCONFIG_BUF_LEN=65536 -DMAX_DOMAINS_F=21 -DMAX_HISTORY=25 -DNMM_NEST=0  -I. -traditional -DUSE_NETCDF4_FEATURES -DWRFIO_NCD_LARGE_FILE_SUPPORT  sinqmf.F  > sinqmf.f90
ftn -c -real-size 32 -i4  -w -ftz -fno-alias -align all -FR -convert big_endian   sinqmf.f90
rm -f -f rfft2f.f90
/lib/cpp -P -DEM_CORE=1 -DNMM_CORE=0 -DNMM_MAX_DIM=2600 -DCOAMPS_CORE=0 -DDA_CORE=0 -DEXP_CORE=0 -DIWORDSIZE=4 -DDWORDSIZE=8 -DRWORDSIZE=4 -DLWORDSIZE=4 -DNONSTANDARD_SYSTEM_FUNC  -DWRF_USE_CLM -DUSE_NETCDF4_FEATURES -DWRFIO_NCD_LARGE_FILE_SUPPORT  -DDM_PARALLEL -DNETCDF -DHDF5 -DUSE_ALLOCATABLES -DGRIB1 -DINTIO -DKEEP_INT_AROUND -DLIMIT_ARGS -DCONFIG_BUF_LEN=65536 -DMAX_DOMAINS_F=21 -DMAX_HISTORY=25 -DNMM_NEST=0  -I. -traditional -DUSE_NETCDF4_FEATURES -DWRFIO_NCD_LARGE_FILE_SUPPORT  z1f2kb.F  > z1f2kb.f90
ftn -c -real-size 32 -i4  -w -ftz -fno-alias -align all -FR -convert big_endian   z1f2kb.f90
rm -f -f sinqmf.f90
/lib/cpp -P -DEM_CORE=1 -DNMM_CORE=0 -DNMM_MAX_DIM=2600 -DCOAMPS_CORE=0 -DDA_CORE=0 -DEXP_CORE=0 -DIWORDSIZE=4 -DDWORDSIZE=8 -DRWORDSIZE=4 -DLWORDSIZE=4 -DNONSTANDARD_SYSTEM_FUNC  -DWRF_USE_CLM -DUSE_NETCDF4_FEATURES -DWRFIO_NCD_LARGE_FILE_SUPPORT  -DDM_PARALLEL -DNETCDF -DHDF5 -DUSE_ALLOCATABLES -DGRIB1 -DINTIO -DKEEP_INT_AROUND -DLIMIT_ARGS -DCONFIG_BUF_LEN=65536 -DMAX_DOMAINS_F=21 -DMAX_HISTORY=25 -DNMM_NEST=0  -I. -traditional -DUSE_NETCDF4_FEATURES -DWRFIO_NCD_LARGE_FILE_SUPPORT  zfft1b.F  > zfft1b.f90
ftn -c -real-size 32 -i4  -w -ftz -fno-alias -align all -FR -convert big_endian   zfft1b.f90
rm -f -f z1f2kb.f90
/lib/cpp -P -DEM_CORE=1 -DNMM_CORE=0 -DNMM_MAX_DIM=2600 -DCOAMPS_CORE=0 -DDA_CORE=0 -DEXP_CORE=0 -DIWORDSIZE=4 -DDWORDSIZE=8 -DRWORDSIZE=4 -DLWORDSIZE=4 -DNONSTANDARD_SYSTEM_FUNC  -DWRF_USE_CLM -DUSE_NETCDF4_FEATURES -DWRFIO_NCD_LARGE_FILE_SUPPORT  -DDM_PARALLEL -DNETCDF -DHDF5 -DUSE_ALLOCATABLES -DGRIB1 -DINTIO -DKEEP_INT_AROUND -DLIMIT_ARGS -DCONFIG_BUF_LEN=65536 -DMAX_DOMAINS_F=21 -DMAX_HISTORY=25 -DNMM_NEST=0  -I. -traditional -DUSE_NETCDF4_FEATURES -DWRFIO_NCD_LARGE_FILE_SUPPORT  zmf3kf.F  > zmf3kf.f90
ftn -c -real-size 32 -i4  -w -ftz -fno-alias -align all -FR -convert big_endian   zmf3kf.f90
rm -f -f zfft1b.f90
rm -f -f zmf3kf.f90
ar ru libfftpack.a c1f2kb.o  cfft1b.o  cmf3kf.o  cosqb1.o  costmi.o   dcosq1f.o  dfftb1.o   mradb2.o  mrfti1.o  r1fgkf.o     rfft2i.o  sinqmi.o  z1f2kf.o  zfft1f.o  zmf4kb.o c1f2kf.o  cfft1f.o  cmf4kb.o  cosqf1.o  d1f2kb.o   dcosq1i.o  dfftf1.o   mradb3.o  msntb1.o  r4_factor.o  rfftb1.o  sint1b.o  z1f3kb.o  zfft1i.o  zmf4kf.o c1f3kb.o  cfft1i.o  cmf4kf.o  cosqmb.o  d1f2kf.o   dcosqb1.o  dffti1.o   mradb4.o  msntf1.o  r4_mcfti1.o  rfftf1.o  sint1f.o  z1f3kf.o  zfft2b.o  zmf5kb.o c1f3kf.o  cfft2b.o  cmf5kb.o  cosqmf.o  d1f3kb.o   dcosqf1.o  dsint1b.o  mradb5.o  r1f2kb.o  r4_tables.o  rffti1.o  sint1i.o  z1f4kb.o  zfft2f.o  zmf5kf.o c1f4kb.o  cfft2f.o  cmf5kf.o  cosqmi.o  d1f3kf.o   dcost1b.o  dsint1f.o  mradbg.o  r1f2kf.o  r8_factor.o  rfftmb.o  sintb1.o  z1f4kf.o  zfft2i.o  zmfgkb.o c1f4kf.o  cfft2i.o  cmfgkb.o  cost1b.o  d1f4kb.o   dcost1f.o  dsint1i.o  mradf2.o  r1f3kb.o  r8_mcfti1.o  rfftmf.o  sintf1.o  z1f5kb.o  zfftmb.o  zmfgkf.o c1f5kb.o  cfftmb.o  cmfgkf.o  cost1f.o  d1f4kf.o   dcost1i.o  dsintb1.o  mradf3.o  r1f3kf.o  r8_tables.o  rfftmi.o  sintmb.o  z1f5kf.o  zfftmf.o  zmfm1b.o c1f5kf.o  cfftmf.o  cmfm1b.o  cost1i.o  d1f5kb.o   dcostb1.o  dsintf1.o  mradf4.o  r1f4kb.o  rfft1b.o     sinq1b.o  sintmf.o  z1fgkb.o  zfftmi.o  zmfm1f.o c1fgkb.o  cfftmi.o  cmfm1f.o  costb1.o  d1f5kf.o   dcostf1.o  mcsqb1.o   mradf5.o  r1f4kf.o  rfft1f.o     sinq1f.o  sintmi.o  z1fgkf.o  zmf2kb.o c1fgkf.o  cmf2kb.o  cosq1b.o  costf1.o  d1fgkb.o   dfft1b.o   mcsqf1.o   mradfg.o  r1f5kb.o  rfft1i.o     sinq1i.o  xercon.o  z1fm1b.o  zmf2kf.o c1fm1b.o  cmf2kf.o  cosq1f.o  costmb.o  d1fgkf.o   dfft1f.o   mcstb1.o   mrftb1.o  r1f5kf.o  rfft2b.o     sinqmb.o  xerfft.o  z1fm1f.o  zmf3kb.o c1fm1f.o  cmf3kb.o  cosq1i.o  costmf.o  dcosq1b.o  dfft1i.o   mcstf1.o   mrftf1.o  r1fgkb.o  rfft2f.o     sinqmf.o  z1f2kb.o  zfft1b.o  zmf3kf.o 
ar: creating libfftpack.a
ranlib libfftpack.a
make[3]: Leaving directory '/scratch/john.lawson/stochastic/stochWRF_3.8/external/fftpack/fftpack5'
( cd /scratch/john.lawson/stochastic/stochWRF_3.8/external/RSL_LITE ; make -j 2 CC="cc -DMPI2_SUPPORT -DFSEEKO64_OK  -w -O3 -ip  -DDM_PARALLEL -DMAX_HISTORY=25 -DNMM_CORE=0" \
          FC="ftn -ip -O3  -w -ftz -fno-alias -align all -FR -convert big_endian    -real-size `expr 8 \* 4` -i4 -convert big_endian" \
          CPP="/lib/cpp -P -I. -DEM_CORE=1 -DNMM_CORE=0 -DNMM_MAX_DIM=2600 -DCOAMPS_CORE=0 -DDA_CORE=0 -DEXP_CORE=0 -DIWORDSIZE=4 -DDWORDSIZE=8 -DRWORDSIZE=4 -DLWORDSIZE=4 -DNONSTANDARD_SYSTEM_FUNC  -DWRF_USE_CLM -DUSE_NETCDF4_FEATURES -DWRFIO_NCD_LARGE_FILE_SUPPORT  -DDM_PARALLEL -DNETCDF -DHDF5 -DUSE_ALLOCATABLES -DGRIB1 -DINTIO -DKEEP_INT_AROUND -DLIMIT_ARGS -DCONFIG_BUF_LEN=65536 -DMAX_DOMAINS_F=21 -DMAX_HISTORY=25 -DNMM_NEST=0  -traditional -DUSE_NETCDF4_FEATURES -DWRFIO_NCD_LARGE_FILE_SUPPORT" AR="ar" ARFLAGS="ru" ;\
          ranlib /scratch/john.lawson/stochastic/stochWRF_3.8/external/RSL_LITE/librsl_lite.a )
make[3]: Entering directory '/scratch/john.lawson/stochastic/stochWRF_3.8/external/RSL_LITE'
cc -DMPI2_SUPPORT -DFSEEKO64_OK  -w -O3 -ip  -DDM_PARALLEL -DMAX_HISTORY=25 -DNMM_CORE=0  -c c_code.c
cc -DMPI2_SUPPORT -DFSEEKO64_OK  -w -O3 -ip  -DDM_PARALLEL -DMAX_HISTORY=25 -DNMM_CORE=0  -c buf_for_proc.c
cc -DMPI2_SUPPORT -DFSEEKO64_OK  -w -O3 -ip  -DDM_PARALLEL -DMAX_HISTORY=25 -DNMM_CORE=0  -c rsl_malloc.c
cc -DMPI2_SUPPORT -DFSEEKO64_OK  -w -O3 -ip  -DDM_PARALLEL -DMAX_HISTORY=25 -DNMM_CORE=0  -c rsl_bcast.c
cc -DMPI2_SUPPORT -DFSEEKO64_OK  -w -O3 -ip  -DDM_PARALLEL -DMAX_HISTORY=25 -DNMM_CORE=0  -c task_for_point.c
cc -DMPI2_SUPPORT -DFSEEKO64_OK  -w -O3 -ip  -DDM_PARALLEL -DMAX_HISTORY=25 -DNMM_CORE=0  -c period.c
cc -DMPI2_SUPPORT -DFSEEKO64_OK  -w -O3 -ip  -DDM_PARALLEL -DMAX_HISTORY=25 -DNMM_CORE=0  -c swap.c
cc -DMPI2_SUPPORT -DFSEEKO64_OK  -w -O3 -ip  -DDM_PARALLEL -DMAX_HISTORY=25 -DNMM_CORE=0  -c cycle.c
/lib/cpp -P -I. -DEM_CORE=1 -DNMM_CORE=0 -DNMM_MAX_DIM=2600 -DCOAMPS_CORE=0 -DDA_CORE=0 -DEXP_CORE=0 -DIWORDSIZE=4 -DDWORDSIZE=8 -DRWORDSIZE=4 -DLWORDSIZE=4 -DNONSTANDARD_SYSTEM_FUNC  -DWRF_USE_CLM -DUSE_NETCDF4_FEATURES -DWRFIO_NCD_LARGE_FILE_SUPPORT  -DDM_PARALLEL -DNETCDF -DHDF5 -DUSE_ALLOCATABLES -DGRIB1 -DINTIO -DKEEP_INT_AROUND -DLIMIT_ARGS -DCONFIG_BUF_LEN=65536 -DMAX_DOMAINS_F=21 -DMAX_HISTORY=25 -DNMM_NEST=0  -traditional -DUSE_NETCDF4_FEATURES -DWRFIO_NCD_LARGE_FILE_SUPPORT  f_pack.F90 > f_pack.f
ftn -ip -O3  -w -ftz -fno-alias -align all -FR -convert big_endian    -real-size 32 -i4 -convert big_endian -o f_pack.o  -c f_pack.f
/lib/cpp -P -I. -DEM_CORE=1 -DNMM_CORE=0 -DNMM_MAX_DIM=2600 -DCOAMPS_CORE=0 -DDA_CORE=0 -DEXP_CORE=0 -DIWORDSIZE=4 -DDWORDSIZE=8 -DRWORDSIZE=4 -DLWORDSIZE=4 -DNONSTANDARD_SYSTEM_FUNC  -DWRF_USE_CLM -DUSE_NETCDF4_FEATURES -DWRFIO_NCD_LARGE_FILE_SUPPORT  -DDM_PARALLEL -DNETCDF -DHDF5 -DUSE_ALLOCATABLES -DGRIB1 -DINTIO -DKEEP_INT_AROUND -DLIMIT_ARGS -DCONFIG_BUF_LEN=65536 -DMAX_DOMAINS_F=21 -DMAX_HISTORY=25 -DNMM_NEST=0  -traditional -DUSE_NETCDF4_FEATURES -DWRFIO_NCD_LARGE_FILE_SUPPORT f_xpose.F90 > f_xpose.f
ftn -ip -O3  -w -ftz -fno-alias -align all -FR -convert big_endian    -real-size 32 -i4 -convert big_endian -o f_xpose.o  -c f_xpose.f
/bin/rm -f librsl_lite.a
ar cr librsl_lite.a c_code.o buf_for_proc.o rsl_malloc.o rsl_bcast.o task_for_point.o period.o swap.o cycle.o f_pack.o f_xpose.o
make[3]: Leaving directory '/scratch/john.lawson/stochastic/stochWRF_3.8/external/RSL_LITE'
( if [ ! -e /scratch/john.lawson/stochastic/stochWRF_3.8/tools/gen_comms.c ] ; then \
          /bin/cp /scratch/john.lawson/stochastic/stochWRF_3.8/tools/gen_comms_warning /scratch/john.lawson/stochastic/stochWRF_3.8/tools/gen_comms.c ; \
          cat /scratch/john.lawson/stochastic/stochWRF_3.8/external/RSL_LITE/gen_comms.c >> /scratch/john.lawson/stochastic/stochWRF_3.8/tools/gen_comms.c ; fi )
( if [ ! -e module_dm.F ] ; then /bin/cp module_dm_warning module_dm.F ; \
          cat /scratch/john.lawson/stochastic/stochWRF_3.8/external/RSL_LITE/module_dm.F >> module_dm.F ; fi )
make[2]: Leaving directory '/scratch/john.lawson/stochastic/stochWRF_3.8/frame'
make[1]: Leaving directory '/scratch/john.lawson/stochastic/stochWRF_3.8'
make -i -r MODULE_DIRS="-I../dyn_em -I../dyn_nmm   -I/scratch/john.lawson/stochastic/stochWRF_3.8/external/esmf_time_f90  -I/scratch/john.lawson/stochastic/stochWRF_3.8/main -I/scratch/john.lawson/stochastic/stochWRF_3.8/external/io_netcdf -I/scratch/john.lawson/stochastic/stochWRF_3.8/external/io_int -I/scratch/john.lawson/stochastic/stochWRF_3.8/frame -I/scratch/john.lawson/stochastic/stochWRF_3.8/share -I/scratch/john.lawson/stochastic/stochWRF_3.8/phys -I/scratch/john.lawson/stochastic/stochWRF_3.8/chem -I/scratch/john.lawson/stochastic/stochWRF_3.8/inc -I/opt/cray/pe/netcdf-hdf5parallel/4.4.1.1.3/INTEL/16.0/include " toolsdir
make[1]: Entering directory '/scratch/john.lawson/stochastic/stochWRF_3.8'
--------------------------------------
( cd tools ; make -i -r CC_TOOLS_CFLAGS="-DNMM_CORE=0" CC_TOOLS="gcc -DIWORDSIZE=4 -DMAX_HISTORY=25" )
make[2]: Entering directory '/scratch/john.lawson/stochastic/stochWRF_3.8/tools'
gcc -DIWORDSIZE=4 -DMAX_HISTORY=25 -DNMM_CORE=0  -c -g  registry.c
registry.c: In function 'main':
registry.c:60:3: warning: implicit declaration of function 'sym_forget' [-Wimplicit-function-declaration]
   sym_forget() ;
   ^~~~~~~~~~
registry.c:132:3: warning: implicit declaration of function 'gen_io_boilerplate' [-Wimplicit-function-declaration]
   gen_io_boilerplate() ;  /* 20091213 jm.  Generate the io_boilerplate_temporary.inc file */
   ^~~~~~~~~~~~~~~~~~
registry.c:134:3: warning: implicit declaration of function 'init_parser' [-Wimplicit-function-declaration]
   init_parser() ;
   ^~~~~~~~~~~
registry.c:157:8: warning: implicit declaration of function 'pre_parse' [-Wimplicit-function-declaration]
   if ( pre_parse( dir, fp_in, fp_tmp ) ) {
        ^~~~~~~~~
registry.c:177:3: warning: implicit declaration of function 'check_dimspecs' [-Wimplicit-function-declaration]
   check_dimspecs() ;
   ^~~~~~~~~~~~~~
registry.c:187:3: warning: implicit declaration of function 'gen_actual_args_new' [-Wimplicit-function-declaration]
   gen_actual_args_new( "inc" ) ;
   ^~~~~~~~~~~~~~~~~~~
registry.c:189:3: warning: implicit declaration of function 'gen_dummy_args_new' [-Wimplicit-function-declaration]
   gen_dummy_args_new( "inc" ) ;
   ^~~~~~~~~~~~~~~~~~
registry.c:191:3: warning: implicit declaration of function 'gen_dummy_decls_new' [-Wimplicit-function-declaration]
   gen_dummy_decls_new( "inc" ) ;
   ^~~~~~~~~~~~~~~~~~~
registry.c:193:3: warning: implicit declaration of function 'gen_namelist_statements' [-Wimplicit-function-declaration]
   gen_namelist_statements("inc") ;
   ^~~~~~~~~~~~~~~~~~~~~~~
registry.c:203:3: warning: implicit declaration of function 'gen_nest_interp' [-Wimplicit-function-declaration]
   gen_nest_interp( "inc" ) ;
   ^~~~~~~~~~~~~~~
registry.c:204:3: warning: implicit declaration of function 'gen_nest_v_interp' [-Wimplicit-function-declaration]
   gen_nest_v_interp( "inc") ; /*KAL added this for vertical interpolation*/
   ^~~~~~~~~~~~~~~~~
registry.c:206:3: warning: implicit declaration of function 'gen_streams' [-Wimplicit-function-declaration]
   gen_streams("inc") ;
   ^~~~~~~~~~~
registry.c:209:3: warning: implicit declaration of function 'gen_comms' [-Wimplicit-function-declaration]
   gen_comms( "inc" ) ;    /* this is either package supplied (by copying a */
   ^~~~~~~~~
gcc -DIWORDSIZE=4 -DMAX_HISTORY=25 -DNMM_CORE=0  -c -g  my_strtok.c
gcc -DIWORDSIZE=4 -DMAX_HISTORY=25 -DNMM_CORE=0  -c -g  reg_parse.c
reg_parse.c: In function 'pre_parse':
reg_parse.c:229:15: warning: implicit declaration of function 'tolower' [-Wimplicit-function-declaration]
           x = tolower(tokens[F_DIMS][i]) ;
               ^~~~~~~
gcc -DIWORDSIZE=4 -DMAX_HISTORY=25 -DNMM_CORE=0  -c -g  data.c
gcc -DIWORDSIZE=4 -DMAX_HISTORY=25 -DNMM_CORE=0  -c -g  type.c
gcc -DIWORDSIZE=4 -DMAX_HISTORY=25 -DNMM_CORE=0  -c -g  misc.c
misc.c: In function 'make_entries_uniq':
misc.c:434:32: warning: implicit declaration of function 'getpid' [-Wimplicit-function-declaration]
   sprintf(tempfile,"regtmp1%d",getpid()) ;
                                ^~~~~~
misc.c: In function 'make_upper_case':
misc.c:467:35: warning: implicit declaration of function 'toupper' [-Wimplicit-function-declaration]
   for ( p = str ; *p ; p++ ) *p = toupper(*p) ;
                                   ^~~~~~~
misc.c: In function 'make_lower_case':
misc.c:477:35: warning: implicit declaration of function 'tolower' [-Wimplicit-function-declaration]
   for ( p = str ; *p ; p++ ) *p = tolower(*p) ;
                                   ^~~~~~~
gcc -DIWORDSIZE=4 -DMAX_HISTORY=25 -DNMM_CORE=0  -c -g  gen_defs.c
gcc -DIWORDSIZE=4 -DMAX_HISTORY=25 -DNMM_CORE=0  -c -g  gen_allocs.c
gen_allocs.c: In function 'gen_alloc2':
gen_allocs.c:110:5: warning: implicit declaration of function 'make_upper_case' [-Wimplicit-function-declaration]
     make_upper_case(dname_tmp) ;
     ^~~~~~~~~~~~~~~
gcc -DIWORDSIZE=4 -DMAX_HISTORY=25 -DNMM_CORE=0  -c -g  gen_mod_state_descr.c
gcc -DIWORDSIZE=4 -DMAX_HISTORY=25 -DNMM_CORE=0  -c -g  gen_scalar_indices.c
gen_scalar_indices.c: In function 'gen_scalar_indices1':
gen_scalar_indices.c:193:19: warning: implicit declaration of function 'make_lower_case' [-Wimplicit-function-declaration]
                   make_lower_case(fname)  ;
                   ^~~~~~~~~~~~~~~
gcc -DIWORDSIZE=4 -DMAX_HISTORY=25 -DNMM_CORE=0  -c -g  gen_args.c
gcc -DIWORDSIZE=4 -DMAX_HISTORY=25 -DNMM_CORE=0  -c -g  gen_config.c
gen_config.c: In function 'gen_namelist_script':
gen_config.c:135:3: warning: implicit declaration of function 'sym_forget' [-Wimplicit-function-declaration]
   sym_forget() ;
   ^~~~~~~~~~
gen_config.c:167:25: warning: implicit declaration of function 'toupper' [-Wimplicit-function-declaration]
                   fputc(toupper(*i),fp);
                         ^~~~~~~
gcc -DIWORDSIZE=4 -DMAX_HISTORY=25 -DNMM_CORE=0  -c -g  sym.c
sym.c: In function 'sym_init':
sym.c:73:5: warning: implicit declaration of function 'create_ht' [-Wimplicit-function-declaration]
     create_ht( &symtab ) ;
     ^~~~~~~~~
sym.c:77:2: warning: implicit declaration of function 'exit' [-Wimplicit-function-declaration]
  exit(1) ;
  ^~~~
sym.c:77:2: warning: incompatible implicit declaration of built-in function 'exit'
sym.c:77:2: note: include '<stdlib.h>' or provide a declaration of 'exit'
sym.c: In function 'sym_forget':
sym.c:157:7: warning: incompatible implicit declaration of built-in function 'exit'
       exit(1) ;
       ^~~~
sym.c:157:7: note: include '<stdlib.h>' or provide a declaration of 'exit'
gcc -DIWORDSIZE=4 -DMAX_HISTORY=25 -DNMM_CORE=0  -c -g  symtab_gen.c
symtab_gen.c: In function 'symget':
symtab_gen.c:62:13: warning: implicit declaration of function 'hash' [-Wimplicit-function-declaration]
     index = hash( name ) ;
             ^~~~
gcc -DIWORDSIZE=4 -DMAX_HISTORY=25 -DNMM_CORE=0  -c -g  gen_model_data_ord.c
gcc -DIWORDSIZE=4 -DMAX_HISTORY=25 -DNMM_CORE=0  -c -g  gen_interp.c
gen_interp.c: In function 'gen_nest_v_interp':
gen_interp.c:96:5: warning: implicit declaration of function 'gen_nest_interp2' [-Wimplicit-function-declaration]
     gen_nest_interp2( fp, Domain.fields, NULL, down_path[ipath], (down_path[ipath]==FORCE_DOWN)?2:2 );
     ^~~~~~~~~~~~~~~~
gcc -DIWORDSIZE=4 -DMAX_HISTORY=25 -DNMM_CORE=0  -c -g  gen_comms.c
gen_comms.c: In function 'gen_halos':
gen_comms.c:255:9: warning: implicit declaration of function 'make_upper_case' [-Wimplicit-function-declaration]
         make_upper_case(commname) ;
         ^~~~~~~~~~~~~~~
gen_comms.c: At top level:
gen_comms.c:594:1: warning: return type defaults to 'int' [-Wimplicit-int]
 gen_packs_halo ( FILE *fp , node_t *p, char *shw, int xy /* 0=y,1=x */ , int pu /* 0=pack,1=unpack */, char * packname, char * commname, int always_interp_mp )
 ^~~~~~~~~~~~~~
gen_comms.c:808:1: warning: return type defaults to 'int' [-Wimplicit-int]
 gen_packs ( FILE *fp , node_t *p, int shw, int xy /* 0=y,1=x */ , int pu /* 0=pack,1=unpack */, char * packname, char * commname )
 ^~~~~~~~~
gcc -DIWORDSIZE=4 -DMAX_HISTORY=25 -DNMM_CORE=0  -c -g  gen_scalar_derefs.c
gcc -DIWORDSIZE=4 -DMAX_HISTORY=25 -DNMM_CORE=0  -c -g  set_dim_strs.c
gcc -DIWORDSIZE=4 -DMAX_HISTORY=25 -DNMM_CORE=0  -c -g  gen_wrf_io.c
gen_wrf_io.c: In function 'gen_wrf_io':
gen_wrf_io.c:27:3: warning: implicit declaration of function 'sym_forget' [-Wimplicit-function-declaration]
   sym_forget() ;
   ^
gen_wrf_io.c:36:3: note: in expansion of macro 'OP_F'
   OP_F(fp,"wrf_bdyout.inc") ;
   ^~~~
gen_wrf_io.c: In function 'gen_wrf_io2':
gen_wrf_io.c:320:11: warning: implicit declaration of function 'make_upper_case' [-Wimplicit-function-declaration]
           make_upper_case(dname) ;
           ^~~~~~~~~~~~~~~
gcc -DIWORDSIZE=4 -DMAX_HISTORY=25 -DNMM_CORE=0  -c -g  gen_streams.c
gen_streams.c: In function 'gen_streams':
gen_streams.c:25:3: warning: implicit declaration of function 'gen_io_domain_defs' [-Wimplicit-function-declaration]
   gen_io_domain_defs( fp ) ;
   ^~~~~~~~~~~~~~~~~~
gen_streams.c:33:3: warning: implicit declaration of function 'gen_set_timekeeping_defs' [-Wimplicit-function-declaration]
   gen_set_timekeeping_defs( fp ) ;
   ^~~~~~~~~~~~~~~~~~~~~~~~
gen_streams.c:41:3: warning: implicit declaration of function 'gen_set_timekeeping_alarms' [-Wimplicit-function-declaration]
   gen_set_timekeeping_alarms( fp ) ;
   ^~~~~~~~~~~~~~~~~~~~~~~~~~
gen_streams.c:49:3: warning: implicit declaration of function 'gen_io_form_for_dataset' [-Wimplicit-function-declaration]
   gen_io_form_for_dataset( fp ) ;
   ^~~~~~~~~~~~~~~~~~~~~~~
gen_streams.c:57:3: warning: implicit declaration of function 'gen_io_form_for_stream' [-Wimplicit-function-declaration]
   gen_io_form_for_stream( fp ) ;
   ^~~~~~~~~~~~~~~~~~~~~~
gen_streams.c:65:3: warning: implicit declaration of function 'gen_switches_and_alarms' [-Wimplicit-function-declaration]
   gen_switches_and_alarms( fp ) ;
   ^~~~~~~~~~~~~~~~~~~~~~~
gen_streams.c:73:3: warning: implicit declaration of function 'gen_check_auxstream_alarms' [-Wimplicit-function-declaration]
   gen_check_auxstream_alarms( fp ) ;
   ^~~~~~~~~~~~~~~~~~~~~~~~~~
gen_streams.c:81:3: warning: implicit declaration of function 'gen_fine_stream_input' [-Wimplicit-function-declaration]
   gen_fine_stream_input( fp ) ;
   ^~~~~~~~~~~~~~~~~~~~~
gen_streams.c:89:3: warning: implicit declaration of function 'gen_med_auxinput_in' [-Wimplicit-function-declaration]
   gen_med_auxinput_in( fp ) ;
   ^~~~~~~~~~~~~~~~~~~
gen_streams.c:97:3: warning: implicit declaration of function 'gen_med_hist_out_opens' [-Wimplicit-function-declaration]
   gen_med_hist_out_opens( fp ) ;
   ^~~~~~~~~~~~~~~~~~~~~~
gen_streams.c:105:3: warning: implicit declaration of function 'gen_med_hist_out_closes' [-Wimplicit-function-declaration]
   gen_med_hist_out_closes( fp ) ;
   ^~~~~~~~~~~~~~~~~~~~~~~
gen_streams.c:113:3: warning: implicit declaration of function 'gen_med_auxinput_in_closes' [-Wimplicit-function-declaration]
   gen_med_auxinput_in_closes( fp ) ;
   ^~~~~~~~~~~~~~~~~~~~~~~~~~
gen_streams.c:121:3: warning: implicit declaration of function 'gen_med_last_solve_io' [-Wimplicit-function-declaration]
   gen_med_last_solve_io( fp ) ;
   ^~~~~~~~~~~~~~~~~~~~~
gen_streams.c:129:3: warning: implicit declaration of function 'gen_med_open_esmf_calls' [-Wimplicit-function-declaration]
   gen_med_open_esmf_calls( fp ) ;
   ^~~~~~~~~~~~~~~~~~~~~~~
gen_streams.c:137:3: warning: implicit declaration of function 'gen_med_find_esmf_coupling' [-Wimplicit-function-declaration]
   gen_med_find_esmf_coupling( fp ) ;
   ^~~~~~~~~~~~~~~~~~~~~~~~~~
gen_streams.c:145:3: warning: implicit declaration of function 'gen_shutdown_closes' [-Wimplicit-function-declaration]
   gen_shutdown_closes( fp ) ;
   ^~~~~~~~~~~~~~~~~~~
gen_streams.c: At top level:
gen_streams.c:528:1: warning: return type defaults to 'int' [-Wimplicit-int]
 gen_med_open_esmf_calls ( FILE *fp )
 ^~~~~~~~~~~~~~~~~~~~~~~
gen_streams.c:558:1: warning: return type defaults to 'int' [-Wimplicit-int]
 gen_med_find_esmf_coupling ( FILE *fp )
 ^~~~~~~~~~~~~~~~~~~~~~~~~~
gcc -DIWORDSIZE=4 -DMAX_HISTORY=25 -DNMM_CORE=0  -c -g  standard.c
gcc -DIWORDSIZE=4 -DMAX_HISTORY=25 -o standard.exe -g   standard.o
gcc -DIWORDSIZE=4 -DMAX_HISTORY=25 -o registry -g   registry.o my_strtok.o reg_parse.o data.o type.o misc.o gen_defs.o gen_allocs.o gen_mod_state_descr.o gen_scalar_indices.o gen_args.o gen_config.o sym.o symtab_gen.o gen_model_data_ord.o gen_interp.o gen_comms.o gen_scalar_derefs.o set_dim_strs.o gen_wrf_io.o gen_streams.o
make[2]: Leaving directory '/scratch/john.lawson/stochastic/stochWRF_3.8/tools'
make[1]: Leaving directory '/scratch/john.lawson/stochastic/stochWRF_3.8'
/bin/rm -f main/libwrflib.a main/libwrflib.lib
make -i -r MODULE_DIRS="-I../dyn_em -I../dyn_nmm   -I/scratch/john.lawson/stochastic/stochWRF_3.8/external/esmf_time_f90  -I/scratch/john.lawson/stochastic/stochWRF_3.8/main -I/scratch/john.lawson/stochastic/stochWRF_3.8/external/io_netcdf -I/scratch/john.lawson/stochastic/stochWRF_3.8/external/io_int -I/scratch/john.lawson/stochastic/stochWRF_3.8/frame -I/scratch/john.lawson/stochastic/stochWRF_3.8/share -I/scratch/john.lawson/stochastic/stochWRF_3.8/phys -I/scratch/john.lawson/stochastic/stochWRF_3.8/chem -I/scratch/john.lawson/stochastic/stochWRF_3.8/inc -I/opt/cray/pe/netcdf-hdf5parallel/4.4.1.1.3/INTEL/16.0/include " framework
make[1]: Entering directory '/scratch/john.lawson/stochastic/stochWRF_3.8'
--------------------------------------
( cd frame ; make -i -r -j 2 framework; \
          cd ../external/io_netcdf ; \
          make -i -r NETCDFPATH="/opt/cray/pe/netcdf-hdf5parallel/4.4.1.1.3/INTEL/16.0" FC="ftn -w -ftz -fno-alias -align all -FR -convert big_endian  " RANLIB="ranlib" \
               CPP="/lib/cpp -P" LDFLAGS=" -ip -O3  -w -ftz -fno-alias -align all -FR -convert big_endian    " TRADFLAG="-traditional -DUSE_NETCDF4_FEATURES -DWRFIO_NCD_LARGE_FILE_SUPPORT" ESMF_IO_LIB_EXT="-L/scratch/john.lawson/stochastic/stochWRF_3.8/external/esmf_time_f90 -lesmf_time" \
       LIB_LOCAL="" \
               ESMF_MOD_DEPENDENCE="/scratch/john.lawson/stochastic/stochWRF_3.8/external/esmf_time_f90/module_utility.o" AR="INTERNAL_BUILD_ERROR_SHOULD_NOT_NEED_AR" diffwrf; \
          cd ../io_netcdf ; \
          make -i -r NETCDFPATH="/opt/cray/pe/netcdf-hdf5parallel/4.4.1.1.3/INTEL/16.0" FC="ftn -w -ftz -fno-alias -align all -FR -convert big_endian  " RANLIB="ranlib" \
               CPP="/lib/cpp -P" LDFLAGS=" -ip -O3  -w -ftz -fno-alias -align all -FR -convert big_endian    " TRADFLAG="-traditional -DUSE_NETCDF4_FEATURES -DWRFIO_NCD_LARGE_FILE_SUPPORT" ESMF_IO_LIB_EXT="-L/scratch/john.lawson/stochastic/stochWRF_3.8/external/esmf_time_f90 -lesmf_time" \
       LIB_LOCAL="" \
               ESMF_MOD_DEPENDENCE="/scratch/john.lawson/stochastic/stochWRF_3.8/external/esmf_time_f90/module_utility.o" AR="INTERNAL_BUILD_ERROR_SHOULD_NOT_NEED_AR"; \
          cd ../io_pio ; \
          echo SKIPPING PIO BUILD make -i -r NETCDFPATH="" FC="ftn -w -ftz -fno-alias -align all -FR -convert big_endian  " RANLIB="ranlib" \
               CPP="/lib/cpp -P" LDFLAGS=" -ip -O3  -w -ftz -fno-alias -align all -FR -convert big_endian    " TRADFLAG="-traditional -DUSE_NETCDF4_FEATURES -DWRFIO_NCD_LARGE_FILE_SUPPORT" ESMF_IO_LIB_EXT="-L/scratch/john.lawson/stochastic/stochWRF_3.8/external/esmf_time_f90 -lesmf_time" \
       LIB_LOCAL="" \
               ESMF_MOD_DEPENDENCE="/scratch/john.lawson/stochastic/stochWRF_3.8/external/esmf_time_f90/module_utility.o" AR="INTERNAL_BUILD_ERROR_SHOULD_NOT_NEED_AR"; \
          cd ../io_int ; \
          make -i -r SFC="ftn -w -ftz -fno-alias -align all -FR -convert big_endian  " FC="ftn -w -ftz -fno-alias -align all -FR -convert big_endian  " RANLIB="ranlib" CPP="/lib/cpp -P -DNONSTANDARD_SYSTEM_FUNC  -DWRF_USE_CLM -DUSE_NETCDF4_FEATURES -DWRFIO_NCD_LARGE_FILE_SUPPORT" DM_FC="ftn -w -ftz -fno-alias -align all -FR -convert big_endian  "\
               TRADFLAG="-traditional -DUSE_NETCDF4_FEATURES -DWRFIO_NCD_LARGE_FILE_SUPPORT" ESMF_IO_LIB_EXT="-L/scratch/john.lawson/stochastic/stochWRF_3.8/external/esmf_time_f90 -lesmf_time" \
               ESMF_MOD_DEPENDENCE="/scratch/john.lawson/stochastic/stochWRF_3.8/external/esmf_time_f90/module_utility.o" AR="INTERNAL_BUILD_ERROR_SHOULD_NOT_NEED_AR" diffwrf ; \
          cd ../../frame )
make[2]: Entering directory '/scratch/john.lawson/stochastic/stochWRF_3.8/frame'
( cd .. ; tools/registry -DEM_CORE=1 -DNMM_CORE=0 -DNMM_MAX_DIM=2600 -DCOAMPS_CORE=0 -DDA_CORE=0 -DEXP_CORE=0 -DIWORDSIZE=4 -DDWORDSIZE=8 -DRWORDSIZE=4 -DLWORDSIZE=4 -DNONSTANDARD_SYSTEM_FUNC  -DWRF_USE_CLM -DUSE_NETCDF4_FEATURES -DWRFIO_NCD_LARGE_FILE_SUPPORT  -DDM_PARALLEL -DNETCDF -DHDF5 -DUSE_ALLOCATABLES -DGRIB1 -DINTIO -DKEEP_INT_AROUND -DLIMIT_ARGS -DCONFIG_BUF_LEN=65536 -DMAX_DOMAINS_F=21 -DMAX_HISTORY=25 -DNMM_NEST=0  -DNEW_BDYS Registry/Registry ) ; 
rm -f wrf_shutdown.o
/lib/cpp -P -I/scratch/john.lawson/stochastic/stochWRF_3.8/inc -DEM_CORE=1 -DNMM_CORE=0 -DNMM_MAX_DIM=2600 -DCOAMPS_CORE=0 -DDA_CORE=0 -DEXP_CORE=0 -DIWORDSIZE=4 -DDWORDSIZE=8 -DRWORDSIZE=4 -DLWORDSIZE=4 -DNONSTANDARD_SYSTEM_FUNC  -DWRF_USE_CLM -DUSE_NETCDF4_FEATURES -DWRFIO_NCD_LARGE_FILE_SUPPORT  -DDM_PARALLEL -DNETCDF -DHDF5 -DUSE_ALLOCATABLES -DGRIB1 -DINTIO -DKEEP_INT_AROUND -DLIMIT_ARGS -DCONFIG_BUF_LEN=65536 -DMAX_DOMAINS_F=21 -DMAX_HISTORY=25 -DNMM_NEST=0  -I. -traditional -DUSE_NETCDF4_FEATURES -DWRFIO_NCD_LARGE_FILE_SUPPORT   wrf_shutdown.F  > wrf_shutdown.bb
opening Registry/registry.dimspec
including Registry/registry.dimspec
opening Registry/Registry.EM_COMMON
including Registry/Registry.EM_COMMON
/scratch/john.lawson/stochastic/stochWRF_3.8/tools/standard.exe wrf_shutdown.bb | /lib/cpp -P -traditional -DUSE_NETCDF4_FEATURES -DWRFIO_NCD_LARGE_FILE_SUPPORT > wrf_shutdown.f90
rm -f wrf_shutdown.b wrf_shutdown.bb
ftn -o wrf_shutdown.o -c -ip -O3  -w -ftz -fno-alias -align all -FR -convert big_endian    -I../dyn_em -I../dyn_nmm   -I/scratch/john.lawson/stochastic/stochWRF_3.8/external/esmf_time_f90  -I/scratch/john.lawson/stochastic/stochWRF_3.8/main -I/scratch/john.lawson/stochastic/stochWRF_3.8/external/io_netcdf -I/scratch/john.lawson/stochastic/stochWRF_3.8/external/io_int -I/scratch/john.lawson/stochastic/stochWRF_3.8/frame -I/scratch/john.lawson/stochastic/stochWRF_3.8/share -I/scratch/john.lawson/stochastic/stochWRF_3.8/phys -I/scratch/john.lawson/stochastic/stochWRF_3.8/chem -I/scratch/john.lawson/stochastic/stochWRF_3.8/inc -I/opt/cray/pe/netcdf-hdf5parallel/4.4.1.1.3/INTEL/16.0/include  -real-size `expr 8 \* 4` -i4  wrf_shutdown.f90
opening Registry/registry.io_boilerplate
including Registry/registry.io_boilerplate
opening Registry/io_boilerplate_temporary.inc
including Registry/io_boilerplate_temporary.inc
opening Registry/registry.fire
including Registry/registry.fire
opening Registry/registry.avgflx
including Registry/registry.avgflx
opening Registry/registry.stoch
including Registry/registry.stoch
opening Registry/registry.les
including Registry/registry.les
opening Registry/registry.cam
including Registry/registry.cam
opening Registry/registry.clm
including Registry/registry.clm
opening Registry/registry.ssib
including Registry/registry.ssib
opening Registry/registry.lake
including Registry/registry.lake
opening Registry/registry.diags
including Registry/registry.diags
opening Registry/registry.afwa
including Registry/registry.afwa
opening Registry/registry.sbm
including Registry/registry.sbm
opening Registry/registry.elec
including Registry/registry.elec
opening Registry/registry.bdy_perturb
including Registry/registry.bdy_perturb
rm -f clog.o
cc -DMPI2_SUPPORT -DFSEEKO64_OK  -o clog.o -c -w -O3 -ip  -DDM_PARALLEL -DMAX_HISTORY=25 -DNMM_CORE=0 clog.c
rm -f hires_timer.o
cc -DMPI2_SUPPORT -DFSEEKO64_OK  -o hires_timer.o -c -w -O3 -ip  -DDM_PARALLEL -DMAX_HISTORY=25 -DNMM_CORE=0 hires_timer.c
Registry INFO variable counts: 0d 2237 1d 111 2d 1009 3d 783
REGISTRY WARNING: o3rad: o3rad_b is not a variable or number; ignoring it
REGISTRY WARNING: o3rad: o3rad_bt is not a variable or number; ignoring it
REGISTRY WARNING: aerod(grid%sm31,grid%sm32,grid%sm33,itrace): aerod_b is not a variable or number; ignoring it
REGISTRY WARNING: aerod(grid%sm31,grid%sm32,grid%sm33,itrace): aerod_bt is not a variable or number; ignoring it
REGISTRY WARNING: om_tmp: om_tmp_b is not a variable or number; ignoring it
REGISTRY WARNING: om_tmp: om_tmp_bt is not a variable or number; ignoring it
REGISTRY WARNING: om_s: om_s_b is not a variable or number; ignoring it
REGISTRY WARNING: om_s: om_s_bt is not a variable or number; ignoring it
REGISTRY WARNING: om_u: om_u_b is not a variable or number; ignoring it
REGISTRY WARNING: om_u: om_u_bt is not a variable or number; ignoring it
REGISTRY WARNING: om_v: om_v_b is not a variable or number; ignoring it
REGISTRY WARNING: om_v: om_v_bt is not a variable or number; ignoring it
REGISTRY WARNING: om_ml: om_ml_b is not a variable or number; ignoring it
REGISTRY WARNING: om_ml: om_ml_bt is not a variable or number; ignoring it
REGISTRY WARNING: ru_tendf_stoch: ru_tendf_stoch_b is not a variable or number; ignoring it
REGISTRY WARNING: ru_tendf_stoch: ru_tendf_stoch_bt is not a variable or number; ignoring it
REGISTRY WARNING: rv_tendf_stoch: rv_tendf_stoch_b is not a variable or number; ignoring it
REGISTRY WARNING: rv_tendf_stoch: rv_tendf_stoch_bt is not a variable or number; ignoring it
REGISTRY WARNING: rt_tendf_stoch: rt_tendf_stoch_b is not a variable or number; ignoring it
REGISTRY WARNING: rt_tendf_stoch: rt_tendf_stoch_bt is not a variable or number; ignoring it
REGISTRY WARNING: rand_pert: rand_pert_b is not a variable or number; ignoring it
REGISTRY WARNING: rand_pert: rand_pert_bt is not a variable or number; ignoring it
REGISTRY WARNING: rstoch: rstoch_b is not a variable or number; ignoring it
REGISTRY WARNING: rstoch: rstoch_bt is not a variable or number; ignoring it
REGISTRY WARNING: field_u_tend_perturb: field_u_tend_perturb_b is not a variable or number; ignoring it
REGISTRY WARNING: field_u_tend_perturb: field_u_tend_perturb_bt is not a variable or number; ignoring it
REGISTRY WARNING: field_v_tend_perturb: field_v_tend_perturb_b is not a variable or number; ignoring it
REGISTRY WARNING: field_v_tend_perturb: field_v_tend_perturb_bt is not a variable or number; ignoring it
REGISTRY WARNING: field_t_tend_perturb: field_t_tend_perturb_b is not a variable or number; ignoring it
REGISTRY WARNING: field_t_tend_perturb: field_t_tend_perturb_bt is not a variable or number; ignoring it
ADVISORY: RSL_LITE version of gen_comms is linked in with registry program.
rm -f ../share/module_model_constants.o
/lib/cpp -P -I/scratch/john.lawson/stochastic/stochWRF_3.8/inc -DEM_CORE=1 -DNMM_CORE=0 -DNMM_MAX_DIM=2600 -DCOAMPS_CORE=0 -DDA_CORE=0 -DEXP_CORE=0 -DIWORDSIZE=4 -DDWORDSIZE=8 -DRWORDSIZE=4 -DLWORDSIZE=4 -DNONSTANDARD_SYSTEM_FUNC  -DWRF_USE_CLM -DUSE_NETCDF4_FEATURES -DWRFIO_NCD_LARGE_FILE_SUPPORT  -DDM_PARALLEL -DNETCDF -DHDF5 -DUSE_ALLOCATABLES -DGRIB1 -DINTIO -DKEEP_INT_AROUND -DLIMIT_ARGS -DCONFIG_BUF_LEN=65536 -DMAX_DOMAINS_F=21 -DMAX_HISTORY=25 -DNMM_NEST=0  -I. -traditional -DUSE_NETCDF4_FEATURES -DWRFIO_NCD_LARGE_FILE_SUPPORT   ../share/module_model_constants.F  > ../share/module_model_constants.bb
/scratch/john.lawson/stochastic/stochWRF_3.8/tools/standard.exe ../share/module_model_constants.bb | /lib/cpp -P -traditional -DUSE_NETCDF4_FEATURES -DWRFIO_NCD_LARGE_FILE_SUPPORT > ../share/module_model_constants.f90
rm -f ../share/module_model_constants.b ../share/module_model_constants.bb
ftn -o ../share/module_model_constants.o -c -ip -O3  -w -ftz -fno-alias -align all -FR -convert big_endian    -I../dyn_em -I../dyn_nmm   -I/scratch/john.lawson/stochastic/stochWRF_3.8/external/esmf_time_f90  -I/scratch/john.lawson/stochastic/stochWRF_3.8/main -I/scratch/john.lawson/stochastic/stochWRF_3.8/external/io_netcdf -I/scratch/john.lawson/stochastic/stochWRF_3.8/external/io_int -I/scratch/john.lawson/stochastic/stochWRF_3.8/frame -I/scratch/john.lawson/stochastic/stochWRF_3.8/share -I/scratch/john.lawson/stochastic/stochWRF_3.8/phys -I/scratch/john.lawson/stochastic/stochWRF_3.8/chem -I/scratch/john.lawson/stochastic/stochWRF_3.8/inc -I/opt/cray/pe/netcdf-hdf5parallel/4.4.1.1.3/INTEL/16.0/include  -real-size `expr 8 \* 4` -i4  ../share/module_model_constants.f90
if [ "m4" = NA ] ; then \
  /bin/cp ../arch/md_calls.inc . ; \
else \
  m4 md_calls.m4 > md_calls.inc ; \
fi
/lib/cpp -P -DEM_CORE=1 -DNMM_CORE=0 -DNMM_MAX_DIM=2600 -DCOAMPS_CORE=0 -DDA_CORE=0 -DEXP_CORE=0 -DIWORDSIZE=4 -DDWORDSIZE=8 -DRWORDSIZE=4 -DLWORDSIZE=4 -DNONSTANDARD_SYSTEM_FUNC  -DWRF_USE_CLM -DUSE_NETCDF4_FEATURES -DWRFIO_NCD_LARGE_FILE_SUPPORT  -DDM_PARALLEL -DNETCDF -DHDF5 -DUSE_ALLOCATABLES -DGRIB1 -DINTIO -DKEEP_INT_AROUND -DLIMIT_ARGS -DCONFIG_BUF_LEN=65536 -DMAX_DOMAINS_F=21 -DMAX_HISTORY=25 -DNMM_NEST=0  -I. -traditional -DUSE_NETCDF4_FEATURES -DWRFIO_NCD_LARGE_FILE_SUPPORT  -I../inc module_internal_header_util.F > module_internal_header_util.f90
ftn -c -real-size `expr 8 \* 4` -i4   -w -ftz -fno-alias -align all -FR -convert big_endian   module_internal_header_util.f90
cc -DMPI2_SUPPORT -DFSEEKO64_OK  -c -w -O3 -ip  -DDM_PARALLEL -DMAX_HISTORY=25 -DNMM_CORE=0 wrf_num_bytes_between.c
rm -f libmassv.o
/lib/cpp -P -I/scratch/john.lawson/stochastic/stochWRF_3.8/inc -DEM_CORE=1 -DNMM_CORE=0 -DNMM_MAX_DIM=2600 -DCOAMPS_CORE=0 -DDA_CORE=0 -DEXP_CORE=0 -DIWORDSIZE=4 -DDWORDSIZE=8 -DRWORDSIZE=4 -DLWORDSIZE=4 -DNONSTANDARD_SYSTEM_FUNC  -DWRF_USE_CLM -DUSE_NETCDF4_FEATURES -DWRFIO_NCD_LARGE_FILE_SUPPORT  -DDM_PARALLEL -DNETCDF -DHDF5 -DUSE_ALLOCATABLES -DGRIB1 -DINTIO -DKEEP_INT_AROUND -DLIMIT_ARGS -DCONFIG_BUF_LEN=65536 -DMAX_DOMAINS_F=21 -DMAX_HISTORY=25 -DNMM_NEST=0  -I. -traditional -DUSE_NETCDF4_FEATURES -DWRFIO_NCD_LARGE_FILE_SUPPORT   libmassv.F  > libmassv.bb
/scratch/john.lawson/stochastic/stochWRF_3.8/tools/standard.exe libmassv.bb | /lib/cpp -P -traditional -DUSE_NETCDF4_FEATURES -DWRFIO_NCD_LARGE_FILE_SUPPORT > libmassv.f90
rm -f libmassv.b libmassv.bb
ftn -o libmassv.o -c -ip -O3  -w -ftz -fno-alias -align all -FR -convert big_endian    -I../dyn_em -I../dyn_nmm   -I/scratch/john.lawson/stochastic/stochWRF_3.8/external/esmf_time_f90  -I/scratch/john.lawson/stochastic/stochWRF_3.8/main -I/scratch/john.lawson/stochastic/stochWRF_3.8/external/io_netcdf -I/scratch/john.lawson/stochastic/stochWRF_3.8/external/io_int -I/scratch/john.lawson/stochastic/stochWRF_3.8/frame -I/scratch/john.lawson/stochastic/stochWRF_3.8/share -I/scratch/john.lawson/stochastic/stochWRF_3.8/phys -I/scratch/john.lawson/stochastic/stochWRF_3.8/chem -I/scratch/john.lawson/stochastic/stochWRF_3.8/inc -I/opt/cray/pe/netcdf-hdf5parallel/4.4.1.1.3/INTEL/16.0/include  -real-size `expr 8 \* 4` -i4  libmassv.f90
rm -f collect_on_comm.o
cc -DMPI2_SUPPORT -DFSEEKO64_OK  -o collect_on_comm.o -c -w -O3 -ip  -DDM_PARALLEL -DMAX_HISTORY=25 -DNMM_CORE=0 collect_on_comm.c
cc -DMPI2_SUPPORT -DFSEEKO64_OK  -c -w -O3 -ip  -DDM_PARALLEL -DMAX_HISTORY=25 -DNMM_CORE=0 -DIWORDSIZE=4 pack_utils.c
rm -f module_state_description.o
/lib/cpp -P -I/scratch/john.lawson/stochastic/stochWRF_3.8/inc -DEM_CORE=1 -DNMM_CORE=0 -DNMM_MAX_DIM=2600 -DCOAMPS_CORE=0 -DDA_CORE=0 -DEXP_CORE=0 -DIWORDSIZE=4 -DDWORDSIZE=8 -DRWORDSIZE=4 -DLWORDSIZE=4 -DNONSTANDARD_SYSTEM_FUNC  -DWRF_USE_CLM -DUSE_NETCDF4_FEATURES -DWRFIO_NCD_LARGE_FILE_SUPPORT  -DDM_PARALLEL -DNETCDF -DHDF5 -DUSE_ALLOCATABLES -DGRIB1 -DINTIO -DKEEP_INT_AROUND -DLIMIT_ARGS -DCONFIG_BUF_LEN=65536 -DMAX_DOMAINS_F=21 -DMAX_HISTORY=25 -DNMM_NEST=0  -I. -traditional -DUSE_NETCDF4_FEATURES -DWRFIO_NCD_LARGE_FILE_SUPPORT   module_state_description.F  > module_state_description.bb
/scratch/john.lawson/stochastic/stochWRF_3.8/tools/standard.exe module_state_description.bb | /lib/cpp -P -traditional -DUSE_NETCDF4_FEATURES -DWRFIO_NCD_LARGE_FILE_SUPPORT > module_state_description.f90
rm -f module_state_description.b module_state_description.bb
ftn -c -real-size `expr 8 \* 4` -i4  -O0 -fno-inline -fno-ip -w -ftz -fno-alias -align all -FR -convert big_endian   -I../dyn_em -I../dyn_nmm   -I/scratch/john.lawson/stochastic/stochWRF_3.8/external/esmf_time_f90  -I/scratch/john.lawson/stochastic/stochWRF_3.8/main -I/scratch/john.lawson/stochastic/stochWRF_3.8/external/io_netcdf -I/scratch/john.lawson/stochastic/stochWRF_3.8/external/io_int -I/scratch/john.lawson/stochastic/stochWRF_3.8/frame -I/scratch/john.lawson/stochastic/stochWRF_3.8/share -I/scratch/john.lawson/stochastic/stochWRF_3.8/phys -I/scratch/john.lawson/stochastic/stochWRF_3.8/chem -I/scratch/john.lawson/stochastic/stochWRF_3.8/inc -I/opt/cray/pe/netcdf-hdf5parallel/4.4.1.1.3/INTEL/16.0/include  module_state_description.f90
rm -f module_wrf_error.o
/lib/cpp -P -I/scratch/john.lawson/stochastic/stochWRF_3.8/inc -DEM_CORE=1 -DNMM_CORE=0 -DNMM_MAX_DIM=2600 -DCOAMPS_CORE=0 -DDA_CORE=0 -DEXP_CORE=0 -DIWORDSIZE=4 -DDWORDSIZE=8 -DRWORDSIZE=4 -DLWORDSIZE=4 -DNONSTANDARD_SYSTEM_FUNC  -DWRF_USE_CLM -DUSE_NETCDF4_FEATURES -DWRFIO_NCD_LARGE_FILE_SUPPORT  -DDM_PARALLEL -DNETCDF -DHDF5 -DUSE_ALLOCATABLES -DGRIB1 -DINTIO -DKEEP_INT_AROUND -DLIMIT_ARGS -DCONFIG_BUF_LEN=65536 -DMAX_DOMAINS_F=21 -DMAX_HISTORY=25 -DNMM_NEST=0  -I. -traditional -DUSE_NETCDF4_FEATURES -DWRFIO_NCD_LARGE_FILE_SUPPORT   module_wrf_error.F  > module_wrf_error.bb
/scratch/john.lawson/stochastic/stochWRF_3.8/tools/standard.exe module_wrf_error.bb | /lib/cpp -P -traditional -DUSE_NETCDF4_FEATURES -DWRFIO_NCD_LARGE_FILE_SUPPORT > module_wrf_error.f90
rm -f module_wrf_error.b module_wrf_error.bb
ftn -o module_wrf_error.o -c -ip -O3  -w -ftz -fno-alias -align all -FR -convert big_endian    -I../dyn_em -I../dyn_nmm   -I/scratch/john.lawson/stochastic/stochWRF_3.8/external/esmf_time_f90  -I/scratch/john.lawson/stochastic/stochWRF_3.8/main -I/scratch/john.lawson/stochastic/stochWRF_3.8/external/io_netcdf -I/scratch/john.lawson/stochastic/stochWRF_3.8/external/io_int -I/scratch/john.lawson/stochastic/stochWRF_3.8/frame -I/scratch/john.lawson/stochastic/stochWRF_3.8/share -I/scratch/john.lawson/stochastic/stochWRF_3.8/phys -I/scratch/john.lawson/stochastic/stochWRF_3.8/chem -I/scratch/john.lawson/stochastic/stochWRF_3.8/inc -I/opt/cray/pe/netcdf-hdf5parallel/4.4.1.1.3/INTEL/16.0/include  -real-size `expr 8 \* 4` -i4  module_wrf_error.f90
rm -f module_streams.o
/lib/cpp -P -I/scratch/john.lawson/stochastic/stochWRF_3.8/inc -DEM_CORE=1 -DNMM_CORE=0 -DNMM_MAX_DIM=2600 -DCOAMPS_CORE=0 -DDA_CORE=0 -DEXP_CORE=0 -DIWORDSIZE=4 -DDWORDSIZE=8 -DRWORDSIZE=4 -DLWORDSIZE=4 -DNONSTANDARD_SYSTEM_FUNC  -DWRF_USE_CLM -DUSE_NETCDF4_FEATURES -DWRFIO_NCD_LARGE_FILE_SUPPORT  -DDM_PARALLEL -DNETCDF -DHDF5 -DUSE_ALLOCATABLES -DGRIB1 -DINTIO -DKEEP_INT_AROUND -DLIMIT_ARGS -DCONFIG_BUF_LEN=65536 -DMAX_DOMAINS_F=21 -DMAX_HISTORY=25 -DNMM_NEST=0  -I. -traditional -DUSE_NETCDF4_FEATURES -DWRFIO_NCD_LARGE_FILE_SUPPORT   module_streams.F  > module_streams.bb
/scratch/john.lawson/stochastic/stochWRF_3.8/tools/standard.exe module_streams.bb | /lib/cpp -P -traditional -DUSE_NETCDF4_FEATURES -DWRFIO_NCD_LARGE_FILE_SUPPORT > module_streams.f90
rm -f module_streams.b module_streams.bb
ftn -o module_streams.o -c -ip -O3  -w -ftz -fno-alias -align all -FR -convert big_endian    -I../dyn_em -I../dyn_nmm   -I/scratch/john.lawson/stochastic/stochWRF_3.8/external/esmf_time_f90  -I/scratch/john.lawson/stochastic/stochWRF_3.8/main -I/scratch/john.lawson/stochastic/stochWRF_3.8/external/io_netcdf -I/scratch/john.lawson/stochastic/stochWRF_3.8/external/io_int -I/scratch/john.lawson/stochastic/stochWRF_3.8/frame -I/scratch/john.lawson/stochastic/stochWRF_3.8/share -I/scratch/john.lawson/stochastic/stochWRF_3.8/phys -I/scratch/john.lawson/stochastic/stochWRF_3.8/chem -I/scratch/john.lawson/stochastic/stochWRF_3.8/inc -I/opt/cray/pe/netcdf-hdf5parallel/4.4.1.1.3/INTEL/16.0/include  -real-size `expr 8 \* 4` -i4  module_streams.f90
rm -f module_driver_constants.o
/lib/cpp -P -I/scratch/john.lawson/stochastic/stochWRF_3.8/inc -DEM_CORE=1 -DNMM_CORE=0 -DNMM_MAX_DIM=2600 -DCOAMPS_CORE=0 -DDA_CORE=0 -DEXP_CORE=0 -DIWORDSIZE=4 -DDWORDSIZE=8 -DRWORDSIZE=4 -DLWORDSIZE=4 -DNONSTANDARD_SYSTEM_FUNC  -DWRF_USE_CLM -DUSE_NETCDF4_FEATURES -DWRFIO_NCD_LARGE_FILE_SUPPORT  -DDM_PARALLEL -DNETCDF -DHDF5 -DUSE_ALLOCATABLES -DGRIB1 -DINTIO -DKEEP_INT_AROUND -DLIMIT_ARGS -DCONFIG_BUF_LEN=65536 -DMAX_DOMAINS_F=21 -DMAX_HISTORY=25 -DNMM_NEST=0  -I. -traditional -DUSE_NETCDF4_FEATURES -DWRFIO_NCD_LARGE_FILE_SUPPORT   module_driver_constants.F  > module_driver_constants.bb
/scratch/john.lawson/stochastic/stochWRF_3.8/tools/standard.exe module_driver_constants.bb | /lib/cpp -P -traditional -DUSE_NETCDF4_FEATURES -DWRFIO_NCD_LARGE_FILE_SUPPORT > module_driver_constants.f90
rm -f module_driver_constants.b module_driver_constants.bb
ftn -o module_driver_constants.o -c -ip -O3  -w -ftz -fno-alias -align all -FR -convert big_endian    -I../dyn_em -I../dyn_nmm   -I/scratch/john.lawson/stochastic/stochWRF_3.8/external/esmf_time_f90  -I/scratch/john.lawson/stochastic/stochWRF_3.8/main -I/scratch/john.lawson/stochastic/stochWRF_3.8/external/io_netcdf -I/scratch/john.lawson/stochastic/stochWRF_3.8/external/io_int -I/scratch/john.lawson/stochastic/stochWRF_3.8/frame -I/scratch/john.lawson/stochastic/stochWRF_3.8/share -I/scratch/john.lawson/stochastic/stochWRF_3.8/phys -I/scratch/john.lawson/stochastic/stochWRF_3.8/chem -I/scratch/john.lawson/stochastic/stochWRF_3.8/inc -I/opt/cray/pe/netcdf-hdf5parallel/4.4.1.1.3/INTEL/16.0/include  -real-size `expr 8 \* 4` -i4  module_driver_constants.f90
rm -f module_timing.o
/lib/cpp -P -I/scratch/john.lawson/stochastic/stochWRF_3.8/inc -DEM_CORE=1 -DNMM_CORE=0 -DNMM_MAX_DIM=2600 -DCOAMPS_CORE=0 -DDA_CORE=0 -DEXP_CORE=0 -DIWORDSIZE=4 -DDWORDSIZE=8 -DRWORDSIZE=4 -DLWORDSIZE=4 -DNONSTANDARD_SYSTEM_FUNC  -DWRF_USE_CLM -DUSE_NETCDF4_FEATURES -DWRFIO_NCD_LARGE_FILE_SUPPORT  -DDM_PARALLEL -DNETCDF -DHDF5 -DUSE_ALLOCATABLES -DGRIB1 -DINTIO -DKEEP_INT_AROUND -DLIMIT_ARGS -DCONFIG_BUF_LEN=65536 -DMAX_DOMAINS_F=21 -DMAX_HISTORY=25 -DNMM_NEST=0  -I. -traditional -DUSE_NETCDF4_FEATURES -DWRFIO_NCD_LARGE_FILE_SUPPORT   module_timing.F  > module_timing.bb
/scratch/john.lawson/stochastic/stochWRF_3.8/tools/standard.exe module_timing.bb | /lib/cpp -P -traditional -DUSE_NETCDF4_FEATURES -DWRFIO_NCD_LARGE_FILE_SUPPORT > module_timing.f90
rm -f module_timing.b module_timing.bb
ftn -o module_timing.o -c -ip -O3  -w -ftz -fno-alias -align all -FR -convert big_endian    -I../dyn_em -I../dyn_nmm   -I/scratch/john.lawson/stochastic/stochWRF_3.8/external/esmf_time_f90  -I/scratch/john.lawson/stochastic/stochWRF_3.8/main -I/scratch/john.lawson/stochastic/stochWRF_3.8/external/io_netcdf -I/scratch/john.lawson/stochastic/stochWRF_3.8/external/io_int -I/scratch/john.lawson/stochastic/stochWRF_3.8/frame -I/scratch/john.lawson/stochastic/stochWRF_3.8/share -I/scratch/john.lawson/stochastic/stochWRF_3.8/phys -I/scratch/john.lawson/stochastic/stochWRF_3.8/chem -I/scratch/john.lawson/stochastic/stochWRF_3.8/inc -I/opt/cray/pe/netcdf-hdf5parallel/4.4.1.1.3/INTEL/16.0/include  -real-size `expr 8 \* 4` -i4  module_timing.f90
rm -f module_sm.o
/lib/cpp -P -I/scratch/john.lawson/stochastic/stochWRF_3.8/inc -DEM_CORE=1 -DNMM_CORE=0 -DNMM_MAX_DIM=2600 -DCOAMPS_CORE=0 -DDA_CORE=0 -DEXP_CORE=0 -DIWORDSIZE=4 -DDWORDSIZE=8 -DRWORDSIZE=4 -DLWORDSIZE=4 -DNONSTANDARD_SYSTEM_FUNC  -DWRF_USE_CLM -DUSE_NETCDF4_FEATURES -DWRFIO_NCD_LARGE_FILE_SUPPORT  -DDM_PARALLEL -DNETCDF -DHDF5 -DUSE_ALLOCATABLES -DGRIB1 -DINTIO -DKEEP_INT_AROUND -DLIMIT_ARGS -DCONFIG_BUF_LEN=65536 -DMAX_DOMAINS_F=21 -DMAX_HISTORY=25 -DNMM_NEST=0  -I. -traditional -DUSE_NETCDF4_FEATURES -DWRFIO_NCD_LARGE_FILE_SUPPORT   module_sm.F  > module_sm.bb
/scratch/john.lawson/stochastic/stochWRF_3.8/tools/standard.exe module_sm.bb | /lib/cpp -P -traditional -DUSE_NETCDF4_FEATURES -DWRFIO_NCD_LARGE_FILE_SUPPORT > module_sm.f90
rm -f module_sm.b module_sm.bb
ftn -o module_sm.o -c -ip -O3  -w -ftz -fno-alias -align all -FR -convert big_endian    -I../dyn_em -I../dyn_nmm   -I/scratch/john.lawson/stochastic/stochWRF_3.8/external/esmf_time_f90  -I/scratch/john.lawson/stochastic/stochWRF_3.8/main -I/scratch/john.lawson/stochastic/stochWRF_3.8/external/io_netcdf -I/scratch/john.lawson/stochastic/stochWRF_3.8/external/io_int -I/scratch/john.lawson/stochastic/stochWRF_3.8/frame -I/scratch/john.lawson/stochastic/stochWRF_3.8/share -I/scratch/john.lawson/stochastic/stochWRF_3.8/phys -I/scratch/john.lawson/stochastic/stochWRF_3.8/chem -I/scratch/john.lawson/stochastic/stochWRF_3.8/inc -I/opt/cray/pe/netcdf-hdf5parallel/4.4.1.1.3/INTEL/16.0/include  -real-size `expr 8 \* 4` -i4  module_sm.f90
rm -f wrf_debug.o
/lib/cpp -P -I/scratch/john.lawson/stochastic/stochWRF_3.8/inc -DEM_CORE=1 -DNMM_CORE=0 -DNMM_MAX_DIM=2600 -DCOAMPS_CORE=0 -DDA_CORE=0 -DEXP_CORE=0 -DIWORDSIZE=4 -DDWORDSIZE=8 -DRWORDSIZE=4 -DLWORDSIZE=4 -DNONSTANDARD_SYSTEM_FUNC  -DWRF_USE_CLM -DUSE_NETCDF4_FEATURES -DWRFIO_NCD_LARGE_FILE_SUPPORT  -DDM_PARALLEL -DNETCDF -DHDF5 -DUSE_ALLOCATABLES -DGRIB1 -DINTIO -DKEEP_INT_AROUND -DLIMIT_ARGS -DCONFIG_BUF_LEN=65536 -DMAX_DOMAINS_F=21 -DMAX_HISTORY=25 -DNMM_NEST=0  -I. -traditional -DUSE_NETCDF4_FEATURES -DWRFIO_NCD_LARGE_FILE_SUPPORT   wrf_debug.F  > wrf_debug.bb
/scratch/john.lawson/stochastic/stochWRF_3.8/tools/standard.exe wrf_debug.bb | /lib/cpp -P -traditional -DUSE_NETCDF4_FEATURES -DWRFIO_NCD_LARGE_FILE_SUPPORT > wrf_debug.f90
rm -f wrf_debug.b wrf_debug.bb
ftn -o wrf_debug.o -c -ip -O3  -w -ftz -fno-alias -align all -FR -convert big_endian    -I../dyn_em -I../dyn_nmm   -I/scratch/john.lawson/stochastic/stochWRF_3.8/external/esmf_time_f90  -I/scratch/john.lawson/stochastic/stochWRF_3.8/main -I/scratch/john.lawson/stochastic/stochWRF_3.8/external/io_netcdf -I/scratch/john.lawson/stochastic/stochWRF_3.8/external/io_int -I/scratch/john.lawson/stochastic/stochWRF_3.8/frame -I/scratch/john.lawson/stochastic/stochWRF_3.8/share -I/scratch/john.lawson/stochastic/stochWRF_3.8/phys -I/scratch/john.lawson/stochastic/stochWRF_3.8/chem -I/scratch/john.lawson/stochastic/stochWRF_3.8/inc -I/opt/cray/pe/netcdf-hdf5parallel/4.4.1.1.3/INTEL/16.0/include  -real-size `expr 8 \* 4` -i4  wrf_debug.f90
rm -f module_domain_type.o
/lib/cpp -P -I/scratch/john.lawson/stochastic/stochWRF_3.8/inc -DEM_CORE=1 -DNMM_CORE=0 -DNMM_MAX_DIM=2600 -DCOAMPS_CORE=0 -DDA_CORE=0 -DEXP_CORE=0 -DIWORDSIZE=4 -DDWORDSIZE=8 -DRWORDSIZE=4 -DLWORDSIZE=4 -DNONSTANDARD_SYSTEM_FUNC  -DWRF_USE_CLM -DUSE_NETCDF4_FEATURES -DWRFIO_NCD_LARGE_FILE_SUPPORT  -DDM_PARALLEL -DNETCDF -DHDF5 -DUSE_ALLOCATABLES -DGRIB1 -DINTIO -DKEEP_INT_AROUND -DLIMIT_ARGS -DCONFIG_BUF_LEN=65536 -DMAX_DOMAINS_F=21 -DMAX_HISTORY=25 -DNMM_NEST=0  -I. -traditional -DUSE_NETCDF4_FEATURES -DWRFIO_NCD_LARGE_FILE_SUPPORT   module_domain_type.F  > module_domain_type.bb
/scratch/john.lawson/stochastic/stochWRF_3.8/tools/standard.exe module_domain_type.bb | /lib/cpp -P -traditional -DUSE_NETCDF4_FEATURES -DWRFIO_NCD_LARGE_FILE_SUPPORT > module_domain_type.f90
rm -f module_domain_type.b module_domain_type.bb
ftn -c -real-size `expr 8 \* 4` -i4  -O0 -fno-inline -fno-ip -w -ftz -fno-alias -align all -FR -convert big_endian   -I../dyn_em -I../dyn_nmm   -I/scratch/john.lawson/stochastic/stochWRF_3.8/external/esmf_time_f90  -I/scratch/john.lawson/stochastic/stochWRF_3.8/main -I/scratch/john.lawson/stochastic/stochWRF_3.8/external/io_netcdf -I/scratch/john.lawson/stochastic/stochWRF_3.8/external/io_int -I/scratch/john.lawson/stochastic/stochWRF_3.8/frame -I/scratch/john.lawson/stochastic/stochWRF_3.8/share -I/scratch/john.lawson/stochastic/stochWRF_3.8/phys -I/scratch/john.lawson/stochastic/stochWRF_3.8/chem -I/scratch/john.lawson/stochastic/stochWRF_3.8/inc -I/opt/cray/pe/netcdf-hdf5parallel/4.4.1.1.3/INTEL/16.0/include  module_domain_type.f90
rm -f module_machine.o
/lib/cpp -P -I/scratch/john.lawson/stochastic/stochWRF_3.8/inc -DEM_CORE=1 -DNMM_CORE=0 -DNMM_MAX_DIM=2600 -DCOAMPS_CORE=0 -DDA_CORE=0 -DEXP_CORE=0 -DIWORDSIZE=4 -DDWORDSIZE=8 -DRWORDSIZE=4 -DLWORDSIZE=4 -DNONSTANDARD_SYSTEM_FUNC  -DWRF_USE_CLM -DUSE_NETCDF4_FEATURES -DWRFIO_NCD_LARGE_FILE_SUPPORT  -DDM_PARALLEL -DNETCDF -DHDF5 -DUSE_ALLOCATABLES -DGRIB1 -DINTIO -DKEEP_INT_AROUND -DLIMIT_ARGS -DCONFIG_BUF_LEN=65536 -DMAX_DOMAINS_F=21 -DMAX_HISTORY=25 -DNMM_NEST=0  -I. -traditional -DUSE_NETCDF4_FEATURES -DWRFIO_NCD_LARGE_FILE_SUPPORT   module_machine.F  > module_machine.bb
/scratch/john.lawson/stochastic/stochWRF_3.8/tools/standard.exe module_machine.bb | /lib/cpp -P -traditional -DUSE_NETCDF4_FEATURES -DWRFIO_NCD_LARGE_FILE_SUPPORT > module_machine.f90
rm -f module_machine.b module_machine.bb
ftn -o module_machine.o -c -ip -O3  -w -ftz -fno-alias -align all -FR -convert big_endian    -I../dyn_em -I../dyn_nmm   -I/scratch/john.lawson/stochastic/stochWRF_3.8/external/esmf_time_f90  -I/scratch/john.lawson/stochastic/stochWRF_3.8/main -I/scratch/john.lawson/stochastic/stochWRF_3.8/external/io_netcdf -I/scratch/john.lawson/stochastic/stochWRF_3.8/external/io_int -I/scratch/john.lawson/stochastic/stochWRF_3.8/frame -I/scratch/john.lawson/stochastic/stochWRF_3.8/share -I/scratch/john.lawson/stochastic/stochWRF_3.8/phys -I/scratch/john.lawson/stochastic/stochWRF_3.8/chem -I/scratch/john.lawson/stochastic/stochWRF_3.8/inc -I/opt/cray/pe/netcdf-hdf5parallel/4.4.1.1.3/INTEL/16.0/include  -real-size `expr 8 \* 4` -i4  module_machine.f90
rm -f module_quilt_outbuf_ops.o
/lib/cpp -P -I/scratch/john.lawson/stochastic/stochWRF_3.8/inc -DEM_CORE=1 -DNMM_CORE=0 -DNMM_MAX_DIM=2600 -DCOAMPS_CORE=0 -DDA_CORE=0 -DEXP_CORE=0 -DIWORDSIZE=4 -DDWORDSIZE=8 -DRWORDSIZE=4 -DLWORDSIZE=4 -DNONSTANDARD_SYSTEM_FUNC  -DWRF_USE_CLM -DUSE_NETCDF4_FEATURES -DWRFIO_NCD_LARGE_FILE_SUPPORT  -DDM_PARALLEL -DNETCDF -DHDF5 -DUSE_ALLOCATABLES -DGRIB1 -DINTIO -DKEEP_INT_AROUND -DLIMIT_ARGS -DCONFIG_BUF_LEN=65536 -DMAX_DOMAINS_F=21 -DMAX_HISTORY=25 -DNMM_NEST=0  -I. -traditional -DUSE_NETCDF4_FEATURES -DWRFIO_NCD_LARGE_FILE_SUPPORT   module_quilt_outbuf_ops.F  > module_quilt_outbuf_ops.bb
/scratch/john.lawson/stochastic/stochWRF_3.8/tools/standard.exe module_quilt_outbuf_ops.bb | /lib/cpp -P -traditional -DUSE_NETCDF4_FEATURES -DWRFIO_NCD_LARGE_FILE_SUPPORT > module_quilt_outbuf_ops.f90
rm -f module_quilt_outbuf_ops.b module_quilt_outbuf_ops.bb
ftn -o module_quilt_outbuf_ops.o -c -ip -O3  -w -ftz -fno-alias -align all -FR -convert big_endian    -I../dyn_em -I../dyn_nmm   -I/scratch/john.lawson/stochastic/stochWRF_3.8/external/esmf_time_f90  -I/scratch/john.lawson/stochastic/stochWRF_3.8/main -I/scratch/john.lawson/stochastic/stochWRF_3.8/external/io_netcdf -I/scratch/john.lawson/stochastic/stochWRF_3.8/external/io_int -I/scratch/john.lawson/stochastic/stochWRF_3.8/frame -I/scratch/john.lawson/stochastic/stochWRF_3.8/share -I/scratch/john.lawson/stochastic/stochWRF_3.8/phys -I/scratch/john.lawson/stochastic/stochWRF_3.8/chem -I/scratch/john.lawson/stochastic/stochWRF_3.8/inc -I/opt/cray/pe/netcdf-hdf5parallel/4.4.1.1.3/INTEL/16.0/include  -real-size `expr 8 \* 4` -i4  module_quilt_outbuf_ops.f90
rm -f module_configure.o
/lib/cpp -P -I/scratch/john.lawson/stochastic/stochWRF_3.8/inc -DEM_CORE=1 -DNMM_CORE=0 -DNMM_MAX_DIM=2600 -DCOAMPS_CORE=0 -DDA_CORE=0 -DEXP_CORE=0 -DIWORDSIZE=4 -DDWORDSIZE=8 -DRWORDSIZE=4 -DLWORDSIZE=4 -DNONSTANDARD_SYSTEM_FUNC  -DWRF_USE_CLM -DUSE_NETCDF4_FEATURES -DWRFIO_NCD_LARGE_FILE_SUPPORT  -DDM_PARALLEL -DNETCDF -DHDF5 -DUSE_ALLOCATABLES -DGRIB1 -DINTIO -DKEEP_INT_AROUND -DLIMIT_ARGS -DCONFIG_BUF_LEN=65536 -DMAX_DOMAINS_F=21 -DMAX_HISTORY=25 -DNMM_NEST=0  -I. -traditional -DUSE_NETCDF4_FEATURES -DWRFIO_NCD_LARGE_FILE_SUPPORT   module_configure.F  > module_configure.bb
/scratch/john.lawson/stochastic/stochWRF_3.8/tools/standard.exe module_configure.bb | /lib/cpp -P -traditional -DUSE_NETCDF4_FEATURES -DWRFIO_NCD_LARGE_FILE_SUPPORT > module_configure.f90
rm -f module_configure.b module_configure.bb
ftn -c -real-size `expr 8 \* 4` -i4  -O0 -fno-inline -fno-ip -w -ftz -fno-alias -align all -FR -convert big_endian   -I../dyn_em -I../dyn_nmm   -I/scratch/john.lawson/stochastic/stochWRF_3.8/external/esmf_time_f90  -I/scratch/john.lawson/stochastic/stochWRF_3.8/main -I/scratch/john.lawson/stochastic/stochWRF_3.8/external/io_netcdf -I/scratch/john.lawson/stochastic/stochWRF_3.8/external/io_int -I/scratch/john.lawson/stochastic/stochWRF_3.8/frame -I/scratch/john.lawson/stochastic/stochWRF_3.8/share -I/scratch/john.lawson/stochastic/stochWRF_3.8/phys -I/scratch/john.lawson/stochastic/stochWRF_3.8/chem -I/scratch/john.lawson/stochastic/stochWRF_3.8/inc -I/opt/cray/pe/netcdf-hdf5parallel/4.4.1.1.3/INTEL/16.0/include  module_configure.f90
rm -f module_alloc_space_0.o
rm -f module_alloc_space_1.o
/lib/cpp -P -I/scratch/john.lawson/stochastic/stochWRF_3.8/inc -DEM_CORE=1 -DNMM_CORE=0 -DNMM_MAX_DIM=2600 -DCOAMPS_CORE=0 -DDA_CORE=0 -DEXP_CORE=0 -DIWORDSIZE=4 -DDWORDSIZE=8 -DRWORDSIZE=4 -DLWORDSIZE=4 -DNONSTANDARD_SYSTEM_FUNC  -DWRF_USE_CLM -DUSE_NETCDF4_FEATURES -DWRFIO_NCD_LARGE_FILE_SUPPORT  -DDM_PARALLEL -DNETCDF -DHDF5 -DUSE_ALLOCATABLES -DGRIB1 -DINTIO -DKEEP_INT_AROUND -DLIMIT_ARGS -DCONFIG_BUF_LEN=65536 -DMAX_DOMAINS_F=21 -DMAX_HISTORY=25 -DNMM_NEST=0  -I. -traditional -DUSE_NETCDF4_FEATURES -DWRFIO_NCD_LARGE_FILE_SUPPORT   module_alloc_space_1.F  > module_alloc_space_1.bb
/lib/cpp -P -I/scratch/john.lawson/stochastic/stochWRF_3.8/inc -DEM_CORE=1 -DNMM_CORE=0 -DNMM_MAX_DIM=2600 -DCOAMPS_CORE=0 -DDA_CORE=0 -DEXP_CORE=0 -DIWORDSIZE=4 -DDWORDSIZE=8 -DRWORDSIZE=4 -DLWORDSIZE=4 -DNONSTANDARD_SYSTEM_FUNC  -DWRF_USE_CLM -DUSE_NETCDF4_FEATURES -DWRFIO_NCD_LARGE_FILE_SUPPORT  -DDM_PARALLEL -DNETCDF -DHDF5 -DUSE_ALLOCATABLES -DGRIB1 -DINTIO -DKEEP_INT_AROUND -DLIMIT_ARGS -DCONFIG_BUF_LEN=65536 -DMAX_DOMAINS_F=21 -DMAX_HISTORY=25 -DNMM_NEST=0  -I. -traditional -DUSE_NETCDF4_FEATURES -DWRFIO_NCD_LARGE_FILE_SUPPORT   module_alloc_space_0.F  > module_alloc_space_0.bb
/scratch/john.lawson/stochastic/stochWRF_3.8/tools/standard.exe module_alloc_space_1.bb | /lib/cpp -P -traditional -DUSE_NETCDF4_FEATURES -DWRFIO_NCD_LARGE_FILE_SUPPORT > module_alloc_space_1.f90
/scratch/john.lawson/stochastic/stochWRF_3.8/tools/standard.exe module_alloc_space_0.bb | /lib/cpp -P -traditional -DUSE_NETCDF4_FEATURES -DWRFIO_NCD_LARGE_FILE_SUPPORT > module_alloc_space_0.f90
rm -f module_alloc_space_1.b module_alloc_space_1.bb
ftn -c -real-size `expr 8 \* 4` -i4  -O0 -fno-inline -fno-ip -w -ftz -fno-alias -align all -FR -convert big_endian   -I../dyn_em -I../dyn_nmm   -I/scratch/john.lawson/stochastic/stochWRF_3.8/external/esmf_time_f90  -I/scratch/john.lawson/stochastic/stochWRF_3.8/main -I/scratch/john.lawson/stochastic/stochWRF_3.8/external/io_netcdf -I/scratch/john.lawson/stochastic/stochWRF_3.8/external/io_int -I/scratch/john.lawson/stochastic/stochWRF_3.8/frame -I/scratch/john.lawson/stochastic/stochWRF_3.8/share -I/scratch/john.lawson/stochastic/stochWRF_3.8/phys -I/scratch/john.lawson/stochastic/stochWRF_3.8/chem -I/scratch/john.lawson/stochastic/stochWRF_3.8/inc -I/opt/cray/pe/netcdf-hdf5parallel/4.4.1.1.3/INTEL/16.0/include  module_alloc_space_1.f90
rm -f module_alloc_space_0.b module_alloc_space_0.bb
ftn -c -real-size `expr 8 \* 4` -i4  -O0 -fno-inline -fno-ip -w -ftz -fno-alias -align all -FR -convert big_endian   -I../dyn_em -I../dyn_nmm   -I/scratch/john.lawson/stochastic/stochWRF_3.8/external/esmf_time_f90  -I/scratch/john.lawson/stochastic/stochWRF_3.8/main -I/scratch/john.lawson/stochastic/stochWRF_3.8/external/io_netcdf -I/scratch/john.lawson/stochastic/stochWRF_3.8/external/io_int -I/scratch/john.lawson/stochastic/stochWRF_3.8/frame -I/scratch/john.lawson/stochastic/stochWRF_3.8/share -I/scratch/john.lawson/stochastic/stochWRF_3.8/phys -I/scratch/john.lawson/stochastic/stochWRF_3.8/chem -I/scratch/john.lawson/stochastic/stochWRF_3.8/inc -I/opt/cray/pe/netcdf-hdf5parallel/4.4.1.1.3/INTEL/16.0/include  module_alloc_space_0.f90
rm -f module_alloc_space_2.o
/lib/cpp -P -I/scratch/john.lawson/stochastic/stochWRF_3.8/inc -DEM_CORE=1 -DNMM_CORE=0 -DNMM_MAX_DIM=2600 -DCOAMPS_CORE=0 -DDA_CORE=0 -DEXP_CORE=0 -DIWORDSIZE=4 -DDWORDSIZE=8 -DRWORDSIZE=4 -DLWORDSIZE=4 -DNONSTANDARD_SYSTEM_FUNC  -DWRF_USE_CLM -DUSE_NETCDF4_FEATURES -DWRFIO_NCD_LARGE_FILE_SUPPORT  -DDM_PARALLEL -DNETCDF -DHDF5 -DUSE_ALLOCATABLES -DGRIB1 -DINTIO -DKEEP_INT_AROUND -DLIMIT_ARGS -DCONFIG_BUF_LEN=65536 -DMAX_DOMAINS_F=21 -DMAX_HISTORY=25 -DNMM_NEST=0  -I. -traditional -DUSE_NETCDF4_FEATURES -DWRFIO_NCD_LARGE_FILE_SUPPORT   module_alloc_space_2.F  > module_alloc_space_2.bb
/scratch/john.lawson/stochastic/stochWRF_3.8/tools/standard.exe module_alloc_space_2.bb | /lib/cpp -P -traditional -DUSE_NETCDF4_FEATURES -DWRFIO_NCD_LARGE_FILE_SUPPORT > module_alloc_space_2.f90
rm -f module_alloc_space_2.b module_alloc_space_2.bb
ftn -c -real-size `expr 8 \* 4` -i4  -O0 -fno-inline -fno-ip -w -ftz -fno-alias -align all -FR -convert big_endian   -I../dyn_em -I../dyn_nmm   -I/scratch/john.lawson/stochastic/stochWRF_3.8/external/esmf_time_f90  -I/scratch/john.lawson/stochastic/stochWRF_3.8/main -I/scratch/john.lawson/stochastic/stochWRF_3.8/external/io_netcdf -I/scratch/john.lawson/stochastic/stochWRF_3.8/external/io_int -I/scratch/john.lawson/stochastic/stochWRF_3.8/frame -I/scratch/john.lawson/stochastic/stochWRF_3.8/share -I/scratch/john.lawson/stochastic/stochWRF_3.8/phys -I/scratch/john.lawson/stochastic/stochWRF_3.8/chem -I/scratch/john.lawson/stochastic/stochWRF_3.8/inc -I/opt/cray/pe/netcdf-hdf5parallel/4.4.1.1.3/INTEL/16.0/include  module_alloc_space_2.f90
rm -f module_alloc_space_3.o
/lib/cpp -P -I/scratch/john.lawson/stochastic/stochWRF_3.8/inc -DEM_CORE=1 -DNMM_CORE=0 -DNMM_MAX_DIM=2600 -DCOAMPS_CORE=0 -DDA_CORE=0 -DEXP_CORE=0 -DIWORDSIZE=4 -DDWORDSIZE=8 -DRWORDSIZE=4 -DLWORDSIZE=4 -DNONSTANDARD_SYSTEM_FUNC  -DWRF_USE_CLM -DUSE_NETCDF4_FEATURES -DWRFIO_NCD_LARGE_FILE_SUPPORT  -DDM_PARALLEL -DNETCDF -DHDF5 -DUSE_ALLOCATABLES -DGRIB1 -DINTIO -DKEEP_INT_AROUND -DLIMIT_ARGS -DCONFIG_BUF_LEN=65536 -DMAX_DOMAINS_F=21 -DMAX_HISTORY=25 -DNMM_NEST=0  -I. -traditional -DUSE_NETCDF4_FEATURES -DWRFIO_NCD_LARGE_FILE_SUPPORT   module_alloc_space_3.F  > module_alloc_space_3.bb
/scratch/john.lawson/stochastic/stochWRF_3.8/tools/standard.exe module_alloc_space_3.bb | /lib/cpp -P -traditional -DUSE_NETCDF4_FEATURES -DWRFIO_NCD_LARGE_FILE_SUPPORT > module_alloc_space_3.f90
rm -f module_alloc_space_3.b module_alloc_space_3.bb
ftn -c -real-size `expr 8 \* 4` -i4  -O0 -fno-inline -fno-ip -w -ftz -fno-alias -align all -FR -convert big_endian   -I../dyn_em -I../dyn_nmm   -I/scratch/john.lawson/stochastic/stochWRF_3.8/external/esmf_time_f90  -I/scratch/john.lawson/stochastic/stochWRF_3.8/main -I/scratch/john.lawson/stochastic/stochWRF_3.8/external/io_netcdf -I/scratch/john.lawson/stochastic/stochWRF_3.8/external/io_int -I/scratch/john.lawson/stochastic/stochWRF_3.8/frame -I/scratch/john.lawson/stochastic/stochWRF_3.8/share -I/scratch/john.lawson/stochastic/stochWRF_3.8/phys -I/scratch/john.lawson/stochastic/stochWRF_3.8/chem -I/scratch/john.lawson/stochastic/stochWRF_3.8/inc -I/opt/cray/pe/netcdf-hdf5parallel/4.4.1.1.3/INTEL/16.0/include  module_alloc_space_3.f90
rm -f module_alloc_space_4.o
/lib/cpp -P -I/scratch/john.lawson/stochastic/stochWRF_3.8/inc -DEM_CORE=1 -DNMM_CORE=0 -DNMM_MAX_DIM=2600 -DCOAMPS_CORE=0 -DDA_CORE=0 -DEXP_CORE=0 -DIWORDSIZE=4 -DDWORDSIZE=8 -DRWORDSIZE=4 -DLWORDSIZE=4 -DNONSTANDARD_SYSTEM_FUNC  -DWRF_USE_CLM -DUSE_NETCDF4_FEATURES -DWRFIO_NCD_LARGE_FILE_SUPPORT  -DDM_PARALLEL -DNETCDF -DHDF5 -DUSE_ALLOCATABLES -DGRIB1 -DINTIO -DKEEP_INT_AROUND -DLIMIT_ARGS -DCONFIG_BUF_LEN=65536 -DMAX_DOMAINS_F=21 -DMAX_HISTORY=25 -DNMM_NEST=0  -I. -traditional -DUSE_NETCDF4_FEATURES -DWRFIO_NCD_LARGE_FILE_SUPPORT   module_alloc_space_4.F  > module_alloc_space_4.bb
/scratch/john.lawson/stochastic/stochWRF_3.8/tools/standard.exe module_alloc_space_4.bb | /lib/cpp -P -traditional -DUSE_NETCDF4_FEATURES -DWRFIO_NCD_LARGE_FILE_SUPPORT > module_alloc_space_4.f90
rm -f module_alloc_space_4.b module_alloc_space_4.bb
ftn -c -real-size `expr 8 \* 4` -i4  -O0 -fno-inline -fno-ip -w -ftz -fno-alias -align all -FR -convert big_endian   -I../dyn_em -I../dyn_nmm   -I/scratch/john.lawson/stochastic/stochWRF_3.8/external/esmf_time_f90  -I/scratch/john.lawson/stochastic/stochWRF_3.8/main -I/scratch/john.lawson/stochastic/stochWRF_3.8/external/io_netcdf -I/scratch/john.lawson/stochastic/stochWRF_3.8/external/io_int -I/scratch/john.lawson/stochastic/stochWRF_3.8/frame -I/scratch/john.lawson/stochastic/stochWRF_3.8/share -I/scratch/john.lawson/stochastic/stochWRF_3.8/phys -I/scratch/john.lawson/stochastic/stochWRF_3.8/chem -I/scratch/john.lawson/stochastic/stochWRF_3.8/inc -I/opt/cray/pe/netcdf-hdf5parallel/4.4.1.1.3/INTEL/16.0/include  module_alloc_space_4.f90
rm -f module_alloc_space_5.o
/lib/cpp -P -I/scratch/john.lawson/stochastic/stochWRF_3.8/inc -DEM_CORE=1 -DNMM_CORE=0 -DNMM_MAX_DIM=2600 -DCOAMPS_CORE=0 -DDA_CORE=0 -DEXP_CORE=0 -DIWORDSIZE=4 -DDWORDSIZE=8 -DRWORDSIZE=4 -DLWORDSIZE=4 -DNONSTANDARD_SYSTEM_FUNC  -DWRF_USE_CLM -DUSE_NETCDF4_FEATURES -DWRFIO_NCD_LARGE_FILE_SUPPORT  -DDM_PARALLEL -DNETCDF -DHDF5 -DUSE_ALLOCATABLES -DGRIB1 -DINTIO -DKEEP_INT_AROUND -DLIMIT_ARGS -DCONFIG_BUF_LEN=65536 -DMAX_DOMAINS_F=21 -DMAX_HISTORY=25 -DNMM_NEST=0  -I. -traditional -DUSE_NETCDF4_FEATURES -DWRFIO_NCD_LARGE_FILE_SUPPORT   module_alloc_space_5.F  > module_alloc_space_5.bb
/scratch/john.lawson/stochastic/stochWRF_3.8/tools/standard.exe module_alloc_space_5.bb | /lib/cpp -P -traditional -DUSE_NETCDF4_FEATURES -DWRFIO_NCD_LARGE_FILE_SUPPORT > module_alloc_space_5.f90
rm -f module_alloc_space_5.b module_alloc_space_5.bb
ftn -c -real-size `expr 8 \* 4` -i4  -O0 -fno-inline -fno-ip -w -ftz -fno-alias -align all -FR -convert big_endian   -I../dyn_em -I../dyn_nmm   -I/scratch/john.lawson/stochastic/stochWRF_3.8/external/esmf_time_f90  -I/scratch/john.lawson/stochastic/stochWRF_3.8/main -I/scratch/john.lawson/stochastic/stochWRF_3.8/external/io_netcdf -I/scratch/john.lawson/stochastic/stochWRF_3.8/external/io_int -I/scratch/john.lawson/stochastic/stochWRF_3.8/frame -I/scratch/john.lawson/stochastic/stochWRF_3.8/share -I/scratch/john.lawson/stochastic/stochWRF_3.8/phys -I/scratch/john.lawson/stochastic/stochWRF_3.8/chem -I/scratch/john.lawson/stochastic/stochWRF_3.8/inc -I/opt/cray/pe/netcdf-hdf5parallel/4.4.1.1.3/INTEL/16.0/include  module_alloc_space_5.f90
rm -f module_alloc_space_6.o
/lib/cpp -P -I/scratch/john.lawson/stochastic/stochWRF_3.8/inc -DEM_CORE=1 -DNMM_CORE=0 -DNMM_MAX_DIM=2600 -DCOAMPS_CORE=0 -DDA_CORE=0 -DEXP_CORE=0 -DIWORDSIZE=4 -DDWORDSIZE=8 -DRWORDSIZE=4 -DLWORDSIZE=4 -DNONSTANDARD_SYSTEM_FUNC  -DWRF_USE_CLM -DUSE_NETCDF4_FEATURES -DWRFIO_NCD_LARGE_FILE_SUPPORT  -DDM_PARALLEL -DNETCDF -DHDF5 -DUSE_ALLOCATABLES -DGRIB1 -DINTIO -DKEEP_INT_AROUND -DLIMIT_ARGS -DCONFIG_BUF_LEN=65536 -DMAX_DOMAINS_F=21 -DMAX_HISTORY=25 -DNMM_NEST=0  -I. -traditional -DUSE_NETCDF4_FEATURES -DWRFIO_NCD_LARGE_FILE_SUPPORT   module_alloc_space_6.F  > module_alloc_space_6.bb
/scratch/john.lawson/stochastic/stochWRF_3.8/tools/standard.exe module_alloc_space_6.bb | /lib/cpp -P -traditional -DUSE_NETCDF4_FEATURES -DWRFIO_NCD_LARGE_FILE_SUPPORT > module_alloc_space_6.f90
rm -f module_alloc_space_6.b module_alloc_space_6.bb
ftn -c -real-size `expr 8 \* 4` -i4  -O0 -fno-inline -fno-ip -w -ftz -fno-alias -align all -FR -convert big_endian   -I../dyn_em -I../dyn_nmm   -I/scratch/john.lawson/stochastic/stochWRF_3.8/external/esmf_time_f90  -I/scratch/john.lawson/stochastic/stochWRF_3.8/main -I/scratch/john.lawson/stochastic/stochWRF_3.8/external/io_netcdf -I/scratch/john.lawson/stochastic/stochWRF_3.8/external/io_int -I/scratch/john.lawson/stochastic/stochWRF_3.8/frame -I/scratch/john.lawson/stochastic/stochWRF_3.8/share -I/scratch/john.lawson/stochastic/stochWRF_3.8/phys -I/scratch/john.lawson/stochastic/stochWRF_3.8/chem -I/scratch/john.lawson/stochastic/stochWRF_3.8/inc -I/opt/cray/pe/netcdf-hdf5parallel/4.4.1.1.3/INTEL/16.0/include  module_alloc_space_6.f90
rm -f module_alloc_space_7.o
/lib/cpp -P -I/scratch/john.lawson/stochastic/stochWRF_3.8/inc -DEM_CORE=1 -DNMM_CORE=0 -DNMM_MAX_DIM=2600 -DCOAMPS_CORE=0 -DDA_CORE=0 -DEXP_CORE=0 -DIWORDSIZE=4 -DDWORDSIZE=8 -DRWORDSIZE=4 -DLWORDSIZE=4 -DNONSTANDARD_SYSTEM_FUNC  -DWRF_USE_CLM -DUSE_NETCDF4_FEATURES -DWRFIO_NCD_LARGE_FILE_SUPPORT  -DDM_PARALLEL -DNETCDF -DHDF5 -DUSE_ALLOCATABLES -DGRIB1 -DINTIO -DKEEP_INT_AROUND -DLIMIT_ARGS -DCONFIG_BUF_LEN=65536 -DMAX_DOMAINS_F=21 -DMAX_HISTORY=25 -DNMM_NEST=0  -I. -traditional -DUSE_NETCDF4_FEATURES -DWRFIO_NCD_LARGE_FILE_SUPPORT   module_alloc_space_7.F  > module_alloc_space_7.bb
/scratch/john.lawson/stochastic/stochWRF_3.8/tools/standard.exe module_alloc_space_7.bb | /lib/cpp -P -traditional -DUSE_NETCDF4_FEATURES -DWRFIO_NCD_LARGE_FILE_SUPPORT > module_alloc_space_7.f90
rm -f module_alloc_space_7.b module_alloc_space_7.bb
ftn -c -real-size `expr 8 \* 4` -i4  -O0 -fno-inline -fno-ip -w -ftz -fno-alias -align all -FR -convert big_endian   -I../dyn_em -I../dyn_nmm   -I/scratch/john.lawson/stochastic/stochWRF_3.8/external/esmf_time_f90  -I/scratch/john.lawson/stochastic/stochWRF_3.8/main -I/scratch/john.lawson/stochastic/stochWRF_3.8/external/io_netcdf -I/scratch/john.lawson/stochastic/stochWRF_3.8/external/io_int -I/scratch/john.lawson/stochastic/stochWRF_3.8/frame -I/scratch/john.lawson/stochastic/stochWRF_3.8/share -I/scratch/john.lawson/stochastic/stochWRF_3.8/phys -I/scratch/john.lawson/stochastic/stochWRF_3.8/chem -I/scratch/john.lawson/stochastic/stochWRF_3.8/inc -I/opt/cray/pe/netcdf-hdf5parallel/4.4.1.1.3/INTEL/16.0/include  module_alloc_space_7.f90
rm -f module_alloc_space_8.o
/lib/cpp -P -I/scratch/john.lawson/stochastic/stochWRF_3.8/inc -DEM_CORE=1 -DNMM_CORE=0 -DNMM_MAX_DIM=2600 -DCOAMPS_CORE=0 -DDA_CORE=0 -DEXP_CORE=0 -DIWORDSIZE=4 -DDWORDSIZE=8 -DRWORDSIZE=4 -DLWORDSIZE=4 -DNONSTANDARD_SYSTEM_FUNC  -DWRF_USE_CLM -DUSE_NETCDF4_FEATURES -DWRFIO_NCD_LARGE_FILE_SUPPORT  -DDM_PARALLEL -DNETCDF -DHDF5 -DUSE_ALLOCATABLES -DGRIB1 -DINTIO -DKEEP_INT_AROUND -DLIMIT_ARGS -DCONFIG_BUF_LEN=65536 -DMAX_DOMAINS_F=21 -DMAX_HISTORY=25 -DNMM_NEST=0  -I. -traditional -DUSE_NETCDF4_FEATURES -DWRFIO_NCD_LARGE_FILE_SUPPORT   module_alloc_space_8.F  > module_alloc_space_8.bb
/scratch/john.lawson/stochastic/stochWRF_3.8/tools/standard.exe module_alloc_space_8.bb | /lib/cpp -P -traditional -DUSE_NETCDF4_FEATURES -DWRFIO_NCD_LARGE_FILE_SUPPORT > module_alloc_space_8.f90
rm -f module_alloc_space_8.b module_alloc_space_8.bb
ftn -c -real-size `expr 8 \* 4` -i4  -O0 -fno-inline -fno-ip -w -ftz -fno-alias -align all -FR -convert big_endian   -I../dyn_em -I../dyn_nmm   -I/scratch/john.lawson/stochastic/stochWRF_3.8/external/esmf_time_f90  -I/scratch/john.lawson/stochastic/stochWRF_3.8/main -I/scratch/john.lawson/stochastic/stochWRF_3.8/external/io_netcdf -I/scratch/john.lawson/stochastic/stochWRF_3.8/external/io_int -I/scratch/john.lawson/stochastic/stochWRF_3.8/frame -I/scratch/john.lawson/stochastic/stochWRF_3.8/share -I/scratch/john.lawson/stochastic/stochWRF_3.8/phys -I/scratch/john.lawson/stochastic/stochWRF_3.8/chem -I/scratch/john.lawson/stochastic/stochWRF_3.8/inc -I/opt/cray/pe/netcdf-hdf5parallel/4.4.1.1.3/INTEL/16.0/include  module_alloc_space_8.f90
rm -f module_alloc_space_9.o
/lib/cpp -P -I/scratch/john.lawson/stochastic/stochWRF_3.8/inc -DEM_CORE=1 -DNMM_CORE=0 -DNMM_MAX_DIM=2600 -DCOAMPS_CORE=0 -DDA_CORE=0 -DEXP_CORE=0 -DIWORDSIZE=4 -DDWORDSIZE=8 -DRWORDSIZE=4 -DLWORDSIZE=4 -DNONSTANDARD_SYSTEM_FUNC  -DWRF_USE_CLM -DUSE_NETCDF4_FEATURES -DWRFIO_NCD_LARGE_FILE_SUPPORT  -DDM_PARALLEL -DNETCDF -DHDF5 -DUSE_ALLOCATABLES -DGRIB1 -DINTIO -DKEEP_INT_AROUND -DLIMIT_ARGS -DCONFIG_BUF_LEN=65536 -DMAX_DOMAINS_F=21 -DMAX_HISTORY=25 -DNMM_NEST=0  -I. -traditional -DUSE_NETCDF4_FEATURES -DWRFIO_NCD_LARGE_FILE_SUPPORT   module_alloc_space_9.F  > module_alloc_space_9.bb
/scratch/john.lawson/stochastic/stochWRF_3.8/tools/standard.exe module_alloc_space_9.bb | /lib/cpp -P -traditional -DUSE_NETCDF4_FEATURES -DWRFIO_NCD_LARGE_FILE_SUPPORT > module_alloc_space_9.f90
rm -f module_alloc_space_9.b module_alloc_space_9.bb
ftn -c -real-size `expr 8 \* 4` -i4  -O0 -fno-inline -fno-ip -w -ftz -fno-alias -align all -FR -convert big_endian   -I../dyn_em -I../dyn_nmm   -I/scratch/john.lawson/stochastic/stochWRF_3.8/external/esmf_time_f90  -I/scratch/john.lawson/stochastic/stochWRF_3.8/main -I/scratch/john.lawson/stochastic/stochWRF_3.8/external/io_netcdf -I/scratch/john.lawson/stochastic/stochWRF_3.8/external/io_int -I/scratch/john.lawson/stochastic/stochWRF_3.8/frame -I/scratch/john.lawson/stochastic/stochWRF_3.8/share -I/scratch/john.lawson/stochastic/stochWRF_3.8/phys -I/scratch/john.lawson/stochastic/stochWRF_3.8/chem -I/scratch/john.lawson/stochastic/stochWRF_3.8/inc -I/opt/cray/pe/netcdf-hdf5parallel/4.4.1.1.3/INTEL/16.0/include  module_alloc_space_9.f90
/lib/cpp -P -DNNN=0 -I../inc -DNL_get_ROUTINES nl_access_routines.F > yy0.f90
ftn -o nl_get_0_routines.o -c -real-size `expr 8 \* 4` -i4 -O0 -fno-inline -fno-ip -w -ftz -fno-alias -align all -FR -convert big_endian  -I../dyn_em -I../dyn_nmm   -I/scratch/john.lawson/stochastic/stochWRF_3.8/external/esmf_time_f90  -I/scratch/john.lawson/stochastic/stochWRF_3.8/main -I/scratch/john.lawson/stochastic/stochWRF_3.8/external/io_netcdf -I/scratch/john.lawson/stochastic/stochWRF_3.8/external/io_int -I/scratch/john.lawson/stochastic/stochWRF_3.8/frame -I/scratch/john.lawson/stochastic/stochWRF_3.8/share -I/scratch/john.lawson/stochastic/stochWRF_3.8/phys -I/scratch/john.lawson/stochastic/stochWRF_3.8/chem -I/scratch/john.lawson/stochastic/stochWRF_3.8/inc -I/opt/cray/pe/netcdf-hdf5parallel/4.4.1.1.3/INTEL/16.0/include   yy0.f90
rm -f yy0.f90
/lib/cpp -P -DNNN=1 -I../inc -DNL_get_ROUTINES nl_access_routines.F > yy1.f90
ftn -o nl_get_1_routines.o -c -real-size `expr 8 \* 4` -i4 -O0 -fno-inline -fno-ip -w -ftz -fno-alias -align all -FR -convert big_endian  -I../dyn_em -I../dyn_nmm   -I/scratch/john.lawson/stochastic/stochWRF_3.8/external/esmf_time_f90  -I/scratch/john.lawson/stochastic/stochWRF_3.8/main -I/scratch/john.lawson/stochastic/stochWRF_3.8/external/io_netcdf -I/scratch/john.lawson/stochastic/stochWRF_3.8/external/io_int -I/scratch/john.lawson/stochastic/stochWRF_3.8/frame -I/scratch/john.lawson/stochastic/stochWRF_3.8/share -I/scratch/john.lawson/stochastic/stochWRF_3.8/phys -I/scratch/john.lawson/stochastic/stochWRF_3.8/chem -I/scratch/john.lawson/stochastic/stochWRF_3.8/inc -I/opt/cray/pe/netcdf-hdf5parallel/4.4.1.1.3/INTEL/16.0/include   yy1.f90
/lib/cpp -P -DNNN=2 -I../inc -DNL_get_ROUTINES nl_access_routines.F > yy2.f90
ftn -o nl_get_2_routines.o -c -real-size `expr 8 \* 4` -i4 -O0 -fno-inline -fno-ip -w -ftz -fno-alias -align all -FR -convert big_endian  -I../dyn_em -I../dyn_nmm   -I/scratch/john.lawson/stochastic/stochWRF_3.8/external/esmf_time_f90  -I/scratch/john.lawson/stochastic/stochWRF_3.8/main -I/scratch/john.lawson/stochastic/stochWRF_3.8/external/io_netcdf -I/scratch/john.lawson/stochastic/stochWRF_3.8/external/io_int -I/scratch/john.lawson/stochastic/stochWRF_3.8/frame -I/scratch/john.lawson/stochastic/stochWRF_3.8/share -I/scratch/john.lawson/stochastic/stochWRF_3.8/phys -I/scratch/john.lawson/stochastic/stochWRF_3.8/chem -I/scratch/john.lawson/stochastic/stochWRF_3.8/inc -I/opt/cray/pe/netcdf-hdf5parallel/4.4.1.1.3/INTEL/16.0/include   yy2.f90
rm -f yy1.f90
/lib/cpp -P -DNNN=3 -I../inc -DNL_get_ROUTINES nl_access_routines.F > yy3.f90
ftn -o nl_get_3_routines.o -c -real-size `expr 8 \* 4` -i4 -O0 -fno-inline -fno-ip -w -ftz -fno-alias -align all -FR -convert big_endian  -I../dyn_em -I../dyn_nmm   -I/scratch/john.lawson/stochastic/stochWRF_3.8/external/esmf_time_f90  -I/scratch/john.lawson/stochastic/stochWRF_3.8/main -I/scratch/john.lawson/stochastic/stochWRF_3.8/external/io_netcdf -I/scratch/john.lawson/stochastic/stochWRF_3.8/external/io_int -I/scratch/john.lawson/stochastic/stochWRF_3.8/frame -I/scratch/john.lawson/stochastic/stochWRF_3.8/share -I/scratch/john.lawson/stochastic/stochWRF_3.8/phys -I/scratch/john.lawson/stochastic/stochWRF_3.8/chem -I/scratch/john.lawson/stochastic/stochWRF_3.8/inc -I/opt/cray/pe/netcdf-hdf5parallel/4.4.1.1.3/INTEL/16.0/include   yy3.f90
rm -f yy2.f90
/lib/cpp -P -DNNN=4 -I../inc -DNL_get_ROUTINES nl_access_routines.F > yy4.f90
ftn -o nl_get_4_routines.o -c -real-size `expr 8 \* 4` -i4 -O0 -fno-inline -fno-ip -w -ftz -fno-alias -align all -FR -convert big_endian  -I../dyn_em -I../dyn_nmm   -I/scratch/john.lawson/stochastic/stochWRF_3.8/external/esmf_time_f90  -I/scratch/john.lawson/stochastic/stochWRF_3.8/main -I/scratch/john.lawson/stochastic/stochWRF_3.8/external/io_netcdf -I/scratch/john.lawson/stochastic/stochWRF_3.8/external/io_int -I/scratch/john.lawson/stochastic/stochWRF_3.8/frame -I/scratch/john.lawson/stochastic/stochWRF_3.8/share -I/scratch/john.lawson/stochastic/stochWRF_3.8/phys -I/scratch/john.lawson/stochastic/stochWRF_3.8/chem -I/scratch/john.lawson/stochastic/stochWRF_3.8/inc -I/opt/cray/pe/netcdf-hdf5parallel/4.4.1.1.3/INTEL/16.0/include   yy4.f90
rm -f yy3.f90
/lib/cpp -P -DNNN=5 -I../inc -DNL_get_ROUTINES nl_access_routines.F > yy5.f90
ftn -o nl_get_5_routines.o -c -real-size `expr 8 \* 4` -i4 -O0 -fno-inline -fno-ip -w -ftz -fno-alias -align all -FR -convert big_endian  -I../dyn_em -I../dyn_nmm   -I/scratch/john.lawson/stochastic/stochWRF_3.8/external/esmf_time_f90  -I/scratch/john.lawson/stochastic/stochWRF_3.8/main -I/scratch/john.lawson/stochastic/stochWRF_3.8/external/io_netcdf -I/scratch/john.lawson/stochastic/stochWRF_3.8/external/io_int -I/scratch/john.lawson/stochastic/stochWRF_3.8/frame -I/scratch/john.lawson/stochastic/stochWRF_3.8/share -I/scratch/john.lawson/stochastic/stochWRF_3.8/phys -I/scratch/john.lawson/stochastic/stochWRF_3.8/chem -I/scratch/john.lawson/stochastic/stochWRF_3.8/inc -I/opt/cray/pe/netcdf-hdf5parallel/4.4.1.1.3/INTEL/16.0/include   yy5.f90
rm -f yy4.f90
/lib/cpp -P -DNNN=6 -I../inc -DNL_get_ROUTINES nl_access_routines.F > yy6.f90
ftn -o nl_get_6_routines.o -c -real-size `expr 8 \* 4` -i4 -O0 -fno-inline -fno-ip -w -ftz -fno-alias -align all -FR -convert big_endian  -I../dyn_em -I../dyn_nmm   -I/scratch/john.lawson/stochastic/stochWRF_3.8/external/esmf_time_f90  -I/scratch/john.lawson/stochastic/stochWRF_3.8/main -I/scratch/john.lawson/stochastic/stochWRF_3.8/external/io_netcdf -I/scratch/john.lawson/stochastic/stochWRF_3.8/external/io_int -I/scratch/john.lawson/stochastic/stochWRF_3.8/frame -I/scratch/john.lawson/stochastic/stochWRF_3.8/share -I/scratch/john.lawson/stochastic/stochWRF_3.8/phys -I/scratch/john.lawson/stochastic/stochWRF_3.8/chem -I/scratch/john.lawson/stochastic/stochWRF_3.8/inc -I/opt/cray/pe/netcdf-hdf5parallel/4.4.1.1.3/INTEL/16.0/include   yy6.f90
rm -f yy5.f90
/lib/cpp -P -DNNN=7 -I../inc -DNL_get_ROUTINES nl_access_routines.F > yy7.f90
ftn -o nl_get_7_routines.o -c -real-size `expr 8 \* 4` -i4 -O0 -fno-inline -fno-ip -w -ftz -fno-alias -align all -FR -convert big_endian  -I../dyn_em -I../dyn_nmm   -I/scratch/john.lawson/stochastic/stochWRF_3.8/external/esmf_time_f90  -I/scratch/john.lawson/stochastic/stochWRF_3.8/main -I/scratch/john.lawson/stochastic/stochWRF_3.8/external/io_netcdf -I/scratch/john.lawson/stochastic/stochWRF_3.8/external/io_int -I/scratch/john.lawson/stochastic/stochWRF_3.8/frame -I/scratch/john.lawson/stochastic/stochWRF_3.8/share -I/scratch/john.lawson/stochastic/stochWRF_3.8/phys -I/scratch/john.lawson/stochastic/stochWRF_3.8/chem -I/scratch/john.lawson/stochastic/stochWRF_3.8/inc -I/opt/cray/pe/netcdf-hdf5parallel/4.4.1.1.3/INTEL/16.0/include   yy7.f90
rm -f yy6.f90
/lib/cpp -P -DNNN=0 -I../inc -DNL_set_ROUTINES nl_access_routines.F > xx0.f90
ftn -o nl_set_0_routines.o -c -real-size `expr 8 \* 4` -i4 -O0 -fno-inline -fno-ip -w -ftz -fno-alias -align all -FR -convert big_endian  -I../dyn_em -I../dyn_nmm   -I/scratch/john.lawson/stochastic/stochWRF_3.8/external/esmf_time_f90  -I/scratch/john.lawson/stochastic/stochWRF_3.8/main -I/scratch/john.lawson/stochastic/stochWRF_3.8/external/io_netcdf -I/scratch/john.lawson/stochastic/stochWRF_3.8/external/io_int -I/scratch/john.lawson/stochastic/stochWRF_3.8/frame -I/scratch/john.lawson/stochastic/stochWRF_3.8/share -I/scratch/john.lawson/stochastic/stochWRF_3.8/phys -I/scratch/john.lawson/stochastic/stochWRF_3.8/chem -I/scratch/john.lawson/stochastic/stochWRF_3.8/inc -I/opt/cray/pe/netcdf-hdf5parallel/4.4.1.1.3/INTEL/16.0/include   xx0.f90
rm -f yy7.f90
/lib/cpp -P -DNNN=1 -I../inc -DNL_set_ROUTINES nl_access_routines.F > xx1.f90
ftn -o nl_set_1_routines.o -c -real-size `expr 8 \* 4` -i4 -O0 -fno-inline -fno-ip -w -ftz -fno-alias -align all -FR -convert big_endian  -I../dyn_em -I../dyn_nmm   -I/scratch/john.lawson/stochastic/stochWRF_3.8/external/esmf_time_f90  -I/scratch/john.lawson/stochastic/stochWRF_3.8/main -I/scratch/john.lawson/stochastic/stochWRF_3.8/external/io_netcdf -I/scratch/john.lawson/stochastic/stochWRF_3.8/external/io_int -I/scratch/john.lawson/stochastic/stochWRF_3.8/frame -I/scratch/john.lawson/stochastic/stochWRF_3.8/share -I/scratch/john.lawson/stochastic/stochWRF_3.8/phys -I/scratch/john.lawson/stochastic/stochWRF_3.8/chem -I/scratch/john.lawson/stochastic/stochWRF_3.8/inc -I/opt/cray/pe/netcdf-hdf5parallel/4.4.1.1.3/INTEL/16.0/include   xx1.f90
rm -f xx0.f90
/lib/cpp -P -DNNN=2 -I../inc -DNL_set_ROUTINES nl_access_routines.F > xx2.f90
ftn -o nl_set_2_routines.o -c -real-size `expr 8 \* 4` -i4 -O0 -fno-inline -fno-ip -w -ftz -fno-alias -align all -FR -convert big_endian  -I../dyn_em -I../dyn_nmm   -I/scratch/john.lawson/stochastic/stochWRF_3.8/external/esmf_time_f90  -I/scratch/john.lawson/stochastic/stochWRF_3.8/main -I/scratch/john.lawson/stochastic/stochWRF_3.8/external/io_netcdf -I/scratch/john.lawson/stochastic/stochWRF_3.8/external/io_int -I/scratch/john.lawson/stochastic/stochWRF_3.8/frame -I/scratch/john.lawson/stochastic/stochWRF_3.8/share -I/scratch/john.lawson/stochastic/stochWRF_3.8/phys -I/scratch/john.lawson/stochastic/stochWRF_3.8/chem -I/scratch/john.lawson/stochastic/stochWRF_3.8/inc -I/opt/cray/pe/netcdf-hdf5parallel/4.4.1.1.3/INTEL/16.0/include   xx2.f90
rm -f xx1.f90
/lib/cpp -P -DNNN=3 -I../inc -DNL_set_ROUTINES nl_access_routines.F > xx3.f90
ftn -o nl_set_3_routines.o -c -real-size `expr 8 \* 4` -i4 -O0 -fno-inline -fno-ip -w -ftz -fno-alias -align all -FR -convert big_endian  -I../dyn_em -I../dyn_nmm   -I/scratch/john.lawson/stochastic/stochWRF_3.8/external/esmf_time_f90  -I/scratch/john.lawson/stochastic/stochWRF_3.8/main -I/scratch/john.lawson/stochastic/stochWRF_3.8/external/io_netcdf -I/scratch/john.lawson/stochastic/stochWRF_3.8/external/io_int -I/scratch/john.lawson/stochastic/stochWRF_3.8/frame -I/scratch/john.lawson/stochastic/stochWRF_3.8/share -I/scratch/john.lawson/stochastic/stochWRF_3.8/phys -I/scratch/john.lawson/stochastic/stochWRF_3.8/chem -I/scratch/john.lawson/stochastic/stochWRF_3.8/inc -I/opt/cray/pe/netcdf-hdf5parallel/4.4.1.1.3/INTEL/16.0/include   xx3.f90
rm -f xx2.f90
/lib/cpp -P -DNNN=4 -I../inc -DNL_set_ROUTINES nl_access_routines.F > xx4.f90
ftn -o nl_set_4_routines.o -c -real-size `expr 8 \* 4` -i4 -O0 -fno-inline -fno-ip -w -ftz -fno-alias -align all -FR -convert big_endian  -I../dyn_em -I../dyn_nmm   -I/scratch/john.lawson/stochastic/stochWRF_3.8/external/esmf_time_f90  -I/scratch/john.lawson/stochastic/stochWRF_3.8/main -I/scratch/john.lawson/stochastic/stochWRF_3.8/external/io_netcdf -I/scratch/john.lawson/stochastic/stochWRF_3.8/external/io_int -I/scratch/john.lawson/stochastic/stochWRF_3.8/frame -I/scratch/john.lawson/stochastic/stochWRF_3.8/share -I/scratch/john.lawson/stochastic/stochWRF_3.8/phys -I/scratch/john.lawson/stochastic/stochWRF_3.8/chem -I/scratch/john.lawson/stochastic/stochWRF_3.8/inc -I/opt/cray/pe/netcdf-hdf5parallel/4.4.1.1.3/INTEL/16.0/include   xx4.f90
rm -f xx3.f90
/lib/cpp -P -DNNN=5 -I../inc -DNL_set_ROUTINES nl_access_routines.F > xx5.f90
ftn -o nl_set_5_routines.o -c -real-size `expr 8 \* 4` -i4 -O0 -fno-inline -fno-ip -w -ftz -fno-alias -align all -FR -convert big_endian  -I../dyn_em -I../dyn_nmm   -I/scratch/john.lawson/stochastic/stochWRF_3.8/external/esmf_time_f90  -I/scratch/john.lawson/stochastic/stochWRF_3.8/main -I/scratch/john.lawson/stochastic/stochWRF_3.8/external/io_netcdf -I/scratch/john.lawson/stochastic/stochWRF_3.8/external/io_int -I/scratch/john.lawson/stochastic/stochWRF_3.8/frame -I/scratch/john.lawson/stochastic/stochWRF_3.8/share -I/scratch/john.lawson/stochastic/stochWRF_3.8/phys -I/scratch/john.lawson/stochastic/stochWRF_3.8/chem -I/scratch/john.lawson/stochastic/stochWRF_3.8/inc -I/opt/cray/pe/netcdf-hdf5parallel/4.4.1.1.3/INTEL/16.0/include   xx5.f90
rm -f xx4.f90
/lib/cpp -P -DNNN=6 -I../inc -DNL_set_ROUTINES nl_access_routines.F > xx6.f90
ftn -o nl_set_6_routines.o -c -real-size `expr 8 \* 4` -i4 -O0 -fno-inline -fno-ip -w -ftz -fno-alias -align all -FR -convert big_endian  -I../dyn_em -I../dyn_nmm   -I/scratch/john.lawson/stochastic/stochWRF_3.8/external/esmf_time_f90  -I/scratch/john.lawson/stochastic/stochWRF_3.8/main -I/scratch/john.lawson/stochastic/stochWRF_3.8/external/io_netcdf -I/scratch/john.lawson/stochastic/stochWRF_3.8/external/io_int -I/scratch/john.lawson/stochastic/stochWRF_3.8/frame -I/scratch/john.lawson/stochastic/stochWRF_3.8/share -I/scratch/john.lawson/stochastic/stochWRF_3.8/phys -I/scratch/john.lawson/stochastic/stochWRF_3.8/chem -I/scratch/john.lawson/stochastic/stochWRF_3.8/inc -I/opt/cray/pe/netcdf-hdf5parallel/4.4.1.1.3/INTEL/16.0/include   xx6.f90
rm -f xx5.f90
/lib/cpp -P -DNNN=7 -I../inc -DNL_set_ROUTINES nl_access_routines.F > xx7.f90
ftn -o nl_set_7_routines.o -c -real-size `expr 8 \* 4` -i4 -O0 -fno-inline -fno-ip -w -ftz -fno-alias -align all -FR -convert big_endian  -I../dyn_em -I../dyn_nmm   -I/scratch/john.lawson/stochastic/stochWRF_3.8/external/esmf_time_f90  -I/scratch/john.lawson/stochastic/stochWRF_3.8/main -I/scratch/john.lawson/stochastic/stochWRF_3.8/external/io_netcdf -I/scratch/john.lawson/stochastic/stochWRF_3.8/external/io_int -I/scratch/john.lawson/stochastic/stochWRF_3.8/frame -I/scratch/john.lawson/stochastic/stochWRF_3.8/share -I/scratch/john.lawson/stochastic/stochWRF_3.8/phys -I/scratch/john.lawson/stochastic/stochWRF_3.8/chem -I/scratch/john.lawson/stochastic/stochWRF_3.8/inc -I/opt/cray/pe/netcdf-hdf5parallel/4.4.1.1.3/INTEL/16.0/include   xx7.f90
rm -f xx6.f90
rm -f module_domain.o
/lib/cpp -P -I/scratch/john.lawson/stochastic/stochWRF_3.8/inc -DEM_CORE=1 -DNMM_CORE=0 -DNMM_MAX_DIM=2600 -DCOAMPS_CORE=0 -DDA_CORE=0 -DEXP_CORE=0 -DIWORDSIZE=4 -DDWORDSIZE=8 -DRWORDSIZE=4 -DLWORDSIZE=4 -DNONSTANDARD_SYSTEM_FUNC  -DWRF_USE_CLM -DUSE_NETCDF4_FEATURES -DWRFIO_NCD_LARGE_FILE_SUPPORT  -DDM_PARALLEL -DNETCDF -DHDF5 -DUSE_ALLOCATABLES -DGRIB1 -DINTIO -DKEEP_INT_AROUND -DLIMIT_ARGS -DCONFIG_BUF_LEN=65536 -DMAX_DOMAINS_F=21 -DMAX_HISTORY=25 -DNMM_NEST=0  -I. -traditional -DUSE_NETCDF4_FEATURES -DWRFIO_NCD_LARGE_FILE_SUPPORT   module_domain.F  > module_domain.bb
/scratch/john.lawson/stochastic/stochWRF_3.8/tools/standard.exe module_domain.bb | /lib/cpp -P -traditional -DUSE_NETCDF4_FEATURES -DWRFIO_NCD_LARGE_FILE_SUPPORT > module_domain.f90
rm -f module_domain.b module_domain.bb
ftn -c -real-size `expr 8 \* 4` -i4  -O0 -fno-inline -fno-ip -w -ftz -fno-alias -align all -FR -convert big_endian   -I../dyn_em -I../dyn_nmm   -I/scratch/john.lawson/stochastic/stochWRF_3.8/external/esmf_time_f90  -I/scratch/john.lawson/stochastic/stochWRF_3.8/main -I/scratch/john.lawson/stochastic/stochWRF_3.8/external/io_netcdf -I/scratch/john.lawson/stochastic/stochWRF_3.8/external/io_int -I/scratch/john.lawson/stochastic/stochWRF_3.8/frame -I/scratch/john.lawson/stochastic/stochWRF_3.8/share -I/scratch/john.lawson/stochastic/stochWRF_3.8/phys -I/scratch/john.lawson/stochastic/stochWRF_3.8/chem -I/scratch/john.lawson/stochastic/stochWRF_3.8/inc -I/opt/cray/pe/netcdf-hdf5parallel/4.4.1.1.3/INTEL/16.0/include  module_domain.f90
rm -f xx7.f90
rm -f module_nesting.o
rm -f module_cpl_oasis3.o
/lib/cpp -P -I/scratch/john.lawson/stochastic/stochWRF_3.8/inc -DEM_CORE=1 -DNMM_CORE=0 -DNMM_MAX_DIM=2600 -DCOAMPS_CORE=0 -DDA_CORE=0 -DEXP_CORE=0 -DIWORDSIZE=4 -DDWORDSIZE=8 -DRWORDSIZE=4 -DLWORDSIZE=4 -DNONSTANDARD_SYSTEM_FUNC  -DWRF_USE_CLM -DUSE_NETCDF4_FEATURES -DWRFIO_NCD_LARGE_FILE_SUPPORT  -DDM_PARALLEL -DNETCDF -DHDF5 -DUSE_ALLOCATABLES -DGRIB1 -DINTIO -DKEEP_INT_AROUND -DLIMIT_ARGS -DCONFIG_BUF_LEN=65536 -DMAX_DOMAINS_F=21 -DMAX_HISTORY=25 -DNMM_NEST=0  -I. -traditional -DUSE_NETCDF4_FEATURES -DWRFIO_NCD_LARGE_FILE_SUPPORT   module_nesting.F  > module_nesting.bb
/lib/cpp -P -I/scratch/john.lawson/stochastic/stochWRF_3.8/inc -DEM_CORE=1 -DNMM_CORE=0 -DNMM_MAX_DIM=2600 -DCOAMPS_CORE=0 -DDA_CORE=0 -DEXP_CORE=0 -DIWORDSIZE=4 -DDWORDSIZE=8 -DRWORDSIZE=4 -DLWORDSIZE=4 -DNONSTANDARD_SYSTEM_FUNC  -DWRF_USE_CLM -DUSE_NETCDF4_FEATURES -DWRFIO_NCD_LARGE_FILE_SUPPORT  -DDM_PARALLEL -DNETCDF -DHDF5 -DUSE_ALLOCATABLES -DGRIB1 -DINTIO -DKEEP_INT_AROUND -DLIMIT_ARGS -DCONFIG_BUF_LEN=65536 -DMAX_DOMAINS_F=21 -DMAX_HISTORY=25 -DNMM_NEST=0  -I. -traditional -DUSE_NETCDF4_FEATURES -DWRFIO_NCD_LARGE_FILE_SUPPORT   module_cpl_oasis3.F  > module_cpl_oasis3.bb
/scratch/john.lawson/stochastic/stochWRF_3.8/tools/standard.exe module_cpl_oasis3.bb | /lib/cpp -P -traditional -DUSE_NETCDF4_FEATURES -DWRFIO_NCD_LARGE_FILE_SUPPORT > module_cpl_oasis3.f90
/scratch/john.lawson/stochastic/stochWRF_3.8/tools/standard.exe module_nesting.bb | /lib/cpp -P -traditional -DUSE_NETCDF4_FEATURES -DWRFIO_NCD_LARGE_FILE_SUPPORT > module_nesting.f90
rm -f module_cpl_oasis3.b module_cpl_oasis3.bb
rm -f module_nesting.b module_nesting.bb
ftn -o module_cpl_oasis3.o -c -ip -O3  -w -ftz -fno-alias -align all -FR -convert big_endian    -I../dyn_em -I../dyn_nmm   -I/scratch/john.lawson/stochastic/stochWRF_3.8/external/esmf_time_f90  -I/scratch/john.lawson/stochastic/stochWRF_3.8/main -I/scratch/john.lawson/stochastic/stochWRF_3.8/external/io_netcdf -I/scratch/john.lawson/stochastic/stochWRF_3.8/external/io_int -I/scratch/john.lawson/stochastic/stochWRF_3.8/frame -I/scratch/john.lawson/stochastic/stochWRF_3.8/share -I/scratch/john.lawson/stochastic/stochWRF_3.8/phys -I/scratch/john.lawson/stochastic/stochWRF_3.8/chem -I/scratch/john.lawson/stochastic/stochWRF_3.8/inc -I/opt/cray/pe/netcdf-hdf5parallel/4.4.1.1.3/INTEL/16.0/include  -real-size `expr 8 \* 4` -i4  module_cpl_oasis3.f90
ftn -o module_nesting.o -c -ip -O3  -w -ftz -fno-alias -align all -FR -convert big_endian    -I../dyn_em -I../dyn_nmm   -I/scratch/john.lawson/stochastic/stochWRF_3.8/external/esmf_time_f90  -I/scratch/john.lawson/stochastic/stochWRF_3.8/main -I/scratch/john.lawson/stochastic/stochWRF_3.8/external/io_netcdf -I/scratch/john.lawson/stochastic/stochWRF_3.8/external/io_int -I/scratch/john.lawson/stochastic/stochWRF_3.8/frame -I/scratch/john.lawson/stochastic/stochWRF_3.8/share -I/scratch/john.lawson/stochastic/stochWRF_3.8/phys -I/scratch/john.lawson/stochastic/stochWRF_3.8/chem -I/scratch/john.lawson/stochastic/stochWRF_3.8/inc -I/opt/cray/pe/netcdf-hdf5parallel/4.4.1.1.3/INTEL/16.0/include  -real-size `expr 8 \* 4` -i4  module_nesting.f90
rm -f module_comm_nesting_dm.o
/lib/cpp -P -I/scratch/john.lawson/stochastic/stochWRF_3.8/inc -DEM_CORE=1 -DNMM_CORE=0 -DNMM_MAX_DIM=2600 -DCOAMPS_CORE=0 -DDA_CORE=0 -DEXP_CORE=0 -DIWORDSIZE=4 -DDWORDSIZE=8 -DRWORDSIZE=4 -DLWORDSIZE=4 -DNONSTANDARD_SYSTEM_FUNC  -DWRF_USE_CLM -DUSE_NETCDF4_FEATURES -DWRFIO_NCD_LARGE_FILE_SUPPORT  -DDM_PARALLEL -DNETCDF -DHDF5 -DUSE_ALLOCATABLES -DGRIB1 -DINTIO -DKEEP_INT_AROUND -DLIMIT_ARGS -DCONFIG_BUF_LEN=65536 -DMAX_DOMAINS_F=21 -DMAX_HISTORY=25 -DNMM_NEST=0  -I. -traditional -DUSE_NETCDF4_FEATURES -DWRFIO_NCD_LARGE_FILE_SUPPORT   module_comm_nesting_dm.F  > module_comm_nesting_dm.bb
/scratch/john.lawson/stochastic/stochWRF_3.8/tools/standard.exe module_comm_nesting_dm.bb | /lib/cpp -P -traditional -DUSE_NETCDF4_FEATURES -DWRFIO_NCD_LARGE_FILE_SUPPORT > module_comm_nesting_dm.f90
rm -f module_comm_nesting_dm.b module_comm_nesting_dm.bb
ftn -c -real-size `expr 8 \* 4` -i4  -O0 -fno-inline -fno-ip -w -ftz -fno-alias -align all -FR -convert big_endian   -I../dyn_em -I../dyn_nmm   -I/scratch/john.lawson/stochastic/stochWRF_3.8/external/esmf_time_f90  -I/scratch/john.lawson/stochastic/stochWRF_3.8/main -I/scratch/john.lawson/stochastic/stochWRF_3.8/external/io_netcdf -I/scratch/john.lawson/stochastic/stochWRF_3.8/external/io_int -I/scratch/john.lawson/stochastic/stochWRF_3.8/frame -I/scratch/john.lawson/stochastic/stochWRF_3.8/share -I/scratch/john.lawson/stochastic/stochWRF_3.8/phys -I/scratch/john.lawson/stochastic/stochWRF_3.8/chem -I/scratch/john.lawson/stochastic/stochWRF_3.8/inc -I/opt/cray/pe/netcdf-hdf5parallel/4.4.1.1.3/INTEL/16.0/include  module_comm_nesting_dm.f90
rm -f module_comm_dm_0.o
/lib/cpp -P -I/scratch/john.lawson/stochastic/stochWRF_3.8/inc -DEM_CORE=1 -DNMM_CORE=0 -DNMM_MAX_DIM=2600 -DCOAMPS_CORE=0 -DDA_CORE=0 -DEXP_CORE=0 -DIWORDSIZE=4 -DDWORDSIZE=8 -DRWORDSIZE=4 -DLWORDSIZE=4 -DNONSTANDARD_SYSTEM_FUNC  -DWRF_USE_CLM -DUSE_NETCDF4_FEATURES -DWRFIO_NCD_LARGE_FILE_SUPPORT  -DDM_PARALLEL -DNETCDF -DHDF5 -DUSE_ALLOCATABLES -DGRIB1 -DINTIO -DKEEP_INT_AROUND -DLIMIT_ARGS -DCONFIG_BUF_LEN=65536 -DMAX_DOMAINS_F=21 -DMAX_HISTORY=25 -DNMM_NEST=0  -I. -traditional -DUSE_NETCDF4_FEATURES -DWRFIO_NCD_LARGE_FILE_SUPPORT   module_comm_dm_0.F  > module_comm_dm_0.bb
/scratch/john.lawson/stochastic/stochWRF_3.8/tools/standard.exe module_comm_dm_0.bb | /lib/cpp -P -traditional -DUSE_NETCDF4_FEATURES -DWRFIO_NCD_LARGE_FILE_SUPPORT > module_comm_dm_0.f90
rm -f module_comm_dm_0.b module_comm_dm_0.bb
ftn -c -real-size `expr 8 \* 4` -i4  -O0 -fno-inline -fno-ip -w -ftz -fno-alias -align all -FR -convert big_endian   -I../dyn_em -I../dyn_nmm   -I/scratch/john.lawson/stochastic/stochWRF_3.8/external/esmf_time_f90  -I/scratch/john.lawson/stochastic/stochWRF_3.8/main -I/scratch/john.lawson/stochastic/stochWRF_3.8/external/io_netcdf -I/scratch/john.lawson/stochastic/stochWRF_3.8/external/io_int -I/scratch/john.lawson/stochastic/stochWRF_3.8/frame -I/scratch/john.lawson/stochastic/stochWRF_3.8/share -I/scratch/john.lawson/stochastic/stochWRF_3.8/phys -I/scratch/john.lawson/stochastic/stochWRF_3.8/chem -I/scratch/john.lawson/stochastic/stochWRF_3.8/inc -I/opt/cray/pe/netcdf-hdf5parallel/4.4.1.1.3/INTEL/16.0/include  module_comm_dm_0.f90
rm -f module_comm_dm_1.o
/lib/cpp -P -I/scratch/john.lawson/stochastic/stochWRF_3.8/inc -DEM_CORE=1 -DNMM_CORE=0 -DNMM_MAX_DIM=2600 -DCOAMPS_CORE=0 -DDA_CORE=0 -DEXP_CORE=0 -DIWORDSIZE=4 -DDWORDSIZE=8 -DRWORDSIZE=4 -DLWORDSIZE=4 -DNONSTANDARD_SYSTEM_FUNC  -DWRF_USE_CLM -DUSE_NETCDF4_FEATURES -DWRFIO_NCD_LARGE_FILE_SUPPORT  -DDM_PARALLEL -DNETCDF -DHDF5 -DUSE_ALLOCATABLES -DGRIB1 -DINTIO -DKEEP_INT_AROUND -DLIMIT_ARGS -DCONFIG_BUF_LEN=65536 -DMAX_DOMAINS_F=21 -DMAX_HISTORY=25 -DNMM_NEST=0  -I. -traditional -DUSE_NETCDF4_FEATURES -DWRFIO_NCD_LARGE_FILE_SUPPORT   module_comm_dm_1.F  > module_comm_dm_1.bb
/scratch/john.lawson/stochastic/stochWRF_3.8/tools/standard.exe module_comm_dm_1.bb | /lib/cpp -P -traditional -DUSE_NETCDF4_FEATURES -DWRFIO_NCD_LARGE_FILE_SUPPORT > module_comm_dm_1.f90
rm -f module_comm_dm_1.b module_comm_dm_1.bb
ftn -c -real-size `expr 8 \* 4` -i4  -O0 -fno-inline -fno-ip -w -ftz -fno-alias -align all -FR -convert big_endian   -I../dyn_em -I../dyn_nmm   -I/scratch/john.lawson/stochastic/stochWRF_3.8/external/esmf_time_f90  -I/scratch/john.lawson/stochastic/stochWRF_3.8/main -I/scratch/john.lawson/stochastic/stochWRF_3.8/external/io_netcdf -I/scratch/john.lawson/stochastic/stochWRF_3.8/external/io_int -I/scratch/john.lawson/stochastic/stochWRF_3.8/frame -I/scratch/john.lawson/stochastic/stochWRF_3.8/share -I/scratch/john.lawson/stochastic/stochWRF_3.8/phys -I/scratch/john.lawson/stochastic/stochWRF_3.8/chem -I/scratch/john.lawson/stochastic/stochWRF_3.8/inc -I/opt/cray/pe/netcdf-hdf5parallel/4.4.1.1.3/INTEL/16.0/include  module_comm_dm_1.f90
rm -f module_comm_dm_2.o
/lib/cpp -P -I/scratch/john.lawson/stochastic/stochWRF_3.8/inc -DEM_CORE=1 -DNMM_CORE=0 -DNMM_MAX_DIM=2600 -DCOAMPS_CORE=0 -DDA_CORE=0 -DEXP_CORE=0 -DIWORDSIZE=4 -DDWORDSIZE=8 -DRWORDSIZE=4 -DLWORDSIZE=4 -DNONSTANDARD_SYSTEM_FUNC  -DWRF_USE_CLM -DUSE_NETCDF4_FEATURES -DWRFIO_NCD_LARGE_FILE_SUPPORT  -DDM_PARALLEL -DNETCDF -DHDF5 -DUSE_ALLOCATABLES -DGRIB1 -DINTIO -DKEEP_INT_AROUND -DLIMIT_ARGS -DCONFIG_BUF_LEN=65536 -DMAX_DOMAINS_F=21 -DMAX_HISTORY=25 -DNMM_NEST=0  -I. -traditional -DUSE_NETCDF4_FEATURES -DWRFIO_NCD_LARGE_FILE_SUPPORT   module_comm_dm_2.F  > module_comm_dm_2.bb
/scratch/john.lawson/stochastic/stochWRF_3.8/tools/standard.exe module_comm_dm_2.bb | /lib/cpp -P -traditional -DUSE_NETCDF4_FEATURES -DWRFIO_NCD_LARGE_FILE_SUPPORT > module_comm_dm_2.f90
rm -f module_comm_dm_2.b module_comm_dm_2.bb
ftn -c -real-size `expr 8 \* 4` -i4  -O0 -fno-inline -fno-ip -w -ftz -fno-alias -align all -FR -convert big_endian   -I../dyn_em -I../dyn_nmm   -I/scratch/john.lawson/stochastic/stochWRF_3.8/external/esmf_time_f90  -I/scratch/john.lawson/stochastic/stochWRF_3.8/main -I/scratch/john.lawson/stochastic/stochWRF_3.8/external/io_netcdf -I/scratch/john.lawson/stochastic/stochWRF_3.8/external/io_int -I/scratch/john.lawson/stochastic/stochWRF_3.8/frame -I/scratch/john.lawson/stochastic/stochWRF_3.8/share -I/scratch/john.lawson/stochastic/stochWRF_3.8/phys -I/scratch/john.lawson/stochastic/stochWRF_3.8/chem -I/scratch/john.lawson/stochastic/stochWRF_3.8/inc -I/opt/cray/pe/netcdf-hdf5parallel/4.4.1.1.3/INTEL/16.0/include  module_comm_dm_2.f90
rm -f module_comm_dm_3.o
/lib/cpp -P -I/scratch/john.lawson/stochastic/stochWRF_3.8/inc -DEM_CORE=1 -DNMM_CORE=0 -DNMM_MAX_DIM=2600 -DCOAMPS_CORE=0 -DDA_CORE=0 -DEXP_CORE=0 -DIWORDSIZE=4 -DDWORDSIZE=8 -DRWORDSIZE=4 -DLWORDSIZE=4 -DNONSTANDARD_SYSTEM_FUNC  -DWRF_USE_CLM -DUSE_NETCDF4_FEATURES -DWRFIO_NCD_LARGE_FILE_SUPPORT  -DDM_PARALLEL -DNETCDF -DHDF5 -DUSE_ALLOCATABLES -DGRIB1 -DINTIO -DKEEP_INT_AROUND -DLIMIT_ARGS -DCONFIG_BUF_LEN=65536 -DMAX_DOMAINS_F=21 -DMAX_HISTORY=25 -DNMM_NEST=0  -I. -traditional -DUSE_NETCDF4_FEATURES -DWRFIO_NCD_LARGE_FILE_SUPPORT   module_comm_dm_3.F  > module_comm_dm_3.bb
/scratch/john.lawson/stochastic/stochWRF_3.8/tools/standard.exe module_comm_dm_3.bb | /lib/cpp -P -traditional -DUSE_NETCDF4_FEATURES -DWRFIO_NCD_LARGE_FILE_SUPPORT > module_comm_dm_3.f90
rm -f module_comm_dm_3.b module_comm_dm_3.bb
ftn -c -real-size `expr 8 \* 4` -i4  -O0 -fno-inline -fno-ip -w -ftz -fno-alias -align all -FR -convert big_endian   -I../dyn_em -I../dyn_nmm   -I/scratch/john.lawson/stochastic/stochWRF_3.8/external/esmf_time_f90  -I/scratch/john.lawson/stochastic/stochWRF_3.8/main -I/scratch/john.lawson/stochastic/stochWRF_3.8/external/io_netcdf -I/scratch/john.lawson/stochastic/stochWRF_3.8/external/io_int -I/scratch/john.lawson/stochastic/stochWRF_3.8/frame -I/scratch/john.lawson/stochastic/stochWRF_3.8/share -I/scratch/john.lawson/stochastic/stochWRF_3.8/phys -I/scratch/john.lawson/stochastic/stochWRF_3.8/chem -I/scratch/john.lawson/stochastic/stochWRF_3.8/inc -I/opt/cray/pe/netcdf-hdf5parallel/4.4.1.1.3/INTEL/16.0/include  module_comm_dm_3.f90
rm -f module_comm_dm_4.o
/lib/cpp -P -I/scratch/john.lawson/stochastic/stochWRF_3.8/inc -DEM_CORE=1 -DNMM_CORE=0 -DNMM_MAX_DIM=2600 -DCOAMPS_CORE=0 -DDA_CORE=0 -DEXP_CORE=0 -DIWORDSIZE=4 -DDWORDSIZE=8 -DRWORDSIZE=4 -DLWORDSIZE=4 -DNONSTANDARD_SYSTEM_FUNC  -DWRF_USE_CLM -DUSE_NETCDF4_FEATURES -DWRFIO_NCD_LARGE_FILE_SUPPORT  -DDM_PARALLEL -DNETCDF -DHDF5 -DUSE_ALLOCATABLES -DGRIB1 -DINTIO -DKEEP_INT_AROUND -DLIMIT_ARGS -DCONFIG_BUF_LEN=65536 -DMAX_DOMAINS_F=21 -DMAX_HISTORY=25 -DNMM_NEST=0  -I. -traditional -DUSE_NETCDF4_FEATURES -DWRFIO_NCD_LARGE_FILE_SUPPORT   module_comm_dm_4.F  > module_comm_dm_4.bb
/scratch/john.lawson/stochastic/stochWRF_3.8/tools/standard.exe module_comm_dm_4.bb | /lib/cpp -P -traditional -DUSE_NETCDF4_FEATURES -DWRFIO_NCD_LARGE_FILE_SUPPORT > module_comm_dm_4.f90
rm -f module_comm_dm_4.b module_comm_dm_4.bb
ftn -o module_comm_dm_4.o -c -ip -O3  -w -ftz -fno-alias -align all -FR -convert big_endian    -I../dyn_em -I../dyn_nmm   -I/scratch/john.lawson/stochastic/stochWRF_3.8/external/esmf_time_f90  -I/scratch/john.lawson/stochastic/stochWRF_3.8/main -I/scratch/john.lawson/stochastic/stochWRF_3.8/external/io_netcdf -I/scratch/john.lawson/stochastic/stochWRF_3.8/external/io_int -I/scratch/john.lawson/stochastic/stochWRF_3.8/frame -I/scratch/john.lawson/stochastic/stochWRF_3.8/share -I/scratch/john.lawson/stochastic/stochWRF_3.8/phys -I/scratch/john.lawson/stochastic/stochWRF_3.8/chem -I/scratch/john.lawson/stochastic/stochWRF_3.8/inc -I/opt/cray/pe/netcdf-hdf5parallel/4.4.1.1.3/INTEL/16.0/include  -real-size `expr 8 \* 4` -i4  module_comm_dm_4.f90
rm -f module_tiles.o
/scratch/john.lawson/stochastic/stochWRF_3.8/tools/standard.exe module_tiles.F > module_tiles.b 
/lib/cpp -P -I/scratch/john.lawson/stochastic/stochWRF_3.8/inc -DEM_CORE=1 -DNMM_CORE=0 -DNMM_MAX_DIM=2600 -DCOAMPS_CORE=0 -DDA_CORE=0 -DEXP_CORE=0 -DIWORDSIZE=4 -DDWORDSIZE=8 -DRWORDSIZE=4 -DLWORDSIZE=4 -DNONSTANDARD_SYSTEM_FUNC  -DWRF_USE_CLM -DUSE_NETCDF4_FEATURES -DWRFIO_NCD_LARGE_FILE_SUPPORT  -DDM_PARALLEL -DNETCDF -DHDF5 -DUSE_ALLOCATABLES -DGRIB1 -DINTIO -DKEEP_INT_AROUND -DLIMIT_ARGS -DCONFIG_BUF_LEN=65536 -DMAX_DOMAINS_F=21 -DMAX_HISTORY=25 -DNMM_NEST=0  -I. -traditional -DUSE_NETCDF4_FEATURES -DWRFIO_NCD_LARGE_FILE_SUPPORT   module_tiles.b  > module_tiles.f90
rm -f module_tiles.b
if fgrep -iq '!$OMP' module_tiles.f90 ; then \
          if [ -n "" ] ; then echo COMPILING module_tiles.F WITH OMP ; fi ; \
  ftn -c -real-size `expr 8 \* 4` -i4 -O0 -fno-inline -fno-ip -w -ftz -fno-alias -align all -FR -convert big_endian   -I../dyn_em -I../dyn_nmm   -I/scratch/john.lawson/stochastic/stochWRF_3.8/external/esmf_time_f90  -I/scratch/john.lawson/stochastic/stochWRF_3.8/main -I/scratch/john.lawson/stochastic/stochWRF_3.8/external/io_netcdf -I/scratch/john.lawson/stochastic/stochWRF_3.8/external/io_int -I/scratch/john.lawson/stochastic/stochWRF_3.8/frame -I/scratch/john.lawson/stochastic/stochWRF_3.8/share -I/scratch/john.lawson/stochastic/stochWRF_3.8/phys -I/scratch/john.lawson/stochastic/stochWRF_3.8/chem -I/scratch/john.lawson/stochastic/stochWRF_3.8/inc -I/opt/cray/pe/netcdf-hdf5parallel/4.4.1.1.3/INTEL/16.0/include    module_tiles.f90 ; \
        else \
          if [ -n "" ] ; then echo COMPILING module_tiles.F WITHOUT OMP ; fi ; \
  ftn -c -real-size `expr 8 \* 4` -i4 -O0 -fno-inline -fno-ip -w -ftz -fno-alias -align all -FR -convert big_endian   -I../dyn_em -I../dyn_nmm   -I/scratch/john.lawson/stochastic/stochWRF_3.8/external/esmf_time_f90  -I/scratch/john.lawson/stochastic/stochWRF_3.8/main -I/scratch/john.lawson/stochastic/stochWRF_3.8/external/io_netcdf -I/scratch/john.lawson/stochastic/stochWRF_3.8/external/io_int -I/scratch/john.lawson/stochastic/stochWRF_3.8/frame -I/scratch/john.lawson/stochastic/stochWRF_3.8/share -I/scratch/john.lawson/stochastic/stochWRF_3.8/phys -I/scratch/john.lawson/stochastic/stochWRF_3.8/chem -I/scratch/john.lawson/stochastic/stochWRF_3.8/inc -I/opt/cray/pe/netcdf-hdf5parallel/4.4.1.1.3/INTEL/16.0/include   module_tiles.f90 ; \
        fi
rm -f module_clear_halos.o
/lib/cpp -P -I/scratch/john.lawson/stochastic/stochWRF_3.8/inc -DEM_CORE=1 -DNMM_CORE=0 -DNMM_MAX_DIM=2600 -DCOAMPS_CORE=0 -DDA_CORE=0 -DEXP_CORE=0 -DIWORDSIZE=4 -DDWORDSIZE=8 -DRWORDSIZE=4 -DLWORDSIZE=4 -DNONSTANDARD_SYSTEM_FUNC  -DWRF_USE_CLM -DUSE_NETCDF4_FEATURES -DWRFIO_NCD_LARGE_FILE_SUPPORT  -DDM_PARALLEL -DNETCDF -DHDF5 -DUSE_ALLOCATABLES -DGRIB1 -DINTIO -DKEEP_INT_AROUND -DLIMIT_ARGS -DCONFIG_BUF_LEN=65536 -DMAX_DOMAINS_F=21 -DMAX_HISTORY=25 -DNMM_NEST=0  -I. -traditional -DUSE_NETCDF4_FEATURES -DWRFIO_NCD_LARGE_FILE_SUPPORT   module_clear_halos.F  > module_clear_halos.bb
/scratch/john.lawson/stochastic/stochWRF_3.8/tools/standard.exe module_clear_halos.bb | /lib/cpp -P -traditional -DUSE_NETCDF4_FEATURES -DWRFIO_NCD_LARGE_FILE_SUPPORT > module_clear_halos.f90
rm -f module_clear_halos.b module_clear_halos.bb
ftn -o module_clear_halos.o -c -ip -O3  -w -ftz -fno-alias -align all -FR -convert big_endian    -I../dyn_em -I../dyn_nmm   -I/scratch/john.lawson/stochastic/stochWRF_3.8/external/esmf_time_f90  -I/scratch/john.lawson/stochastic/stochWRF_3.8/main -I/scratch/john.lawson/stochastic/stochWRF_3.8/external/io_netcdf -I/scratch/john.lawson/stochastic/stochWRF_3.8/external/io_int -I/scratch/john.lawson/stochastic/stochWRF_3.8/frame -I/scratch/john.lawson/stochastic/stochWRF_3.8/share -I/scratch/john.lawson/stochastic/stochWRF_3.8/phys -I/scratch/john.lawson/stochastic/stochWRF_3.8/chem -I/scratch/john.lawson/stochastic/stochWRF_3.8/inc -I/opt/cray/pe/netcdf-hdf5parallel/4.4.1.1.3/INTEL/16.0/include  -real-size `expr 8 \* 4` -i4  module_clear_halos.f90
rm -f module_cpl.o
/lib/cpp -P -I/scratch/john.lawson/stochastic/stochWRF_3.8/inc -DEM_CORE=1 -DNMM_CORE=0 -DNMM_MAX_DIM=2600 -DCOAMPS_CORE=0 -DDA_CORE=0 -DEXP_CORE=0 -DIWORDSIZE=4 -DDWORDSIZE=8 -DRWORDSIZE=4 -DLWORDSIZE=4 -DNONSTANDARD_SYSTEM_FUNC  -DWRF_USE_CLM -DUSE_NETCDF4_FEATURES -DWRFIO_NCD_LARGE_FILE_SUPPORT  -DDM_PARALLEL -DNETCDF -DHDF5 -DUSE_ALLOCATABLES -DGRIB1 -DINTIO -DKEEP_INT_AROUND -DLIMIT_ARGS -DCONFIG_BUF_LEN=65536 -DMAX_DOMAINS_F=21 -DMAX_HISTORY=25 -DNMM_NEST=0  -I. -traditional -DUSE_NETCDF4_FEATURES -DWRFIO_NCD_LARGE_FILE_SUPPORT   module_cpl.F  > module_cpl.bb
/scratch/john.lawson/stochastic/stochWRF_3.8/tools/standard.exe module_cpl.bb | /lib/cpp -P -traditional -DUSE_NETCDF4_FEATURES -DWRFIO_NCD_LARGE_FILE_SUPPORT > module_cpl.f90
rm -f module_cpl.b module_cpl.bb
ftn -o module_cpl.o -c -ip -O3  -w -ftz -fno-alias -align all -FR -convert big_endian    -I../dyn_em -I../dyn_nmm   -I/scratch/john.lawson/stochastic/stochWRF_3.8/external/esmf_time_f90  -I/scratch/john.lawson/stochastic/stochWRF_3.8/main -I/scratch/john.lawson/stochastic/stochWRF_3.8/external/io_netcdf -I/scratch/john.lawson/stochastic/stochWRF_3.8/external/io_int -I/scratch/john.lawson/stochastic/stochWRF_3.8/frame -I/scratch/john.lawson/stochastic/stochWRF_3.8/share -I/scratch/john.lawson/stochastic/stochWRF_3.8/phys -I/scratch/john.lawson/stochastic/stochWRF_3.8/chem -I/scratch/john.lawson/stochastic/stochWRF_3.8/inc -I/opt/cray/pe/netcdf-hdf5parallel/4.4.1.1.3/INTEL/16.0/include  -real-size `expr 8 \* 4` -i4  module_cpl.f90
rm -f module_comm_dm.o
/lib/cpp -P -I/scratch/john.lawson/stochastic/stochWRF_3.8/inc -DEM_CORE=1 -DNMM_CORE=0 -DNMM_MAX_DIM=2600 -DCOAMPS_CORE=0 -DDA_CORE=0 -DEXP_CORE=0 -DIWORDSIZE=4 -DDWORDSIZE=8 -DRWORDSIZE=4 -DLWORDSIZE=4 -DNONSTANDARD_SYSTEM_FUNC  -DWRF_USE_CLM -DUSE_NETCDF4_FEATURES -DWRFIO_NCD_LARGE_FILE_SUPPORT  -DDM_PARALLEL -DNETCDF -DHDF5 -DUSE_ALLOCATABLES -DGRIB1 -DINTIO -DKEEP_INT_AROUND -DLIMIT_ARGS -DCONFIG_BUF_LEN=65536 -DMAX_DOMAINS_F=21 -DMAX_HISTORY=25 -DNMM_NEST=0  -I. -traditional -DUSE_NETCDF4_FEATURES -DWRFIO_NCD_LARGE_FILE_SUPPORT   module_comm_dm.F  > module_comm_dm.bb
/scratch/john.lawson/stochastic/stochWRF_3.8/tools/standard.exe module_comm_dm.bb | /lib/cpp -P -traditional -DUSE_NETCDF4_FEATURES -DWRFIO_NCD_LARGE_FILE_SUPPORT > module_comm_dm.f90
rm -f module_comm_dm.b module_comm_dm.bb
ftn -c -real-size `expr 8 \* 4` -i4  -O0 -fno-inline -fno-ip -w -ftz -fno-alias -align all -FR -convert big_endian   -I../dyn_em -I../dyn_nmm   -I/scratch/john.lawson/stochastic/stochWRF_3.8/external/esmf_time_f90  -I/scratch/john.lawson/stochastic/stochWRF_3.8/main -I/scratch/john.lawson/stochastic/stochWRF_3.8/external/io_netcdf -I/scratch/john.lawson/stochastic/stochWRF_3.8/external/io_int -I/scratch/john.lawson/stochastic/stochWRF_3.8/frame -I/scratch/john.lawson/stochastic/stochWRF_3.8/share -I/scratch/john.lawson/stochastic/stochWRF_3.8/phys -I/scratch/john.lawson/stochastic/stochWRF_3.8/chem -I/scratch/john.lawson/stochastic/stochWRF_3.8/inc -I/opt/cray/pe/netcdf-hdf5parallel/4.4.1.1.3/INTEL/16.0/include  module_comm_dm.f90
rm -f module_dm.o
/scratch/john.lawson/stochastic/stochWRF_3.8/tools/standard.exe module_dm.F > module_dm.b 
/lib/cpp -P -I/scratch/john.lawson/stochastic/stochWRF_3.8/inc -DEM_CORE=1 -DNMM_CORE=0 -DNMM_MAX_DIM=2600 -DCOAMPS_CORE=0 -DDA_CORE=0 -DEXP_CORE=0 -DIWORDSIZE=4 -DDWORDSIZE=8 -DRWORDSIZE=4 -DLWORDSIZE=4 -DNONSTANDARD_SYSTEM_FUNC  -DWRF_USE_CLM -DUSE_NETCDF4_FEATURES -DWRFIO_NCD_LARGE_FILE_SUPPORT  -DDM_PARALLEL -DNETCDF -DHDF5 -DUSE_ALLOCATABLES -DGRIB1 -DINTIO -DKEEP_INT_AROUND -DLIMIT_ARGS -DCONFIG_BUF_LEN=65536 -DMAX_DOMAINS_F=21 -DMAX_HISTORY=25 -DNMM_NEST=0  -I. -traditional -DUSE_NETCDF4_FEATURES -DWRFIO_NCD_LARGE_FILE_SUPPORT   module_dm.b  > module_dm.f90
rm -f module_dm.b
if fgrep -iq '!$OMP' module_dm.f90 ; then \
          if [ -n "" ] ; then echo COMPILING module_dm.F WITH OMP ; fi ; \
  ftn -c -real-size `expr 8 \* 4` -i4 -O0 -fno-inline -fno-ip -w -ftz -fno-alias -align all -FR -convert big_endian   -I../dyn_em -I../dyn_nmm   -I/scratch/john.lawson/stochastic/stochWRF_3.8/external/esmf_time_f90  -I/scratch/john.lawson/stochastic/stochWRF_3.8/main -I/scratch/john.lawson/stochastic/stochWRF_3.8/external/io_netcdf -I/scratch/john.lawson/stochastic/stochWRF_3.8/external/io_int -I/scratch/john.lawson/stochastic/stochWRF_3.8/frame -I/scratch/john.lawson/stochastic/stochWRF_3.8/share -I/scratch/john.lawson/stochastic/stochWRF_3.8/phys -I/scratch/john.lawson/stochastic/stochWRF_3.8/chem -I/scratch/john.lawson/stochastic/stochWRF_3.8/inc -I/opt/cray/pe/netcdf-hdf5parallel/4.4.1.1.3/INTEL/16.0/include    module_dm.f90 ; \
        else \
          if [ -n "" ] ; then echo COMPILING module_dm.F WITHOUT OMP ; fi ; \
  ftn -c -real-size `expr 8 \* 4` -i4 -O0 -fno-inline -fno-ip -w -ftz -fno-alias -align all -FR -convert big_endian   -I../dyn_em -I../dyn_nmm   -I/scratch/john.lawson/stochastic/stochWRF_3.8/external/esmf_time_f90  -I/scratch/john.lawson/stochastic/stochWRF_3.8/main -I/scratch/john.lawson/stochastic/stochWRF_3.8/external/io_netcdf -I/scratch/john.lawson/stochastic/stochWRF_3.8/external/io_int -I/scratch/john.lawson/stochastic/stochWRF_3.8/frame -I/scratch/john.lawson/stochastic/stochWRF_3.8/share -I/scratch/john.lawson/stochastic/stochWRF_3.8/phys -I/scratch/john.lawson/stochastic/stochWRF_3.8/chem -I/scratch/john.lawson/stochastic/stochWRF_3.8/inc -I/opt/cray/pe/netcdf-hdf5parallel/4.4.1.1.3/INTEL/16.0/include   module_dm.f90 ; \
        fi
rm -f module_integrate.o
rm -f module_io.o
/scratch/john.lawson/stochastic/stochWRF_3.8/tools/standard.exe module_integrate.F > module_integrate.b 
/lib/cpp -P -I/scratch/john.lawson/stochastic/stochWRF_3.8/inc -DEM_CORE=1 -DNMM_CORE=0 -DNMM_MAX_DIM=2600 -DCOAMPS_CORE=0 -DDA_CORE=0 -DEXP_CORE=0 -DIWORDSIZE=4 -DDWORDSIZE=8 -DRWORDSIZE=4 -DLWORDSIZE=4 -DNONSTANDARD_SYSTEM_FUNC  -DWRF_USE_CLM -DUSE_NETCDF4_FEATURES -DWRFIO_NCD_LARGE_FILE_SUPPORT  -DDM_PARALLEL -DNETCDF -DHDF5 -DUSE_ALLOCATABLES -DGRIB1 -DINTIO -DKEEP_INT_AROUND -DLIMIT_ARGS -DCONFIG_BUF_LEN=65536 -DMAX_DOMAINS_F=21 -DMAX_HISTORY=25 -DNMM_NEST=0  -I. -traditional -DUSE_NETCDF4_FEATURES -DWRFIO_NCD_LARGE_FILE_SUPPORT   module_io.F  > module_io.bb
/lib/cpp -P -I/scratch/john.lawson/stochastic/stochWRF_3.8/inc -DEM_CORE=1 -DNMM_CORE=0 -DNMM_MAX_DIM=2600 -DCOAMPS_CORE=0 -DDA_CORE=0 -DEXP_CORE=0 -DIWORDSIZE=4 -DDWORDSIZE=8 -DRWORDSIZE=4 -DLWORDSIZE=4 -DNONSTANDARD_SYSTEM_FUNC  -DWRF_USE_CLM -DUSE_NETCDF4_FEATURES -DWRFIO_NCD_LARGE_FILE_SUPPORT  -DDM_PARALLEL -DNETCDF -DHDF5 -DUSE_ALLOCATABLES -DGRIB1 -DINTIO -DKEEP_INT_AROUND -DLIMIT_ARGS -DCONFIG_BUF_LEN=65536 -DMAX_DOMAINS_F=21 -DMAX_HISTORY=25 -DNMM_NEST=0  -I. -traditional -DUSE_NETCDF4_FEATURES -DWRFIO_NCD_LARGE_FILE_SUPPORT   module_integrate.b  > module_integrate.f90
rm -f module_integrate.b
if fgrep -iq '!$OMP' module_integrate.f90 ; then \
          if [ -n "" ] ; then echo COMPILING module_integrate.F WITH OMP ; fi ; \
  ftn -c -real-size `expr 8 \* 4` -i4 -O0 -fno-inline -fno-ip -w -ftz -fno-alias -align all -FR -convert big_endian   -I../dyn_em -I../dyn_nmm   -I/scratch/john.lawson/stochastic/stochWRF_3.8/external/esmf_time_f90  -I/scratch/john.lawson/stochastic/stochWRF_3.8/main -I/scratch/john.lawson/stochastic/stochWRF_3.8/external/io_netcdf -I/scratch/john.lawson/stochastic/stochWRF_3.8/external/io_int -I/scratch/john.lawson/stochastic/stochWRF_3.8/frame -I/scratch/john.lawson/stochastic/stochWRF_3.8/share -I/scratch/john.lawson/stochastic/stochWRF_3.8/phys -I/scratch/john.lawson/stochastic/stochWRF_3.8/chem -I/scratch/john.lawson/stochastic/stochWRF_3.8/inc -I/opt/cray/pe/netcdf-hdf5parallel/4.4.1.1.3/INTEL/16.0/include    module_integrate.f90 ; \
        else \
          if [ -n "" ] ; then echo COMPILING module_integrate.F WITHOUT OMP ; fi ; \
  ftn -c -real-size `expr 8 \* 4` -i4 -O0 -fno-inline -fno-ip -w -ftz -fno-alias -align all -FR -convert big_endian   -I../dyn_em -I../dyn_nmm   -I/scratch/john.lawson/stochastic/stochWRF_3.8/external/esmf_time_f90  -I/scratch/john.lawson/stochastic/stochWRF_3.8/main -I/scratch/john.lawson/stochastic/stochWRF_3.8/external/io_netcdf -I/scratch/john.lawson/stochastic/stochWRF_3.8/external/io_int -I/scratch/john.lawson/stochastic/stochWRF_3.8/frame -I/scratch/john.lawson/stochastic/stochWRF_3.8/share -I/scratch/john.lawson/stochastic/stochWRF_3.8/phys -I/scratch/john.lawson/stochastic/stochWRF_3.8/chem -I/scratch/john.lawson/stochastic/stochWRF_3.8/inc -I/opt/cray/pe/netcdf-hdf5parallel/4.4.1.1.3/INTEL/16.0/include   module_integrate.f90 ; \
        fi
/scratch/john.lawson/stochastic/stochWRF_3.8/tools/standard.exe module_io.bb | /lib/cpp -P -traditional -DUSE_NETCDF4_FEATURES -DWRFIO_NCD_LARGE_FILE_SUPPORT > module_io.f90
rm -f module_io.b module_io.bb
ftn -c -real-size `expr 8 \* 4` -i4  -O0 -fno-inline -fno-ip -w -ftz -fno-alias -align all -FR -convert big_endian   -I../dyn_em -I../dyn_nmm   -I/scratch/john.lawson/stochastic/stochWRF_3.8/external/esmf_time_f90  -I/scratch/john.lawson/stochastic/stochWRF_3.8/main -I/scratch/john.lawson/stochastic/stochWRF_3.8/external/io_netcdf -I/scratch/john.lawson/stochastic/stochWRF_3.8/external/io_int -I/scratch/john.lawson/stochastic/stochWRF_3.8/frame -I/scratch/john.lawson/stochastic/stochWRF_3.8/share -I/scratch/john.lawson/stochastic/stochWRF_3.8/phys -I/scratch/john.lawson/stochastic/stochWRF_3.8/chem -I/scratch/john.lawson/stochastic/stochWRF_3.8/inc -I/opt/cray/pe/netcdf-hdf5parallel/4.4.1.1.3/INTEL/16.0/include  module_io.f90
rm -f module_io_quilt.o
/lib/cpp -P -I/scratch/john.lawson/stochastic/stochWRF_3.8/inc -DEM_CORE=1 -DNMM_CORE=0 -DNMM_MAX_DIM=2600 -DCOAMPS_CORE=0 -DDA_CORE=0 -DEXP_CORE=0 -DIWORDSIZE=4 -DDWORDSIZE=8 -DRWORDSIZE=4 -DLWORDSIZE=4 -DNONSTANDARD_SYSTEM_FUNC  -DWRF_USE_CLM -DUSE_NETCDF4_FEATURES -DWRFIO_NCD_LARGE_FILE_SUPPORT  -DDM_PARALLEL -DNETCDF -DHDF5 -DUSE_ALLOCATABLES -DGRIB1 -DINTIO -DKEEP_INT_AROUND -DLIMIT_ARGS -DCONFIG_BUF_LEN=65536 -DMAX_DOMAINS_F=21 -DMAX_HISTORY=25 -DNMM_NEST=0  -I. -traditional -DUSE_NETCDF4_FEATURES -DWRFIO_NCD_LARGE_FILE_SUPPORT   module_io_quilt.F  > module_io_quilt.bb
/scratch/john.lawson/stochastic/stochWRF_3.8/tools/standard.exe module_io_quilt.bb | /lib/cpp -P -traditional -DUSE_NETCDF4_FEATURES -DWRFIO_NCD_LARGE_FILE_SUPPORT > module_io_quilt.f90
rm -f module_io_quilt.b module_io_quilt.bb
ftn -o module_io_quilt.o -c -ip -O3  -w -ftz -fno-alias -align all -FR -convert big_endian    -I../dyn_em -I../dyn_nmm   -I/scratch/john.lawson/stochastic/stochWRF_3.8/external/esmf_time_f90  -I/scratch/john.lawson/stochastic/stochWRF_3.8/main -I/scratch/john.lawson/stochastic/stochWRF_3.8/external/io_netcdf -I/scratch/john.lawson/stochastic/stochWRF_3.8/external/io_int -I/scratch/john.lawson/stochastic/stochWRF_3.8/frame -I/scratch/john.lawson/stochastic/stochWRF_3.8/share -I/scratch/john.lawson/stochastic/stochWRF_3.8/phys -I/scratch/john.lawson/stochastic/stochWRF_3.8/chem -I/scratch/john.lawson/stochastic/stochWRF_3.8/inc -I/opt/cray/pe/netcdf-hdf5parallel/4.4.1.1.3/INTEL/16.0/include  -real-size `expr 8 \* 4` -i4  module_io_quilt.f90
rm -f module_intermediate_nmm.o
/lib/cpp -P -I/scratch/john.lawson/stochastic/stochWRF_3.8/inc -DEM_CORE=1 -DNMM_CORE=0 -DNMM_MAX_DIM=2600 -DCOAMPS_CORE=0 -DDA_CORE=0 -DEXP_CORE=0 -DIWORDSIZE=4 -DDWORDSIZE=8 -DRWORDSIZE=4 -DLWORDSIZE=4 -DNONSTANDARD_SYSTEM_FUNC  -DWRF_USE_CLM -DUSE_NETCDF4_FEATURES -DWRFIO_NCD_LARGE_FILE_SUPPORT  -DDM_PARALLEL -DNETCDF -DHDF5 -DUSE_ALLOCATABLES -DGRIB1 -DINTIO -DKEEP_INT_AROUND -DLIMIT_ARGS -DCONFIG_BUF_LEN=65536 -DMAX_DOMAINS_F=21 -DMAX_HISTORY=25 -DNMM_NEST=0  -I. -traditional -DUSE_NETCDF4_FEATURES -DWRFIO_NCD_LARGE_FILE_SUPPORT   module_intermediate_nmm.F  > module_intermediate_nmm.bb
/scratch/john.lawson/stochastic/stochWRF_3.8/tools/standard.exe module_intermediate_nmm.bb | /lib/cpp -P -traditional -DUSE_NETCDF4_FEATURES -DWRFIO_NCD_LARGE_FILE_SUPPORT > module_intermediate_nmm.f90
rm -f module_intermediate_nmm.b module_intermediate_nmm.bb
ftn -o module_intermediate_nmm.o -c -ip -O3  -w -ftz -fno-alias -align all -FR -convert big_endian    -I../dyn_em -I../dyn_nmm   -I/scratch/john.lawson/stochastic/stochWRF_3.8/external/esmf_time_f90  -I/scratch/john.lawson/stochastic/stochWRF_3.8/main -I/scratch/john.lawson/stochastic/stochWRF_3.8/external/io_netcdf -I/scratch/john.lawson/stochastic/stochWRF_3.8/external/io_int -I/scratch/john.lawson/stochastic/stochWRF_3.8/frame -I/scratch/john.lawson/stochastic/stochWRF_3.8/share -I/scratch/john.lawson/stochastic/stochWRF_3.8/phys -I/scratch/john.lawson/stochastic/stochWRF_3.8/chem -I/scratch/john.lawson/stochastic/stochWRF_3.8/inc -I/opt/cray/pe/netcdf-hdf5parallel/4.4.1.1.3/INTEL/16.0/include  -real-size `expr 8 \* 4` -i4  module_intermediate_nmm.f90
ar ru ../main/libwrflib.a module_driver_constants.o module_domain_type.o module_streams.o module_domain.o module_integrate.o module_timing.o module_configure.o module_tiles.o module_machine.o module_nesting.o module_wrf_error.o module_state_description.o module_sm.o module_io.o module_comm_dm.o module_comm_dm_0.o module_comm_dm_1.o module_comm_dm_2.o module_comm_dm_3.o module_comm_dm_4.o module_comm_nesting_dm.o module_dm.o module_quilt_outbuf_ops.o module_io_quilt.o module_intermediate_nmm.o module_cpl.o module_cpl_oasis3.o module_clear_halos.o wrf_num_bytes_between.o wrf_shutdown.o wrf_debug.o libmassv.o collect_on_comm.o hires_timer.o clog.o nl_get_0_routines.o nl_get_1_routines.o nl_get_2_routines.o nl_get_3_routines.o nl_get_4_routines.o nl_get_5_routines.o nl_get_6_routines.o nl_get_7_routines.o nl_set_0_routines.o nl_set_1_routines.o nl_set_2_routines.o nl_set_3_routines.o nl_set_4_routines.o nl_set_5_routines.o nl_set_6_routines.o nl_set_7_routines.o  module_alloc_space_0.o module_alloc_space_1.o module_alloc_space_2.o module_alloc_space_3.o module_alloc_space_4.o module_alloc_space_5.o module_alloc_space_6.o module_alloc_space_7.o module_alloc_space_8.o module_alloc_space_9.o
ar: creating ../main/libwrflib.a
ranlib ../main/libwrflib.a
make[2]: Leaving directory '/scratch/john.lawson/stochastic/stochWRF_3.8/frame'
make[2]: Entering directory '/scratch/john.lawson/stochastic/stochWRF_3.8/external/io_netcdf'
x=`echo "ftn -w -ftz -fno-alias -align all -FR -convert big_endian  " | awk '{print $1}'` ; export x ; \
if [ $x = "gfortran" ] ; then \
           echo removing external declaration of iargc for gfortran ; \
   /lib/cpp -P -P -traditional -DUSE_NETCDF4_FEATURES -DWRFIO_NCD_LARGE_FILE_SUPPORT -I/opt/cray/pe/netcdf-hdf5parallel/4.4.1.1.3/INTEL/16.0/include -I../ioapi_share diffwrf.F90 | sed '/integer *, *external.*iargc/d' > diffwrf.f ;\
        else \
   /lib/cpp -P -P -traditional -DUSE_NETCDF4_FEATURES -DWRFIO_NCD_LARGE_FILE_SUPPORT -I/opt/cray/pe/netcdf-hdf5parallel/4.4.1.1.3/INTEL/16.0/include -I../ioapi_share diffwrf.F90 > diffwrf.f ; \
        fi
ftn -w -ftz -fno-alias -align all -FR -convert big_endian   -c  -I/opt/cray/pe/netcdf-hdf5parallel/4.4.1.1.3/INTEL/16.0/include -I../ioapi_share diffwrf.f
diffwrf io_netcdf is being built now. 
/opt/cray/pe/hdf5-parallel/1.10.0.3/INTEL/16.0/lib/libhdf5_parallel.a(H5PL.o): In function `H5PL_load':
H5PL.c:(.text+0x5fa): warning: Using 'dlopen' in statically linked applications requires at runtime the shared libraries from the glibc version used for linking
make[2]: Leaving directory '/scratch/john.lawson/stochastic/stochWRF_3.8/external/io_netcdf'
make[2]: Entering directory '/scratch/john.lawson/stochastic/stochWRF_3.8/external/io_netcdf'
make[2]: Nothing to be done for 'all'.
make[2]: Leaving directory '/scratch/john.lawson/stochastic/stochWRF_3.8/external/io_netcdf'
SKIPPING PIO BUILD make -i -r NETCDFPATH= FC=ftn -w -ftz -fno-alias -align all -FR -convert big_endian   RANLIB=ranlib CPP=/lib/cpp -P LDFLAGS= -ip -O3  -w -ftz -fno-alias -align all -FR -convert big_endian     TRADFLAG=-traditional -DUSE_NETCDF4_FEATURES -DWRFIO_NCD_LARGE_FILE_SUPPORT ESMF_IO_LIB_EXT=-L/scratch/john.lawson/stochastic/stochWRF_3.8/external/esmf_time_f90 -lesmf_time LIB_LOCAL= ESMF_MOD_DEPENDENCE=/scratch/john.lawson/stochastic/stochWRF_3.8/external/esmf_time_f90/module_utility.o AR=INTERNAL_BUILD_ERROR_SHOULD_NOT_NEED_AR
make[2]: Entering directory '/scratch/john.lawson/stochastic/stochWRF_3.8/external/io_int'
if [ -f ../../frame/pack_utils.o -a -f ../../frame/clog.o ] ; then \
  ftn -w -ftz -fno-alias -align all -FR -convert big_endian     -I../ioapi_share -o diffwrf diffwrf.f \
	../../frame/pack_utils.o ../../frame/module_internal_header_util.o ../../frame/module_driver_constants.o ../../frame/module_machine.o ../../frame/module_wrf_error.o ../../frame/wrf_debug.o -L/scratch/john.lawson/stochastic/stochWRF_3.8/external/esmf_time_f90 -lesmf_time libwrfio_int.a ; \
fi
WARNING: PerfTools is saving object files from a temporary directory into directory '/home/john.lawson/.craypat/diffwrf/29515'
make[2]: Leaving directory '/scratch/john.lawson/stochastic/stochWRF_3.8/external/io_int'
make[1]: Leaving directory '/scratch/john.lawson/stochastic/stochWRF_3.8'
make -i -r MODULE_DIRS="-I../dyn_em -I../dyn_nmm   -I/scratch/john.lawson/stochastic/stochWRF_3.8/external/esmf_time_f90  -I/scratch/john.lawson/stochastic/stochWRF_3.8/main -I/scratch/john.lawson/stochastic/stochWRF_3.8/external/io_netcdf -I/scratch/john.lawson/stochastic/stochWRF_3.8/external/io_int -I/scratch/john.lawson/stochastic/stochWRF_3.8/frame -I/scratch/john.lawson/stochastic/stochWRF_3.8/share -I/scratch/john.lawson/stochastic/stochWRF_3.8/phys -I/scratch/john.lawson/stochastic/stochWRF_3.8/chem -I/scratch/john.lawson/stochastic/stochWRF_3.8/inc -I/opt/cray/pe/netcdf-hdf5parallel/4.4.1.1.3/INTEL/16.0/include " shared
make[1]: Entering directory '/scratch/john.lawson/stochastic/stochWRF_3.8'
--------------------------------------
if [ "`echo -j 2 | sed -e 's/-j//g' -e 's/ \+//g'`" -gt "6" ] ; then \
  ( cd share ; make -i -r -j 6 ) ;  \
else \
  ( cd share ; make -i -r -j 2 ) ;  \
fi
make[2]: Entering directory '/scratch/john.lawson/stochastic/stochWRF_3.8/share'
rm -f module_bc_time_utilities.o
/lib/cpp -P -I/scratch/john.lawson/stochastic/stochWRF_3.8/inc -DEM_CORE=1 -DNMM_CORE=0 -DNMM_MAX_DIM=2600 -DCOAMPS_CORE=0 -DDA_CORE=0 -DEXP_CORE=0 -DIWORDSIZE=4 -DDWORDSIZE=8 -DRWORDSIZE=4 -DLWORDSIZE=4 -DNONSTANDARD_SYSTEM_FUNC  -DWRF_USE_CLM -DUSE_NETCDF4_FEATURES -DWRFIO_NCD_LARGE_FILE_SUPPORT  -DDM_PARALLEL -DNETCDF -DHDF5 -DUSE_ALLOCATABLES -DGRIB1 -DINTIO -DKEEP_INT_AROUND -DLIMIT_ARGS -DCONFIG_BUF_LEN=65536 -DMAX_DOMAINS_F=21 -DMAX_HISTORY=25 -DNMM_NEST=0  -I. -traditional -DUSE_NETCDF4_FEATURES -DWRFIO_NCD_LARGE_FILE_SUPPORT   module_bc_time_utilities.F  > module_bc_time_utilities.bb
rm -f module_get_file_names.o
/lib/cpp -P -I/scratch/john.lawson/stochastic/stochWRF_3.8/inc -DEM_CORE=1 -DNMM_CORE=0 -DNMM_MAX_DIM=2600 -DCOAMPS_CORE=0 -DDA_CORE=0 -DEXP_CORE=0 -DIWORDSIZE=4 -DDWORDSIZE=8 -DRWORDSIZE=4 -DLWORDSIZE=4 -DNONSTANDARD_SYSTEM_FUNC  -DWRF_USE_CLM -DUSE_NETCDF4_FEATURES -DWRFIO_NCD_LARGE_FILE_SUPPORT  -DDM_PARALLEL -DNETCDF -DHDF5 -DUSE_ALLOCATABLES -DGRIB1 -DINTIO -DKEEP_INT_AROUND -DLIMIT_ARGS -DCONFIG_BUF_LEN=65536 -DMAX_DOMAINS_F=21 -DMAX_HISTORY=25 -DNMM_NEST=0  -I. -traditional -DUSE_NETCDF4_FEATURES -DWRFIO_NCD_LARGE_FILE_SUPPORT   module_get_file_names.F  > module_get_file_names.bb
/scratch/john.lawson/stochastic/stochWRF_3.8/tools/standard.exe module_bc_time_utilities.bb | /lib/cpp -P -traditional -DUSE_NETCDF4_FEATURES -DWRFIO_NCD_LARGE_FILE_SUPPORT > module_bc_time_utilities.f90
/scratch/john.lawson/stochastic/stochWRF_3.8/tools/standard.exe module_get_file_names.bb | /lib/cpp -P -traditional -DUSE_NETCDF4_FEATURES -DWRFIO_NCD_LARGE_FILE_SUPPORT > module_get_file_names.f90
rm -f module_bc_time_utilities.b module_bc_time_utilities.bb
rm -f module_get_file_names.b module_get_file_names.bb
ftn -o module_bc_time_utilities.o -c -ip -O3  -w -ftz -fno-alias -align all -FR -convert big_endian    -I../dyn_em -I../dyn_nmm   -I/scratch/john.lawson/stochastic/stochWRF_3.8/external/esmf_time_f90  -I/scratch/john.lawson/stochastic/stochWRF_3.8/main -I/scratch/john.lawson/stochastic/stochWRF_3.8/external/io_netcdf -I/scratch/john.lawson/stochastic/stochWRF_3.8/external/io_int -I/scratch/john.lawson/stochastic/stochWRF_3.8/frame -I/scratch/john.lawson/stochastic/stochWRF_3.8/share -I/scratch/john.lawson/stochastic/stochWRF_3.8/phys -I/scratch/john.lawson/stochastic/stochWRF_3.8/chem -I/scratch/john.lawson/stochastic/stochWRF_3.8/inc -I/opt/cray/pe/netcdf-hdf5parallel/4.4.1.1.3/INTEL/16.0/include  -real-size `expr 8 \* 4` -i4  module_bc_time_utilities.f90
ftn -o module_get_file_names.o -c -ip -O3  -w -ftz -fno-alias -align all -FR -convert big_endian    -I../dyn_em -I../dyn_nmm   -I/scratch/john.lawson/stochastic/stochWRF_3.8/external/esmf_time_f90  -I/scratch/john.lawson/stochastic/stochWRF_3.8/main -I/scratch/john.lawson/stochastic/stochWRF_3.8/external/io_netcdf -I/scratch/john.lawson/stochastic/stochWRF_3.8/external/io_int -I/scratch/john.lawson/stochastic/stochWRF_3.8/frame -I/scratch/john.lawson/stochastic/stochWRF_3.8/share -I/scratch/john.lawson/stochastic/stochWRF_3.8/phys -I/scratch/john.lawson/stochastic/stochWRF_3.8/chem -I/scratch/john.lawson/stochastic/stochWRF_3.8/inc -I/opt/cray/pe/netcdf-hdf5parallel/4.4.1.1.3/INTEL/16.0/include  -real-size `expr 8 \* 4` -i4  module_get_file_names.f90
rm -f module_compute_geop.o
/lib/cpp -P -I/scratch/john.lawson/stochastic/stochWRF_3.8/inc -DEM_CORE=1 -DNMM_CORE=0 -DNMM_MAX_DIM=2600 -DCOAMPS_CORE=0 -DDA_CORE=0 -DEXP_CORE=0 -DIWORDSIZE=4 -DDWORDSIZE=8 -DRWORDSIZE=4 -DLWORDSIZE=4 -DNONSTANDARD_SYSTEM_FUNC  -DWRF_USE_CLM -DUSE_NETCDF4_FEATURES -DWRFIO_NCD_LARGE_FILE_SUPPORT  -DDM_PARALLEL -DNETCDF -DHDF5 -DUSE_ALLOCATABLES -DGRIB1 -DINTIO -DKEEP_INT_AROUND -DLIMIT_ARGS -DCONFIG_BUF_LEN=65536 -DMAX_DOMAINS_F=21 -DMAX_HISTORY=25 -DNMM_NEST=0  -I. -traditional -DUSE_NETCDF4_FEATURES -DWRFIO_NCD_LARGE_FILE_SUPPORT   module_compute_geop.F  > module_compute_geop.bb
/scratch/john.lawson/stochastic/stochWRF_3.8/tools/standard.exe module_compute_geop.bb | /lib/cpp -P -traditional -DUSE_NETCDF4_FEATURES -DWRFIO_NCD_LARGE_FILE_SUPPORT > module_compute_geop.f90
rm -f module_check_a_mundo.o
/lib/cpp -P -I/scratch/john.lawson/stochastic/stochWRF_3.8/inc -DEM_CORE=1 -DNMM_CORE=0 -DNMM_MAX_DIM=2600 -DCOAMPS_CORE=0 -DDA_CORE=0 -DEXP_CORE=0 -DIWORDSIZE=4 -DDWORDSIZE=8 -DRWORDSIZE=4 -DLWORDSIZE=4 -DNONSTANDARD_SYSTEM_FUNC  -DWRF_USE_CLM -DUSE_NETCDF4_FEATURES -DWRFIO_NCD_LARGE_FILE_SUPPORT  -DDM_PARALLEL -DNETCDF -DHDF5 -DUSE_ALLOCATABLES -DGRIB1 -DINTIO -DKEEP_INT_AROUND -DLIMIT_ARGS -DCONFIG_BUF_LEN=65536 -DMAX_DOMAINS_F=21 -DMAX_HISTORY=25 -DNMM_NEST=0  -I. -traditional -DUSE_NETCDF4_FEATURES -DWRFIO_NCD_LARGE_FILE_SUPPORT   module_check_a_mundo.F  > module_check_a_mundo.bb
rm -f module_compute_geop.b module_compute_geop.bb
ftn -o module_compute_geop.o -c -ip -O3  -w -ftz -fno-alias -align all -FR -convert big_endian    -I../dyn_em -I../dyn_nmm   -I/scratch/john.lawson/stochastic/stochWRF_3.8/external/esmf_time_f90  -I/scratch/john.lawson/stochastic/stochWRF_3.8/main -I/scratch/john.lawson/stochastic/stochWRF_3.8/external/io_netcdf -I/scratch/john.lawson/stochastic/stochWRF_3.8/external/io_int -I/scratch/john.lawson/stochastic/stochWRF_3.8/frame -I/scratch/john.lawson/stochastic/stochWRF_3.8/share -I/scratch/john.lawson/stochastic/stochWRF_3.8/phys -I/scratch/john.lawson/stochastic/stochWRF_3.8/chem -I/scratch/john.lawson/stochastic/stochWRF_3.8/inc -I/opt/cray/pe/netcdf-hdf5parallel/4.4.1.1.3/INTEL/16.0/include  -real-size `expr 8 \* 4` -i4  module_compute_geop.f90
/scratch/john.lawson/stochastic/stochWRF_3.8/tools/standard.exe module_check_a_mundo.bb | /lib/cpp -P -traditional -DUSE_NETCDF4_FEATURES -DWRFIO_NCD_LARGE_FILE_SUPPORT > module_check_a_mundo.f90
rm -f module_check_a_mundo.b module_check_a_mundo.bb
ftn -o module_check_a_mundo.o -c -ip -O3  -w -ftz -fno-alias -align all -FR -convert big_endian    -I../dyn_em -I../dyn_nmm   -I/scratch/john.lawson/stochastic/stochWRF_3.8/external/esmf_time_f90  -I/scratch/john.lawson/stochastic/stochWRF_3.8/main -I/scratch/john.lawson/stochastic/stochWRF_3.8/external/io_netcdf -I/scratch/john.lawson/stochastic/stochWRF_3.8/external/io_int -I/scratch/john.lawson/stochastic/stochWRF_3.8/frame -I/scratch/john.lawson/stochastic/stochWRF_3.8/share -I/scratch/john.lawson/stochastic/stochWRF_3.8/phys -I/scratch/john.lawson/stochastic/stochWRF_3.8/chem -I/scratch/john.lawson/stochastic/stochWRF_3.8/inc -I/opt/cray/pe/netcdf-hdf5parallel/4.4.1.1.3/INTEL/16.0/include  -real-size `expr 8 \* 4` -i4  module_check_a_mundo.f90
rm -f bobrand.o
cc -DMPI2_SUPPORT -DFSEEKO64_OK  -o bobrand.o -c -w -O3 -ip  -DDM_PARALLEL -DMAX_HISTORY=25 -DNMM_CORE=0 bobrand.c
rm -f module_llxy.o
/lib/cpp -P -I/scratch/john.lawson/stochastic/stochWRF_3.8/inc -DEM_CORE=1 -DNMM_CORE=0 -DNMM_MAX_DIM=2600 -DCOAMPS_CORE=0 -DDA_CORE=0 -DEXP_CORE=0 -DIWORDSIZE=4 -DDWORDSIZE=8 -DRWORDSIZE=4 -DLWORDSIZE=4 -DNONSTANDARD_SYSTEM_FUNC  -DWRF_USE_CLM -DUSE_NETCDF4_FEATURES -DWRFIO_NCD_LARGE_FILE_SUPPORT  -DDM_PARALLEL -DNETCDF -DHDF5 -DUSE_ALLOCATABLES -DGRIB1 -DINTIO -DKEEP_INT_AROUND -DLIMIT_ARGS -DCONFIG_BUF_LEN=65536 -DMAX_DOMAINS_F=21 -DMAX_HISTORY=25 -DNMM_NEST=0  -I. -traditional -DUSE_NETCDF4_FEATURES -DWRFIO_NCD_LARGE_FILE_SUPPORT   module_llxy.F  > module_llxy.bb
/scratch/john.lawson/stochastic/stochWRF_3.8/tools/standard.exe module_llxy.bb | /lib/cpp -P -traditional -DUSE_NETCDF4_FEATURES -DWRFIO_NCD_LARGE_FILE_SUPPORT > module_llxy.f90
rm -f module_llxy.b module_llxy.bb
ftn -o module_llxy.o -c -ip -O3  -w -ftz -fno-alias -align all -FR -convert big_endian    -I../dyn_em -I../dyn_nmm   -I/scratch/john.lawson/stochastic/stochWRF_3.8/external/esmf_time_f90  -I/scratch/john.lawson/stochastic/stochWRF_3.8/main -I/scratch/john.lawson/stochastic/stochWRF_3.8/external/io_netcdf -I/scratch/john.lawson/stochastic/stochWRF_3.8/external/io_int -I/scratch/john.lawson/stochastic/stochWRF_3.8/frame -I/scratch/john.lawson/stochastic/stochWRF_3.8/share -I/scratch/john.lawson/stochastic/stochWRF_3.8/phys -I/scratch/john.lawson/stochastic/stochWRF_3.8/chem -I/scratch/john.lawson/stochastic/stochWRF_3.8/inc -I/opt/cray/pe/netcdf-hdf5parallel/4.4.1.1.3/INTEL/16.0/include  -real-size `expr 8 \* 4` -i4  module_llxy.f90
rm -f module_interp_store.o
/lib/cpp -P -I/scratch/john.lawson/stochastic/stochWRF_3.8/inc -DEM_CORE=1 -DNMM_CORE=0 -DNMM_MAX_DIM=2600 -DCOAMPS_CORE=0 -DDA_CORE=0 -DEXP_CORE=0 -DIWORDSIZE=4 -DDWORDSIZE=8 -DRWORDSIZE=4 -DLWORDSIZE=4 -DNONSTANDARD_SYSTEM_FUNC  -DWRF_USE_CLM -DUSE_NETCDF4_FEATURES -DWRFIO_NCD_LARGE_FILE_SUPPORT  -DDM_PARALLEL -DNETCDF -DHDF5 -DUSE_ALLOCATABLES -DGRIB1 -DINTIO -DKEEP_INT_AROUND -DLIMIT_ARGS -DCONFIG_BUF_LEN=65536 -DMAX_DOMAINS_F=21 -DMAX_HISTORY=25 -DNMM_NEST=0  -I. -traditional -DUSE_NETCDF4_FEATURES -DWRFIO_NCD_LARGE_FILE_SUPPORT   module_interp_store.F  > module_interp_store.bb
/scratch/john.lawson/stochastic/stochWRF_3.8/tools/standard.exe module_interp_store.bb | /lib/cpp -P -traditional -DUSE_NETCDF4_FEATURES -DWRFIO_NCD_LARGE_FILE_SUPPORT > module_interp_store.f90
rm -f module_interp_store.b module_interp_store.bb
ftn -o module_interp_store.o -c -ip -O3  -w -ftz -fno-alias -align all -FR -convert big_endian    -I../dyn_em -I../dyn_nmm   -I/scratch/john.lawson/stochastic/stochWRF_3.8/external/esmf_time_f90  -I/scratch/john.lawson/stochastic/stochWRF_3.8/main -I/scratch/john.lawson/stochastic/stochWRF_3.8/external/io_netcdf -I/scratch/john.lawson/stochastic/stochWRF_3.8/external/io_int -I/scratch/john.lawson/stochastic/stochWRF_3.8/frame -I/scratch/john.lawson/stochastic/stochWRF_3.8/share -I/scratch/john.lawson/stochastic/stochWRF_3.8/phys -I/scratch/john.lawson/stochastic/stochWRF_3.8/chem -I/scratch/john.lawson/stochastic/stochWRF_3.8/inc -I/opt/cray/pe/netcdf-hdf5parallel/4.4.1.1.3/INTEL/16.0/include  -real-size `expr 8 \* 4` -i4  module_interp_store.f90
rm -f module_MPP.o
/lib/cpp -P -I/scratch/john.lawson/stochastic/stochWRF_3.8/inc -DEM_CORE=1 -DNMM_CORE=0 -DNMM_MAX_DIM=2600 -DCOAMPS_CORE=0 -DDA_CORE=0 -DEXP_CORE=0 -DIWORDSIZE=4 -DDWORDSIZE=8 -DRWORDSIZE=4 -DLWORDSIZE=4 -DNONSTANDARD_SYSTEM_FUNC  -DWRF_USE_CLM -DUSE_NETCDF4_FEATURES -DWRFIO_NCD_LARGE_FILE_SUPPORT  -DDM_PARALLEL -DNETCDF -DHDF5 -DUSE_ALLOCATABLES -DGRIB1 -DINTIO -DKEEP_INT_AROUND -DLIMIT_ARGS -DCONFIG_BUF_LEN=65536 -DMAX_DOMAINS_F=21 -DMAX_HISTORY=25 -DNMM_NEST=0  -I. -traditional -DUSE_NETCDF4_FEATURES -DWRFIO_NCD_LARGE_FILE_SUPPORT   module_MPP.F  > module_MPP.bb
/scratch/john.lawson/stochastic/stochWRF_3.8/tools/standard.exe module_MPP.bb | /lib/cpp -P -traditional -DUSE_NETCDF4_FEATURES -DWRFIO_NCD_LARGE_FILE_SUPPORT > module_MPP.f90
rm -f module_MPP.b module_MPP.bb
ftn -o module_MPP.o -c -ip -O3  -w -ftz -fno-alias -align all -FR -convert big_endian    -I../dyn_em -I../dyn_nmm   -I/scratch/john.lawson/stochastic/stochWRF_3.8/external/esmf_time_f90  -I/scratch/john.lawson/stochastic/stochWRF_3.8/main -I/scratch/john.lawson/stochastic/stochWRF_3.8/external/io_netcdf -I/scratch/john.lawson/stochastic/stochWRF_3.8/external/io_int -I/scratch/john.lawson/stochastic/stochWRF_3.8/frame -I/scratch/john.lawson/stochastic/stochWRF_3.8/share -I/scratch/john.lawson/stochastic/stochWRF_3.8/phys -I/scratch/john.lawson/stochastic/stochWRF_3.8/chem -I/scratch/john.lawson/stochastic/stochWRF_3.8/inc -I/opt/cray/pe/netcdf-hdf5parallel/4.4.1.1.3/INTEL/16.0/include  -real-size `expr 8 \* 4` -i4  module_MPP.f90
rm -f solve_interface.o
/scratch/john.lawson/stochastic/stochWRF_3.8/tools/standard.exe solve_interface.F > solve_interface.b 
/lib/cpp -P -I/scratch/john.lawson/stochastic/stochWRF_3.8/inc -DEM_CORE=1 -DNMM_CORE=0 -DNMM_MAX_DIM=2600 -DCOAMPS_CORE=0 -DDA_CORE=0 -DEXP_CORE=0 -DIWORDSIZE=4 -DDWORDSIZE=8 -DRWORDSIZE=4 -DLWORDSIZE=4 -DNONSTANDARD_SYSTEM_FUNC  -DWRF_USE_CLM -DUSE_NETCDF4_FEATURES -DWRFIO_NCD_LARGE_FILE_SUPPORT  -DDM_PARALLEL -DNETCDF -DHDF5 -DUSE_ALLOCATABLES -DGRIB1 -DINTIO -DKEEP_INT_AROUND -DLIMIT_ARGS -DCONFIG_BUF_LEN=65536 -DMAX_DOMAINS_F=21 -DMAX_HISTORY=25 -DNMM_NEST=0  -I. -traditional -DUSE_NETCDF4_FEATURES -DWRFIO_NCD_LARGE_FILE_SUPPORT   solve_interface.b  > solve_interface.f90
rm -f solve_interface.b
if fgrep -iq '!$OMP' solve_interface.f90 ; then \
          if [ -n "" ] ; then echo COMPILING solve_interface.F WITH OMP ; fi ; \
  ftn -c -real-size `expr 8 \* 4` -i4 -O0 -fno-inline -fno-ip -w -ftz -fno-alias -align all -FR -convert big_endian   -I../dyn_em -I../dyn_nmm   -I/scratch/john.lawson/stochastic/stochWRF_3.8/external/esmf_time_f90  -I/scratch/john.lawson/stochastic/stochWRF_3.8/main -I/scratch/john.lawson/stochastic/stochWRF_3.8/external/io_netcdf -I/scratch/john.lawson/stochastic/stochWRF_3.8/external/io_int -I/scratch/john.lawson/stochastic/stochWRF_3.8/frame -I/scratch/john.lawson/stochastic/stochWRF_3.8/share -I/scratch/john.lawson/stochastic/stochWRF_3.8/phys -I/scratch/john.lawson/stochastic/stochWRF_3.8/chem -I/scratch/john.lawson/stochastic/stochWRF_3.8/inc -I/opt/cray/pe/netcdf-hdf5parallel/4.4.1.1.3/INTEL/16.0/include    solve_interface.f90 ; \
        else \
          if [ -n "" ] ; then echo COMPILING solve_interface.F WITHOUT OMP ; fi ; \
  ftn -c -real-size `expr 8 \* 4` -i4 -O0 -fno-inline -fno-ip -w -ftz -fno-alias -align all -FR -convert big_endian   -I../dyn_em -I../dyn_nmm   -I/scratch/john.lawson/stochastic/stochWRF_3.8/external/esmf_time_f90  -I/scratch/john.lawson/stochastic/stochWRF_3.8/main -I/scratch/john.lawson/stochastic/stochWRF_3.8/external/io_netcdf -I/scratch/john.lawson/stochastic/stochWRF_3.8/external/io_int -I/scratch/john.lawson/stochastic/stochWRF_3.8/frame -I/scratch/john.lawson/stochastic/stochWRF_3.8/share -I/scratch/john.lawson/stochastic/stochWRF_3.8/phys -I/scratch/john.lawson/stochastic/stochWRF_3.8/chem -I/scratch/john.lawson/stochastic/stochWRF_3.8/inc -I/opt/cray/pe/netcdf-hdf5parallel/4.4.1.1.3/INTEL/16.0/include   solve_interface.f90 ; \
        fi
rm -f mediation_interp_domain.o
/lib/cpp -P -I/scratch/john.lawson/stochastic/stochWRF_3.8/inc -DEM_CORE=1 -DNMM_CORE=0 -DNMM_MAX_DIM=2600 -DCOAMPS_CORE=0 -DDA_CORE=0 -DEXP_CORE=0 -DIWORDSIZE=4 -DDWORDSIZE=8 -DRWORDSIZE=4 -DLWORDSIZE=4 -DNONSTANDARD_SYSTEM_FUNC  -DWRF_USE_CLM -DUSE_NETCDF4_FEATURES -DWRFIO_NCD_LARGE_FILE_SUPPORT  -DDM_PARALLEL -DNETCDF -DHDF5 -DUSE_ALLOCATABLES -DGRIB1 -DINTIO -DKEEP_INT_AROUND -DLIMIT_ARGS -DCONFIG_BUF_LEN=65536 -DMAX_DOMAINS_F=21 -DMAX_HISTORY=25 -DNMM_NEST=0  -I. -traditional -DUSE_NETCDF4_FEATURES -DWRFIO_NCD_LARGE_FILE_SUPPORT   mediation_interp_domain.F  > mediation_interp_domain.bb
/scratch/john.lawson/stochastic/stochWRF_3.8/tools/standard.exe mediation_interp_domain.bb | /lib/cpp -P -traditional -DUSE_NETCDF4_FEATURES -DWRFIO_NCD_LARGE_FILE_SUPPORT > mediation_interp_domain.f90
rm -f mediation_interp_domain.b mediation_interp_domain.bb
ftn -o mediation_interp_domain.o -c -ip -O3  -w -ftz -fno-alias -align all -FR -convert big_endian    -I../dyn_em -I../dyn_nmm   -I/scratch/john.lawson/stochastic/stochWRF_3.8/external/esmf_time_f90  -I/scratch/john.lawson/stochastic/stochWRF_3.8/main -I/scratch/john.lawson/stochastic/stochWRF_3.8/external/io_netcdf -I/scratch/john.lawson/stochastic/stochWRF_3.8/external/io_int -I/scratch/john.lawson/stochastic/stochWRF_3.8/frame -I/scratch/john.lawson/stochastic/stochWRF_3.8/share -I/scratch/john.lawson/stochastic/stochWRF_3.8/phys -I/scratch/john.lawson/stochastic/stochWRF_3.8/chem -I/scratch/john.lawson/stochastic/stochWRF_3.8/inc -I/opt/cray/pe/netcdf-hdf5parallel/4.4.1.1.3/INTEL/16.0/include  -real-size `expr 8 \* 4` -i4  mediation_interp_domain.f90
rm -f mediation_force_domain.o
/lib/cpp -P -I/scratch/john.lawson/stochastic/stochWRF_3.8/inc -DEM_CORE=1 -DNMM_CORE=0 -DNMM_MAX_DIM=2600 -DCOAMPS_CORE=0 -DDA_CORE=0 -DEXP_CORE=0 -DIWORDSIZE=4 -DDWORDSIZE=8 -DRWORDSIZE=4 -DLWORDSIZE=4 -DNONSTANDARD_SYSTEM_FUNC  -DWRF_USE_CLM -DUSE_NETCDF4_FEATURES -DWRFIO_NCD_LARGE_FILE_SUPPORT  -DDM_PARALLEL -DNETCDF -DHDF5 -DUSE_ALLOCATABLES -DGRIB1 -DINTIO -DKEEP_INT_AROUND -DLIMIT_ARGS -DCONFIG_BUF_LEN=65536 -DMAX_DOMAINS_F=21 -DMAX_HISTORY=25 -DNMM_NEST=0  -I. -traditional -DUSE_NETCDF4_FEATURES -DWRFIO_NCD_LARGE_FILE_SUPPORT   mediation_force_domain.F  > mediation_force_domain.bb
/scratch/john.lawson/stochastic/stochWRF_3.8/tools/standard.exe mediation_force_domain.bb | /lib/cpp -P -traditional -DUSE_NETCDF4_FEATURES -DWRFIO_NCD_LARGE_FILE_SUPPORT > mediation_force_domain.f90
rm -f mediation_force_domain.b mediation_force_domain.bb
ftn -o mediation_force_domain.o -c -ip -O3  -w -ftz -fno-alias -align all -FR -convert big_endian    -I../dyn_em -I../dyn_nmm   -I/scratch/john.lawson/stochastic/stochWRF_3.8/external/esmf_time_f90  -I/scratch/john.lawson/stochastic/stochWRF_3.8/main -I/scratch/john.lawson/stochastic/stochWRF_3.8/external/io_netcdf -I/scratch/john.lawson/stochastic/stochWRF_3.8/external/io_int -I/scratch/john.lawson/stochastic/stochWRF_3.8/frame -I/scratch/john.lawson/stochastic/stochWRF_3.8/share -I/scratch/john.lawson/stochastic/stochWRF_3.8/phys -I/scratch/john.lawson/stochastic/stochWRF_3.8/chem -I/scratch/john.lawson/stochastic/stochWRF_3.8/inc -I/opt/cray/pe/netcdf-hdf5parallel/4.4.1.1.3/INTEL/16.0/include  -real-size `expr 8 \* 4` -i4  mediation_force_domain.f90
rm -f mediation_feedback_domain.o
/lib/cpp -P -I/scratch/john.lawson/stochastic/stochWRF_3.8/inc -DEM_CORE=1 -DNMM_CORE=0 -DNMM_MAX_DIM=2600 -DCOAMPS_CORE=0 -DDA_CORE=0 -DEXP_CORE=0 -DIWORDSIZE=4 -DDWORDSIZE=8 -DRWORDSIZE=4 -DLWORDSIZE=4 -DNONSTANDARD_SYSTEM_FUNC  -DWRF_USE_CLM -DUSE_NETCDF4_FEATURES -DWRFIO_NCD_LARGE_FILE_SUPPORT  -DDM_PARALLEL -DNETCDF -DHDF5 -DUSE_ALLOCATABLES -DGRIB1 -DINTIO -DKEEP_INT_AROUND -DLIMIT_ARGS -DCONFIG_BUF_LEN=65536 -DMAX_DOMAINS_F=21 -DMAX_HISTORY=25 -DNMM_NEST=0  -I. -traditional -DUSE_NETCDF4_FEATURES -DWRFIO_NCD_LARGE_FILE_SUPPORT   mediation_feedback_domain.F  > mediation_feedback_domain.bb
/scratch/john.lawson/stochastic/stochWRF_3.8/tools/standard.exe mediation_feedback_domain.bb | /lib/cpp -P -traditional -DUSE_NETCDF4_FEATURES -DWRFIO_NCD_LARGE_FILE_SUPPORT > mediation_feedback_domain.f90
rm -f mediation_feedback_domain.b mediation_feedback_domain.bb
ftn -o mediation_feedback_domain.o -c -ip -O3  -w -ftz -fno-alias -align all -FR -convert big_endian    -I../dyn_em -I../dyn_nmm   -I/scratch/john.lawson/stochastic/stochWRF_3.8/external/esmf_time_f90  -I/scratch/john.lawson/stochastic/stochWRF_3.8/main -I/scratch/john.lawson/stochastic/stochWRF_3.8/external/io_netcdf -I/scratch/john.lawson/stochastic/stochWRF_3.8/external/io_int -I/scratch/john.lawson/stochastic/stochWRF_3.8/frame -I/scratch/john.lawson/stochastic/stochWRF_3.8/share -I/scratch/john.lawson/stochastic/stochWRF_3.8/phys -I/scratch/john.lawson/stochastic/stochWRF_3.8/chem -I/scratch/john.lawson/stochastic/stochWRF_3.8/inc -I/opt/cray/pe/netcdf-hdf5parallel/4.4.1.1.3/INTEL/16.0/include  -real-size `expr 8 \* 4` -i4  mediation_feedback_domain.f90
rm -f module_date_time.o
/lib/cpp -P -I/scratch/john.lawson/stochastic/stochWRF_3.8/inc -DEM_CORE=1 -DNMM_CORE=0 -DNMM_MAX_DIM=2600 -DCOAMPS_CORE=0 -DDA_CORE=0 -DEXP_CORE=0 -DIWORDSIZE=4 -DDWORDSIZE=8 -DRWORDSIZE=4 -DLWORDSIZE=4 -DNONSTANDARD_SYSTEM_FUNC  -DWRF_USE_CLM -DUSE_NETCDF4_FEATURES -DWRFIO_NCD_LARGE_FILE_SUPPORT  -DDM_PARALLEL -DNETCDF -DHDF5 -DUSE_ALLOCATABLES -DGRIB1 -DINTIO -DKEEP_INT_AROUND -DLIMIT_ARGS -DCONFIG_BUF_LEN=65536 -DMAX_DOMAINS_F=21 -DMAX_HISTORY=25 -DNMM_NEST=0  -I. -traditional -DUSE_NETCDF4_FEATURES -DWRFIO_NCD_LARGE_FILE_SUPPORT   module_date_time.F  > module_date_time.bb
/scratch/john.lawson/stochastic/stochWRF_3.8/tools/standard.exe module_date_time.bb | /lib/cpp -P -traditional -DUSE_NETCDF4_FEATURES -DWRFIO_NCD_LARGE_FILE_SUPPORT > module_date_time.f90
rm -f module_date_time.b module_date_time.bb
ftn -o module_date_time.o -c -ip -O3  -w -ftz -fno-alias -align all -FR -convert big_endian    -I../dyn_em -I../dyn_nmm   -I/scratch/john.lawson/stochastic/stochWRF_3.8/external/esmf_time_f90  -I/scratch/john.lawson/stochastic/stochWRF_3.8/main -I/scratch/john.lawson/stochastic/stochWRF_3.8/external/io_netcdf -I/scratch/john.lawson/stochastic/stochWRF_3.8/external/io_int -I/scratch/john.lawson/stochastic/stochWRF_3.8/frame -I/scratch/john.lawson/stochastic/stochWRF_3.8/share -I/scratch/john.lawson/stochastic/stochWRF_3.8/phys -I/scratch/john.lawson/stochastic/stochWRF_3.8/chem -I/scratch/john.lawson/stochastic/stochWRF_3.8/inc -I/opt/cray/pe/netcdf-hdf5parallel/4.4.1.1.3/INTEL/16.0/include  -real-size `expr 8 \* 4` -i4  module_date_time.f90
rm -f module_bc.o
/lib/cpp -P -I/scratch/john.lawson/stochastic/stochWRF_3.8/inc -DEM_CORE=1 -DNMM_CORE=0 -DNMM_MAX_DIM=2600 -DCOAMPS_CORE=0 -DDA_CORE=0 -DEXP_CORE=0 -DIWORDSIZE=4 -DDWORDSIZE=8 -DRWORDSIZE=4 -DLWORDSIZE=4 -DNONSTANDARD_SYSTEM_FUNC  -DWRF_USE_CLM -DUSE_NETCDF4_FEATURES -DWRFIO_NCD_LARGE_FILE_SUPPORT  -DDM_PARALLEL -DNETCDF -DHDF5 -DUSE_ALLOCATABLES -DGRIB1 -DINTIO -DKEEP_INT_AROUND -DLIMIT_ARGS -DCONFIG_BUF_LEN=65536 -DMAX_DOMAINS_F=21 -DMAX_HISTORY=25 -DNMM_NEST=0  -I. -traditional -DUSE_NETCDF4_FEATURES -DWRFIO_NCD_LARGE_FILE_SUPPORT   module_bc.F  > module_bc.bb
/scratch/john.lawson/stochastic/stochWRF_3.8/tools/standard.exe module_bc.bb | /lib/cpp -P -traditional -DUSE_NETCDF4_FEATURES -DWRFIO_NCD_LARGE_FILE_SUPPORT > module_bc.f90
rm -f module_bc.b module_bc.bb
ftn -o module_bc.o -c -ip -O3  -w -ftz -fno-alias -align all -FR -convert big_endian    -I../dyn_em -I../dyn_nmm   -I/scratch/john.lawson/stochastic/stochWRF_3.8/external/esmf_time_f90  -I/scratch/john.lawson/stochastic/stochWRF_3.8/main -I/scratch/john.lawson/stochastic/stochWRF_3.8/external/io_netcdf -I/scratch/john.lawson/stochastic/stochWRF_3.8/external/io_int -I/scratch/john.lawson/stochastic/stochWRF_3.8/frame -I/scratch/john.lawson/stochastic/stochWRF_3.8/share -I/scratch/john.lawson/stochastic/stochWRF_3.8/phys -I/scratch/john.lawson/stochastic/stochWRF_3.8/chem -I/scratch/john.lawson/stochastic/stochWRF_3.8/inc -I/opt/cray/pe/netcdf-hdf5parallel/4.4.1.1.3/INTEL/16.0/include  -real-size `expr 8 \* 4` -i4  module_bc.f90
rm -f module_io_wrf.o
/scratch/john.lawson/stochastic/stochWRF_3.8/tools/standard.exe module_io_wrf.F > module_io_wrf.b 
/lib/cpp -P -I/scratch/john.lawson/stochastic/stochWRF_3.8/inc -DEM_CORE=1 -DNMM_CORE=0 -DNMM_MAX_DIM=2600 -DCOAMPS_CORE=0 -DDA_CORE=0 -DEXP_CORE=0 -DIWORDSIZE=4 -DDWORDSIZE=8 -DRWORDSIZE=4 -DLWORDSIZE=4 -DNONSTANDARD_SYSTEM_FUNC  -DWRF_USE_CLM -DUSE_NETCDF4_FEATURES -DWRFIO_NCD_LARGE_FILE_SUPPORT  -DDM_PARALLEL -DNETCDF -DHDF5 -DUSE_ALLOCATABLES -DGRIB1 -DINTIO -DKEEP_INT_AROUND -DLIMIT_ARGS -DCONFIG_BUF_LEN=65536 -DMAX_DOMAINS_F=21 -DMAX_HISTORY=25 -DNMM_NEST=0  -I. -traditional -DUSE_NETCDF4_FEATURES -DWRFIO_NCD_LARGE_FILE_SUPPORT   module_io_wrf.b  > module_io_wrf.f90
rm -f module_io_wrf.b
if fgrep -iq '!$OMP' module_io_wrf.f90 ; then \
          if [ -n "" ] ; then echo COMPILING module_io_wrf.F WITH OMP ; fi ; \
  ftn -c -real-size `expr 8 \* 4` -i4 -O0 -fno-inline -fno-ip -w -ftz -fno-alias -align all -FR -convert big_endian   -I../dyn_em -I../dyn_nmm   -I/scratch/john.lawson/stochastic/stochWRF_3.8/external/esmf_time_f90  -I/scratch/john.lawson/stochastic/stochWRF_3.8/main -I/scratch/john.lawson/stochastic/stochWRF_3.8/external/io_netcdf -I/scratch/john.lawson/stochastic/stochWRF_3.8/external/io_int -I/scratch/john.lawson/stochastic/stochWRF_3.8/frame -I/scratch/john.lawson/stochastic/stochWRF_3.8/share -I/scratch/john.lawson/stochastic/stochWRF_3.8/phys -I/scratch/john.lawson/stochastic/stochWRF_3.8/chem -I/scratch/john.lawson/stochastic/stochWRF_3.8/inc -I/opt/cray/pe/netcdf-hdf5parallel/4.4.1.1.3/INTEL/16.0/include    module_io_wrf.f90 ; \
        else \
          if [ -n "" ] ; then echo COMPILING module_io_wrf.F WITHOUT OMP ; fi ; \
  ftn -c -real-size `expr 8 \* 4` -i4 -O0 -fno-inline -fno-ip -w -ftz -fno-alias -align all -FR -convert big_endian   -I../dyn_em -I../dyn_nmm   -I/scratch/john.lawson/stochastic/stochWRF_3.8/external/esmf_time_f90  -I/scratch/john.lawson/stochastic/stochWRF_3.8/main -I/scratch/john.lawson/stochastic/stochWRF_3.8/external/io_netcdf -I/scratch/john.lawson/stochastic/stochWRF_3.8/external/io_int -I/scratch/john.lawson/stochastic/stochWRF_3.8/frame -I/scratch/john.lawson/stochastic/stochWRF_3.8/share -I/scratch/john.lawson/stochastic/stochWRF_3.8/phys -I/scratch/john.lawson/stochastic/stochWRF_3.8/chem -I/scratch/john.lawson/stochastic/stochWRF_3.8/inc -I/opt/cray/pe/netcdf-hdf5parallel/4.4.1.1.3/INTEL/16.0/include   module_io_wrf.f90 ; \
        fi
rm -f module_soil_pre.o
/lib/cpp -P -I/scratch/john.lawson/stochastic/stochWRF_3.8/inc -DEM_CORE=1 -DNMM_CORE=0 -DNMM_MAX_DIM=2600 -DCOAMPS_CORE=0 -DDA_CORE=0 -DEXP_CORE=0 -DIWORDSIZE=4 -DDWORDSIZE=8 -DRWORDSIZE=4 -DLWORDSIZE=4 -DNONSTANDARD_SYSTEM_FUNC  -DWRF_USE_CLM -DUSE_NETCDF4_FEATURES -DWRFIO_NCD_LARGE_FILE_SUPPORT  -DDM_PARALLEL -DNETCDF -DHDF5 -DUSE_ALLOCATABLES -DGRIB1 -DINTIO -DKEEP_INT_AROUND -DLIMIT_ARGS -DCONFIG_BUF_LEN=65536 -DMAX_DOMAINS_F=21 -DMAX_HISTORY=25 -DNMM_NEST=0  -I. -traditional -DUSE_NETCDF4_FEATURES -DWRFIO_NCD_LARGE_FILE_SUPPORT   module_soil_pre.F  > module_soil_pre.bb
/scratch/john.lawson/stochastic/stochWRF_3.8/tools/standard.exe module_soil_pre.bb | /lib/cpp -P -traditional -DUSE_NETCDF4_FEATURES -DWRFIO_NCD_LARGE_FILE_SUPPORT > module_soil_pre.f90
rm -f module_soil_pre.b module_soil_pre.bb
ftn -o module_soil_pre.o -c -ip -O3  -w -ftz -fno-alias -align all -FR -convert big_endian    -I../dyn_em -I../dyn_nmm   -I/scratch/john.lawson/stochastic/stochWRF_3.8/external/esmf_time_f90  -I/scratch/john.lawson/stochastic/stochWRF_3.8/main -I/scratch/john.lawson/stochastic/stochWRF_3.8/external/io_netcdf -I/scratch/john.lawson/stochastic/stochWRF_3.8/external/io_int -I/scratch/john.lawson/stochastic/stochWRF_3.8/frame -I/scratch/john.lawson/stochastic/stochWRF_3.8/share -I/scratch/john.lawson/stochastic/stochWRF_3.8/phys -I/scratch/john.lawson/stochastic/stochWRF_3.8/chem -I/scratch/john.lawson/stochastic/stochWRF_3.8/inc -I/opt/cray/pe/netcdf-hdf5parallel/4.4.1.1.3/INTEL/16.0/include  -real-size `expr 8 \* 4` -i4  module_soil_pre.f90
rm -f wrf_tsin.o
/scratch/john.lawson/stochastic/stochWRF_3.8/tools/standard.exe wrf_tsin.F > wrf_tsin.b 
/lib/cpp -P -I/scratch/john.lawson/stochastic/stochWRF_3.8/inc -DEM_CORE=1 -DNMM_CORE=0 -DNMM_MAX_DIM=2600 -DCOAMPS_CORE=0 -DDA_CORE=0 -DEXP_CORE=0 -DIWORDSIZE=4 -DDWORDSIZE=8 -DRWORDSIZE=4 -DLWORDSIZE=4 -DNONSTANDARD_SYSTEM_FUNC  -DWRF_USE_CLM -DUSE_NETCDF4_FEATURES -DWRFIO_NCD_LARGE_FILE_SUPPORT  -DDM_PARALLEL -DNETCDF -DHDF5 -DUSE_ALLOCATABLES -DGRIB1 -DINTIO -DKEEP_INT_AROUND -DLIMIT_ARGS -DCONFIG_BUF_LEN=65536 -DMAX_DOMAINS_F=21 -DMAX_HISTORY=25 -DNMM_NEST=0  -I. -traditional -DUSE_NETCDF4_FEATURES -DWRFIO_NCD_LARGE_FILE_SUPPORT   wrf_tsin.b  > wrf_tsin.f90
rm -f wrf_tsin.b
if fgrep -iq '!$OMP' wrf_tsin.f90 ; then \
          if [ -n "" ] ; then echo COMPILING wrf_tsin.F WITH OMP ; fi ; \
  ftn -c -real-size `expr 8 \* 4` -i4 -O0 -fno-inline -fno-ip -w -ftz -fno-alias -align all -FR -convert big_endian   -I../dyn_em -I../dyn_nmm   -I/scratch/john.lawson/stochastic/stochWRF_3.8/external/esmf_time_f90  -I/scratch/john.lawson/stochastic/stochWRF_3.8/main -I/scratch/john.lawson/stochastic/stochWRF_3.8/external/io_netcdf -I/scratch/john.lawson/stochastic/stochWRF_3.8/external/io_int -I/scratch/john.lawson/stochastic/stochWRF_3.8/frame -I/scratch/john.lawson/stochastic/stochWRF_3.8/share -I/scratch/john.lawson/stochastic/stochWRF_3.8/phys -I/scratch/john.lawson/stochastic/stochWRF_3.8/chem -I/scratch/john.lawson/stochastic/stochWRF_3.8/inc -I/opt/cray/pe/netcdf-hdf5parallel/4.4.1.1.3/INTEL/16.0/include    wrf_tsin.f90 ; \
        else \
          if [ -n "" ] ; then echo COMPILING wrf_tsin.F WITHOUT OMP ; fi ; \
  ftn -c -real-size `expr 8 \* 4` -i4 -O0 -fno-inline -fno-ip -w -ftz -fno-alias -align all -FR -convert big_endian   -I../dyn_em -I../dyn_nmm   -I/scratch/john.lawson/stochastic/stochWRF_3.8/external/esmf_time_f90  -I/scratch/john.lawson/stochastic/stochWRF_3.8/main -I/scratch/john.lawson/stochastic/stochWRF_3.8/external/io_netcdf -I/scratch/john.lawson/stochastic/stochWRF_3.8/external/io_int -I/scratch/john.lawson/stochastic/stochWRF_3.8/frame -I/scratch/john.lawson/stochastic/stochWRF_3.8/share -I/scratch/john.lawson/stochastic/stochWRF_3.8/phys -I/scratch/john.lawson/stochastic/stochWRF_3.8/chem -I/scratch/john.lawson/stochastic/stochWRF_3.8/inc -I/opt/cray/pe/netcdf-hdf5parallel/4.4.1.1.3/INTEL/16.0/include   wrf_tsin.f90 ; \
        fi
rm -f track_input.o
/lib/cpp -P -I/scratch/john.lawson/stochastic/stochWRF_3.8/inc -DEM_CORE=1 -DNMM_CORE=0 -DNMM_MAX_DIM=2600 -DCOAMPS_CORE=0 -DDA_CORE=0 -DEXP_CORE=0 -DIWORDSIZE=4 -DDWORDSIZE=8 -DRWORDSIZE=4 -DLWORDSIZE=4 -DNONSTANDARD_SYSTEM_FUNC  -DWRF_USE_CLM -DUSE_NETCDF4_FEATURES -DWRFIO_NCD_LARGE_FILE_SUPPORT  -DDM_PARALLEL -DNETCDF -DHDF5 -DUSE_ALLOCATABLES -DGRIB1 -DINTIO -DKEEP_INT_AROUND -DLIMIT_ARGS -DCONFIG_BUF_LEN=65536 -DMAX_DOMAINS_F=21 -DMAX_HISTORY=25 -DNMM_NEST=0  -I. -traditional -DUSE_NETCDF4_FEATURES -DWRFIO_NCD_LARGE_FILE_SUPPORT   track_input.F  > track_input.bb
rm -f set_timekeeping.o
/lib/cpp -P -I/scratch/john.lawson/stochastic/stochWRF_3.8/inc -DEM_CORE=1 -DNMM_CORE=0 -DNMM_MAX_DIM=2600 -DCOAMPS_CORE=0 -DDA_CORE=0 -DEXP_CORE=0 -DIWORDSIZE=4 -DDWORDSIZE=8 -DRWORDSIZE=4 -DLWORDSIZE=4 -DNONSTANDARD_SYSTEM_FUNC  -DWRF_USE_CLM -DUSE_NETCDF4_FEATURES -DWRFIO_NCD_LARGE_FILE_SUPPORT  -DDM_PARALLEL -DNETCDF -DHDF5 -DUSE_ALLOCATABLES -DGRIB1 -DINTIO -DKEEP_INT_AROUND -DLIMIT_ARGS -DCONFIG_BUF_LEN=65536 -DMAX_DOMAINS_F=21 -DMAX_HISTORY=25 -DNMM_NEST=0  -I. -traditional -DUSE_NETCDF4_FEATURES -DWRFIO_NCD_LARGE_FILE_SUPPORT   set_timekeeping.F  > set_timekeeping.bb
/scratch/john.lawson/stochastic/stochWRF_3.8/tools/standard.exe track_input.bb | /lib/cpp -P -traditional -DUSE_NETCDF4_FEATURES -DWRFIO_NCD_LARGE_FILE_SUPPORT > track_input.f90
rm -f track_input.b track_input.bb
ftn -o track_input.o -c -ip -O3  -w -ftz -fno-alias -align all -FR -convert big_endian    -I../dyn_em -I../dyn_nmm   -I/scratch/john.lawson/stochastic/stochWRF_3.8/external/esmf_time_f90  -I/scratch/john.lawson/stochastic/stochWRF_3.8/main -I/scratch/john.lawson/stochastic/stochWRF_3.8/external/io_netcdf -I/scratch/john.lawson/stochastic/stochWRF_3.8/external/io_int -I/scratch/john.lawson/stochastic/stochWRF_3.8/frame -I/scratch/john.lawson/stochastic/stochWRF_3.8/share -I/scratch/john.lawson/stochastic/stochWRF_3.8/phys -I/scratch/john.lawson/stochastic/stochWRF_3.8/chem -I/scratch/john.lawson/stochastic/stochWRF_3.8/inc -I/opt/cray/pe/netcdf-hdf5parallel/4.4.1.1.3/INTEL/16.0/include  -real-size `expr 8 \* 4` -i4  track_input.f90
/scratch/john.lawson/stochastic/stochWRF_3.8/tools/standard.exe set_timekeeping.bb | /lib/cpp -P -traditional -DUSE_NETCDF4_FEATURES -DWRFIO_NCD_LARGE_FILE_SUPPORT > set_timekeeping.f90
rm -f set_timekeeping.b set_timekeeping.bb
ftn -o set_timekeeping.o -c -ip -O3  -w -ftz -fno-alias -align all -FR -convert big_endian    -I../dyn_em -I../dyn_nmm   -I/scratch/john.lawson/stochastic/stochWRF_3.8/external/esmf_time_f90  -I/scratch/john.lawson/stochastic/stochWRF_3.8/main -I/scratch/john.lawson/stochastic/stochWRF_3.8/external/io_netcdf -I/scratch/john.lawson/stochastic/stochWRF_3.8/external/io_int -I/scratch/john.lawson/stochastic/stochWRF_3.8/frame -I/scratch/john.lawson/stochastic/stochWRF_3.8/share -I/scratch/john.lawson/stochastic/stochWRF_3.8/phys -I/scratch/john.lawson/stochastic/stochWRF_3.8/chem -I/scratch/john.lawson/stochastic/stochWRF_3.8/inc -I/opt/cray/pe/netcdf-hdf5parallel/4.4.1.1.3/INTEL/16.0/include  -real-size `expr 8 \* 4` -i4  set_timekeeping.f90
rm -f sint.o
/lib/cpp -P -I/scratch/john.lawson/stochastic/stochWRF_3.8/inc -DEM_CORE=1 -DNMM_CORE=0 -DNMM_MAX_DIM=2600 -DCOAMPS_CORE=0 -DDA_CORE=0 -DEXP_CORE=0 -DIWORDSIZE=4 -DDWORDSIZE=8 -DRWORDSIZE=4 -DLWORDSIZE=4 -DNONSTANDARD_SYSTEM_FUNC  -DWRF_USE_CLM -DUSE_NETCDF4_FEATURES -DWRFIO_NCD_LARGE_FILE_SUPPORT  -DDM_PARALLEL -DNETCDF -DHDF5 -DUSE_ALLOCATABLES -DGRIB1 -DINTIO -DKEEP_INT_AROUND -DLIMIT_ARGS -DCONFIG_BUF_LEN=65536 -DMAX_DOMAINS_F=21 -DMAX_HISTORY=25 -DNMM_NEST=0  -I. -traditional -DUSE_NETCDF4_FEATURES -DWRFIO_NCD_LARGE_FILE_SUPPORT   sint.F  > sint.bb
/scratch/john.lawson/stochastic/stochWRF_3.8/tools/standard.exe sint.bb | /lib/cpp -P -traditional -DUSE_NETCDF4_FEATURES -DWRFIO_NCD_LARGE_FILE_SUPPORT > sint.f90
rm -f sint.b sint.bb
ftn -o sint.o -c -ip -O3  -w -ftz -fno-alias -align all -FR -convert big_endian    -I../dyn_em -I../dyn_nmm   -I/scratch/john.lawson/stochastic/stochWRF_3.8/external/esmf_time_f90  -I/scratch/john.lawson/stochastic/stochWRF_3.8/main -I/scratch/john.lawson/stochastic/stochWRF_3.8/external/io_netcdf -I/scratch/john.lawson/stochastic/stochWRF_3.8/external/io_int -I/scratch/john.lawson/stochastic/stochWRF_3.8/frame -I/scratch/john.lawson/stochastic/stochWRF_3.8/share -I/scratch/john.lawson/stochastic/stochWRF_3.8/phys -I/scratch/john.lawson/stochastic/stochWRF_3.8/chem -I/scratch/john.lawson/stochastic/stochWRF_3.8/inc -I/opt/cray/pe/netcdf-hdf5parallel/4.4.1.1.3/INTEL/16.0/include  -real-size `expr 8 \* 4` -i4  sint.f90
rm -f wrf_ext_write_field.o
/lib/cpp -P -I/scratch/john.lawson/stochastic/stochWRF_3.8/inc -DEM_CORE=1 -DNMM_CORE=0 -DNMM_MAX_DIM=2600 -DCOAMPS_CORE=0 -DDA_CORE=0 -DEXP_CORE=0 -DIWORDSIZE=4 -DDWORDSIZE=8 -DRWORDSIZE=4 -DLWORDSIZE=4 -DNONSTANDARD_SYSTEM_FUNC  -DWRF_USE_CLM -DUSE_NETCDF4_FEATURES -DWRFIO_NCD_LARGE_FILE_SUPPORT  -DDM_PARALLEL -DNETCDF -DHDF5 -DUSE_ALLOCATABLES -DGRIB1 -DINTIO -DKEEP_INT_AROUND -DLIMIT_ARGS -DCONFIG_BUF_LEN=65536 -DMAX_DOMAINS_F=21 -DMAX_HISTORY=25 -DNMM_NEST=0  -I. -traditional -DUSE_NETCDF4_FEATURES -DWRFIO_NCD_LARGE_FILE_SUPPORT   wrf_ext_write_field.F  > wrf_ext_write_field.bb
/scratch/john.lawson/stochastic/stochWRF_3.8/tools/standard.exe wrf_ext_write_field.bb | /lib/cpp -P -traditional -DUSE_NETCDF4_FEATURES -DWRFIO_NCD_LARGE_FILE_SUPPORT > wrf_ext_write_field.f90
rm -f wrf_ext_write_field.b wrf_ext_write_field.bb
ftn -c -real-size `expr 8 \* 4` -i4  -O0 -fno-inline -fno-ip -w -ftz -fno-alias -align all -FR -convert big_endian   -I../dyn_em -I../dyn_nmm   -I/scratch/john.lawson/stochastic/stochWRF_3.8/external/esmf_time_f90  -I/scratch/john.lawson/stochastic/stochWRF_3.8/main -I/scratch/john.lawson/stochastic/stochWRF_3.8/external/io_netcdf -I/scratch/john.lawson/stochastic/stochWRF_3.8/external/io_int -I/scratch/john.lawson/stochastic/stochWRF_3.8/frame -I/scratch/john.lawson/stochastic/stochWRF_3.8/share -I/scratch/john.lawson/stochastic/stochWRF_3.8/phys -I/scratch/john.lawson/stochastic/stochWRF_3.8/chem -I/scratch/john.lawson/stochastic/stochWRF_3.8/inc -I/opt/cray/pe/netcdf-hdf5parallel/4.4.1.1.3/INTEL/16.0/include  wrf_ext_write_field.f90
rm -f wrf_ext_read_field.o
/lib/cpp -P -I/scratch/john.lawson/stochastic/stochWRF_3.8/inc -DEM_CORE=1 -DNMM_CORE=0 -DNMM_MAX_DIM=2600 -DCOAMPS_CORE=0 -DDA_CORE=0 -DEXP_CORE=0 -DIWORDSIZE=4 -DDWORDSIZE=8 -DRWORDSIZE=4 -DLWORDSIZE=4 -DNONSTANDARD_SYSTEM_FUNC  -DWRF_USE_CLM -DUSE_NETCDF4_FEATURES -DWRFIO_NCD_LARGE_FILE_SUPPORT  -DDM_PARALLEL -DNETCDF -DHDF5 -DUSE_ALLOCATABLES -DGRIB1 -DINTIO -DKEEP_INT_AROUND -DLIMIT_ARGS -DCONFIG_BUF_LEN=65536 -DMAX_DOMAINS_F=21 -DMAX_HISTORY=25 -DNMM_NEST=0  -I. -traditional -DUSE_NETCDF4_FEATURES -DWRFIO_NCD_LARGE_FILE_SUPPORT   wrf_ext_read_field.F  > wrf_ext_read_field.bb
rm -f module_io_domain.o
/lib/cpp -P -I/scratch/john.lawson/stochastic/stochWRF_3.8/inc -DEM_CORE=1 -DNMM_CORE=0 -DNMM_MAX_DIM=2600 -DCOAMPS_CORE=0 -DDA_CORE=0 -DEXP_CORE=0 -DIWORDSIZE=4 -DDWORDSIZE=8 -DRWORDSIZE=4 -DLWORDSIZE=4 -DNONSTANDARD_SYSTEM_FUNC  -DWRF_USE_CLM -DUSE_NETCDF4_FEATURES -DWRFIO_NCD_LARGE_FILE_SUPPORT  -DDM_PARALLEL -DNETCDF -DHDF5 -DUSE_ALLOCATABLES -DGRIB1 -DINTIO -DKEEP_INT_AROUND -DLIMIT_ARGS -DCONFIG_BUF_LEN=65536 -DMAX_DOMAINS_F=21 -DMAX_HISTORY=25 -DNMM_NEST=0  -I. -traditional -DUSE_NETCDF4_FEATURES -DWRFIO_NCD_LARGE_FILE_SUPPORT   module_io_domain.F  > module_io_domain.bb
/scratch/john.lawson/stochastic/stochWRF_3.8/tools/standard.exe wrf_ext_read_field.bb | /lib/cpp -P -traditional -DUSE_NETCDF4_FEATURES -DWRFIO_NCD_LARGE_FILE_SUPPORT > wrf_ext_read_field.f90
rm -f wrf_ext_read_field.b wrf_ext_read_field.bb
ftn -c -real-size `expr 8 \* 4` -i4  -O0 -fno-inline -fno-ip -w -ftz -fno-alias -align all -FR -convert big_endian   -I../dyn_em -I../dyn_nmm   -I/scratch/john.lawson/stochastic/stochWRF_3.8/external/esmf_time_f90  -I/scratch/john.lawson/stochastic/stochWRF_3.8/main -I/scratch/john.lawson/stochastic/stochWRF_3.8/external/io_netcdf -I/scratch/john.lawson/stochastic/stochWRF_3.8/external/io_int -I/scratch/john.lawson/stochastic/stochWRF_3.8/frame -I/scratch/john.lawson/stochastic/stochWRF_3.8/share -I/scratch/john.lawson/stochastic/stochWRF_3.8/phys -I/scratch/john.lawson/stochastic/stochWRF_3.8/chem -I/scratch/john.lawson/stochastic/stochWRF_3.8/inc -I/opt/cray/pe/netcdf-hdf5parallel/4.4.1.1.3/INTEL/16.0/include  wrf_ext_read_field.f90
/scratch/john.lawson/stochastic/stochWRF_3.8/tools/standard.exe module_io_domain.bb | /lib/cpp -P -traditional -DUSE_NETCDF4_FEATURES -DWRFIO_NCD_LARGE_FILE_SUPPORT > module_io_domain.f90
rm -f module_io_domain.b module_io_domain.bb
ftn -o module_io_domain.o -c -ip -O3  -w -ftz -fno-alias -align all -FR -convert big_endian    -I../dyn_em -I../dyn_nmm   -I/scratch/john.lawson/stochastic/stochWRF_3.8/external/esmf_time_f90  -I/scratch/john.lawson/stochastic/stochWRF_3.8/main -I/scratch/john.lawson/stochastic/stochWRF_3.8/external/io_netcdf -I/scratch/john.lawson/stochastic/stochWRF_3.8/external/io_int -I/scratch/john.lawson/stochastic/stochWRF_3.8/frame -I/scratch/john.lawson/stochastic/stochWRF_3.8/share -I/scratch/john.lawson/stochastic/stochWRF_3.8/phys -I/scratch/john.lawson/stochastic/stochWRF_3.8/chem -I/scratch/john.lawson/stochastic/stochWRF_3.8/inc -I/opt/cray/pe/netcdf-hdf5parallel/4.4.1.1.3/INTEL/16.0/include  -real-size `expr 8 \* 4` -i4  module_io_domain.f90
rm -f landread.o
cc -DMPI2_SUPPORT -DFSEEKO64_OK  -o landread.o -c -w -O3 -ip  -DDM_PARALLEL -DMAX_HISTORY=25 -DNMM_CORE=0 landread.c
rm -f wrf_fddaobs_in.o
/scratch/john.lawson/stochastic/stochWRF_3.8/tools/standard.exe wrf_fddaobs_in.F > wrf_fddaobs_in.b 
/lib/cpp -P -I/scratch/john.lawson/stochastic/stochWRF_3.8/inc -DEM_CORE=1 -DNMM_CORE=0 -DNMM_MAX_DIM=2600 -DCOAMPS_CORE=0 -DDA_CORE=0 -DEXP_CORE=0 -DIWORDSIZE=4 -DDWORDSIZE=8 -DRWORDSIZE=4 -DLWORDSIZE=4 -DNONSTANDARD_SYSTEM_FUNC  -DWRF_USE_CLM -DUSE_NETCDF4_FEATURES -DWRFIO_NCD_LARGE_FILE_SUPPORT  -DDM_PARALLEL -DNETCDF -DHDF5 -DUSE_ALLOCATABLES -DGRIB1 -DINTIO -DKEEP_INT_AROUND -DLIMIT_ARGS -DCONFIG_BUF_LEN=65536 -DMAX_DOMAINS_F=21 -DMAX_HISTORY=25 -DNMM_NEST=0  -I. -traditional -DUSE_NETCDF4_FEATURES -DWRFIO_NCD_LARGE_FILE_SUPPORT   wrf_fddaobs_in.b  > wrf_fddaobs_in.f90
rm -f wrf_fddaobs_in.b
if fgrep -iq '!$OMP' wrf_fddaobs_in.f90 ; then \
          if [ -n "" ] ; then echo COMPILING wrf_fddaobs_in.F WITH OMP ; fi ; \
  ftn -c -real-size `expr 8 \* 4` -i4 -O0 -fno-inline -fno-ip -w -ftz -fno-alias -align all -FR -convert big_endian   -I../dyn_em -I../dyn_nmm   -I/scratch/john.lawson/stochastic/stochWRF_3.8/external/esmf_time_f90  -I/scratch/john.lawson/stochastic/stochWRF_3.8/main -I/scratch/john.lawson/stochastic/stochWRF_3.8/external/io_netcdf -I/scratch/john.lawson/stochastic/stochWRF_3.8/external/io_int -I/scratch/john.lawson/stochastic/stochWRF_3.8/frame -I/scratch/john.lawson/stochastic/stochWRF_3.8/share -I/scratch/john.lawson/stochastic/stochWRF_3.8/phys -I/scratch/john.lawson/stochastic/stochWRF_3.8/chem -I/scratch/john.lawson/stochastic/stochWRF_3.8/inc -I/opt/cray/pe/netcdf-hdf5parallel/4.4.1.1.3/INTEL/16.0/include    wrf_fddaobs_in.f90 ; \
        else \
          if [ -n "" ] ; then echo COMPILING wrf_fddaobs_in.F WITHOUT OMP ; fi ; \
  ftn -c -real-size `expr 8 \* 4` -i4 -O0 -fno-inline -fno-ip -w -ftz -fno-alias -align all -FR -convert big_endian   -I../dyn_em -I../dyn_nmm   -I/scratch/john.lawson/stochastic/stochWRF_3.8/external/esmf_time_f90  -I/scratch/john.lawson/stochastic/stochWRF_3.8/main -I/scratch/john.lawson/stochastic/stochWRF_3.8/external/io_netcdf -I/scratch/john.lawson/stochastic/stochWRF_3.8/external/io_int -I/scratch/john.lawson/stochastic/stochWRF_3.8/frame -I/scratch/john.lawson/stochastic/stochWRF_3.8/share -I/scratch/john.lawson/stochastic/stochWRF_3.8/phys -I/scratch/john.lawson/stochastic/stochWRF_3.8/chem -I/scratch/john.lawson/stochastic/stochWRF_3.8/inc -I/opt/cray/pe/netcdf-hdf5parallel/4.4.1.1.3/INTEL/16.0/include   wrf_fddaobs_in.f90 ; \
        fi
rm -f setfeenv.o
icc  -o setfeenv.o -c -w -O3 -ip  -DDM_PARALLEL -DMAX_HISTORY=25 -DNMM_CORE=0  setfeenv.c
rm -f input_wrf.o
/lib/cpp -P -I/scratch/john.lawson/stochastic/stochWRF_3.8/inc -DEM_CORE=1 -DNMM_CORE=0 -DNMM_MAX_DIM=2600 -DCOAMPS_CORE=0 -DDA_CORE=0 -DEXP_CORE=0 -DIWORDSIZE=4 -DDWORDSIZE=8 -DRWORDSIZE=4 -DLWORDSIZE=4 -DNONSTANDARD_SYSTEM_FUNC  -DWRF_USE_CLM -DUSE_NETCDF4_FEATURES -DWRFIO_NCD_LARGE_FILE_SUPPORT  -DDM_PARALLEL -DNETCDF -DHDF5 -DUSE_ALLOCATABLES -DGRIB1 -DINTIO -DKEEP_INT_AROUND -DLIMIT_ARGS -DCONFIG_BUF_LEN=65536 -DMAX_DOMAINS_F=21 -DMAX_HISTORY=25 -DNMM_NEST=0  -I. -traditional -DUSE_NETCDF4_FEATURES -DWRFIO_NCD_LARGE_FILE_SUPPORT   input_wrf.F  > input_wrf.bb
/scratch/john.lawson/stochastic/stochWRF_3.8/tools/standard.exe input_wrf.bb | /lib/cpp -P -traditional -DUSE_NETCDF4_FEATURES -DWRFIO_NCD_LARGE_FILE_SUPPORT > input_wrf.f90
rm -f input_wrf.b input_wrf.bb
ftn -c -real-size `expr 8 \* 4` -i4  -O0 -fno-inline -fno-ip -w -ftz -fno-alias -align all -FR -convert big_endian   -I../dyn_em -I../dyn_nmm   -I/scratch/john.lawson/stochastic/stochWRF_3.8/external/esmf_time_f90  -I/scratch/john.lawson/stochastic/stochWRF_3.8/main -I/scratch/john.lawson/stochastic/stochWRF_3.8/external/io_netcdf -I/scratch/john.lawson/stochastic/stochWRF_3.8/external/io_int -I/scratch/john.lawson/stochastic/stochWRF_3.8/frame -I/scratch/john.lawson/stochastic/stochWRF_3.8/share -I/scratch/john.lawson/stochastic/stochWRF_3.8/phys -I/scratch/john.lawson/stochastic/stochWRF_3.8/chem -I/scratch/john.lawson/stochastic/stochWRF_3.8/inc -I/opt/cray/pe/netcdf-hdf5parallel/4.4.1.1.3/INTEL/16.0/include  input_wrf.f90
rm -f output_wrf.o
/scratch/john.lawson/stochastic/stochWRF_3.8/tools/standard.exe output_wrf.F > output_wrf.b 
/lib/cpp -P -I/scratch/john.lawson/stochastic/stochWRF_3.8/inc -DEM_CORE=1 -DNMM_CORE=0 -DNMM_MAX_DIM=2600 -DCOAMPS_CORE=0 -DDA_CORE=0 -DEXP_CORE=0 -DIWORDSIZE=4 -DDWORDSIZE=8 -DRWORDSIZE=4 -DLWORDSIZE=4 -DNONSTANDARD_SYSTEM_FUNC  -DWRF_USE_CLM -DUSE_NETCDF4_FEATURES -DWRFIO_NCD_LARGE_FILE_SUPPORT  -DDM_PARALLEL -DNETCDF -DHDF5 -DUSE_ALLOCATABLES -DGRIB1 -DINTIO -DKEEP_INT_AROUND -DLIMIT_ARGS -DCONFIG_BUF_LEN=65536 -DMAX_DOMAINS_F=21 -DMAX_HISTORY=25 -DNMM_NEST=0  -I. -traditional -DUSE_NETCDF4_FEATURES -DWRFIO_NCD_LARGE_FILE_SUPPORT   output_wrf.b  > output_wrf.f90
rm -f output_wrf.b
if fgrep -iq '!$OMP' output_wrf.f90 ; then \
          if [ -n "" ] ; then echo COMPILING output_wrf.F WITH OMP ; fi ; \
  ftn -c -real-size `expr 8 \* 4` -i4 -O0 -fno-inline -fno-ip -w -ftz -fno-alias -align all -FR -convert big_endian   -I../dyn_em -I../dyn_nmm   -I/scratch/john.lawson/stochastic/stochWRF_3.8/external/esmf_time_f90  -I/scratch/john.lawson/stochastic/stochWRF_3.8/main -I/scratch/john.lawson/stochastic/stochWRF_3.8/external/io_netcdf -I/scratch/john.lawson/stochastic/stochWRF_3.8/external/io_int -I/scratch/john.lawson/stochastic/stochWRF_3.8/frame -I/scratch/john.lawson/stochastic/stochWRF_3.8/share -I/scratch/john.lawson/stochastic/stochWRF_3.8/phys -I/scratch/john.lawson/stochastic/stochWRF_3.8/chem -I/scratch/john.lawson/stochastic/stochWRF_3.8/inc -I/opt/cray/pe/netcdf-hdf5parallel/4.4.1.1.3/INTEL/16.0/include    output_wrf.f90 ; \
        else \
          if [ -n "" ] ; then echo COMPILING output_wrf.F WITHOUT OMP ; fi ; \
  ftn -c -real-size `expr 8 \* 4` -i4 -O0 -fno-inline -fno-ip -w -ftz -fno-alias -align all -FR -convert big_endian   -I../dyn_em -I../dyn_nmm   -I/scratch/john.lawson/stochastic/stochWRF_3.8/external/esmf_time_f90  -I/scratch/john.lawson/stochastic/stochWRF_3.8/main -I/scratch/john.lawson/stochastic/stochWRF_3.8/external/io_netcdf -I/scratch/john.lawson/stochastic/stochWRF_3.8/external/io_int -I/scratch/john.lawson/stochastic/stochWRF_3.8/frame -I/scratch/john.lawson/stochastic/stochWRF_3.8/share -I/scratch/john.lawson/stochastic/stochWRF_3.8/phys -I/scratch/john.lawson/stochastic/stochWRF_3.8/chem -I/scratch/john.lawson/stochastic/stochWRF_3.8/inc -I/opt/cray/pe/netcdf-hdf5parallel/4.4.1.1.3/INTEL/16.0/include   output_wrf.f90 ; \
        fi
rm -f wrf_bdyout.o
/lib/cpp -P -I/scratch/john.lawson/stochastic/stochWRF_3.8/inc -DEM_CORE=1 -DNMM_CORE=0 -DNMM_MAX_DIM=2600 -DCOAMPS_CORE=0 -DDA_CORE=0 -DEXP_CORE=0 -DIWORDSIZE=4 -DDWORDSIZE=8 -DRWORDSIZE=4 -DLWORDSIZE=4 -DNONSTANDARD_SYSTEM_FUNC  -DWRF_USE_CLM -DUSE_NETCDF4_FEATURES -DWRFIO_NCD_LARGE_FILE_SUPPORT  -DDM_PARALLEL -DNETCDF -DHDF5 -DUSE_ALLOCATABLES -DGRIB1 -DINTIO -DKEEP_INT_AROUND -DLIMIT_ARGS -DCONFIG_BUF_LEN=65536 -DMAX_DOMAINS_F=21 -DMAX_HISTORY=25 -DNMM_NEST=0  -I. -traditional -DUSE_NETCDF4_FEATURES -DWRFIO_NCD_LARGE_FILE_SUPPORT   wrf_bdyout.F  > wrf_bdyout.bb
/scratch/john.lawson/stochastic/stochWRF_3.8/tools/standard.exe wrf_bdyout.bb | /lib/cpp -P -traditional -DUSE_NETCDF4_FEATURES -DWRFIO_NCD_LARGE_FILE_SUPPORT > wrf_bdyout.f90
rm -f wrf_bdyout.b wrf_bdyout.bb
ftn -c -real-size `expr 8 \* 4` -i4  -O0 -fno-inline -fno-ip -w -ftz -fno-alias -align all -FR -convert big_endian   -I../dyn_em -I../dyn_nmm   -I/scratch/john.lawson/stochastic/stochWRF_3.8/external/esmf_time_f90  -I/scratch/john.lawson/stochastic/stochWRF_3.8/main -I/scratch/john.lawson/stochastic/stochWRF_3.8/external/io_netcdf -I/scratch/john.lawson/stochastic/stochWRF_3.8/external/io_int -I/scratch/john.lawson/stochastic/stochWRF_3.8/frame -I/scratch/john.lawson/stochastic/stochWRF_3.8/share -I/scratch/john.lawson/stochastic/stochWRF_3.8/phys -I/scratch/john.lawson/stochastic/stochWRF_3.8/chem -I/scratch/john.lawson/stochastic/stochWRF_3.8/inc -I/opt/cray/pe/netcdf-hdf5parallel/4.4.1.1.3/INTEL/16.0/include  wrf_bdyout.f90
rm -f wrf_bdyin.o
/lib/cpp -P -I/scratch/john.lawson/stochastic/stochWRF_3.8/inc -DEM_CORE=1 -DNMM_CORE=0 -DNMM_MAX_DIM=2600 -DCOAMPS_CORE=0 -DDA_CORE=0 -DEXP_CORE=0 -DIWORDSIZE=4 -DDWORDSIZE=8 -DRWORDSIZE=4 -DLWORDSIZE=4 -DNONSTANDARD_SYSTEM_FUNC  -DWRF_USE_CLM -DUSE_NETCDF4_FEATURES -DWRFIO_NCD_LARGE_FILE_SUPPORT  -DDM_PARALLEL -DNETCDF -DHDF5 -DUSE_ALLOCATABLES -DGRIB1 -DINTIO -DKEEP_INT_AROUND -DLIMIT_ARGS -DCONFIG_BUF_LEN=65536 -DMAX_DOMAINS_F=21 -DMAX_HISTORY=25 -DNMM_NEST=0  -I. -traditional -DUSE_NETCDF4_FEATURES -DWRFIO_NCD_LARGE_FILE_SUPPORT   wrf_bdyin.F  > wrf_bdyin.bb
/scratch/john.lawson/stochastic/stochWRF_3.8/tools/standard.exe wrf_bdyin.bb | /lib/cpp -P -traditional -DUSE_NETCDF4_FEATURES -DWRFIO_NCD_LARGE_FILE_SUPPORT > wrf_bdyin.f90
rm -f wrf_bdyin.b wrf_bdyin.bb
ftn -c -real-size `expr 8 \* 4` -i4  -O0 -fno-inline -fno-ip -w -ftz -fno-alias -align all -FR -convert big_endian   -I../dyn_em -I../dyn_nmm   -I/scratch/john.lawson/stochastic/stochWRF_3.8/external/esmf_time_f90  -I/scratch/john.lawson/stochastic/stochWRF_3.8/main -I/scratch/john.lawson/stochastic/stochWRF_3.8/external/io_netcdf -I/scratch/john.lawson/stochastic/stochWRF_3.8/external/io_int -I/scratch/john.lawson/stochastic/stochWRF_3.8/frame -I/scratch/john.lawson/stochastic/stochWRF_3.8/share -I/scratch/john.lawson/stochastic/stochWRF_3.8/phys -I/scratch/john.lawson/stochastic/stochWRF_3.8/chem -I/scratch/john.lawson/stochastic/stochWRF_3.8/inc -I/opt/cray/pe/netcdf-hdf5parallel/4.4.1.1.3/INTEL/16.0/include  wrf_bdyin.f90
rm -f module_random.o
/lib/cpp -P -I/scratch/john.lawson/stochastic/stochWRF_3.8/inc -DEM_CORE=1 -DNMM_CORE=0 -DNMM_MAX_DIM=2600 -DCOAMPS_CORE=0 -DDA_CORE=0 -DEXP_CORE=0 -DIWORDSIZE=4 -DDWORDSIZE=8 -DRWORDSIZE=4 -DLWORDSIZE=4 -DNONSTANDARD_SYSTEM_FUNC  -DWRF_USE_CLM -DUSE_NETCDF4_FEATURES -DWRFIO_NCD_LARGE_FILE_SUPPORT  -DDM_PARALLEL -DNETCDF -DHDF5 -DUSE_ALLOCATABLES -DGRIB1 -DINTIO -DKEEP_INT_AROUND -DLIMIT_ARGS -DCONFIG_BUF_LEN=65536 -DMAX_DOMAINS_F=21 -DMAX_HISTORY=25 -DNMM_NEST=0  -I. -traditional -DUSE_NETCDF4_FEATURES -DWRFIO_NCD_LARGE_FILE_SUPPORT   module_random.F  > module_random.bb
/scratch/john.lawson/stochastic/stochWRF_3.8/tools/standard.exe module_random.bb | /lib/cpp -P -traditional -DUSE_NETCDF4_FEATURES -DWRFIO_NCD_LARGE_FILE_SUPPORT > module_random.f90
rm -f module_random.b module_random.bb
ftn -o module_random.o -c -ip -O3  -w -ftz -fno-alias -align all -FR -convert big_endian    -I../dyn_em -I../dyn_nmm   -I/scratch/john.lawson/stochastic/stochWRF_3.8/external/esmf_time_f90  -I/scratch/john.lawson/stochastic/stochWRF_3.8/main -I/scratch/john.lawson/stochastic/stochWRF_3.8/external/io_netcdf -I/scratch/john.lawson/stochastic/stochWRF_3.8/external/io_int -I/scratch/john.lawson/stochastic/stochWRF_3.8/frame -I/scratch/john.lawson/stochastic/stochWRF_3.8/share -I/scratch/john.lawson/stochastic/stochWRF_3.8/phys -I/scratch/john.lawson/stochastic/stochWRF_3.8/chem -I/scratch/john.lawson/stochastic/stochWRF_3.8/inc -I/opt/cray/pe/netcdf-hdf5parallel/4.4.1.1.3/INTEL/16.0/include  -real-size `expr 8 \* 4` -i4  module_random.f90
rm -f module_interp_nmm.o
/lib/cpp -P -I/scratch/john.lawson/stochastic/stochWRF_3.8/inc -DEM_CORE=1 -DNMM_CORE=0 -DNMM_MAX_DIM=2600 -DCOAMPS_CORE=0 -DDA_CORE=0 -DEXP_CORE=0 -DIWORDSIZE=4 -DDWORDSIZE=8 -DRWORDSIZE=4 -DLWORDSIZE=4 -DNONSTANDARD_SYSTEM_FUNC  -DWRF_USE_CLM -DUSE_NETCDF4_FEATURES -DWRFIO_NCD_LARGE_FILE_SUPPORT  -DDM_PARALLEL -DNETCDF -DHDF5 -DUSE_ALLOCATABLES -DGRIB1 -DINTIO -DKEEP_INT_AROUND -DLIMIT_ARGS -DCONFIG_BUF_LEN=65536 -DMAX_DOMAINS_F=21 -DMAX_HISTORY=25 -DNMM_NEST=0  -I. -traditional -DUSE_NETCDF4_FEATURES -DWRFIO_NCD_LARGE_FILE_SUPPORT   module_interp_nmm.F  > module_interp_nmm.bb
/scratch/john.lawson/stochastic/stochWRF_3.8/tools/standard.exe module_interp_nmm.bb | /lib/cpp -P -traditional -DUSE_NETCDF4_FEATURES -DWRFIO_NCD_LARGE_FILE_SUPPORT > module_interp_nmm.f90
rm -f module_interp_nmm.b module_interp_nmm.bb
ftn -o module_interp_nmm.o -c -ip -O3  -w -ftz -fno-alias -align all -FR -convert big_endian    -I../dyn_em -I../dyn_nmm   -I/scratch/john.lawson/stochastic/stochWRF_3.8/external/esmf_time_f90  -I/scratch/john.lawson/stochastic/stochWRF_3.8/main -I/scratch/john.lawson/stochastic/stochWRF_3.8/external/io_netcdf -I/scratch/john.lawson/stochastic/stochWRF_3.8/external/io_int -I/scratch/john.lawson/stochastic/stochWRF_3.8/frame -I/scratch/john.lawson/stochastic/stochWRF_3.8/share -I/scratch/john.lawson/stochastic/stochWRF_3.8/phys -I/scratch/john.lawson/stochastic/stochWRF_3.8/chem -I/scratch/john.lawson/stochastic/stochWRF_3.8/inc -I/opt/cray/pe/netcdf-hdf5parallel/4.4.1.1.3/INTEL/16.0/include  -real-size `expr 8 \* 4` -i4  module_interp_nmm.f90
rm -f wrf_timeseries.o
/lib/cpp -P -I/scratch/john.lawson/stochastic/stochWRF_3.8/inc -DEM_CORE=1 -DNMM_CORE=0 -DNMM_MAX_DIM=2600 -DCOAMPS_CORE=0 -DDA_CORE=0 -DEXP_CORE=0 -DIWORDSIZE=4 -DDWORDSIZE=8 -DRWORDSIZE=4 -DLWORDSIZE=4 -DNONSTANDARD_SYSTEM_FUNC  -DWRF_USE_CLM -DUSE_NETCDF4_FEATURES -DWRFIO_NCD_LARGE_FILE_SUPPORT  -DDM_PARALLEL -DNETCDF -DHDF5 -DUSE_ALLOCATABLES -DGRIB1 -DINTIO -DKEEP_INT_AROUND -DLIMIT_ARGS -DCONFIG_BUF_LEN=65536 -DMAX_DOMAINS_F=21 -DMAX_HISTORY=25 -DNMM_NEST=0  -I. -traditional -DUSE_NETCDF4_FEATURES -DWRFIO_NCD_LARGE_FILE_SUPPORT   wrf_timeseries.F  > wrf_timeseries.bb
/scratch/john.lawson/stochastic/stochWRF_3.8/tools/standard.exe wrf_timeseries.bb | /lib/cpp -P -traditional -DUSE_NETCDF4_FEATURES -DWRFIO_NCD_LARGE_FILE_SUPPORT > wrf_timeseries.f90
rm -f wrf_timeseries.b wrf_timeseries.bb
ftn -o wrf_timeseries.o -c -ip -O3  -w -ftz -fno-alias -align all -FR -convert big_endian    -I../dyn_em -I../dyn_nmm   -I/scratch/john.lawson/stochastic/stochWRF_3.8/external/esmf_time_f90  -I/scratch/john.lawson/stochastic/stochWRF_3.8/main -I/scratch/john.lawson/stochastic/stochWRF_3.8/external/io_netcdf -I/scratch/john.lawson/stochastic/stochWRF_3.8/external/io_int -I/scratch/john.lawson/stochastic/stochWRF_3.8/frame -I/scratch/john.lawson/stochastic/stochWRF_3.8/share -I/scratch/john.lawson/stochastic/stochWRF_3.8/phys -I/scratch/john.lawson/stochastic/stochWRF_3.8/chem -I/scratch/john.lawson/stochastic/stochWRF_3.8/inc -I/opt/cray/pe/netcdf-hdf5parallel/4.4.1.1.3/INTEL/16.0/include  -real-size `expr 8 \* 4` -i4  wrf_timeseries.f90
rm -f track_driver.o
/scratch/john.lawson/stochastic/stochWRF_3.8/tools/standard.exe track_driver.F > track_driver.b 
/lib/cpp -P -I/scratch/john.lawson/stochastic/stochWRF_3.8/inc -DEM_CORE=1 -DNMM_CORE=0 -DNMM_MAX_DIM=2600 -DCOAMPS_CORE=0 -DDA_CORE=0 -DEXP_CORE=0 -DIWORDSIZE=4 -DDWORDSIZE=8 -DRWORDSIZE=4 -DLWORDSIZE=4 -DNONSTANDARD_SYSTEM_FUNC  -DWRF_USE_CLM -DUSE_NETCDF4_FEATURES -DWRFIO_NCD_LARGE_FILE_SUPPORT  -DDM_PARALLEL -DNETCDF -DHDF5 -DUSE_ALLOCATABLES -DGRIB1 -DINTIO -DKEEP_INT_AROUND -DLIMIT_ARGS -DCONFIG_BUF_LEN=65536 -DMAX_DOMAINS_F=21 -DMAX_HISTORY=25 -DNMM_NEST=0  -I. -traditional -DUSE_NETCDF4_FEATURES -DWRFIO_NCD_LARGE_FILE_SUPPORT   track_driver.b  > track_driver.f90
rm -f track_driver.b
if fgrep -iq '!$OMP' track_driver.f90 ; then \
          if [ -n "" ] ; then echo COMPILING track_driver.F WITH OMP ; fi ; \
  ftn -c -real-size `expr 8 \* 4` -i4 -O0 -fno-inline -fno-ip -w -ftz -fno-alias -align all -FR -convert big_endian   -I../dyn_em -I../dyn_nmm   -I/scratch/john.lawson/stochastic/stochWRF_3.8/external/esmf_time_f90  -I/scratch/john.lawson/stochastic/stochWRF_3.8/main -I/scratch/john.lawson/stochastic/stochWRF_3.8/external/io_netcdf -I/scratch/john.lawson/stochastic/stochWRF_3.8/external/io_int -I/scratch/john.lawson/stochastic/stochWRF_3.8/frame -I/scratch/john.lawson/stochastic/stochWRF_3.8/share -I/scratch/john.lawson/stochastic/stochWRF_3.8/phys -I/scratch/john.lawson/stochastic/stochWRF_3.8/chem -I/scratch/john.lawson/stochastic/stochWRF_3.8/inc -I/opt/cray/pe/netcdf-hdf5parallel/4.4.1.1.3/INTEL/16.0/include    track_driver.f90 ; \
        else \
          if [ -n "" ] ; then echo COMPILING track_driver.F WITHOUT OMP ; fi ; \
  ftn -c -real-size `expr 8 \* 4` -i4 -O0 -fno-inline -fno-ip -w -ftz -fno-alias -align all -FR -convert big_endian   -I../dyn_em -I../dyn_nmm   -I/scratch/john.lawson/stochastic/stochWRF_3.8/external/esmf_time_f90  -I/scratch/john.lawson/stochastic/stochWRF_3.8/main -I/scratch/john.lawson/stochastic/stochWRF_3.8/external/io_netcdf -I/scratch/john.lawson/stochastic/stochWRF_3.8/external/io_int -I/scratch/john.lawson/stochastic/stochWRF_3.8/frame -I/scratch/john.lawson/stochastic/stochWRF_3.8/share -I/scratch/john.lawson/stochastic/stochWRF_3.8/phys -I/scratch/john.lawson/stochastic/stochWRF_3.8/chem -I/scratch/john.lawson/stochastic/stochWRF_3.8/inc -I/opt/cray/pe/netcdf-hdf5parallel/4.4.1.1.3/INTEL/16.0/include   track_driver.f90 ; \
        fi
rm -f init_modules.o
/lib/cpp -P -I/scratch/john.lawson/stochastic/stochWRF_3.8/inc -DEM_CORE=1 -DNMM_CORE=0 -DNMM_MAX_DIM=2600 -DCOAMPS_CORE=0 -DDA_CORE=0 -DEXP_CORE=0 -DIWORDSIZE=4 -DDWORDSIZE=8 -DRWORDSIZE=4 -DLWORDSIZE=4 -DNONSTANDARD_SYSTEM_FUNC  -DWRF_USE_CLM -DUSE_NETCDF4_FEATURES -DWRFIO_NCD_LARGE_FILE_SUPPORT  -DDM_PARALLEL -DNETCDF -DHDF5 -DUSE_ALLOCATABLES -DGRIB1 -DINTIO -DKEEP_INT_AROUND -DLIMIT_ARGS -DCONFIG_BUF_LEN=65536 -DMAX_DOMAINS_F=21 -DMAX_HISTORY=25 -DNMM_NEST=0  -I. -traditional -DUSE_NETCDF4_FEATURES -DWRFIO_NCD_LARGE_FILE_SUPPORT   init_modules.F  > init_modules.bb
/scratch/john.lawson/stochastic/stochWRF_3.8/tools/standard.exe init_modules.bb | /lib/cpp -P -traditional -DUSE_NETCDF4_FEATURES -DWRFIO_NCD_LARGE_FILE_SUPPORT > init_modules.f90
rm -f init_modules.b init_modules.bb
ftn -o init_modules.o -c -ip -O3  -w -ftz -fno-alias -align all -FR -convert big_endian    -I../dyn_em -I../dyn_nmm   -I/scratch/john.lawson/stochastic/stochWRF_3.8/external/esmf_time_f90  -I/scratch/john.lawson/stochastic/stochWRF_3.8/main -I/scratch/john.lawson/stochastic/stochWRF_3.8/external/io_netcdf -I/scratch/john.lawson/stochastic/stochWRF_3.8/external/io_int -I/scratch/john.lawson/stochastic/stochWRF_3.8/frame -I/scratch/john.lawson/stochastic/stochWRF_3.8/share -I/scratch/john.lawson/stochastic/stochWRF_3.8/phys -I/scratch/john.lawson/stochastic/stochWRF_3.8/chem -I/scratch/john.lawson/stochastic/stochWRF_3.8/inc -I/opt/cray/pe/netcdf-hdf5parallel/4.4.1.1.3/INTEL/16.0/include  -real-size `expr 8 \* 4` -i4  init_modules.f90
rm -f interp_fcn.o
/lib/cpp -P -I/scratch/john.lawson/stochastic/stochWRF_3.8/inc -DEM_CORE=1 -DNMM_CORE=0 -DNMM_MAX_DIM=2600 -DCOAMPS_CORE=0 -DDA_CORE=0 -DEXP_CORE=0 -DIWORDSIZE=4 -DDWORDSIZE=8 -DRWORDSIZE=4 -DLWORDSIZE=4 -DNONSTANDARD_SYSTEM_FUNC  -DWRF_USE_CLM -DUSE_NETCDF4_FEATURES -DWRFIO_NCD_LARGE_FILE_SUPPORT  -DDM_PARALLEL -DNETCDF -DHDF5 -DUSE_ALLOCATABLES -DGRIB1 -DINTIO -DKEEP_INT_AROUND -DLIMIT_ARGS -DCONFIG_BUF_LEN=65536 -DMAX_DOMAINS_F=21 -DMAX_HISTORY=25 -DNMM_NEST=0  -I. -traditional -DUSE_NETCDF4_FEATURES -DWRFIO_NCD_LARGE_FILE_SUPPORT   interp_fcn.F  > interp_fcn.bb
/scratch/john.lawson/stochastic/stochWRF_3.8/tools/standard.exe interp_fcn.bb | /lib/cpp -P -traditional -DUSE_NETCDF4_FEATURES -DWRFIO_NCD_LARGE_FILE_SUPPORT > interp_fcn.f90
rm -f interp_fcn.b interp_fcn.bb
ftn -o interp_fcn.o -c -ip -O3  -w -ftz -fno-alias -align all -FR -convert big_endian    -I../dyn_em -I../dyn_nmm   -I/scratch/john.lawson/stochastic/stochWRF_3.8/external/esmf_time_f90  -I/scratch/john.lawson/stochastic/stochWRF_3.8/main -I/scratch/john.lawson/stochastic/stochWRF_3.8/external/io_netcdf -I/scratch/john.lawson/stochastic/stochWRF_3.8/external/io_int -I/scratch/john.lawson/stochastic/stochWRF_3.8/frame -I/scratch/john.lawson/stochastic/stochWRF_3.8/share -I/scratch/john.lawson/stochastic/stochWRF_3.8/phys -I/scratch/john.lawson/stochastic/stochWRF_3.8/chem -I/scratch/john.lawson/stochastic/stochWRF_3.8/inc -I/opt/cray/pe/netcdf-hdf5parallel/4.4.1.1.3/INTEL/16.0/include  -real-size `expr 8 \* 4` -i4  interp_fcn.f90
rm -f mediation_nest_move.o
/lib/cpp -P -I/scratch/john.lawson/stochastic/stochWRF_3.8/inc -DEM_CORE=1 -DNMM_CORE=0 -DNMM_MAX_DIM=2600 -DCOAMPS_CORE=0 -DDA_CORE=0 -DEXP_CORE=0 -DIWORDSIZE=4 -DDWORDSIZE=8 -DRWORDSIZE=4 -DLWORDSIZE=4 -DNONSTANDARD_SYSTEM_FUNC  -DWRF_USE_CLM -DUSE_NETCDF4_FEATURES -DWRFIO_NCD_LARGE_FILE_SUPPORT  -DDM_PARALLEL -DNETCDF -DHDF5 -DUSE_ALLOCATABLES -DGRIB1 -DINTIO -DKEEP_INT_AROUND -DLIMIT_ARGS -DCONFIG_BUF_LEN=65536 -DMAX_DOMAINS_F=21 -DMAX_HISTORY=25 -DNMM_NEST=0  -I. -traditional -DUSE_NETCDF4_FEATURES -DWRFIO_NCD_LARGE_FILE_SUPPORT   mediation_nest_move.F  > mediation_nest_move.bb
/scratch/john.lawson/stochastic/stochWRF_3.8/tools/standard.exe mediation_nest_move.bb | /lib/cpp -P -traditional -DUSE_NETCDF4_FEATURES -DWRFIO_NCD_LARGE_FILE_SUPPORT > mediation_nest_move.f90
rm -f mediation_nest_move.b mediation_nest_move.bb
ftn -o mediation_nest_move.o -c -ip -O3  -w -ftz -fno-alias -align all -FR -convert big_endian    -I../dyn_em -I../dyn_nmm   -I/scratch/john.lawson/stochastic/stochWRF_3.8/external/esmf_time_f90  -I/scratch/john.lawson/stochastic/stochWRF_3.8/main -I/scratch/john.lawson/stochastic/stochWRF_3.8/external/io_netcdf -I/scratch/john.lawson/stochastic/stochWRF_3.8/external/io_int -I/scratch/john.lawson/stochastic/stochWRF_3.8/frame -I/scratch/john.lawson/stochastic/stochWRF_3.8/share -I/scratch/john.lawson/stochastic/stochWRF_3.8/phys -I/scratch/john.lawson/stochastic/stochWRF_3.8/chem -I/scratch/john.lawson/stochastic/stochWRF_3.8/inc -I/opt/cray/pe/netcdf-hdf5parallel/4.4.1.1.3/INTEL/16.0/include  -real-size `expr 8 \* 4` -i4  mediation_nest_move.f90
rm -f module_optional_input.o
/lib/cpp -P -I/scratch/john.lawson/stochastic/stochWRF_3.8/inc -DEM_CORE=1 -DNMM_CORE=0 -DNMM_MAX_DIM=2600 -DCOAMPS_CORE=0 -DDA_CORE=0 -DEXP_CORE=0 -DIWORDSIZE=4 -DDWORDSIZE=8 -DRWORDSIZE=4 -DLWORDSIZE=4 -DNONSTANDARD_SYSTEM_FUNC  -DWRF_USE_CLM -DUSE_NETCDF4_FEATURES -DWRFIO_NCD_LARGE_FILE_SUPPORT  -DDM_PARALLEL -DNETCDF -DHDF5 -DUSE_ALLOCATABLES -DGRIB1 -DINTIO -DKEEP_INT_AROUND -DLIMIT_ARGS -DCONFIG_BUF_LEN=65536 -DMAX_DOMAINS_F=21 -DMAX_HISTORY=25 -DNMM_NEST=0  -I. -traditional -DUSE_NETCDF4_FEATURES -DWRFIO_NCD_LARGE_FILE_SUPPORT   module_optional_input.F  > module_optional_input.bb
/scratch/john.lawson/stochastic/stochWRF_3.8/tools/standard.exe module_optional_input.bb | /lib/cpp -P -traditional -DUSE_NETCDF4_FEATURES -DWRFIO_NCD_LARGE_FILE_SUPPORT > module_optional_input.f90
rm -f module_optional_input.b module_optional_input.bb
ftn -o module_optional_input.o -c -ip -O3  -w -ftz -fno-alias -align all -FR -convert big_endian    -I../dyn_em -I../dyn_nmm   -I/scratch/john.lawson/stochastic/stochWRF_3.8/external/esmf_time_f90  -I/scratch/john.lawson/stochastic/stochWRF_3.8/main -I/scratch/john.lawson/stochastic/stochWRF_3.8/external/io_netcdf -I/scratch/john.lawson/stochastic/stochWRF_3.8/external/io_int -I/scratch/john.lawson/stochastic/stochWRF_3.8/frame -I/scratch/john.lawson/stochastic/stochWRF_3.8/share -I/scratch/john.lawson/stochastic/stochWRF_3.8/phys -I/scratch/john.lawson/stochastic/stochWRF_3.8/chem -I/scratch/john.lawson/stochastic/stochWRF_3.8/inc -I/opt/cray/pe/netcdf-hdf5parallel/4.4.1.1.3/INTEL/16.0/include  -real-size `expr 8 \* 4` -i4  module_optional_input.f90
rm -f dfi.o
/lib/cpp -P -I/scratch/john.lawson/stochastic/stochWRF_3.8/inc -DEM_CORE=1 -DNMM_CORE=0 -DNMM_MAX_DIM=2600 -DCOAMPS_CORE=0 -DDA_CORE=0 -DEXP_CORE=0 -DIWORDSIZE=4 -DDWORDSIZE=8 -DRWORDSIZE=4 -DLWORDSIZE=4 -DNONSTANDARD_SYSTEM_FUNC  -DWRF_USE_CLM -DUSE_NETCDF4_FEATURES -DWRFIO_NCD_LARGE_FILE_SUPPORT  -DDM_PARALLEL -DNETCDF -DHDF5 -DUSE_ALLOCATABLES -DGRIB1 -DINTIO -DKEEP_INT_AROUND -DLIMIT_ARGS -DCONFIG_BUF_LEN=65536 -DMAX_DOMAINS_F=21 -DMAX_HISTORY=25 -DNMM_NEST=0  -I. -traditional -DUSE_NETCDF4_FEATURES -DWRFIO_NCD_LARGE_FILE_SUPPORT   dfi.F  > dfi.bb
/scratch/john.lawson/stochastic/stochWRF_3.8/tools/standard.exe dfi.bb | /lib/cpp -P -traditional -DUSE_NETCDF4_FEATURES -DWRFIO_NCD_LARGE_FILE_SUPPORT > dfi.f90
rm -f dfi.b dfi.bb
ftn -o dfi.o -c -ip -O3  -w -ftz -fno-alias -align all -FR -convert big_endian    -I../dyn_em -I../dyn_nmm   -I/scratch/john.lawson/stochastic/stochWRF_3.8/external/esmf_time_f90  -I/scratch/john.lawson/stochastic/stochWRF_3.8/main -I/scratch/john.lawson/stochastic/stochWRF_3.8/external/io_netcdf -I/scratch/john.lawson/stochastic/stochWRF_3.8/external/io_int -I/scratch/john.lawson/stochastic/stochWRF_3.8/frame -I/scratch/john.lawson/stochastic/stochWRF_3.8/share -I/scratch/john.lawson/stochastic/stochWRF_3.8/phys -I/scratch/john.lawson/stochastic/stochWRF_3.8/chem -I/scratch/john.lawson/stochastic/stochWRF_3.8/inc -I/opt/cray/pe/netcdf-hdf5parallel/4.4.1.1.3/INTEL/16.0/include  -real-size `expr 8 \* 4` -i4  dfi.f90
rm -f mediation_integrate.o
/scratch/john.lawson/stochastic/stochWRF_3.8/tools/standard.exe mediation_integrate.F > mediation_integrate.b 
/lib/cpp -P -I/scratch/john.lawson/stochastic/stochWRF_3.8/inc -DEM_CORE=1 -DNMM_CORE=0 -DNMM_MAX_DIM=2600 -DCOAMPS_CORE=0 -DDA_CORE=0 -DEXP_CORE=0 -DIWORDSIZE=4 -DDWORDSIZE=8 -DRWORDSIZE=4 -DLWORDSIZE=4 -DNONSTANDARD_SYSTEM_FUNC  -DWRF_USE_CLM -DUSE_NETCDF4_FEATURES -DWRFIO_NCD_LARGE_FILE_SUPPORT  -DDM_PARALLEL -DNETCDF -DHDF5 -DUSE_ALLOCATABLES -DGRIB1 -DINTIO -DKEEP_INT_AROUND -DLIMIT_ARGS -DCONFIG_BUF_LEN=65536 -DMAX_DOMAINS_F=21 -DMAX_HISTORY=25 -DNMM_NEST=0  -I. -traditional -DUSE_NETCDF4_FEATURES -DWRFIO_NCD_LARGE_FILE_SUPPORT   mediation_integrate.b  > mediation_integrate.f90
rm -f mediation_integrate.b
if fgrep -iq '!$OMP' mediation_integrate.f90 ; then \
          if [ -n "" ] ; then echo COMPILING mediation_integrate.F WITH OMP ; fi ; \
  ftn -c -real-size `expr 8 \* 4` -i4 -O0 -fno-inline -fno-ip -w -ftz -fno-alias -align all -FR -convert big_endian   -I../dyn_em -I../dyn_nmm   -I/scratch/john.lawson/stochastic/stochWRF_3.8/external/esmf_time_f90  -I/scratch/john.lawson/stochastic/stochWRF_3.8/main -I/scratch/john.lawson/stochastic/stochWRF_3.8/external/io_netcdf -I/scratch/john.lawson/stochastic/stochWRF_3.8/external/io_int -I/scratch/john.lawson/stochastic/stochWRF_3.8/frame -I/scratch/john.lawson/stochastic/stochWRF_3.8/share -I/scratch/john.lawson/stochastic/stochWRF_3.8/phys -I/scratch/john.lawson/stochastic/stochWRF_3.8/chem -I/scratch/john.lawson/stochastic/stochWRF_3.8/inc -I/opt/cray/pe/netcdf-hdf5parallel/4.4.1.1.3/INTEL/16.0/include    mediation_integrate.f90 ; \
        else \
          if [ -n "" ] ; then echo COMPILING mediation_integrate.F WITHOUT OMP ; fi ; \
  ftn -c -real-size `expr 8 \* 4` -i4 -O0 -fno-inline -fno-ip -w -ftz -fno-alias -align all -FR -convert big_endian   -I../dyn_em -I../dyn_nmm   -I/scratch/john.lawson/stochastic/stochWRF_3.8/external/esmf_time_f90  -I/scratch/john.lawson/stochastic/stochWRF_3.8/main -I/scratch/john.lawson/stochastic/stochWRF_3.8/external/io_netcdf -I/scratch/john.lawson/stochastic/stochWRF_3.8/external/io_int -I/scratch/john.lawson/stochastic/stochWRF_3.8/frame -I/scratch/john.lawson/stochastic/stochWRF_3.8/share -I/scratch/john.lawson/stochastic/stochWRF_3.8/phys -I/scratch/john.lawson/stochastic/stochWRF_3.8/chem -I/scratch/john.lawson/stochastic/stochWRF_3.8/inc -I/opt/cray/pe/netcdf-hdf5parallel/4.4.1.1.3/INTEL/16.0/include   mediation_integrate.f90 ; \
        fi
rm -f mediation_wrfmain.o
/lib/cpp -P -I/scratch/john.lawson/stochastic/stochWRF_3.8/inc -DEM_CORE=1 -DNMM_CORE=0 -DNMM_MAX_DIM=2600 -DCOAMPS_CORE=0 -DDA_CORE=0 -DEXP_CORE=0 -DIWORDSIZE=4 -DDWORDSIZE=8 -DRWORDSIZE=4 -DLWORDSIZE=4 -DNONSTANDARD_SYSTEM_FUNC  -DWRF_USE_CLM -DUSE_NETCDF4_FEATURES -DWRFIO_NCD_LARGE_FILE_SUPPORT  -DDM_PARALLEL -DNETCDF -DHDF5 -DUSE_ALLOCATABLES -DGRIB1 -DINTIO -DKEEP_INT_AROUND -DLIMIT_ARGS -DCONFIG_BUF_LEN=65536 -DMAX_DOMAINS_F=21 -DMAX_HISTORY=25 -DNMM_NEST=0  -I. -traditional -DUSE_NETCDF4_FEATURES -DWRFIO_NCD_LARGE_FILE_SUPPORT   mediation_wrfmain.F  > mediation_wrfmain.bb
/scratch/john.lawson/stochastic/stochWRF_3.8/tools/standard.exe mediation_wrfmain.bb | /lib/cpp -P -traditional -DUSE_NETCDF4_FEATURES -DWRFIO_NCD_LARGE_FILE_SUPPORT > mediation_wrfmain.f90
rm -f mediation_wrfmain.b mediation_wrfmain.bb
ftn -o mediation_wrfmain.o -c -ip -O3  -w -ftz -fno-alias -align all -FR -convert big_endian    -I../dyn_em -I../dyn_nmm   -I/scratch/john.lawson/stochastic/stochWRF_3.8/external/esmf_time_f90  -I/scratch/john.lawson/stochastic/stochWRF_3.8/main -I/scratch/john.lawson/stochastic/stochWRF_3.8/external/io_netcdf -I/scratch/john.lawson/stochastic/stochWRF_3.8/external/io_int -I/scratch/john.lawson/stochastic/stochWRF_3.8/frame -I/scratch/john.lawson/stochastic/stochWRF_3.8/share -I/scratch/john.lawson/stochastic/stochWRF_3.8/phys -I/scratch/john.lawson/stochastic/stochWRF_3.8/chem -I/scratch/john.lawson/stochastic/stochWRF_3.8/inc -I/opt/cray/pe/netcdf-hdf5parallel/4.4.1.1.3/INTEL/16.0/include  -real-size `expr 8 \* 4` -i4  mediation_wrfmain.f90
rm -f start_domain.o
/scratch/john.lawson/stochastic/stochWRF_3.8/tools/standard.exe start_domain.F > start_domain.b 
/lib/cpp -P -I/scratch/john.lawson/stochastic/stochWRF_3.8/inc -DEM_CORE=1 -DNMM_CORE=0 -DNMM_MAX_DIM=2600 -DCOAMPS_CORE=0 -DDA_CORE=0 -DEXP_CORE=0 -DIWORDSIZE=4 -DDWORDSIZE=8 -DRWORDSIZE=4 -DLWORDSIZE=4 -DNONSTANDARD_SYSTEM_FUNC  -DWRF_USE_CLM -DUSE_NETCDF4_FEATURES -DWRFIO_NCD_LARGE_FILE_SUPPORT  -DDM_PARALLEL -DNETCDF -DHDF5 -DUSE_ALLOCATABLES -DGRIB1 -DINTIO -DKEEP_INT_AROUND -DLIMIT_ARGS -DCONFIG_BUF_LEN=65536 -DMAX_DOMAINS_F=21 -DMAX_HISTORY=25 -DNMM_NEST=0  -I. -traditional -DUSE_NETCDF4_FEATURES -DWRFIO_NCD_LARGE_FILE_SUPPORT   start_domain.b  > start_domain.f90
rm -f start_domain.b
if fgrep -iq '!$OMP' start_domain.f90 ; then \
          if [ -n "" ] ; then echo COMPILING start_domain.F WITH OMP ; fi ; \
  ftn -c -real-size `expr 8 \* 4` -i4 -O0 -fno-inline -fno-ip -w -ftz -fno-alias -align all -FR -convert big_endian   -I../dyn_em -I../dyn_nmm   -I/scratch/john.lawson/stochastic/stochWRF_3.8/external/esmf_time_f90  -I/scratch/john.lawson/stochastic/stochWRF_3.8/main -I/scratch/john.lawson/stochastic/stochWRF_3.8/external/io_netcdf -I/scratch/john.lawson/stochastic/stochWRF_3.8/external/io_int -I/scratch/john.lawson/stochastic/stochWRF_3.8/frame -I/scratch/john.lawson/stochastic/stochWRF_3.8/share -I/scratch/john.lawson/stochastic/stochWRF_3.8/phys -I/scratch/john.lawson/stochastic/stochWRF_3.8/chem -I/scratch/john.lawson/stochastic/stochWRF_3.8/inc -I/opt/cray/pe/netcdf-hdf5parallel/4.4.1.1.3/INTEL/16.0/include    start_domain.f90 ; \
        else \
          if [ -n "" ] ; then echo COMPILING start_domain.F WITHOUT OMP ; fi ; \
  ftn -c -real-size `expr 8 \* 4` -i4 -O0 -fno-inline -fno-ip -w -ftz -fno-alias -align all -FR -convert big_endian   -I../dyn_em -I../dyn_nmm   -I/scratch/john.lawson/stochastic/stochWRF_3.8/external/esmf_time_f90  -I/scratch/john.lawson/stochastic/stochWRF_3.8/main -I/scratch/john.lawson/stochastic/stochWRF_3.8/external/io_netcdf -I/scratch/john.lawson/stochastic/stochWRF_3.8/external/io_int -I/scratch/john.lawson/stochastic/stochWRF_3.8/frame -I/scratch/john.lawson/stochastic/stochWRF_3.8/share -I/scratch/john.lawson/stochastic/stochWRF_3.8/phys -I/scratch/john.lawson/stochastic/stochWRF_3.8/chem -I/scratch/john.lawson/stochastic/stochWRF_3.8/inc -I/opt/cray/pe/netcdf-hdf5parallel/4.4.1.1.3/INTEL/16.0/include   start_domain.f90 ; \
        fi
if [ 0 -eq 1 ] ; then \
                  make -i -r nmm_contrib                                      ; \
                  ar ru ../main/libwrflib.a module_model_constants.o module_bc_time_utilities.o module_get_file_names.o module_compute_geop.o module_check_a_mundo.o module_random.o module_llxy.o module_interp_nmm.o module_interp_store.o module_MPP.o  module_date_time.o module_bc.o module_io_wrf.o module_soil_pre.o  module_io_domain.o               module_optional_input.o          solve_interface.o mediation_interp_domain.o mediation_force_domain.o mediation_feedback_domain.o start_domain.o init_modules.o set_timekeeping.o interp_fcn.o sint.o wrf_ext_write_field.o wrf_ext_read_field.o  wrf_tsin.o landread.o track_driver.o track_input.o bobrand.o wrf_timeseries.o track_driver.o wrf_fddaobs_in.o mediation_nest_move.o setfeenv.o input_wrf.o output_wrf.o wrf_bdyout.o wrf_bdyin.o dfi.o mediation_integrate.o mediation_wrfmain.o    ; \
                  else                                                         \
                  ar ru ../main/libwrflib.a module_model_constants.o module_bc_time_utilities.o module_get_file_names.o module_compute_geop.o module_check_a_mundo.o module_random.o module_llxy.o module_interp_nmm.o module_interp_store.o module_MPP.o  module_date_time.o module_bc.o module_io_wrf.o module_soil_pre.o  module_io_domain.o               module_optional_input.o          solve_interface.o mediation_interp_domain.o mediation_force_domain.o mediation_feedback_domain.o start_domain.o init_modules.o set_timekeeping.o interp_fcn.o sint.o wrf_ext_write_field.o wrf_ext_read_field.o  wrf_tsin.o landread.o track_driver.o track_input.o bobrand.o wrf_timeseries.o track_driver.o wrf_fddaobs_in.o mediation_nest_move.o setfeenv.o input_wrf.o output_wrf.o wrf_bdyout.o wrf_bdyin.o dfi.o mediation_integrate.o mediation_wrfmain.o              ; \
                fi
make[2]: Leaving directory '/scratch/john.lawson/stochastic/stochWRF_3.8/share'
make[1]: Leaving directory '/scratch/john.lawson/stochastic/stochWRF_3.8'
make -i -r MODULE_DIRS="-I../dyn_em -I../dyn_nmm   -I/scratch/john.lawson/stochastic/stochWRF_3.8/external/esmf_time_f90  -I/scratch/john.lawson/stochastic/stochWRF_3.8/main -I/scratch/john.lawson/stochastic/stochWRF_3.8/external/io_netcdf -I/scratch/john.lawson/stochastic/stochWRF_3.8/external/io_int -I/scratch/john.lawson/stochastic/stochWRF_3.8/frame -I/scratch/john.lawson/stochastic/stochWRF_3.8/share -I/scratch/john.lawson/stochastic/stochWRF_3.8/phys -I/scratch/john.lawson/stochastic/stochWRF_3.8/chem -I/scratch/john.lawson/stochastic/stochWRF_3.8/inc -I/opt/cray/pe/netcdf-hdf5parallel/4.4.1.1.3/INTEL/16.0/include " physics
make[1]: Entering directory '/scratch/john.lawson/stochastic/stochWRF_3.8'
--------------------------------------
if [ 0  -eq 0 ] ; then \
	( cd phys ; make -i -r CF2=" " ) ; \
else \
	( cd phys ; make -i -r CF2="../chem/module_data_mosaic_asect.o" ) ; \
fi
make[2]: Entering directory '/scratch/john.lawson/stochastic/stochWRF_3.8/phys'
if [ 0 -eq 1 ] ; then \
                  make -i -r -j 2 nmm_contrib  ; \
                  ar ru ../main/libwrflib.a module_cam_shr_kind_mod.o module_cam_support.o module_cam_shr_const_mod.o module_cam_physconst.o module_cam_cldwat.o module_cam_wv_saturation.o module_cam_esinti.o module_cam_gffgch.o module_cam_error_function.o module_cam_constituents.o module_cam_trb_mtn_stress.o module_cam_molec_diff.o module_cam_upper_bc.o module_cam_bl_diffusion_solver.o module_cam_bl_eddy_diff.o module_cam_mp_microp_aero.o module_cam_mp_cldwat2m_micro.o module_cam_mp_ndrop.o module_cam_mp_modal_aero_initialize_data_phys.o module_cam_mp_radconstants.o module_cam_mp_conv_water.o module_cam_mp_qneg3.o module_data_cam_mam_aero.o module_data_cam_mam_asect.o module_cam_infnan.o module_bl_ysu.o module_bl_shinhong.o module_bl_mrf.o module_bl_gfs.o module_bl_gfs2011.o module_bl_myjpbl.o module_bl_qnsepbl.o module_bl_acm.o module_bl_mynn.o module_bl_fogdes.o module_bl_gwdo.o module_bl_myjurb.o module_bl_boulac.o module_bl_camuwpbl_driver.o module_bl_mfshconvpbl.o module_shcu_camuwshcu_driver.o module_shcu_camuwshcu.o module_shcu_grims.o module_cu_camzm_driver.o module_cu_camzm.o module_bl_temf.o module_bl_gbmpbl.o module_cu_g3.o module_cu_kf.o module_cu_bmj.o module_cu_kfeta.o module_cu_mskf.o module_cu_tiedtke.o module_cu_ntiedtke.o module_cu_gd.o module_cu_gf.o module_cu_nsas.o module_cu_sas.o module_cu_mesosas.o module_cu_osas.o module_cu_kfcup.o module_mp_radar.o module_mp_kessler.o module_mp_lin.o module_mp_sbu_ylin.o module_mp_wsm3.o module_mp_wsm5.o module_mp_wsm6.o module_mp_etanew.o module_mp_fer_hires.o module_mp_HWRF.o module_mp_thompson.o module_mp_full_sbm.o module_mp_fast_sbm.o module_ltng_lpi.o module_mp_gsfcgce.o module_mp_morr_two_moment.o module_mp_milbrandt2mom.o module_mp_nssl_2mom.o module_mp_wdm5.o module_mp_wdm6.o module_mp_cammgmp_driver.o module_ra_sw.o module_ra_clWRF_support.o module_ra_gsfcsw.o module_ra_goddard.o module_ra_rrtm.o module_ra_rrtmg_lw.o module_ra_rrtmg_sw.o module_ra_rrtmg_lwf.o module_ra_rrtmg_swf.o module_ra_cam_support.o module_ra_cam.o module_ra_gfdleta.o module_ra_flg.o module_ra_HWRF.o module_ra_hs.o module_ra_aerosol.o module_sf_sfclay.o module_sf_sfclayrev.o module_sf_gfs.o module_sf_exchcoef.o module_sf_gfdl.o module_sf_slab.o module_sf_noahdrv.o module_sf_noahlsm.o module_sf_clm.o module_sf_ssib.o module_sf_noah_seaice.o module_sf_noah_seaice_drv.o module_sf_noahlsm_glacial_only.o module_sf_noahmp_groundwater.o module_sf_noahmpdrv.o module_sf_noahmplsm.o module_sf_noahmp_glacier.o module_sf_urban.o module_sf_bep.o module_sf_bep_bem.o module_sf_bem.o module_sf_pxlsm.o module_sf_pxlsm_data.o module_sf_ruclsm.o module_sf_sfcdiags.o module_sf_sfcdiags_ruclsm.o module_sf_sstskin.o module_sf_tmnupdate.o module_sf_ocean_driver.o module_sf_oml.o module_sf_3dpwp.o module_sf_myjsfc.o module_sf_qnsesfc.o module_sf_mynn.o module_sf_fogdes.o module_sf_pxsfclay.o module_sf_temfsfclay.o module_sf_idealscmsfclay.o module_sf_scmflux.o module_sf_scmskintemp.o module_physics_addtendc.o module_physics_init.o module_gfs_machine.o module_gfs_funcphys.o module_gfs_physcons.o module_progtm.o module_pbl_driver.o module_data_gocart_dust.o module_cumulus_driver.o module_shallowcu_driver.o module_microphysics_driver.o module_microphysics_zero_out.o module_mixactivate.o module_radiation_driver.o module_surface_driver.o module_lightning_driver.o module_ltng_cpmpr92z.o module_ltng_crmpr92.o module_ltng_iccg.o module_fdda_psufddagd.o module_fdda_spnudging.o module_fddagd_driver.o module_fddaobs_rtfdda.o module_fddaobs_driver.o module_wind_fitch.o module_sf_lake.o module_diagnostics_driver.o  \
                                     \
                                   module_diag_refl.o ; \
                else                                                         \
                  make -i -r -j 2 non_nmm      ; \
                  ar ru ../main/libwrflib.a module_cam_shr_kind_mod.o module_cam_support.o module_cam_shr_const_mod.o module_cam_physconst.o module_cam_cldwat.o module_cam_wv_saturation.o module_cam_esinti.o module_cam_gffgch.o module_cam_error_function.o module_cam_constituents.o module_cam_trb_mtn_stress.o module_cam_molec_diff.o module_cam_upper_bc.o module_cam_bl_diffusion_solver.o module_cam_bl_eddy_diff.o module_cam_mp_microp_aero.o module_cam_mp_cldwat2m_micro.o module_cam_mp_ndrop.o module_cam_mp_modal_aero_initialize_data_phys.o module_cam_mp_radconstants.o module_cam_mp_conv_water.o module_cam_mp_qneg3.o module_data_cam_mam_aero.o module_data_cam_mam_asect.o module_cam_infnan.o module_bl_ysu.o module_bl_shinhong.o module_bl_mrf.o module_bl_gfs.o module_bl_gfs2011.o module_bl_myjpbl.o module_bl_qnsepbl.o module_bl_acm.o module_bl_mynn.o module_bl_fogdes.o module_bl_gwdo.o module_bl_myjurb.o module_bl_boulac.o module_bl_camuwpbl_driver.o module_bl_mfshconvpbl.o module_shcu_camuwshcu_driver.o module_shcu_camuwshcu.o module_shcu_grims.o module_cu_camzm_driver.o module_cu_camzm.o module_bl_temf.o module_bl_gbmpbl.o module_cu_g3.o module_cu_kf.o module_cu_bmj.o module_cu_kfeta.o module_cu_mskf.o module_cu_tiedtke.o module_cu_ntiedtke.o module_cu_gd.o module_cu_gf.o module_cu_nsas.o module_cu_sas.o module_cu_mesosas.o module_cu_osas.o module_cu_kfcup.o module_mp_radar.o module_mp_kessler.o module_mp_lin.o module_mp_sbu_ylin.o module_mp_wsm3.o module_mp_wsm5.o module_mp_wsm6.o module_mp_etanew.o module_mp_fer_hires.o module_mp_HWRF.o module_mp_thompson.o module_mp_full_sbm.o module_mp_fast_sbm.o module_ltng_lpi.o module_mp_gsfcgce.o module_mp_morr_two_moment.o module_mp_milbrandt2mom.o module_mp_nssl_2mom.o module_mp_wdm5.o module_mp_wdm6.o module_mp_cammgmp_driver.o module_ra_sw.o module_ra_clWRF_support.o module_ra_gsfcsw.o module_ra_goddard.o module_ra_rrtm.o module_ra_rrtmg_lw.o module_ra_rrtmg_sw.o module_ra_rrtmg_lwf.o module_ra_rrtmg_swf.o module_ra_cam_support.o module_ra_cam.o module_ra_gfdleta.o module_ra_flg.o module_ra_HWRF.o module_ra_hs.o module_ra_aerosol.o module_sf_sfclay.o module_sf_sfclayrev.o module_sf_gfs.o module_sf_exchcoef.o module_sf_gfdl.o module_sf_slab.o module_sf_noahdrv.o module_sf_noahlsm.o module_sf_clm.o module_sf_ssib.o module_sf_noah_seaice.o module_sf_noah_seaice_drv.o module_sf_noahlsm_glacial_only.o module_sf_noahmp_groundwater.o module_sf_noahmpdrv.o module_sf_noahmplsm.o module_sf_noahmp_glacier.o module_sf_urban.o module_sf_bep.o module_sf_bep_bem.o module_sf_bem.o module_sf_pxlsm.o module_sf_pxlsm_data.o module_sf_ruclsm.o module_sf_sfcdiags.o module_sf_sfcdiags_ruclsm.o module_sf_sstskin.o module_sf_tmnupdate.o module_sf_ocean_driver.o module_sf_oml.o module_sf_3dpwp.o module_sf_myjsfc.o module_sf_qnsesfc.o module_sf_mynn.o module_sf_fogdes.o module_sf_pxsfclay.o module_sf_temfsfclay.o module_sf_idealscmsfclay.o module_sf_scmflux.o module_sf_scmskintemp.o module_physics_addtendc.o module_physics_init.o module_gfs_machine.o module_gfs_funcphys.o module_gfs_physcons.o module_progtm.o module_pbl_driver.o module_data_gocart_dust.o module_cumulus_driver.o module_shallowcu_driver.o module_microphysics_driver.o module_microphysics_zero_out.o module_mixactivate.o module_radiation_driver.o module_surface_driver.o module_lightning_driver.o module_ltng_cpmpr92z.o module_ltng_crmpr92.o module_ltng_iccg.o module_fdda_psufddagd.o module_fdda_spnudging.o module_fddagd_driver.o module_fddaobs_rtfdda.o module_fddaobs_driver.o module_wind_fitch.o module_sf_lake.o module_diagnostics_driver.o  \
                                   module_fr_fire_driver.o module_fr_fire_driver_wrf.o module_fr_fire_atm.o module_fr_fire_model.o module_fr_fire_core.o module_fr_fire_phys.o module_fr_fire_util.o \
                                   module_diag_afwa.o module_diag_afwa_hail.o module_diag_cl.o module_diag_misc.o module_diag_pld.o module_diag_zld.o  ; \
                fi
make[3]: Entering directory '/scratch/john.lawson/stochastic/stochWRF_3.8/phys'
rm -f module_cam_shr_kind_mod.o
/lib/cpp -P -I/scratch/john.lawson/stochastic/stochWRF_3.8/inc -DEM_CORE=1 -DNMM_CORE=0 -DNMM_MAX_DIM=2600 -DCOAMPS_CORE=0 -DDA_CORE=0 -DEXP_CORE=0 -DIWORDSIZE=4 -DDWORDSIZE=8 -DRWORDSIZE=4 -DLWORDSIZE=4 -DNONSTANDARD_SYSTEM_FUNC  -DWRF_USE_CLM -DUSE_NETCDF4_FEATURES -DWRFIO_NCD_LARGE_FILE_SUPPORT  -DDM_PARALLEL -DNETCDF -DHDF5 -DUSE_ALLOCATABLES -DGRIB1 -DINTIO -DKEEP_INT_AROUND -DLIMIT_ARGS -DCONFIG_BUF_LEN=65536 -DMAX_DOMAINS_F=21 -DMAX_HISTORY=25 -DNMM_NEST=0  -I. -traditional -DUSE_NETCDF4_FEATURES -DWRFIO_NCD_LARGE_FILE_SUPPORT   module_cam_shr_kind_mod.F  > module_cam_shr_kind_mod.bb
rm -f module_cam_error_function.o
/lib/cpp -P -I/scratch/john.lawson/stochastic/stochWRF_3.8/inc -DEM_CORE=1 -DNMM_CORE=0 -DNMM_MAX_DIM=2600 -DCOAMPS_CORE=0 -DDA_CORE=0 -DEXP_CORE=0 -DIWORDSIZE=4 -DDWORDSIZE=8 -DRWORDSIZE=4 -DLWORDSIZE=4 -DNONSTANDARD_SYSTEM_FUNC  -DWRF_USE_CLM -DUSE_NETCDF4_FEATURES -DWRFIO_NCD_LARGE_FILE_SUPPORT  -DDM_PARALLEL -DNETCDF -DHDF5 -DUSE_ALLOCATABLES -DGRIB1 -DINTIO -DKEEP_INT_AROUND -DLIMIT_ARGS -DCONFIG_BUF_LEN=65536 -DMAX_DOMAINS_F=21 -DMAX_HISTORY=25 -DNMM_NEST=0  -I. -traditional -DUSE_NETCDF4_FEATURES -DWRFIO_NCD_LARGE_FILE_SUPPORT   module_cam_error_function.F  > module_cam_error_function.bb
/scratch/john.lawson/stochastic/stochWRF_3.8/tools/standard.exe module_cam_shr_kind_mod.bb | /lib/cpp -P -traditional -DUSE_NETCDF4_FEATURES -DWRFIO_NCD_LARGE_FILE_SUPPORT > module_cam_shr_kind_mod.f90
/scratch/john.lawson/stochastic/stochWRF_3.8/tools/standard.exe module_cam_error_function.bb | /lib/cpp -P -traditional -DUSE_NETCDF4_FEATURES -DWRFIO_NCD_LARGE_FILE_SUPPORT > module_cam_error_function.f90
rm -f module_cam_shr_kind_mod.b module_cam_shr_kind_mod.bb
rm -f module_cam_error_function.b module_cam_error_function.bb
ftn -o module_cam_shr_kind_mod.o -c -ip -O3  -w -ftz -fno-alias -align all -FR -convert big_endian    -I../dyn_em -I../dyn_nmm   -I/scratch/john.lawson/stochastic/stochWRF_3.8/external/esmf_time_f90  -I/scratch/john.lawson/stochastic/stochWRF_3.8/main -I/scratch/john.lawson/stochastic/stochWRF_3.8/external/io_netcdf -I/scratch/john.lawson/stochastic/stochWRF_3.8/external/io_int -I/scratch/john.lawson/stochastic/stochWRF_3.8/frame -I/scratch/john.lawson/stochastic/stochWRF_3.8/share -I/scratch/john.lawson/stochastic/stochWRF_3.8/phys -I/scratch/john.lawson/stochastic/stochWRF_3.8/chem -I/scratch/john.lawson/stochastic/stochWRF_3.8/inc -I/opt/cray/pe/netcdf-hdf5parallel/4.4.1.1.3/INTEL/16.0/include  -real-size `expr 8 \* 4` -i4  module_cam_shr_kind_mod.f90
ftn -o module_cam_error_function.o -c -ip -O3  -w -ftz -fno-alias -align all -FR -convert big_endian    -I../dyn_em -I../dyn_nmm   -I/scratch/john.lawson/stochastic/stochWRF_3.8/external/esmf_time_f90  -I/scratch/john.lawson/stochastic/stochWRF_3.8/main -I/scratch/john.lawson/stochastic/stochWRF_3.8/external/io_netcdf -I/scratch/john.lawson/stochastic/stochWRF_3.8/external/io_int -I/scratch/john.lawson/stochastic/stochWRF_3.8/frame -I/scratch/john.lawson/stochastic/stochWRF_3.8/share -I/scratch/john.lawson/stochastic/stochWRF_3.8/phys -I/scratch/john.lawson/stochastic/stochWRF_3.8/chem -I/scratch/john.lawson/stochastic/stochWRF_3.8/inc -I/opt/cray/pe/netcdf-hdf5parallel/4.4.1.1.3/INTEL/16.0/include  -real-size `expr 8 \* 4` -i4  module_cam_error_function.f90
rm -f module_bl_ysu.o
/lib/cpp -P -I/scratch/john.lawson/stochastic/stochWRF_3.8/inc -DEM_CORE=1 -DNMM_CORE=0 -DNMM_MAX_DIM=2600 -DCOAMPS_CORE=0 -DDA_CORE=0 -DEXP_CORE=0 -DIWORDSIZE=4 -DDWORDSIZE=8 -DRWORDSIZE=4 -DLWORDSIZE=4 -DNONSTANDARD_SYSTEM_FUNC  -DWRF_USE_CLM -DUSE_NETCDF4_FEATURES -DWRFIO_NCD_LARGE_FILE_SUPPORT  -DDM_PARALLEL -DNETCDF -DHDF5 -DUSE_ALLOCATABLES -DGRIB1 -DINTIO -DKEEP_INT_AROUND -DLIMIT_ARGS -DCONFIG_BUF_LEN=65536 -DMAX_DOMAINS_F=21 -DMAX_HISTORY=25 -DNMM_NEST=0  -I. -traditional -DUSE_NETCDF4_FEATURES -DWRFIO_NCD_LARGE_FILE_SUPPORT   module_bl_ysu.F  > module_bl_ysu.bb
/scratch/john.lawson/stochastic/stochWRF_3.8/tools/standard.exe module_bl_ysu.bb | /lib/cpp -P -traditional -DUSE_NETCDF4_FEATURES -DWRFIO_NCD_LARGE_FILE_SUPPORT > module_bl_ysu.f90
rm -f module_bl_ysu.b module_bl_ysu.bb
ftn -o module_bl_ysu.o -c -ip -O3  -w -ftz -fno-alias -align all -FR -convert big_endian    -I../dyn_em -I../dyn_nmm   -I/scratch/john.lawson/stochastic/stochWRF_3.8/external/esmf_time_f90  -I/scratch/john.lawson/stochastic/stochWRF_3.8/main -I/scratch/john.lawson/stochastic/stochWRF_3.8/external/io_netcdf -I/scratch/john.lawson/stochastic/stochWRF_3.8/external/io_int -I/scratch/john.lawson/stochastic/stochWRF_3.8/frame -I/scratch/john.lawson/stochastic/stochWRF_3.8/share -I/scratch/john.lawson/stochastic/stochWRF_3.8/phys -I/scratch/john.lawson/stochastic/stochWRF_3.8/chem -I/scratch/john.lawson/stochastic/stochWRF_3.8/inc -I/opt/cray/pe/netcdf-hdf5parallel/4.4.1.1.3/INTEL/16.0/include  -real-size `expr 8 \* 4` -i4  module_bl_ysu.f90
rm -f module_bl_shinhong.o
/lib/cpp -P -I/scratch/john.lawson/stochastic/stochWRF_3.8/inc -DEM_CORE=1 -DNMM_CORE=0 -DNMM_MAX_DIM=2600 -DCOAMPS_CORE=0 -DDA_CORE=0 -DEXP_CORE=0 -DIWORDSIZE=4 -DDWORDSIZE=8 -DRWORDSIZE=4 -DLWORDSIZE=4 -DNONSTANDARD_SYSTEM_FUNC  -DWRF_USE_CLM -DUSE_NETCDF4_FEATURES -DWRFIO_NCD_LARGE_FILE_SUPPORT  -DDM_PARALLEL -DNETCDF -DHDF5 -DUSE_ALLOCATABLES -DGRIB1 -DINTIO -DKEEP_INT_AROUND -DLIMIT_ARGS -DCONFIG_BUF_LEN=65536 -DMAX_DOMAINS_F=21 -DMAX_HISTORY=25 -DNMM_NEST=0  -I. -traditional -DUSE_NETCDF4_FEATURES -DWRFIO_NCD_LARGE_FILE_SUPPORT   module_bl_shinhong.F  > module_bl_shinhong.bb
/scratch/john.lawson/stochastic/stochWRF_3.8/tools/standard.exe module_bl_shinhong.bb | /lib/cpp -P -traditional -DUSE_NETCDF4_FEATURES -DWRFIO_NCD_LARGE_FILE_SUPPORT > module_bl_shinhong.f90
rm -f module_bl_shinhong.b module_bl_shinhong.bb
ftn -o module_bl_shinhong.o -c -ip -O3  -w -ftz -fno-alias -align all -FR -convert big_endian    -I../dyn_em -I../dyn_nmm   -I/scratch/john.lawson/stochastic/stochWRF_3.8/external/esmf_time_f90  -I/scratch/john.lawson/stochastic/stochWRF_3.8/main -I/scratch/john.lawson/stochastic/stochWRF_3.8/external/io_netcdf -I/scratch/john.lawson/stochastic/stochWRF_3.8/external/io_int -I/scratch/john.lawson/stochastic/stochWRF_3.8/frame -I/scratch/john.lawson/stochastic/stochWRF_3.8/share -I/scratch/john.lawson/stochastic/stochWRF_3.8/phys -I/scratch/john.lawson/stochastic/stochWRF_3.8/chem -I/scratch/john.lawson/stochastic/stochWRF_3.8/inc -I/opt/cray/pe/netcdf-hdf5parallel/4.4.1.1.3/INTEL/16.0/include  -real-size `expr 8 \* 4` -i4  module_bl_shinhong.f90
rm -f module_bl_mrf.o
/lib/cpp -P -I/scratch/john.lawson/stochastic/stochWRF_3.8/inc -DEM_CORE=1 -DNMM_CORE=0 -DNMM_MAX_DIM=2600 -DCOAMPS_CORE=0 -DDA_CORE=0 -DEXP_CORE=0 -DIWORDSIZE=4 -DDWORDSIZE=8 -DRWORDSIZE=4 -DLWORDSIZE=4 -DNONSTANDARD_SYSTEM_FUNC  -DWRF_USE_CLM -DUSE_NETCDF4_FEATURES -DWRFIO_NCD_LARGE_FILE_SUPPORT  -DDM_PARALLEL -DNETCDF -DHDF5 -DUSE_ALLOCATABLES -DGRIB1 -DINTIO -DKEEP_INT_AROUND -DLIMIT_ARGS -DCONFIG_BUF_LEN=65536 -DMAX_DOMAINS_F=21 -DMAX_HISTORY=25 -DNMM_NEST=0  -I. -traditional -DUSE_NETCDF4_FEATURES -DWRFIO_NCD_LARGE_FILE_SUPPORT   module_bl_mrf.F  > module_bl_mrf.bb
/scratch/john.lawson/stochastic/stochWRF_3.8/tools/standard.exe module_bl_mrf.bb | /lib/cpp -P -traditional -DUSE_NETCDF4_FEATURES -DWRFIO_NCD_LARGE_FILE_SUPPORT > module_bl_mrf.f90
rm -f module_bl_mrf.b module_bl_mrf.bb
ftn -o module_bl_mrf.o -c -ip -O3  -w -ftz -fno-alias -align all -FR -convert big_endian    -I../dyn_em -I../dyn_nmm   -I/scratch/john.lawson/stochastic/stochWRF_3.8/external/esmf_time_f90  -I/scratch/john.lawson/stochastic/stochWRF_3.8/main -I/scratch/john.lawson/stochastic/stochWRF_3.8/external/io_netcdf -I/scratch/john.lawson/stochastic/stochWRF_3.8/external/io_int -I/scratch/john.lawson/stochastic/stochWRF_3.8/frame -I/scratch/john.lawson/stochastic/stochWRF_3.8/share -I/scratch/john.lawson/stochastic/stochWRF_3.8/phys -I/scratch/john.lawson/stochastic/stochWRF_3.8/chem -I/scratch/john.lawson/stochastic/stochWRF_3.8/inc -I/opt/cray/pe/netcdf-hdf5parallel/4.4.1.1.3/INTEL/16.0/include  -real-size `expr 8 \* 4` -i4  module_bl_mrf.f90
rm -f module_gfs_machine.o
/lib/cpp -P -I/scratch/john.lawson/stochastic/stochWRF_3.8/inc -DEM_CORE=1 -DNMM_CORE=0 -DNMM_MAX_DIM=2600 -DCOAMPS_CORE=0 -DDA_CORE=0 -DEXP_CORE=0 -DIWORDSIZE=4 -DDWORDSIZE=8 -DRWORDSIZE=4 -DLWORDSIZE=4 -DNONSTANDARD_SYSTEM_FUNC  -DWRF_USE_CLM -DUSE_NETCDF4_FEATURES -DWRFIO_NCD_LARGE_FILE_SUPPORT  -DDM_PARALLEL -DNETCDF -DHDF5 -DUSE_ALLOCATABLES -DGRIB1 -DINTIO -DKEEP_INT_AROUND -DLIMIT_ARGS -DCONFIG_BUF_LEN=65536 -DMAX_DOMAINS_F=21 -DMAX_HISTORY=25 -DNMM_NEST=0  -I. -traditional -DUSE_NETCDF4_FEATURES -DWRFIO_NCD_LARGE_FILE_SUPPORT   module_gfs_machine.F  > module_gfs_machine.bb
/scratch/john.lawson/stochastic/stochWRF_3.8/tools/standard.exe module_gfs_machine.bb | /lib/cpp -P -traditional -DUSE_NETCDF4_FEATURES -DWRFIO_NCD_LARGE_FILE_SUPPORT > module_gfs_machine.f90
rm -f module_gfs_machine.b module_gfs_machine.bb
ftn -o module_gfs_machine.o -c -ip -O3  -w -ftz -fno-alias -align all -FR -convert big_endian    -I../dyn_em -I../dyn_nmm   -I/scratch/john.lawson/stochastic/stochWRF_3.8/external/esmf_time_f90  -I/scratch/john.lawson/stochastic/stochWRF_3.8/main -I/scratch/john.lawson/stochastic/stochWRF_3.8/external/io_netcdf -I/scratch/john.lawson/stochastic/stochWRF_3.8/external/io_int -I/scratch/john.lawson/stochastic/stochWRF_3.8/frame -I/scratch/john.lawson/stochastic/stochWRF_3.8/share -I/scratch/john.lawson/stochastic/stochWRF_3.8/phys -I/scratch/john.lawson/stochastic/stochWRF_3.8/chem -I/scratch/john.lawson/stochastic/stochWRF_3.8/inc -I/opt/cray/pe/netcdf-hdf5parallel/4.4.1.1.3/INTEL/16.0/include  -real-size `expr 8 \* 4` -i4  module_gfs_machine.f90
rm -f module_bl_myjpbl.o
/lib/cpp -P -I/scratch/john.lawson/stochastic/stochWRF_3.8/inc -DEM_CORE=1 -DNMM_CORE=0 -DNMM_MAX_DIM=2600 -DCOAMPS_CORE=0 -DDA_CORE=0 -DEXP_CORE=0 -DIWORDSIZE=4 -DDWORDSIZE=8 -DRWORDSIZE=4 -DLWORDSIZE=4 -DNONSTANDARD_SYSTEM_FUNC  -DWRF_USE_CLM -DUSE_NETCDF4_FEATURES -DWRFIO_NCD_LARGE_FILE_SUPPORT  -DDM_PARALLEL -DNETCDF -DHDF5 -DUSE_ALLOCATABLES -DGRIB1 -DINTIO -DKEEP_INT_AROUND -DLIMIT_ARGS -DCONFIG_BUF_LEN=65536 -DMAX_DOMAINS_F=21 -DMAX_HISTORY=25 -DNMM_NEST=0  -I. -traditional -DUSE_NETCDF4_FEATURES -DWRFIO_NCD_LARGE_FILE_SUPPORT   module_bl_myjpbl.F  > module_bl_myjpbl.bb
/scratch/john.lawson/stochastic/stochWRF_3.8/tools/standard.exe module_bl_myjpbl.bb | /lib/cpp -P -traditional -DUSE_NETCDF4_FEATURES -DWRFIO_NCD_LARGE_FILE_SUPPORT > module_bl_myjpbl.f90
rm -f module_bl_myjpbl.b module_bl_myjpbl.bb
ftn -o module_bl_myjpbl.o -c -ip -O3  -w -ftz -fno-alias -align all -FR -convert big_endian    -I../dyn_em -I../dyn_nmm   -I/scratch/john.lawson/stochastic/stochWRF_3.8/external/esmf_time_f90  -I/scratch/john.lawson/stochastic/stochWRF_3.8/main -I/scratch/john.lawson/stochastic/stochWRF_3.8/external/io_netcdf -I/scratch/john.lawson/stochastic/stochWRF_3.8/external/io_int -I/scratch/john.lawson/stochastic/stochWRF_3.8/frame -I/scratch/john.lawson/stochastic/stochWRF_3.8/share -I/scratch/john.lawson/stochastic/stochWRF_3.8/phys -I/scratch/john.lawson/stochastic/stochWRF_3.8/chem -I/scratch/john.lawson/stochastic/stochWRF_3.8/inc -I/opt/cray/pe/netcdf-hdf5parallel/4.4.1.1.3/INTEL/16.0/include  -real-size `expr 8 \* 4` -i4  module_bl_myjpbl.f90
rm -f module_bl_qnsepbl.o
/lib/cpp -P -I/scratch/john.lawson/stochastic/stochWRF_3.8/inc -DEM_CORE=1 -DNMM_CORE=0 -DNMM_MAX_DIM=2600 -DCOAMPS_CORE=0 -DDA_CORE=0 -DEXP_CORE=0 -DIWORDSIZE=4 -DDWORDSIZE=8 -DRWORDSIZE=4 -DLWORDSIZE=4 -DNONSTANDARD_SYSTEM_FUNC  -DWRF_USE_CLM -DUSE_NETCDF4_FEATURES -DWRFIO_NCD_LARGE_FILE_SUPPORT  -DDM_PARALLEL -DNETCDF -DHDF5 -DUSE_ALLOCATABLES -DGRIB1 -DINTIO -DKEEP_INT_AROUND -DLIMIT_ARGS -DCONFIG_BUF_LEN=65536 -DMAX_DOMAINS_F=21 -DMAX_HISTORY=25 -DNMM_NEST=0  -I. -traditional -DUSE_NETCDF4_FEATURES -DWRFIO_NCD_LARGE_FILE_SUPPORT   module_bl_qnsepbl.F  > module_bl_qnsepbl.bb
/scratch/john.lawson/stochastic/stochWRF_3.8/tools/standard.exe module_bl_qnsepbl.bb | /lib/cpp -P -traditional -DUSE_NETCDF4_FEATURES -DWRFIO_NCD_LARGE_FILE_SUPPORT > module_bl_qnsepbl.f90
rm -f module_bl_qnsepbl.b module_bl_qnsepbl.bb
ftn -o module_bl_qnsepbl.o -c -ip -O3  -w -ftz -fno-alias -align all -FR -convert big_endian    -I../dyn_em -I../dyn_nmm   -I/scratch/john.lawson/stochastic/stochWRF_3.8/external/esmf_time_f90  -I/scratch/john.lawson/stochastic/stochWRF_3.8/main -I/scratch/john.lawson/stochastic/stochWRF_3.8/external/io_netcdf -I/scratch/john.lawson/stochastic/stochWRF_3.8/external/io_int -I/scratch/john.lawson/stochastic/stochWRF_3.8/frame -I/scratch/john.lawson/stochastic/stochWRF_3.8/share -I/scratch/john.lawson/stochastic/stochWRF_3.8/phys -I/scratch/john.lawson/stochastic/stochWRF_3.8/chem -I/scratch/john.lawson/stochastic/stochWRF_3.8/inc -I/opt/cray/pe/netcdf-hdf5parallel/4.4.1.1.3/INTEL/16.0/include  -real-size `expr 8 \* 4` -i4  module_bl_qnsepbl.f90
rm -f module_bl_acm.o
/lib/cpp -P -I/scratch/john.lawson/stochastic/stochWRF_3.8/inc -DEM_CORE=1 -DNMM_CORE=0 -DNMM_MAX_DIM=2600 -DCOAMPS_CORE=0 -DDA_CORE=0 -DEXP_CORE=0 -DIWORDSIZE=4 -DDWORDSIZE=8 -DRWORDSIZE=4 -DLWORDSIZE=4 -DNONSTANDARD_SYSTEM_FUNC  -DWRF_USE_CLM -DUSE_NETCDF4_FEATURES -DWRFIO_NCD_LARGE_FILE_SUPPORT  -DDM_PARALLEL -DNETCDF -DHDF5 -DUSE_ALLOCATABLES -DGRIB1 -DINTIO -DKEEP_INT_AROUND -DLIMIT_ARGS -DCONFIG_BUF_LEN=65536 -DMAX_DOMAINS_F=21 -DMAX_HISTORY=25 -DNMM_NEST=0  -I. -traditional -DUSE_NETCDF4_FEATURES -DWRFIO_NCD_LARGE_FILE_SUPPORT   module_bl_acm.F  > module_bl_acm.bb
/scratch/john.lawson/stochastic/stochWRF_3.8/tools/standard.exe module_bl_acm.bb | /lib/cpp -P -traditional -DUSE_NETCDF4_FEATURES -DWRFIO_NCD_LARGE_FILE_SUPPORT > module_bl_acm.f90
rm -f module_bl_acm.b module_bl_acm.bb
ftn -o module_bl_acm.o -c -ip -O3  -w -ftz -fno-alias -align all -FR -convert big_endian    -I../dyn_em -I../dyn_nmm   -I/scratch/john.lawson/stochastic/stochWRF_3.8/external/esmf_time_f90  -I/scratch/john.lawson/stochastic/stochWRF_3.8/main -I/scratch/john.lawson/stochastic/stochWRF_3.8/external/io_netcdf -I/scratch/john.lawson/stochastic/stochWRF_3.8/external/io_int -I/scratch/john.lawson/stochastic/stochWRF_3.8/frame -I/scratch/john.lawson/stochastic/stochWRF_3.8/share -I/scratch/john.lawson/stochastic/stochWRF_3.8/phys -I/scratch/john.lawson/stochastic/stochWRF_3.8/chem -I/scratch/john.lawson/stochastic/stochWRF_3.8/inc -I/opt/cray/pe/netcdf-hdf5parallel/4.4.1.1.3/INTEL/16.0/include  -real-size `expr 8 \* 4` -i4  module_bl_acm.f90
rm -f module_bl_mynn.o
/lib/cpp -P -I/scratch/john.lawson/stochastic/stochWRF_3.8/inc -DEM_CORE=1 -DNMM_CORE=0 -DNMM_MAX_DIM=2600 -DCOAMPS_CORE=0 -DDA_CORE=0 -DEXP_CORE=0 -DIWORDSIZE=4 -DDWORDSIZE=8 -DRWORDSIZE=4 -DLWORDSIZE=4 -DNONSTANDARD_SYSTEM_FUNC  -DWRF_USE_CLM -DUSE_NETCDF4_FEATURES -DWRFIO_NCD_LARGE_FILE_SUPPORT  -DDM_PARALLEL -DNETCDF -DHDF5 -DUSE_ALLOCATABLES -DGRIB1 -DINTIO -DKEEP_INT_AROUND -DLIMIT_ARGS -DCONFIG_BUF_LEN=65536 -DMAX_DOMAINS_F=21 -DMAX_HISTORY=25 -DNMM_NEST=0  -I. -traditional -DUSE_NETCDF4_FEATURES -DWRFIO_NCD_LARGE_FILE_SUPPORT   module_bl_mynn.F  > module_bl_mynn.bb
/scratch/john.lawson/stochastic/stochWRF_3.8/tools/standard.exe module_bl_mynn.bb | /lib/cpp -P -traditional -DUSE_NETCDF4_FEATURES -DWRFIO_NCD_LARGE_FILE_SUPPORT > module_bl_mynn.f90
rm -f module_bl_mynn.b module_bl_mynn.bb
ftn -o module_bl_mynn.o -c -ip -O3  -w -ftz -fno-alias -align all -FR -convert big_endian    -I../dyn_em -I../dyn_nmm   -I/scratch/john.lawson/stochastic/stochWRF_3.8/external/esmf_time_f90  -I/scratch/john.lawson/stochastic/stochWRF_3.8/main -I/scratch/john.lawson/stochastic/stochWRF_3.8/external/io_netcdf -I/scratch/john.lawson/stochastic/stochWRF_3.8/external/io_int -I/scratch/john.lawson/stochastic/stochWRF_3.8/frame -I/scratch/john.lawson/stochastic/stochWRF_3.8/share -I/scratch/john.lawson/stochastic/stochWRF_3.8/phys -I/scratch/john.lawson/stochastic/stochWRF_3.8/chem -I/scratch/john.lawson/stochastic/stochWRF_3.8/inc -I/opt/cray/pe/netcdf-hdf5parallel/4.4.1.1.3/INTEL/16.0/include  -real-size `expr 8 \* 4` -i4  module_bl_mynn.f90
rm -f module_bl_gwdo.o
/lib/cpp -P -I/scratch/john.lawson/stochastic/stochWRF_3.8/inc -DEM_CORE=1 -DNMM_CORE=0 -DNMM_MAX_DIM=2600 -DCOAMPS_CORE=0 -DDA_CORE=0 -DEXP_CORE=0 -DIWORDSIZE=4 -DDWORDSIZE=8 -DRWORDSIZE=4 -DLWORDSIZE=4 -DNONSTANDARD_SYSTEM_FUNC  -DWRF_USE_CLM -DUSE_NETCDF4_FEATURES -DWRFIO_NCD_LARGE_FILE_SUPPORT  -DDM_PARALLEL -DNETCDF -DHDF5 -DUSE_ALLOCATABLES -DGRIB1 -DINTIO -DKEEP_INT_AROUND -DLIMIT_ARGS -DCONFIG_BUF_LEN=65536 -DMAX_DOMAINS_F=21 -DMAX_HISTORY=25 -DNMM_NEST=0  -I. -traditional -DUSE_NETCDF4_FEATURES -DWRFIO_NCD_LARGE_FILE_SUPPORT   module_bl_gwdo.F  > module_bl_gwdo.bb
/scratch/john.lawson/stochastic/stochWRF_3.8/tools/standard.exe module_bl_gwdo.bb | /lib/cpp -P -traditional -DUSE_NETCDF4_FEATURES -DWRFIO_NCD_LARGE_FILE_SUPPORT > module_bl_gwdo.f90
rm -f module_bl_gwdo.b module_bl_gwdo.bb
ftn -o module_bl_gwdo.o -c -ip -O3  -w -ftz -fno-alias -align all -FR -convert big_endian    -I../dyn_em -I../dyn_nmm   -I/scratch/john.lawson/stochastic/stochWRF_3.8/external/esmf_time_f90  -I/scratch/john.lawson/stochastic/stochWRF_3.8/main -I/scratch/john.lawson/stochastic/stochWRF_3.8/external/io_netcdf -I/scratch/john.lawson/stochastic/stochWRF_3.8/external/io_int -I/scratch/john.lawson/stochastic/stochWRF_3.8/frame -I/scratch/john.lawson/stochastic/stochWRF_3.8/share -I/scratch/john.lawson/stochastic/stochWRF_3.8/phys -I/scratch/john.lawson/stochastic/stochWRF_3.8/chem -I/scratch/john.lawson/stochastic/stochWRF_3.8/inc -I/opt/cray/pe/netcdf-hdf5parallel/4.4.1.1.3/INTEL/16.0/include  -real-size `expr 8 \* 4` -i4  module_bl_gwdo.f90
rm -f module_bl_myjurb.o
/lib/cpp -P -I/scratch/john.lawson/stochastic/stochWRF_3.8/inc -DEM_CORE=1 -DNMM_CORE=0 -DNMM_MAX_DIM=2600 -DCOAMPS_CORE=0 -DDA_CORE=0 -DEXP_CORE=0 -DIWORDSIZE=4 -DDWORDSIZE=8 -DRWORDSIZE=4 -DLWORDSIZE=4 -DNONSTANDARD_SYSTEM_FUNC  -DWRF_USE_CLM -DUSE_NETCDF4_FEATURES -DWRFIO_NCD_LARGE_FILE_SUPPORT  -DDM_PARALLEL -DNETCDF -DHDF5 -DUSE_ALLOCATABLES -DGRIB1 -DINTIO -DKEEP_INT_AROUND -DLIMIT_ARGS -DCONFIG_BUF_LEN=65536 -DMAX_DOMAINS_F=21 -DMAX_HISTORY=25 -DNMM_NEST=0  -I. -traditional -DUSE_NETCDF4_FEATURES -DWRFIO_NCD_LARGE_FILE_SUPPORT   module_bl_myjurb.F  > module_bl_myjurb.bb
/scratch/john.lawson/stochastic/stochWRF_3.8/tools/standard.exe module_bl_myjurb.bb | /lib/cpp -P -traditional -DUSE_NETCDF4_FEATURES -DWRFIO_NCD_LARGE_FILE_SUPPORT > module_bl_myjurb.f90
rm -f module_bl_myjurb.b module_bl_myjurb.bb
ftn -o module_bl_myjurb.o -c -ip -O3  -w -ftz -fno-alias -align all -FR -convert big_endian    -I../dyn_em -I../dyn_nmm   -I/scratch/john.lawson/stochastic/stochWRF_3.8/external/esmf_time_f90  -I/scratch/john.lawson/stochastic/stochWRF_3.8/main -I/scratch/john.lawson/stochastic/stochWRF_3.8/external/io_netcdf -I/scratch/john.lawson/stochastic/stochWRF_3.8/external/io_int -I/scratch/john.lawson/stochastic/stochWRF_3.8/frame -I/scratch/john.lawson/stochastic/stochWRF_3.8/share -I/scratch/john.lawson/stochastic/stochWRF_3.8/phys -I/scratch/john.lawson/stochastic/stochWRF_3.8/chem -I/scratch/john.lawson/stochastic/stochWRF_3.8/inc -I/opt/cray/pe/netcdf-hdf5parallel/4.4.1.1.3/INTEL/16.0/include  -real-size `expr 8 \* 4` -i4  module_bl_myjurb.f90
rm -f module_bl_boulac.o
/lib/cpp -P -I/scratch/john.lawson/stochastic/stochWRF_3.8/inc -DEM_CORE=1 -DNMM_CORE=0 -DNMM_MAX_DIM=2600 -DCOAMPS_CORE=0 -DDA_CORE=0 -DEXP_CORE=0 -DIWORDSIZE=4 -DDWORDSIZE=8 -DRWORDSIZE=4 -DLWORDSIZE=4 -DNONSTANDARD_SYSTEM_FUNC  -DWRF_USE_CLM -DUSE_NETCDF4_FEATURES -DWRFIO_NCD_LARGE_FILE_SUPPORT  -DDM_PARALLEL -DNETCDF -DHDF5 -DUSE_ALLOCATABLES -DGRIB1 -DINTIO -DKEEP_INT_AROUND -DLIMIT_ARGS -DCONFIG_BUF_LEN=65536 -DMAX_DOMAINS_F=21 -DMAX_HISTORY=25 -DNMM_NEST=0  -I. -traditional -DUSE_NETCDF4_FEATURES -DWRFIO_NCD_LARGE_FILE_SUPPORT   module_bl_boulac.F  > module_bl_boulac.bb
/scratch/john.lawson/stochastic/stochWRF_3.8/tools/standard.exe module_bl_boulac.bb | /lib/cpp -P -traditional -DUSE_NETCDF4_FEATURES -DWRFIO_NCD_LARGE_FILE_SUPPORT > module_bl_boulac.f90
rm -f module_bl_boulac.b module_bl_boulac.bb
ftn -o module_bl_boulac.o -c -ip -O3  -w -ftz -fno-alias -align all -FR -convert big_endian    -I../dyn_em -I../dyn_nmm   -I/scratch/john.lawson/stochastic/stochWRF_3.8/external/esmf_time_f90  -I/scratch/john.lawson/stochastic/stochWRF_3.8/main -I/scratch/john.lawson/stochastic/stochWRF_3.8/external/io_netcdf -I/scratch/john.lawson/stochastic/stochWRF_3.8/external/io_int -I/scratch/john.lawson/stochastic/stochWRF_3.8/frame -I/scratch/john.lawson/stochastic/stochWRF_3.8/share -I/scratch/john.lawson/stochastic/stochWRF_3.8/phys -I/scratch/john.lawson/stochastic/stochWRF_3.8/chem -I/scratch/john.lawson/stochastic/stochWRF_3.8/inc -I/opt/cray/pe/netcdf-hdf5parallel/4.4.1.1.3/INTEL/16.0/include  -real-size `expr 8 \* 4` -i4  module_bl_boulac.f90
rm -f module_bl_mfshconvpbl.o
/lib/cpp -P -I/scratch/john.lawson/stochastic/stochWRF_3.8/inc -DEM_CORE=1 -DNMM_CORE=0 -DNMM_MAX_DIM=2600 -DCOAMPS_CORE=0 -DDA_CORE=0 -DEXP_CORE=0 -DIWORDSIZE=4 -DDWORDSIZE=8 -DRWORDSIZE=4 -DLWORDSIZE=4 -DNONSTANDARD_SYSTEM_FUNC  -DWRF_USE_CLM -DUSE_NETCDF4_FEATURES -DWRFIO_NCD_LARGE_FILE_SUPPORT  -DDM_PARALLEL -DNETCDF -DHDF5 -DUSE_ALLOCATABLES -DGRIB1 -DINTIO -DKEEP_INT_AROUND -DLIMIT_ARGS -DCONFIG_BUF_LEN=65536 -DMAX_DOMAINS_F=21 -DMAX_HISTORY=25 -DNMM_NEST=0  -I. -traditional -DUSE_NETCDF4_FEATURES -DWRFIO_NCD_LARGE_FILE_SUPPORT   module_bl_mfshconvpbl.F  > module_bl_mfshconvpbl.bb
/scratch/john.lawson/stochastic/stochWRF_3.8/tools/standard.exe module_bl_mfshconvpbl.bb | /lib/cpp -P -traditional -DUSE_NETCDF4_FEATURES -DWRFIO_NCD_LARGE_FILE_SUPPORT > module_bl_mfshconvpbl.f90
rm -f module_bl_mfshconvpbl.b module_bl_mfshconvpbl.bb
ftn -o module_bl_mfshconvpbl.o -c -ip -O3  -w -ftz -fno-alias -align all -FR -convert big_endian    -I../dyn_em -I../dyn_nmm   -I/scratch/john.lawson/stochastic/stochWRF_3.8/external/esmf_time_f90  -I/scratch/john.lawson/stochastic/stochWRF_3.8/main -I/scratch/john.lawson/stochastic/stochWRF_3.8/external/io_netcdf -I/scratch/john.lawson/stochastic/stochWRF_3.8/external/io_int -I/scratch/john.lawson/stochastic/stochWRF_3.8/frame -I/scratch/john.lawson/stochastic/stochWRF_3.8/share -I/scratch/john.lawson/stochastic/stochWRF_3.8/phys -I/scratch/john.lawson/stochastic/stochWRF_3.8/chem -I/scratch/john.lawson/stochastic/stochWRF_3.8/inc -I/opt/cray/pe/netcdf-hdf5parallel/4.4.1.1.3/INTEL/16.0/include  -real-size `expr 8 \* 4` -i4  module_bl_mfshconvpbl.f90
rm -f module_shcu_grims.o
/lib/cpp -P -I/scratch/john.lawson/stochastic/stochWRF_3.8/inc -DEM_CORE=1 -DNMM_CORE=0 -DNMM_MAX_DIM=2600 -DCOAMPS_CORE=0 -DDA_CORE=0 -DEXP_CORE=0 -DIWORDSIZE=4 -DDWORDSIZE=8 -DRWORDSIZE=4 -DLWORDSIZE=4 -DNONSTANDARD_SYSTEM_FUNC  -DWRF_USE_CLM -DUSE_NETCDF4_FEATURES -DWRFIO_NCD_LARGE_FILE_SUPPORT  -DDM_PARALLEL -DNETCDF -DHDF5 -DUSE_ALLOCATABLES -DGRIB1 -DINTIO -DKEEP_INT_AROUND -DLIMIT_ARGS -DCONFIG_BUF_LEN=65536 -DMAX_DOMAINS_F=21 -DMAX_HISTORY=25 -DNMM_NEST=0  -I. -traditional -DUSE_NETCDF4_FEATURES -DWRFIO_NCD_LARGE_FILE_SUPPORT   module_shcu_grims.F  > module_shcu_grims.bb
/scratch/john.lawson/stochastic/stochWRF_3.8/tools/standard.exe module_shcu_grims.bb | /lib/cpp -P -traditional -DUSE_NETCDF4_FEATURES -DWRFIO_NCD_LARGE_FILE_SUPPORT > module_shcu_grims.f90
rm -f module_shcu_grims.b module_shcu_grims.bb
ftn -o module_shcu_grims.o -c -ip -O3  -w -ftz -fno-alias -align all -FR -convert big_endian    -I../dyn_em -I../dyn_nmm   -I/scratch/john.lawson/stochastic/stochWRF_3.8/external/esmf_time_f90  -I/scratch/john.lawson/stochastic/stochWRF_3.8/main -I/scratch/john.lawson/stochastic/stochWRF_3.8/external/io_netcdf -I/scratch/john.lawson/stochastic/stochWRF_3.8/external/io_int -I/scratch/john.lawson/stochastic/stochWRF_3.8/frame -I/scratch/john.lawson/stochastic/stochWRF_3.8/share -I/scratch/john.lawson/stochastic/stochWRF_3.8/phys -I/scratch/john.lawson/stochastic/stochWRF_3.8/chem -I/scratch/john.lawson/stochastic/stochWRF_3.8/inc -I/opt/cray/pe/netcdf-hdf5parallel/4.4.1.1.3/INTEL/16.0/include  -real-size `expr 8 \* 4` -i4  module_shcu_grims.f90
rm -f module_bl_temf.o
/lib/cpp -P -I/scratch/john.lawson/stochastic/stochWRF_3.8/inc -DEM_CORE=1 -DNMM_CORE=0 -DNMM_MAX_DIM=2600 -DCOAMPS_CORE=0 -DDA_CORE=0 -DEXP_CORE=0 -DIWORDSIZE=4 -DDWORDSIZE=8 -DRWORDSIZE=4 -DLWORDSIZE=4 -DNONSTANDARD_SYSTEM_FUNC  -DWRF_USE_CLM -DUSE_NETCDF4_FEATURES -DWRFIO_NCD_LARGE_FILE_SUPPORT  -DDM_PARALLEL -DNETCDF -DHDF5 -DUSE_ALLOCATABLES -DGRIB1 -DINTIO -DKEEP_INT_AROUND -DLIMIT_ARGS -DCONFIG_BUF_LEN=65536 -DMAX_DOMAINS_F=21 -DMAX_HISTORY=25 -DNMM_NEST=0  -I. -traditional -DUSE_NETCDF4_FEATURES -DWRFIO_NCD_LARGE_FILE_SUPPORT   module_bl_temf.F  > module_bl_temf.bb
/scratch/john.lawson/stochastic/stochWRF_3.8/tools/standard.exe module_bl_temf.bb | /lib/cpp -P -traditional -DUSE_NETCDF4_FEATURES -DWRFIO_NCD_LARGE_FILE_SUPPORT > module_bl_temf.f90
rm -f module_bl_temf.b module_bl_temf.bb
ftn -o module_bl_temf.o -c -ip -O3  -w -ftz -fno-alias -align all -FR -convert big_endian    -I../dyn_em -I../dyn_nmm   -I/scratch/john.lawson/stochastic/stochWRF_3.8/external/esmf_time_f90  -I/scratch/john.lawson/stochastic/stochWRF_3.8/main -I/scratch/john.lawson/stochastic/stochWRF_3.8/external/io_netcdf -I/scratch/john.lawson/stochastic/stochWRF_3.8/external/io_int -I/scratch/john.lawson/stochastic/stochWRF_3.8/frame -I/scratch/john.lawson/stochastic/stochWRF_3.8/share -I/scratch/john.lawson/stochastic/stochWRF_3.8/phys -I/scratch/john.lawson/stochastic/stochWRF_3.8/chem -I/scratch/john.lawson/stochastic/stochWRF_3.8/inc -I/opt/cray/pe/netcdf-hdf5parallel/4.4.1.1.3/INTEL/16.0/include  -real-size `expr 8 \* 4` -i4  module_bl_temf.f90
rm -f module_bl_gbmpbl.o
/lib/cpp -P -I/scratch/john.lawson/stochastic/stochWRF_3.8/inc -DEM_CORE=1 -DNMM_CORE=0 -DNMM_MAX_DIM=2600 -DCOAMPS_CORE=0 -DDA_CORE=0 -DEXP_CORE=0 -DIWORDSIZE=4 -DDWORDSIZE=8 -DRWORDSIZE=4 -DLWORDSIZE=4 -DNONSTANDARD_SYSTEM_FUNC  -DWRF_USE_CLM -DUSE_NETCDF4_FEATURES -DWRFIO_NCD_LARGE_FILE_SUPPORT  -DDM_PARALLEL -DNETCDF -DHDF5 -DUSE_ALLOCATABLES -DGRIB1 -DINTIO -DKEEP_INT_AROUND -DLIMIT_ARGS -DCONFIG_BUF_LEN=65536 -DMAX_DOMAINS_F=21 -DMAX_HISTORY=25 -DNMM_NEST=0  -I. -traditional -DUSE_NETCDF4_FEATURES -DWRFIO_NCD_LARGE_FILE_SUPPORT   module_bl_gbmpbl.F  > module_bl_gbmpbl.bb
/scratch/john.lawson/stochastic/stochWRF_3.8/tools/standard.exe module_bl_gbmpbl.bb | /lib/cpp -P -traditional -DUSE_NETCDF4_FEATURES -DWRFIO_NCD_LARGE_FILE_SUPPORT > module_bl_gbmpbl.f90
rm -f module_bl_gbmpbl.b module_bl_gbmpbl.bb
ftn -o module_bl_gbmpbl.o -c -ip -O3  -w -ftz -fno-alias -align all -FR -convert big_endian    -I../dyn_em -I../dyn_nmm   -I/scratch/john.lawson/stochastic/stochWRF_3.8/external/esmf_time_f90  -I/scratch/john.lawson/stochastic/stochWRF_3.8/main -I/scratch/john.lawson/stochastic/stochWRF_3.8/external/io_netcdf -I/scratch/john.lawson/stochastic/stochWRF_3.8/external/io_int -I/scratch/john.lawson/stochastic/stochWRF_3.8/frame -I/scratch/john.lawson/stochastic/stochWRF_3.8/share -I/scratch/john.lawson/stochastic/stochWRF_3.8/phys -I/scratch/john.lawson/stochastic/stochWRF_3.8/chem -I/scratch/john.lawson/stochastic/stochWRF_3.8/inc -I/opt/cray/pe/netcdf-hdf5parallel/4.4.1.1.3/INTEL/16.0/include  -real-size `expr 8 \* 4` -i4  module_bl_gbmpbl.f90
rm -f module_cu_g3.o
/lib/cpp -P -I/scratch/john.lawson/stochastic/stochWRF_3.8/inc -DEM_CORE=1 -DNMM_CORE=0 -DNMM_MAX_DIM=2600 -DCOAMPS_CORE=0 -DDA_CORE=0 -DEXP_CORE=0 -DIWORDSIZE=4 -DDWORDSIZE=8 -DRWORDSIZE=4 -DLWORDSIZE=4 -DNONSTANDARD_SYSTEM_FUNC  -DWRF_USE_CLM -DUSE_NETCDF4_FEATURES -DWRFIO_NCD_LARGE_FILE_SUPPORT  -DDM_PARALLEL -DNETCDF -DHDF5 -DUSE_ALLOCATABLES -DGRIB1 -DINTIO -DKEEP_INT_AROUND -DLIMIT_ARGS -DCONFIG_BUF_LEN=65536 -DMAX_DOMAINS_F=21 -DMAX_HISTORY=25 -DNMM_NEST=0  -I. -traditional -DUSE_NETCDF4_FEATURES -DWRFIO_NCD_LARGE_FILE_SUPPORT   module_cu_g3.F  > module_cu_g3.bb
/scratch/john.lawson/stochastic/stochWRF_3.8/tools/standard.exe module_cu_g3.bb | /lib/cpp -P -traditional -DUSE_NETCDF4_FEATURES -DWRFIO_NCD_LARGE_FILE_SUPPORT > module_cu_g3.f90
rm -f module_cu_g3.b module_cu_g3.bb
ftn -o module_cu_g3.o -c -ip -O3  -w -ftz -fno-alias -align all -FR -convert big_endian    -I../dyn_em -I../dyn_nmm   -I/scratch/john.lawson/stochastic/stochWRF_3.8/external/esmf_time_f90  -I/scratch/john.lawson/stochastic/stochWRF_3.8/main -I/scratch/john.lawson/stochastic/stochWRF_3.8/external/io_netcdf -I/scratch/john.lawson/stochastic/stochWRF_3.8/external/io_int -I/scratch/john.lawson/stochastic/stochWRF_3.8/frame -I/scratch/john.lawson/stochastic/stochWRF_3.8/share -I/scratch/john.lawson/stochastic/stochWRF_3.8/phys -I/scratch/john.lawson/stochastic/stochWRF_3.8/chem -I/scratch/john.lawson/stochastic/stochWRF_3.8/inc -I/opt/cray/pe/netcdf-hdf5parallel/4.4.1.1.3/INTEL/16.0/include  -real-size `expr 8 \* 4` -i4  module_cu_g3.f90
rm -f module_cu_kf.o
/lib/cpp -P -I/scratch/john.lawson/stochastic/stochWRF_3.8/inc -DEM_CORE=1 -DNMM_CORE=0 -DNMM_MAX_DIM=2600 -DCOAMPS_CORE=0 -DDA_CORE=0 -DEXP_CORE=0 -DIWORDSIZE=4 -DDWORDSIZE=8 -DRWORDSIZE=4 -DLWORDSIZE=4 -DNONSTANDARD_SYSTEM_FUNC  -DWRF_USE_CLM -DUSE_NETCDF4_FEATURES -DWRFIO_NCD_LARGE_FILE_SUPPORT  -DDM_PARALLEL -DNETCDF -DHDF5 -DUSE_ALLOCATABLES -DGRIB1 -DINTIO -DKEEP_INT_AROUND -DLIMIT_ARGS -DCONFIG_BUF_LEN=65536 -DMAX_DOMAINS_F=21 -DMAX_HISTORY=25 -DNMM_NEST=0  -I. -traditional -DUSE_NETCDF4_FEATURES -DWRFIO_NCD_LARGE_FILE_SUPPORT   module_cu_kf.F  > module_cu_kf.bb
/scratch/john.lawson/stochastic/stochWRF_3.8/tools/standard.exe module_cu_kf.bb | /lib/cpp -P -traditional -DUSE_NETCDF4_FEATURES -DWRFIO_NCD_LARGE_FILE_SUPPORT > module_cu_kf.f90
rm -f module_cu_kf.b module_cu_kf.bb
ftn -o module_cu_kf.o -c -ip -O3  -w -ftz -fno-alias -align all -FR -convert big_endian    -I../dyn_em -I../dyn_nmm   -I/scratch/john.lawson/stochastic/stochWRF_3.8/external/esmf_time_f90  -I/scratch/john.lawson/stochastic/stochWRF_3.8/main -I/scratch/john.lawson/stochastic/stochWRF_3.8/external/io_netcdf -I/scratch/john.lawson/stochastic/stochWRF_3.8/external/io_int -I/scratch/john.lawson/stochastic/stochWRF_3.8/frame -I/scratch/john.lawson/stochastic/stochWRF_3.8/share -I/scratch/john.lawson/stochastic/stochWRF_3.8/phys -I/scratch/john.lawson/stochastic/stochWRF_3.8/chem -I/scratch/john.lawson/stochastic/stochWRF_3.8/inc -I/opt/cray/pe/netcdf-hdf5parallel/4.4.1.1.3/INTEL/16.0/include  -real-size `expr 8 \* 4` -i4  module_cu_kf.f90
rm -f module_cu_bmj.o
/lib/cpp -P -I/scratch/john.lawson/stochastic/stochWRF_3.8/inc -DEM_CORE=1 -DNMM_CORE=0 -DNMM_MAX_DIM=2600 -DCOAMPS_CORE=0 -DDA_CORE=0 -DEXP_CORE=0 -DIWORDSIZE=4 -DDWORDSIZE=8 -DRWORDSIZE=4 -DLWORDSIZE=4 -DNONSTANDARD_SYSTEM_FUNC  -DWRF_USE_CLM -DUSE_NETCDF4_FEATURES -DWRFIO_NCD_LARGE_FILE_SUPPORT  -DDM_PARALLEL -DNETCDF -DHDF5 -DUSE_ALLOCATABLES -DGRIB1 -DINTIO -DKEEP_INT_AROUND -DLIMIT_ARGS -DCONFIG_BUF_LEN=65536 -DMAX_DOMAINS_F=21 -DMAX_HISTORY=25 -DNMM_NEST=0  -I. -traditional -DUSE_NETCDF4_FEATURES -DWRFIO_NCD_LARGE_FILE_SUPPORT   module_cu_bmj.F  > module_cu_bmj.bb
/scratch/john.lawson/stochastic/stochWRF_3.8/tools/standard.exe module_cu_bmj.bb | /lib/cpp -P -traditional -DUSE_NETCDF4_FEATURES -DWRFIO_NCD_LARGE_FILE_SUPPORT > module_cu_bmj.f90
rm -f module_cu_bmj.b module_cu_bmj.bb
ftn -o module_cu_bmj.o -c -ip -O3  -w -ftz -fno-alias -align all -FR -convert big_endian    -I../dyn_em -I../dyn_nmm   -I/scratch/john.lawson/stochastic/stochWRF_3.8/external/esmf_time_f90  -I/scratch/john.lawson/stochastic/stochWRF_3.8/main -I/scratch/john.lawson/stochastic/stochWRF_3.8/external/io_netcdf -I/scratch/john.lawson/stochastic/stochWRF_3.8/external/io_int -I/scratch/john.lawson/stochastic/stochWRF_3.8/frame -I/scratch/john.lawson/stochastic/stochWRF_3.8/share -I/scratch/john.lawson/stochastic/stochWRF_3.8/phys -I/scratch/john.lawson/stochastic/stochWRF_3.8/chem -I/scratch/john.lawson/stochastic/stochWRF_3.8/inc -I/opt/cray/pe/netcdf-hdf5parallel/4.4.1.1.3/INTEL/16.0/include  -real-size `expr 8 \* 4` -i4  module_cu_bmj.f90
rm -f module_cu_kfeta.o
/lib/cpp -P -I/scratch/john.lawson/stochastic/stochWRF_3.8/inc -DEM_CORE=1 -DNMM_CORE=0 -DNMM_MAX_DIM=2600 -DCOAMPS_CORE=0 -DDA_CORE=0 -DEXP_CORE=0 -DIWORDSIZE=4 -DDWORDSIZE=8 -DRWORDSIZE=4 -DLWORDSIZE=4 -DNONSTANDARD_SYSTEM_FUNC  -DWRF_USE_CLM -DUSE_NETCDF4_FEATURES -DWRFIO_NCD_LARGE_FILE_SUPPORT  -DDM_PARALLEL -DNETCDF -DHDF5 -DUSE_ALLOCATABLES -DGRIB1 -DINTIO -DKEEP_INT_AROUND -DLIMIT_ARGS -DCONFIG_BUF_LEN=65536 -DMAX_DOMAINS_F=21 -DMAX_HISTORY=25 -DNMM_NEST=0  -I. -traditional -DUSE_NETCDF4_FEATURES -DWRFIO_NCD_LARGE_FILE_SUPPORT   module_cu_kfeta.F  > module_cu_kfeta.bb
/scratch/john.lawson/stochastic/stochWRF_3.8/tools/standard.exe module_cu_kfeta.bb | /lib/cpp -P -traditional -DUSE_NETCDF4_FEATURES -DWRFIO_NCD_LARGE_FILE_SUPPORT > module_cu_kfeta.f90
rm -f module_cu_kfeta.b module_cu_kfeta.bb
ftn -o module_cu_kfeta.o -c -ip -O3  -w -ftz -fno-alias -align all -FR -convert big_endian    -I../dyn_em -I../dyn_nmm   -I/scratch/john.lawson/stochastic/stochWRF_3.8/external/esmf_time_f90  -I/scratch/john.lawson/stochastic/stochWRF_3.8/main -I/scratch/john.lawson/stochastic/stochWRF_3.8/external/io_netcdf -I/scratch/john.lawson/stochastic/stochWRF_3.8/external/io_int -I/scratch/john.lawson/stochastic/stochWRF_3.8/frame -I/scratch/john.lawson/stochastic/stochWRF_3.8/share -I/scratch/john.lawson/stochastic/stochWRF_3.8/phys -I/scratch/john.lawson/stochastic/stochWRF_3.8/chem -I/scratch/john.lawson/stochastic/stochWRF_3.8/inc -I/opt/cray/pe/netcdf-hdf5parallel/4.4.1.1.3/INTEL/16.0/include  -real-size `expr 8 \* 4` -i4  module_cu_kfeta.f90
rm -f module_cu_mskf.o
/lib/cpp -P -I/scratch/john.lawson/stochastic/stochWRF_3.8/inc -DEM_CORE=1 -DNMM_CORE=0 -DNMM_MAX_DIM=2600 -DCOAMPS_CORE=0 -DDA_CORE=0 -DEXP_CORE=0 -DIWORDSIZE=4 -DDWORDSIZE=8 -DRWORDSIZE=4 -DLWORDSIZE=4 -DNONSTANDARD_SYSTEM_FUNC  -DWRF_USE_CLM -DUSE_NETCDF4_FEATURES -DWRFIO_NCD_LARGE_FILE_SUPPORT  -DDM_PARALLEL -DNETCDF -DHDF5 -DUSE_ALLOCATABLES -DGRIB1 -DINTIO -DKEEP_INT_AROUND -DLIMIT_ARGS -DCONFIG_BUF_LEN=65536 -DMAX_DOMAINS_F=21 -DMAX_HISTORY=25 -DNMM_NEST=0  -I. -traditional -DUSE_NETCDF4_FEATURES -DWRFIO_NCD_LARGE_FILE_SUPPORT   module_cu_mskf.F  > module_cu_mskf.bb
/scratch/john.lawson/stochastic/stochWRF_3.8/tools/standard.exe module_cu_mskf.bb | /lib/cpp -P -traditional -DUSE_NETCDF4_FEATURES -DWRFIO_NCD_LARGE_FILE_SUPPORT > module_cu_mskf.f90
rm -f module_cu_mskf.b module_cu_mskf.bb
ftn -o module_cu_mskf.o -c -ip -O3  -w -ftz -fno-alias -align all -FR -convert big_endian    -I../dyn_em -I../dyn_nmm   -I/scratch/john.lawson/stochastic/stochWRF_3.8/external/esmf_time_f90  -I/scratch/john.lawson/stochastic/stochWRF_3.8/main -I/scratch/john.lawson/stochastic/stochWRF_3.8/external/io_netcdf -I/scratch/john.lawson/stochastic/stochWRF_3.8/external/io_int -I/scratch/john.lawson/stochastic/stochWRF_3.8/frame -I/scratch/john.lawson/stochastic/stochWRF_3.8/share -I/scratch/john.lawson/stochastic/stochWRF_3.8/phys -I/scratch/john.lawson/stochastic/stochWRF_3.8/chem -I/scratch/john.lawson/stochastic/stochWRF_3.8/inc -I/opt/cray/pe/netcdf-hdf5parallel/4.4.1.1.3/INTEL/16.0/include  -real-size `expr 8 \* 4` -i4  module_cu_mskf.f90
rm -f module_cu_ntiedtke.o
/lib/cpp -P -I/scratch/john.lawson/stochastic/stochWRF_3.8/inc -DEM_CORE=1 -DNMM_CORE=0 -DNMM_MAX_DIM=2600 -DCOAMPS_CORE=0 -DDA_CORE=0 -DEXP_CORE=0 -DIWORDSIZE=4 -DDWORDSIZE=8 -DRWORDSIZE=4 -DLWORDSIZE=4 -DNONSTANDARD_SYSTEM_FUNC  -DWRF_USE_CLM -DUSE_NETCDF4_FEATURES -DWRFIO_NCD_LARGE_FILE_SUPPORT  -DDM_PARALLEL -DNETCDF -DHDF5 -DUSE_ALLOCATABLES -DGRIB1 -DINTIO -DKEEP_INT_AROUND -DLIMIT_ARGS -DCONFIG_BUF_LEN=65536 -DMAX_DOMAINS_F=21 -DMAX_HISTORY=25 -DNMM_NEST=0  -I. -traditional -DUSE_NETCDF4_FEATURES -DWRFIO_NCD_LARGE_FILE_SUPPORT   module_cu_ntiedtke.F  > module_cu_ntiedtke.bb
/scratch/john.lawson/stochastic/stochWRF_3.8/tools/standard.exe module_cu_ntiedtke.bb | /lib/cpp -P -traditional -DUSE_NETCDF4_FEATURES -DWRFIO_NCD_LARGE_FILE_SUPPORT > module_cu_ntiedtke.f90
rm -f module_cu_ntiedtke.b module_cu_ntiedtke.bb
ftn -o module_cu_ntiedtke.o -c -ip -O3  -w -ftz -fno-alias -align all -FR -convert big_endian    -I../dyn_em -I../dyn_nmm   -I/scratch/john.lawson/stochastic/stochWRF_3.8/external/esmf_time_f90  -I/scratch/john.lawson/stochastic/stochWRF_3.8/main -I/scratch/john.lawson/stochastic/stochWRF_3.8/external/io_netcdf -I/scratch/john.lawson/stochastic/stochWRF_3.8/external/io_int -I/scratch/john.lawson/stochastic/stochWRF_3.8/frame -I/scratch/john.lawson/stochastic/stochWRF_3.8/share -I/scratch/john.lawson/stochastic/stochWRF_3.8/phys -I/scratch/john.lawson/stochastic/stochWRF_3.8/chem -I/scratch/john.lawson/stochastic/stochWRF_3.8/inc -I/opt/cray/pe/netcdf-hdf5parallel/4.4.1.1.3/INTEL/16.0/include  -real-size `expr 8 \* 4` -i4  module_cu_ntiedtke.f90
rm -f module_cu_gd.o
/lib/cpp -P -I/scratch/john.lawson/stochastic/stochWRF_3.8/inc -DEM_CORE=1 -DNMM_CORE=0 -DNMM_MAX_DIM=2600 -DCOAMPS_CORE=0 -DDA_CORE=0 -DEXP_CORE=0 -DIWORDSIZE=4 -DDWORDSIZE=8 -DRWORDSIZE=4 -DLWORDSIZE=4 -DNONSTANDARD_SYSTEM_FUNC  -DWRF_USE_CLM -DUSE_NETCDF4_FEATURES -DWRFIO_NCD_LARGE_FILE_SUPPORT  -DDM_PARALLEL -DNETCDF -DHDF5 -DUSE_ALLOCATABLES -DGRIB1 -DINTIO -DKEEP_INT_AROUND -DLIMIT_ARGS -DCONFIG_BUF_LEN=65536 -DMAX_DOMAINS_F=21 -DMAX_HISTORY=25 -DNMM_NEST=0  -I. -traditional -DUSE_NETCDF4_FEATURES -DWRFIO_NCD_LARGE_FILE_SUPPORT   module_cu_gd.F  > module_cu_gd.bb
/scratch/john.lawson/stochastic/stochWRF_3.8/tools/standard.exe module_cu_gd.bb | /lib/cpp -P -traditional -DUSE_NETCDF4_FEATURES -DWRFIO_NCD_LARGE_FILE_SUPPORT > module_cu_gd.f90
rm -f module_cu_gd.b module_cu_gd.bb
ftn -o module_cu_gd.o -c -ip -O3  -w -ftz -fno-alias -align all -FR -convert big_endian    -I../dyn_em -I../dyn_nmm   -I/scratch/john.lawson/stochastic/stochWRF_3.8/external/esmf_time_f90  -I/scratch/john.lawson/stochastic/stochWRF_3.8/main -I/scratch/john.lawson/stochastic/stochWRF_3.8/external/io_netcdf -I/scratch/john.lawson/stochastic/stochWRF_3.8/external/io_int -I/scratch/john.lawson/stochastic/stochWRF_3.8/frame -I/scratch/john.lawson/stochastic/stochWRF_3.8/share -I/scratch/john.lawson/stochastic/stochWRF_3.8/phys -I/scratch/john.lawson/stochastic/stochWRF_3.8/chem -I/scratch/john.lawson/stochastic/stochWRF_3.8/inc -I/opt/cray/pe/netcdf-hdf5parallel/4.4.1.1.3/INTEL/16.0/include  -real-size `expr 8 \* 4` -i4  module_cu_gd.f90
rm -f module_cu_gf.o
/lib/cpp -P -I/scratch/john.lawson/stochastic/stochWRF_3.8/inc -DEM_CORE=1 -DNMM_CORE=0 -DNMM_MAX_DIM=2600 -DCOAMPS_CORE=0 -DDA_CORE=0 -DEXP_CORE=0 -DIWORDSIZE=4 -DDWORDSIZE=8 -DRWORDSIZE=4 -DLWORDSIZE=4 -DNONSTANDARD_SYSTEM_FUNC  -DWRF_USE_CLM -DUSE_NETCDF4_FEATURES -DWRFIO_NCD_LARGE_FILE_SUPPORT  -DDM_PARALLEL -DNETCDF -DHDF5 -DUSE_ALLOCATABLES -DGRIB1 -DINTIO -DKEEP_INT_AROUND -DLIMIT_ARGS -DCONFIG_BUF_LEN=65536 -DMAX_DOMAINS_F=21 -DMAX_HISTORY=25 -DNMM_NEST=0  -I. -traditional -DUSE_NETCDF4_FEATURES -DWRFIO_NCD_LARGE_FILE_SUPPORT   module_cu_gf.F  > module_cu_gf.bb
/scratch/john.lawson/stochastic/stochWRF_3.8/tools/standard.exe module_cu_gf.bb | /lib/cpp -P -traditional -DUSE_NETCDF4_FEATURES -DWRFIO_NCD_LARGE_FILE_SUPPORT > module_cu_gf.f90
rm -f module_cu_gf.b module_cu_gf.bb
ftn -o module_cu_gf.o -c -ip -O3  -w -ftz -fno-alias -align all -FR -convert big_endian    -I../dyn_em -I../dyn_nmm   -I/scratch/john.lawson/stochastic/stochWRF_3.8/external/esmf_time_f90  -I/scratch/john.lawson/stochastic/stochWRF_3.8/main -I/scratch/john.lawson/stochastic/stochWRF_3.8/external/io_netcdf -I/scratch/john.lawson/stochastic/stochWRF_3.8/external/io_int -I/scratch/john.lawson/stochastic/stochWRF_3.8/frame -I/scratch/john.lawson/stochastic/stochWRF_3.8/share -I/scratch/john.lawson/stochastic/stochWRF_3.8/phys -I/scratch/john.lawson/stochastic/stochWRF_3.8/chem -I/scratch/john.lawson/stochastic/stochWRF_3.8/inc -I/opt/cray/pe/netcdf-hdf5parallel/4.4.1.1.3/INTEL/16.0/include  -real-size `expr 8 \* 4` -i4  module_cu_gf.f90
rm -f module_cu_nsas.o
/lib/cpp -P -I/scratch/john.lawson/stochastic/stochWRF_3.8/inc -DEM_CORE=1 -DNMM_CORE=0 -DNMM_MAX_DIM=2600 -DCOAMPS_CORE=0 -DDA_CORE=0 -DEXP_CORE=0 -DIWORDSIZE=4 -DDWORDSIZE=8 -DRWORDSIZE=4 -DLWORDSIZE=4 -DNONSTANDARD_SYSTEM_FUNC  -DWRF_USE_CLM -DUSE_NETCDF4_FEATURES -DWRFIO_NCD_LARGE_FILE_SUPPORT  -DDM_PARALLEL -DNETCDF -DHDF5 -DUSE_ALLOCATABLES -DGRIB1 -DINTIO -DKEEP_INT_AROUND -DLIMIT_ARGS -DCONFIG_BUF_LEN=65536 -DMAX_DOMAINS_F=21 -DMAX_HISTORY=25 -DNMM_NEST=0  -I. -traditional -DUSE_NETCDF4_FEATURES -DWRFIO_NCD_LARGE_FILE_SUPPORT   module_cu_nsas.F  > module_cu_nsas.bb
/scratch/john.lawson/stochastic/stochWRF_3.8/tools/standard.exe module_cu_nsas.bb | /lib/cpp -P -traditional -DUSE_NETCDF4_FEATURES -DWRFIO_NCD_LARGE_FILE_SUPPORT > module_cu_nsas.f90
rm -f module_cu_nsas.b module_cu_nsas.bb
ftn -o module_cu_nsas.o -c -ip -O3  -w -ftz -fno-alias -align all -FR -convert big_endian    -I../dyn_em -I../dyn_nmm   -I/scratch/john.lawson/stochastic/stochWRF_3.8/external/esmf_time_f90  -I/scratch/john.lawson/stochastic/stochWRF_3.8/main -I/scratch/john.lawson/stochastic/stochWRF_3.8/external/io_netcdf -I/scratch/john.lawson/stochastic/stochWRF_3.8/external/io_int -I/scratch/john.lawson/stochastic/stochWRF_3.8/frame -I/scratch/john.lawson/stochastic/stochWRF_3.8/share -I/scratch/john.lawson/stochastic/stochWRF_3.8/phys -I/scratch/john.lawson/stochastic/stochWRF_3.8/chem -I/scratch/john.lawson/stochastic/stochWRF_3.8/inc -I/opt/cray/pe/netcdf-hdf5parallel/4.4.1.1.3/INTEL/16.0/include  -real-size `expr 8 \* 4` -i4  module_cu_nsas.f90
rm -f module_ra_sw.o
/lib/cpp -P -I/scratch/john.lawson/stochastic/stochWRF_3.8/inc -DEM_CORE=1 -DNMM_CORE=0 -DNMM_MAX_DIM=2600 -DCOAMPS_CORE=0 -DDA_CORE=0 -DEXP_CORE=0 -DIWORDSIZE=4 -DDWORDSIZE=8 -DRWORDSIZE=4 -DLWORDSIZE=4 -DNONSTANDARD_SYSTEM_FUNC  -DWRF_USE_CLM -DUSE_NETCDF4_FEATURES -DWRFIO_NCD_LARGE_FILE_SUPPORT  -DDM_PARALLEL -DNETCDF -DHDF5 -DUSE_ALLOCATABLES -DGRIB1 -DINTIO -DKEEP_INT_AROUND -DLIMIT_ARGS -DCONFIG_BUF_LEN=65536 -DMAX_DOMAINS_F=21 -DMAX_HISTORY=25 -DNMM_NEST=0  -I. -traditional -DUSE_NETCDF4_FEATURES -DWRFIO_NCD_LARGE_FILE_SUPPORT   module_ra_sw.F  > module_ra_sw.bb
/scratch/john.lawson/stochastic/stochWRF_3.8/tools/standard.exe module_ra_sw.bb | /lib/cpp -P -traditional -DUSE_NETCDF4_FEATURES -DWRFIO_NCD_LARGE_FILE_SUPPORT > module_ra_sw.f90
rm -f module_ra_sw.b module_ra_sw.bb
ftn -o module_ra_sw.o -c -ip -O3  -w -ftz -fno-alias -align all -FR -convert big_endian    -I../dyn_em -I../dyn_nmm   -I/scratch/john.lawson/stochastic/stochWRF_3.8/external/esmf_time_f90  -I/scratch/john.lawson/stochastic/stochWRF_3.8/main -I/scratch/john.lawson/stochastic/stochWRF_3.8/external/io_netcdf -I/scratch/john.lawson/stochastic/stochWRF_3.8/external/io_int -I/scratch/john.lawson/stochastic/stochWRF_3.8/frame -I/scratch/john.lawson/stochastic/stochWRF_3.8/share -I/scratch/john.lawson/stochastic/stochWRF_3.8/phys -I/scratch/john.lawson/stochastic/stochWRF_3.8/chem -I/scratch/john.lawson/stochastic/stochWRF_3.8/inc -I/opt/cray/pe/netcdf-hdf5parallel/4.4.1.1.3/INTEL/16.0/include  -real-size `expr 8 \* 4` -i4  module_ra_sw.f90
rm -f module_ra_gsfcsw.o
/lib/cpp -P -I/scratch/john.lawson/stochastic/stochWRF_3.8/inc -DEM_CORE=1 -DNMM_CORE=0 -DNMM_MAX_DIM=2600 -DCOAMPS_CORE=0 -DDA_CORE=0 -DEXP_CORE=0 -DIWORDSIZE=4 -DDWORDSIZE=8 -DRWORDSIZE=4 -DLWORDSIZE=4 -DNONSTANDARD_SYSTEM_FUNC  -DWRF_USE_CLM -DUSE_NETCDF4_FEATURES -DWRFIO_NCD_LARGE_FILE_SUPPORT  -DDM_PARALLEL -DNETCDF -DHDF5 -DUSE_ALLOCATABLES -DGRIB1 -DINTIO -DKEEP_INT_AROUND -DLIMIT_ARGS -DCONFIG_BUF_LEN=65536 -DMAX_DOMAINS_F=21 -DMAX_HISTORY=25 -DNMM_NEST=0  -I. -traditional -DUSE_NETCDF4_FEATURES -DWRFIO_NCD_LARGE_FILE_SUPPORT   module_ra_gsfcsw.F  > module_ra_gsfcsw.bb
/scratch/john.lawson/stochastic/stochWRF_3.8/tools/standard.exe module_ra_gsfcsw.bb | /lib/cpp -P -traditional -DUSE_NETCDF4_FEATURES -DWRFIO_NCD_LARGE_FILE_SUPPORT > module_ra_gsfcsw.f90
rm -f module_ra_gsfcsw.b module_ra_gsfcsw.bb
ftn -o module_ra_gsfcsw.o -c -ip -O3  -w -ftz -fno-alias -align all -FR -convert big_endian    -I../dyn_em -I../dyn_nmm   -I/scratch/john.lawson/stochastic/stochWRF_3.8/external/esmf_time_f90  -I/scratch/john.lawson/stochastic/stochWRF_3.8/main -I/scratch/john.lawson/stochastic/stochWRF_3.8/external/io_netcdf -I/scratch/john.lawson/stochastic/stochWRF_3.8/external/io_int -I/scratch/john.lawson/stochastic/stochWRF_3.8/frame -I/scratch/john.lawson/stochastic/stochWRF_3.8/share -I/scratch/john.lawson/stochastic/stochWRF_3.8/phys -I/scratch/john.lawson/stochastic/stochWRF_3.8/chem -I/scratch/john.lawson/stochastic/stochWRF_3.8/inc -I/opt/cray/pe/netcdf-hdf5parallel/4.4.1.1.3/INTEL/16.0/include  -real-size `expr 8 \* 4` -i4  module_ra_gsfcsw.f90
rm -f module_ra_clWRF_support.o
/lib/cpp -P -I/scratch/john.lawson/stochastic/stochWRF_3.8/inc -DEM_CORE=1 -DNMM_CORE=0 -DNMM_MAX_DIM=2600 -DCOAMPS_CORE=0 -DDA_CORE=0 -DEXP_CORE=0 -DIWORDSIZE=4 -DDWORDSIZE=8 -DRWORDSIZE=4 -DLWORDSIZE=4 -DNONSTANDARD_SYSTEM_FUNC  -DWRF_USE_CLM -DUSE_NETCDF4_FEATURES -DWRFIO_NCD_LARGE_FILE_SUPPORT  -DDM_PARALLEL -DNETCDF -DHDF5 -DUSE_ALLOCATABLES -DGRIB1 -DINTIO -DKEEP_INT_AROUND -DLIMIT_ARGS -DCONFIG_BUF_LEN=65536 -DMAX_DOMAINS_F=21 -DMAX_HISTORY=25 -DNMM_NEST=0  -I. -traditional -DUSE_NETCDF4_FEATURES -DWRFIO_NCD_LARGE_FILE_SUPPORT   module_ra_clWRF_support.F  > module_ra_clWRF_support.bb
/scratch/john.lawson/stochastic/stochWRF_3.8/tools/standard.exe module_ra_clWRF_support.bb | /lib/cpp -P -traditional -DUSE_NETCDF4_FEATURES -DWRFIO_NCD_LARGE_FILE_SUPPORT > module_ra_clWRF_support.f90
rm -f module_ra_clWRF_support.b module_ra_clWRF_support.bb
ftn -o module_ra_clWRF_support.o -c -ip -O3  -w -ftz -fno-alias -align all -FR -convert big_endian    -I../dyn_em -I../dyn_nmm   -I/scratch/john.lawson/stochastic/stochWRF_3.8/external/esmf_time_f90  -I/scratch/john.lawson/stochastic/stochWRF_3.8/main -I/scratch/john.lawson/stochastic/stochWRF_3.8/external/io_netcdf -I/scratch/john.lawson/stochastic/stochWRF_3.8/external/io_int -I/scratch/john.lawson/stochastic/stochWRF_3.8/frame -I/scratch/john.lawson/stochastic/stochWRF_3.8/share -I/scratch/john.lawson/stochastic/stochWRF_3.8/phys -I/scratch/john.lawson/stochastic/stochWRF_3.8/chem -I/scratch/john.lawson/stochastic/stochWRF_3.8/inc -I/opt/cray/pe/netcdf-hdf5parallel/4.4.1.1.3/INTEL/16.0/include  -real-size `expr 8 \* 4` -i4  module_ra_clWRF_support.f90
rm -f module_mp_etanew.o
/lib/cpp -P -I/scratch/john.lawson/stochastic/stochWRF_3.8/inc -DEM_CORE=1 -DNMM_CORE=0 -DNMM_MAX_DIM=2600 -DCOAMPS_CORE=0 -DDA_CORE=0 -DEXP_CORE=0 -DIWORDSIZE=4 -DDWORDSIZE=8 -DRWORDSIZE=4 -DLWORDSIZE=4 -DNONSTANDARD_SYSTEM_FUNC  -DWRF_USE_CLM -DUSE_NETCDF4_FEATURES -DWRFIO_NCD_LARGE_FILE_SUPPORT  -DDM_PARALLEL -DNETCDF -DHDF5 -DUSE_ALLOCATABLES -DGRIB1 -DINTIO -DKEEP_INT_AROUND -DLIMIT_ARGS -DCONFIG_BUF_LEN=65536 -DMAX_DOMAINS_F=21 -DMAX_HISTORY=25 -DNMM_NEST=0  -I. -traditional -DUSE_NETCDF4_FEATURES -DWRFIO_NCD_LARGE_FILE_SUPPORT   module_mp_etanew.F  > module_mp_etanew.bb
/scratch/john.lawson/stochastic/stochWRF_3.8/tools/standard.exe module_mp_etanew.bb | /lib/cpp -P -traditional -DUSE_NETCDF4_FEATURES -DWRFIO_NCD_LARGE_FILE_SUPPORT > module_mp_etanew.f90
rm -f module_mp_etanew.b module_mp_etanew.bb
ftn -o module_mp_etanew.o -c -ip -O3  -w -ftz -fno-alias -align all -FR -convert big_endian    -I../dyn_em -I../dyn_nmm   -I/scratch/john.lawson/stochastic/stochWRF_3.8/external/esmf_time_f90  -I/scratch/john.lawson/stochastic/stochWRF_3.8/main -I/scratch/john.lawson/stochastic/stochWRF_3.8/external/io_netcdf -I/scratch/john.lawson/stochastic/stochWRF_3.8/external/io_int -I/scratch/john.lawson/stochastic/stochWRF_3.8/frame -I/scratch/john.lawson/stochastic/stochWRF_3.8/share -I/scratch/john.lawson/stochastic/stochWRF_3.8/phys -I/scratch/john.lawson/stochastic/stochWRF_3.8/chem -I/scratch/john.lawson/stochastic/stochWRF_3.8/inc -I/opt/cray/pe/netcdf-hdf5parallel/4.4.1.1.3/INTEL/16.0/include  -real-size `expr 8 \* 4` -i4  module_mp_etanew.f90
rm -f module_mp_HWRF.o
/lib/cpp -P -I/scratch/john.lawson/stochastic/stochWRF_3.8/inc -DEM_CORE=1 -DNMM_CORE=0 -DNMM_MAX_DIM=2600 -DCOAMPS_CORE=0 -DDA_CORE=0 -DEXP_CORE=0 -DIWORDSIZE=4 -DDWORDSIZE=8 -DRWORDSIZE=4 -DLWORDSIZE=4 -DNONSTANDARD_SYSTEM_FUNC  -DWRF_USE_CLM -DUSE_NETCDF4_FEATURES -DWRFIO_NCD_LARGE_FILE_SUPPORT  -DDM_PARALLEL -DNETCDF -DHDF5 -DUSE_ALLOCATABLES -DGRIB1 -DINTIO -DKEEP_INT_AROUND -DLIMIT_ARGS -DCONFIG_BUF_LEN=65536 -DMAX_DOMAINS_F=21 -DMAX_HISTORY=25 -DNMM_NEST=0  -I. -traditional -DUSE_NETCDF4_FEATURES -DWRFIO_NCD_LARGE_FILE_SUPPORT   module_mp_HWRF.F  > module_mp_HWRF.bb
/scratch/john.lawson/stochastic/stochWRF_3.8/tools/standard.exe module_mp_HWRF.bb | /lib/cpp -P -traditional -DUSE_NETCDF4_FEATURES -DWRFIO_NCD_LARGE_FILE_SUPPORT > module_mp_HWRF.f90
rm -f module_mp_HWRF.b module_mp_HWRF.bb
ftn -o module_mp_HWRF.o -c -ip -O3  -w -ftz -fno-alias -align all -FR -convert big_endian    -I../dyn_em -I../dyn_nmm   -I/scratch/john.lawson/stochastic/stochWRF_3.8/external/esmf_time_f90  -I/scratch/john.lawson/stochastic/stochWRF_3.8/main -I/scratch/john.lawson/stochastic/stochWRF_3.8/external/io_netcdf -I/scratch/john.lawson/stochastic/stochWRF_3.8/external/io_int -I/scratch/john.lawson/stochastic/stochWRF_3.8/frame -I/scratch/john.lawson/stochastic/stochWRF_3.8/share -I/scratch/john.lawson/stochastic/stochWRF_3.8/phys -I/scratch/john.lawson/stochastic/stochWRF_3.8/chem -I/scratch/john.lawson/stochastic/stochWRF_3.8/inc -I/opt/cray/pe/netcdf-hdf5parallel/4.4.1.1.3/INTEL/16.0/include  -real-size `expr 8 \* 4` -i4  module_mp_HWRF.f90
rm -f module_ra_hs.o
/lib/cpp -P -I/scratch/john.lawson/stochastic/stochWRF_3.8/inc -DEM_CORE=1 -DNMM_CORE=0 -DNMM_MAX_DIM=2600 -DCOAMPS_CORE=0 -DDA_CORE=0 -DEXP_CORE=0 -DIWORDSIZE=4 -DDWORDSIZE=8 -DRWORDSIZE=4 -DLWORDSIZE=4 -DNONSTANDARD_SYSTEM_FUNC  -DWRF_USE_CLM -DUSE_NETCDF4_FEATURES -DWRFIO_NCD_LARGE_FILE_SUPPORT  -DDM_PARALLEL -DNETCDF -DHDF5 -DUSE_ALLOCATABLES -DGRIB1 -DINTIO -DKEEP_INT_AROUND -DLIMIT_ARGS -DCONFIG_BUF_LEN=65536 -DMAX_DOMAINS_F=21 -DMAX_HISTORY=25 -DNMM_NEST=0  -I. -traditional -DUSE_NETCDF4_FEATURES -DWRFIO_NCD_LARGE_FILE_SUPPORT   module_ra_hs.F  > module_ra_hs.bb
/scratch/john.lawson/stochastic/stochWRF_3.8/tools/standard.exe module_ra_hs.bb | /lib/cpp -P -traditional -DUSE_NETCDF4_FEATURES -DWRFIO_NCD_LARGE_FILE_SUPPORT > module_ra_hs.f90
rm -f module_ra_hs.b module_ra_hs.bb
ftn -o module_ra_hs.o -c -ip -O3  -w -ftz -fno-alias -align all -FR -convert big_endian    -I../dyn_em -I../dyn_nmm   -I/scratch/john.lawson/stochastic/stochWRF_3.8/external/esmf_time_f90  -I/scratch/john.lawson/stochastic/stochWRF_3.8/main -I/scratch/john.lawson/stochastic/stochWRF_3.8/external/io_netcdf -I/scratch/john.lawson/stochastic/stochWRF_3.8/external/io_int -I/scratch/john.lawson/stochastic/stochWRF_3.8/frame -I/scratch/john.lawson/stochastic/stochWRF_3.8/share -I/scratch/john.lawson/stochastic/stochWRF_3.8/phys -I/scratch/john.lawson/stochastic/stochWRF_3.8/chem -I/scratch/john.lawson/stochastic/stochWRF_3.8/inc -I/opt/cray/pe/netcdf-hdf5parallel/4.4.1.1.3/INTEL/16.0/include  -real-size `expr 8 \* 4` -i4  module_ra_hs.f90
rm -f module_ra_goddard.o
/lib/cpp -P -I/scratch/john.lawson/stochastic/stochWRF_3.8/inc -DEM_CORE=1 -DNMM_CORE=0 -DNMM_MAX_DIM=2600 -DCOAMPS_CORE=0 -DDA_CORE=0 -DEXP_CORE=0 -DIWORDSIZE=4 -DDWORDSIZE=8 -DRWORDSIZE=4 -DLWORDSIZE=4 -DNONSTANDARD_SYSTEM_FUNC  -DWRF_USE_CLM -DUSE_NETCDF4_FEATURES -DWRFIO_NCD_LARGE_FILE_SUPPORT  -DDM_PARALLEL -DNETCDF -DHDF5 -DUSE_ALLOCATABLES -DGRIB1 -DINTIO -DKEEP_INT_AROUND -DLIMIT_ARGS -DCONFIG_BUF_LEN=65536 -DMAX_DOMAINS_F=21 -DMAX_HISTORY=25 -DNMM_NEST=0  -I. -traditional -DUSE_NETCDF4_FEATURES -DWRFIO_NCD_LARGE_FILE_SUPPORT   module_ra_goddard.F  > module_ra_goddard.bb
/scratch/john.lawson/stochastic/stochWRF_3.8/tools/standard.exe module_ra_goddard.bb | /lib/cpp -P -traditional -DUSE_NETCDF4_FEATURES -DWRFIO_NCD_LARGE_FILE_SUPPORT > module_ra_goddard.f90
rm -f module_ra_goddard.b module_ra_goddard.bb
ftn -o module_ra_goddard.o -c -ip -O3  -w -ftz -fno-alias -align all -FR -convert big_endian    -I../dyn_em -I../dyn_nmm   -I/scratch/john.lawson/stochastic/stochWRF_3.8/external/esmf_time_f90  -I/scratch/john.lawson/stochastic/stochWRF_3.8/main -I/scratch/john.lawson/stochastic/stochWRF_3.8/external/io_netcdf -I/scratch/john.lawson/stochastic/stochWRF_3.8/external/io_int -I/scratch/john.lawson/stochastic/stochWRF_3.8/frame -I/scratch/john.lawson/stochastic/stochWRF_3.8/share -I/scratch/john.lawson/stochastic/stochWRF_3.8/phys -I/scratch/john.lawson/stochastic/stochWRF_3.8/chem -I/scratch/john.lawson/stochastic/stochWRF_3.8/inc -I/opt/cray/pe/netcdf-hdf5parallel/4.4.1.1.3/INTEL/16.0/include  -real-size `expr 8 \* 4` -i4  module_ra_goddard.f90
rm -f module_ra_flg.o
/lib/cpp -P -I/scratch/john.lawson/stochastic/stochWRF_3.8/inc -DEM_CORE=1 -DNMM_CORE=0 -DNMM_MAX_DIM=2600 -DCOAMPS_CORE=0 -DDA_CORE=0 -DEXP_CORE=0 -DIWORDSIZE=4 -DDWORDSIZE=8 -DRWORDSIZE=4 -DLWORDSIZE=4 -DNONSTANDARD_SYSTEM_FUNC  -DWRF_USE_CLM -DUSE_NETCDF4_FEATURES -DWRFIO_NCD_LARGE_FILE_SUPPORT  -DDM_PARALLEL -DNETCDF -DHDF5 -DUSE_ALLOCATABLES -DGRIB1 -DINTIO -DKEEP_INT_AROUND -DLIMIT_ARGS -DCONFIG_BUF_LEN=65536 -DMAX_DOMAINS_F=21 -DMAX_HISTORY=25 -DNMM_NEST=0  -I. -traditional -DUSE_NETCDF4_FEATURES -DWRFIO_NCD_LARGE_FILE_SUPPORT   module_ra_flg.F  > module_ra_flg.bb
/scratch/john.lawson/stochastic/stochWRF_3.8/tools/standard.exe module_ra_flg.bb | /lib/cpp -P -traditional -DUSE_NETCDF4_FEATURES -DWRFIO_NCD_LARGE_FILE_SUPPORT > module_ra_flg.f90
rm -f module_ra_flg.b module_ra_flg.bb
ftn -o module_ra_flg.o -c -ip -O3  -w -ftz -fno-alias -align all -FR -convert big_endian    -I../dyn_em -I../dyn_nmm   -I/scratch/john.lawson/stochastic/stochWRF_3.8/external/esmf_time_f90  -I/scratch/john.lawson/stochastic/stochWRF_3.8/main -I/scratch/john.lawson/stochastic/stochWRF_3.8/external/io_netcdf -I/scratch/john.lawson/stochastic/stochWRF_3.8/external/io_int -I/scratch/john.lawson/stochastic/stochWRF_3.8/frame -I/scratch/john.lawson/stochastic/stochWRF_3.8/share -I/scratch/john.lawson/stochastic/stochWRF_3.8/phys -I/scratch/john.lawson/stochastic/stochWRF_3.8/chem -I/scratch/john.lawson/stochastic/stochWRF_3.8/inc -I/opt/cray/pe/netcdf-hdf5parallel/4.4.1.1.3/INTEL/16.0/include  -real-size `expr 8 \* 4` -i4  module_ra_flg.f90
rm -f module_ra_aerosol.o
/lib/cpp -P -I/scratch/john.lawson/stochastic/stochWRF_3.8/inc -DEM_CORE=1 -DNMM_CORE=0 -DNMM_MAX_DIM=2600 -DCOAMPS_CORE=0 -DDA_CORE=0 -DEXP_CORE=0 -DIWORDSIZE=4 -DDWORDSIZE=8 -DRWORDSIZE=4 -DLWORDSIZE=4 -DNONSTANDARD_SYSTEM_FUNC  -DWRF_USE_CLM -DUSE_NETCDF4_FEATURES -DWRFIO_NCD_LARGE_FILE_SUPPORT  -DDM_PARALLEL -DNETCDF -DHDF5 -DUSE_ALLOCATABLES -DGRIB1 -DINTIO -DKEEP_INT_AROUND -DLIMIT_ARGS -DCONFIG_BUF_LEN=65536 -DMAX_DOMAINS_F=21 -DMAX_HISTORY=25 -DNMM_NEST=0  -I. -traditional -DUSE_NETCDF4_FEATURES -DWRFIO_NCD_LARGE_FILE_SUPPORT   module_ra_aerosol.F  > module_ra_aerosol.bb
/scratch/john.lawson/stochastic/stochWRF_3.8/tools/standard.exe module_ra_aerosol.bb | /lib/cpp -P -traditional -DUSE_NETCDF4_FEATURES -DWRFIO_NCD_LARGE_FILE_SUPPORT > module_ra_aerosol.f90
rm -f module_ra_aerosol.b module_ra_aerosol.bb
ftn -o module_ra_aerosol.o -c -ip -O3  -w -ftz -fno-alias -align all -FR -convert big_endian    -I../dyn_em -I../dyn_nmm   -I/scratch/john.lawson/stochastic/stochWRF_3.8/external/esmf_time_f90  -I/scratch/john.lawson/stochastic/stochWRF_3.8/main -I/scratch/john.lawson/stochastic/stochWRF_3.8/external/io_netcdf -I/scratch/john.lawson/stochastic/stochWRF_3.8/external/io_int -I/scratch/john.lawson/stochastic/stochWRF_3.8/frame -I/scratch/john.lawson/stochastic/stochWRF_3.8/share -I/scratch/john.lawson/stochastic/stochWRF_3.8/phys -I/scratch/john.lawson/stochastic/stochWRF_3.8/chem -I/scratch/john.lawson/stochastic/stochWRF_3.8/inc -I/opt/cray/pe/netcdf-hdf5parallel/4.4.1.1.3/INTEL/16.0/include  -real-size `expr 8 \* 4` -i4  module_ra_aerosol.f90
rm -f module_mp_radar.o
/lib/cpp -P -I/scratch/john.lawson/stochastic/stochWRF_3.8/inc -DEM_CORE=1 -DNMM_CORE=0 -DNMM_MAX_DIM=2600 -DCOAMPS_CORE=0 -DDA_CORE=0 -DEXP_CORE=0 -DIWORDSIZE=4 -DDWORDSIZE=8 -DRWORDSIZE=4 -DLWORDSIZE=4 -DNONSTANDARD_SYSTEM_FUNC  -DWRF_USE_CLM -DUSE_NETCDF4_FEATURES -DWRFIO_NCD_LARGE_FILE_SUPPORT  -DDM_PARALLEL -DNETCDF -DHDF5 -DUSE_ALLOCATABLES -DGRIB1 -DINTIO -DKEEP_INT_AROUND -DLIMIT_ARGS -DCONFIG_BUF_LEN=65536 -DMAX_DOMAINS_F=21 -DMAX_HISTORY=25 -DNMM_NEST=0  -I. -traditional -DUSE_NETCDF4_FEATURES -DWRFIO_NCD_LARGE_FILE_SUPPORT   module_mp_radar.F  > module_mp_radar.bb
/scratch/john.lawson/stochastic/stochWRF_3.8/tools/standard.exe module_mp_radar.bb | /lib/cpp -P -traditional -DUSE_NETCDF4_FEATURES -DWRFIO_NCD_LARGE_FILE_SUPPORT > module_mp_radar.f90
rm -f module_mp_radar.b module_mp_radar.bb
ftn -o module_mp_radar.o -c -ip -O3  -w -ftz -fno-alias -align all -FR -convert big_endian    -I../dyn_em -I../dyn_nmm   -I/scratch/john.lawson/stochastic/stochWRF_3.8/external/esmf_time_f90  -I/scratch/john.lawson/stochastic/stochWRF_3.8/main -I/scratch/john.lawson/stochastic/stochWRF_3.8/external/io_netcdf -I/scratch/john.lawson/stochastic/stochWRF_3.8/external/io_int -I/scratch/john.lawson/stochastic/stochWRF_3.8/frame -I/scratch/john.lawson/stochastic/stochWRF_3.8/share -I/scratch/john.lawson/stochastic/stochWRF_3.8/phys -I/scratch/john.lawson/stochastic/stochWRF_3.8/chem -I/scratch/john.lawson/stochastic/stochWRF_3.8/inc -I/opt/cray/pe/netcdf-hdf5parallel/4.4.1.1.3/INTEL/16.0/include  -real-size `expr 8 \* 4` -i4  module_mp_radar.f90
rm -f module_mp_kessler.o
/lib/cpp -P -I/scratch/john.lawson/stochastic/stochWRF_3.8/inc -DEM_CORE=1 -DNMM_CORE=0 -DNMM_MAX_DIM=2600 -DCOAMPS_CORE=0 -DDA_CORE=0 -DEXP_CORE=0 -DIWORDSIZE=4 -DDWORDSIZE=8 -DRWORDSIZE=4 -DLWORDSIZE=4 -DNONSTANDARD_SYSTEM_FUNC  -DWRF_USE_CLM -DUSE_NETCDF4_FEATURES -DWRFIO_NCD_LARGE_FILE_SUPPORT  -DDM_PARALLEL -DNETCDF -DHDF5 -DUSE_ALLOCATABLES -DGRIB1 -DINTIO -DKEEP_INT_AROUND -DLIMIT_ARGS -DCONFIG_BUF_LEN=65536 -DMAX_DOMAINS_F=21 -DMAX_HISTORY=25 -DNMM_NEST=0  -I. -traditional -DUSE_NETCDF4_FEATURES -DWRFIO_NCD_LARGE_FILE_SUPPORT   module_mp_kessler.F  > module_mp_kessler.bb
/scratch/john.lawson/stochastic/stochWRF_3.8/tools/standard.exe module_mp_kessler.bb | /lib/cpp -P -traditional -DUSE_NETCDF4_FEATURES -DWRFIO_NCD_LARGE_FILE_SUPPORT > module_mp_kessler.f90
rm -f module_mp_kessler.b module_mp_kessler.bb
ftn -o module_mp_kessler.o -c -ip -O3  -w -ftz -fno-alias -align all -FR -convert big_endian    -I../dyn_em -I../dyn_nmm   -I/scratch/john.lawson/stochastic/stochWRF_3.8/external/esmf_time_f90  -I/scratch/john.lawson/stochastic/stochWRF_3.8/main -I/scratch/john.lawson/stochastic/stochWRF_3.8/external/io_netcdf -I/scratch/john.lawson/stochastic/stochWRF_3.8/external/io_int -I/scratch/john.lawson/stochastic/stochWRF_3.8/frame -I/scratch/john.lawson/stochastic/stochWRF_3.8/share -I/scratch/john.lawson/stochastic/stochWRF_3.8/phys -I/scratch/john.lawson/stochastic/stochWRF_3.8/chem -I/scratch/john.lawson/stochastic/stochWRF_3.8/inc -I/opt/cray/pe/netcdf-hdf5parallel/4.4.1.1.3/INTEL/16.0/include  -real-size `expr 8 \* 4` -i4  module_mp_kessler.f90
rm -f module_mp_sbu_ylin.o
/lib/cpp -P -I/scratch/john.lawson/stochastic/stochWRF_3.8/inc -DEM_CORE=1 -DNMM_CORE=0 -DNMM_MAX_DIM=2600 -DCOAMPS_CORE=0 -DDA_CORE=0 -DEXP_CORE=0 -DIWORDSIZE=4 -DDWORDSIZE=8 -DRWORDSIZE=4 -DLWORDSIZE=4 -DNONSTANDARD_SYSTEM_FUNC  -DWRF_USE_CLM -DUSE_NETCDF4_FEATURES -DWRFIO_NCD_LARGE_FILE_SUPPORT  -DDM_PARALLEL -DNETCDF -DHDF5 -DUSE_ALLOCATABLES -DGRIB1 -DINTIO -DKEEP_INT_AROUND -DLIMIT_ARGS -DCONFIG_BUF_LEN=65536 -DMAX_DOMAINS_F=21 -DMAX_HISTORY=25 -DNMM_NEST=0  -I. -traditional -DUSE_NETCDF4_FEATURES -DWRFIO_NCD_LARGE_FILE_SUPPORT   module_mp_sbu_ylin.F  > module_mp_sbu_ylin.bb
/scratch/john.lawson/stochastic/stochWRF_3.8/tools/standard.exe module_mp_sbu_ylin.bb | /lib/cpp -P -traditional -DUSE_NETCDF4_FEATURES -DWRFIO_NCD_LARGE_FILE_SUPPORT > module_mp_sbu_ylin.f90
rm -f module_mp_sbu_ylin.b module_mp_sbu_ylin.bb
ftn -o module_mp_sbu_ylin.o -c -ip -O3  -w -ftz -fno-alias -align all -FR -convert big_endian    -I../dyn_em -I../dyn_nmm   -I/scratch/john.lawson/stochastic/stochWRF_3.8/external/esmf_time_f90  -I/scratch/john.lawson/stochastic/stochWRF_3.8/main -I/scratch/john.lawson/stochastic/stochWRF_3.8/external/io_netcdf -I/scratch/john.lawson/stochastic/stochWRF_3.8/external/io_int -I/scratch/john.lawson/stochastic/stochWRF_3.8/frame -I/scratch/john.lawson/stochastic/stochWRF_3.8/share -I/scratch/john.lawson/stochastic/stochWRF_3.8/phys -I/scratch/john.lawson/stochastic/stochWRF_3.8/chem -I/scratch/john.lawson/stochastic/stochWRF_3.8/inc -I/opt/cray/pe/netcdf-hdf5parallel/4.4.1.1.3/INTEL/16.0/include  -real-size `expr 8 \* 4` -i4  module_mp_sbu_ylin.f90
rm -f module_mp_wsm3.o
/lib/cpp -P -I/scratch/john.lawson/stochastic/stochWRF_3.8/inc -DEM_CORE=1 -DNMM_CORE=0 -DNMM_MAX_DIM=2600 -DCOAMPS_CORE=0 -DDA_CORE=0 -DEXP_CORE=0 -DIWORDSIZE=4 -DDWORDSIZE=8 -DRWORDSIZE=4 -DLWORDSIZE=4 -DNONSTANDARD_SYSTEM_FUNC  -DWRF_USE_CLM -DUSE_NETCDF4_FEATURES -DWRFIO_NCD_LARGE_FILE_SUPPORT  -DDM_PARALLEL -DNETCDF -DHDF5 -DUSE_ALLOCATABLES -DGRIB1 -DINTIO -DKEEP_INT_AROUND -DLIMIT_ARGS -DCONFIG_BUF_LEN=65536 -DMAX_DOMAINS_F=21 -DMAX_HISTORY=25 -DNMM_NEST=0  -I. -traditional -DUSE_NETCDF4_FEATURES -DWRFIO_NCD_LARGE_FILE_SUPPORT   module_mp_wsm3.F  > module_mp_wsm3.bb
/scratch/john.lawson/stochastic/stochWRF_3.8/tools/standard.exe module_mp_wsm3.bb | /lib/cpp -P -traditional -DUSE_NETCDF4_FEATURES -DWRFIO_NCD_LARGE_FILE_SUPPORT > module_mp_wsm3.f90
rm -f module_mp_wsm3.b module_mp_wsm3.bb
ftn -o module_mp_wsm3.o -c -ip -O3  -w -ftz -fno-alias -align all -FR -convert big_endian    -I../dyn_em -I../dyn_nmm   -I/scratch/john.lawson/stochastic/stochWRF_3.8/external/esmf_time_f90  -I/scratch/john.lawson/stochastic/stochWRF_3.8/main -I/scratch/john.lawson/stochastic/stochWRF_3.8/external/io_netcdf -I/scratch/john.lawson/stochastic/stochWRF_3.8/external/io_int -I/scratch/john.lawson/stochastic/stochWRF_3.8/frame -I/scratch/john.lawson/stochastic/stochWRF_3.8/share -I/scratch/john.lawson/stochastic/stochWRF_3.8/phys -I/scratch/john.lawson/stochastic/stochWRF_3.8/chem -I/scratch/john.lawson/stochastic/stochWRF_3.8/inc -I/opt/cray/pe/netcdf-hdf5parallel/4.4.1.1.3/INTEL/16.0/include  -real-size `expr 8 \* 4` -i4  module_mp_wsm3.f90
rm -f module_mp_wsm5.o
/lib/cpp -P -I/scratch/john.lawson/stochastic/stochWRF_3.8/inc -DEM_CORE=1 -DNMM_CORE=0 -DNMM_MAX_DIM=2600 -DCOAMPS_CORE=0 -DDA_CORE=0 -DEXP_CORE=0 -DIWORDSIZE=4 -DDWORDSIZE=8 -DRWORDSIZE=4 -DLWORDSIZE=4 -DNONSTANDARD_SYSTEM_FUNC  -DWRF_USE_CLM -DUSE_NETCDF4_FEATURES -DWRFIO_NCD_LARGE_FILE_SUPPORT  -DDM_PARALLEL -DNETCDF -DHDF5 -DUSE_ALLOCATABLES -DGRIB1 -DINTIO -DKEEP_INT_AROUND -DLIMIT_ARGS -DCONFIG_BUF_LEN=65536 -DMAX_DOMAINS_F=21 -DMAX_HISTORY=25 -DNMM_NEST=0  -I. -traditional -DUSE_NETCDF4_FEATURES -DWRFIO_NCD_LARGE_FILE_SUPPORT   module_mp_wsm5.F  > module_mp_wsm5.bb
/scratch/john.lawson/stochastic/stochWRF_3.8/tools/standard.exe module_mp_wsm5.bb | /lib/cpp -P -traditional -DUSE_NETCDF4_FEATURES -DWRFIO_NCD_LARGE_FILE_SUPPORT > module_mp_wsm5.f90
rm -f module_mp_wsm5.b module_mp_wsm5.bb
ftn -o module_mp_wsm5.o -c -ip -O3  -w -ftz -fno-alias -align all -FR -convert big_endian    -I../dyn_em -I../dyn_nmm   -I/scratch/john.lawson/stochastic/stochWRF_3.8/external/esmf_time_f90  -I/scratch/john.lawson/stochastic/stochWRF_3.8/main -I/scratch/john.lawson/stochastic/stochWRF_3.8/external/io_netcdf -I/scratch/john.lawson/stochastic/stochWRF_3.8/external/io_int -I/scratch/john.lawson/stochastic/stochWRF_3.8/frame -I/scratch/john.lawson/stochastic/stochWRF_3.8/share -I/scratch/john.lawson/stochastic/stochWRF_3.8/phys -I/scratch/john.lawson/stochastic/stochWRF_3.8/chem -I/scratch/john.lawson/stochastic/stochWRF_3.8/inc -I/opt/cray/pe/netcdf-hdf5parallel/4.4.1.1.3/INTEL/16.0/include  -real-size `expr 8 \* 4` -i4  module_mp_wsm5.f90
rm -f module_mp_wsm6.o
/lib/cpp -P -I/scratch/john.lawson/stochastic/stochWRF_3.8/inc -DEM_CORE=1 -DNMM_CORE=0 -DNMM_MAX_DIM=2600 -DCOAMPS_CORE=0 -DDA_CORE=0 -DEXP_CORE=0 -DIWORDSIZE=4 -DDWORDSIZE=8 -DRWORDSIZE=4 -DLWORDSIZE=4 -DNONSTANDARD_SYSTEM_FUNC  -DWRF_USE_CLM -DUSE_NETCDF4_FEATURES -DWRFIO_NCD_LARGE_FILE_SUPPORT  -DDM_PARALLEL -DNETCDF -DHDF5 -DUSE_ALLOCATABLES -DGRIB1 -DINTIO -DKEEP_INT_AROUND -DLIMIT_ARGS -DCONFIG_BUF_LEN=65536 -DMAX_DOMAINS_F=21 -DMAX_HISTORY=25 -DNMM_NEST=0  -I. -traditional -DUSE_NETCDF4_FEATURES -DWRFIO_NCD_LARGE_FILE_SUPPORT   module_mp_wsm6.F  > module_mp_wsm6.bb
/scratch/john.lawson/stochastic/stochWRF_3.8/tools/standard.exe module_mp_wsm6.bb | /lib/cpp -P -traditional -DUSE_NETCDF4_FEATURES -DWRFIO_NCD_LARGE_FILE_SUPPORT > module_mp_wsm6.f90
rm -f module_mp_wsm6.b module_mp_wsm6.bb
ftn -o module_mp_wsm6.o -c -ip -O3  -w -ftz -fno-alias -align all -FR -convert big_endian    -I../dyn_em -I../dyn_nmm   -I/scratch/john.lawson/stochastic/stochWRF_3.8/external/esmf_time_f90  -I/scratch/john.lawson/stochastic/stochWRF_3.8/main -I/scratch/john.lawson/stochastic/stochWRF_3.8/external/io_netcdf -I/scratch/john.lawson/stochastic/stochWRF_3.8/external/io_int -I/scratch/john.lawson/stochastic/stochWRF_3.8/frame -I/scratch/john.lawson/stochastic/stochWRF_3.8/share -I/scratch/john.lawson/stochastic/stochWRF_3.8/phys -I/scratch/john.lawson/stochastic/stochWRF_3.8/chem -I/scratch/john.lawson/stochastic/stochWRF_3.8/inc -I/opt/cray/pe/netcdf-hdf5parallel/4.4.1.1.3/INTEL/16.0/include  -real-size `expr 8 \* 4` -i4  module_mp_wsm6.f90
rm -f module_mp_fer_hires.o
/lib/cpp -P -I/scratch/john.lawson/stochastic/stochWRF_3.8/inc -DEM_CORE=1 -DNMM_CORE=0 -DNMM_MAX_DIM=2600 -DCOAMPS_CORE=0 -DDA_CORE=0 -DEXP_CORE=0 -DIWORDSIZE=4 -DDWORDSIZE=8 -DRWORDSIZE=4 -DLWORDSIZE=4 -DNONSTANDARD_SYSTEM_FUNC  -DWRF_USE_CLM -DUSE_NETCDF4_FEATURES -DWRFIO_NCD_LARGE_FILE_SUPPORT  -DDM_PARALLEL -DNETCDF -DHDF5 -DUSE_ALLOCATABLES -DGRIB1 -DINTIO -DKEEP_INT_AROUND -DLIMIT_ARGS -DCONFIG_BUF_LEN=65536 -DMAX_DOMAINS_F=21 -DMAX_HISTORY=25 -DNMM_NEST=0  -I. -traditional -DUSE_NETCDF4_FEATURES -DWRFIO_NCD_LARGE_FILE_SUPPORT   module_mp_fer_hires.F  > module_mp_fer_hires.bb
/scratch/john.lawson/stochastic/stochWRF_3.8/tools/standard.exe module_mp_fer_hires.bb | /lib/cpp -P -traditional -DUSE_NETCDF4_FEATURES -DWRFIO_NCD_LARGE_FILE_SUPPORT > module_mp_fer_hires.f90
rm -f module_mp_fer_hires.b module_mp_fer_hires.bb
ftn -o module_mp_fer_hires.o -c -ip -O3  -w -ftz -fno-alias -align all -FR -convert big_endian    -I../dyn_em -I../dyn_nmm   -I/scratch/john.lawson/stochastic/stochWRF_3.8/external/esmf_time_f90  -I/scratch/john.lawson/stochastic/stochWRF_3.8/main -I/scratch/john.lawson/stochastic/stochWRF_3.8/external/io_netcdf -I/scratch/john.lawson/stochastic/stochWRF_3.8/external/io_int -I/scratch/john.lawson/stochastic/stochWRF_3.8/frame -I/scratch/john.lawson/stochastic/stochWRF_3.8/share -I/scratch/john.lawson/stochastic/stochWRF_3.8/phys -I/scratch/john.lawson/stochastic/stochWRF_3.8/chem -I/scratch/john.lawson/stochastic/stochWRF_3.8/inc -I/opt/cray/pe/netcdf-hdf5parallel/4.4.1.1.3/INTEL/16.0/include  -real-size `expr 8 \* 4` -i4  module_mp_fer_hires.f90
rm -f module_mp_full_sbm.o
/lib/cpp -P -I/scratch/john.lawson/stochastic/stochWRF_3.8/inc -DEM_CORE=1 -DNMM_CORE=0 -DNMM_MAX_DIM=2600 -DCOAMPS_CORE=0 -DDA_CORE=0 -DEXP_CORE=0 -DIWORDSIZE=4 -DDWORDSIZE=8 -DRWORDSIZE=4 -DLWORDSIZE=4 -DNONSTANDARD_SYSTEM_FUNC  -DWRF_USE_CLM -DUSE_NETCDF4_FEATURES -DWRFIO_NCD_LARGE_FILE_SUPPORT  -DDM_PARALLEL -DNETCDF -DHDF5 -DUSE_ALLOCATABLES -DGRIB1 -DINTIO -DKEEP_INT_AROUND -DLIMIT_ARGS -DCONFIG_BUF_LEN=65536 -DMAX_DOMAINS_F=21 -DMAX_HISTORY=25 -DNMM_NEST=0  -I. -traditional -DUSE_NETCDF4_FEATURES -DWRFIO_NCD_LARGE_FILE_SUPPORT   module_mp_full_sbm.F  > module_mp_full_sbm.bb
/scratch/john.lawson/stochastic/stochWRF_3.8/tools/standard.exe module_mp_full_sbm.bb | /lib/cpp -P -traditional -DUSE_NETCDF4_FEATURES -DWRFIO_NCD_LARGE_FILE_SUPPORT > module_mp_full_sbm.f90
rm -f module_mp_full_sbm.b module_mp_full_sbm.bb
ftn -o module_mp_full_sbm.o -c -ip -O3  -w -ftz -fno-alias -align all -FR -convert big_endian    -I../dyn_em -I../dyn_nmm   -I/scratch/john.lawson/stochastic/stochWRF_3.8/external/esmf_time_f90  -I/scratch/john.lawson/stochastic/stochWRF_3.8/main -I/scratch/john.lawson/stochastic/stochWRF_3.8/external/io_netcdf -I/scratch/john.lawson/stochastic/stochWRF_3.8/external/io_int -I/scratch/john.lawson/stochastic/stochWRF_3.8/frame -I/scratch/john.lawson/stochastic/stochWRF_3.8/share -I/scratch/john.lawson/stochastic/stochWRF_3.8/phys -I/scratch/john.lawson/stochastic/stochWRF_3.8/chem -I/scratch/john.lawson/stochastic/stochWRF_3.8/inc -I/opt/cray/pe/netcdf-hdf5parallel/4.4.1.1.3/INTEL/16.0/include  -real-size `expr 8 \* 4` -i4  module_mp_full_sbm.f90
rm -f module_mp_fast_sbm.o
/lib/cpp -P -I/scratch/john.lawson/stochastic/stochWRF_3.8/inc -DEM_CORE=1 -DNMM_CORE=0 -DNMM_MAX_DIM=2600 -DCOAMPS_CORE=0 -DDA_CORE=0 -DEXP_CORE=0 -DIWORDSIZE=4 -DDWORDSIZE=8 -DRWORDSIZE=4 -DLWORDSIZE=4 -DNONSTANDARD_SYSTEM_FUNC  -DWRF_USE_CLM -DUSE_NETCDF4_FEATURES -DWRFIO_NCD_LARGE_FILE_SUPPORT  -DDM_PARALLEL -DNETCDF -DHDF5 -DUSE_ALLOCATABLES -DGRIB1 -DINTIO -DKEEP_INT_AROUND -DLIMIT_ARGS -DCONFIG_BUF_LEN=65536 -DMAX_DOMAINS_F=21 -DMAX_HISTORY=25 -DNMM_NEST=0  -I. -traditional -DUSE_NETCDF4_FEATURES -DWRFIO_NCD_LARGE_FILE_SUPPORT   module_mp_fast_sbm.F  > module_mp_fast_sbm.bb
/scratch/john.lawson/stochastic/stochWRF_3.8/tools/standard.exe module_mp_fast_sbm.bb | /lib/cpp -P -traditional -DUSE_NETCDF4_FEATURES -DWRFIO_NCD_LARGE_FILE_SUPPORT > module_mp_fast_sbm.f90
rm -f module_mp_fast_sbm.b module_mp_fast_sbm.bb
ftn -o module_mp_fast_sbm.o -c -ip -O3  -w -ftz -fno-alias -align all -FR -convert big_endian    -I../dyn_em -I../dyn_nmm   -I/scratch/john.lawson/stochastic/stochWRF_3.8/external/esmf_time_f90  -I/scratch/john.lawson/stochastic/stochWRF_3.8/main -I/scratch/john.lawson/stochastic/stochWRF_3.8/external/io_netcdf -I/scratch/john.lawson/stochastic/stochWRF_3.8/external/io_int -I/scratch/john.lawson/stochastic/stochWRF_3.8/frame -I/scratch/john.lawson/stochastic/stochWRF_3.8/share -I/scratch/john.lawson/stochastic/stochWRF_3.8/phys -I/scratch/john.lawson/stochastic/stochWRF_3.8/chem -I/scratch/john.lawson/stochastic/stochWRF_3.8/inc -I/opt/cray/pe/netcdf-hdf5parallel/4.4.1.1.3/INTEL/16.0/include  -real-size `expr 8 \* 4` -i4  module_mp_fast_sbm.f90
rm -f module_ltng_lpi.o
/lib/cpp -P -I/scratch/john.lawson/stochastic/stochWRF_3.8/inc -DEM_CORE=1 -DNMM_CORE=0 -DNMM_MAX_DIM=2600 -DCOAMPS_CORE=0 -DDA_CORE=0 -DEXP_CORE=0 -DIWORDSIZE=4 -DDWORDSIZE=8 -DRWORDSIZE=4 -DLWORDSIZE=4 -DNONSTANDARD_SYSTEM_FUNC  -DWRF_USE_CLM -DUSE_NETCDF4_FEATURES -DWRFIO_NCD_LARGE_FILE_SUPPORT  -DDM_PARALLEL -DNETCDF -DHDF5 -DUSE_ALLOCATABLES -DGRIB1 -DINTIO -DKEEP_INT_AROUND -DLIMIT_ARGS -DCONFIG_BUF_LEN=65536 -DMAX_DOMAINS_F=21 -DMAX_HISTORY=25 -DNMM_NEST=0  -I. -traditional -DUSE_NETCDF4_FEATURES -DWRFIO_NCD_LARGE_FILE_SUPPORT   module_ltng_lpi.F  > module_ltng_lpi.bb
/scratch/john.lawson/stochastic/stochWRF_3.8/tools/standard.exe module_ltng_lpi.bb | /lib/cpp -P -traditional -DUSE_NETCDF4_FEATURES -DWRFIO_NCD_LARGE_FILE_SUPPORT > module_ltng_lpi.f90
rm -f module_ltng_lpi.b module_ltng_lpi.bb
ftn -o module_ltng_lpi.o -c -ip -O3  -w -ftz -fno-alias -align all -FR -convert big_endian    -I../dyn_em -I../dyn_nmm   -I/scratch/john.lawson/stochastic/stochWRF_3.8/external/esmf_time_f90  -I/scratch/john.lawson/stochastic/stochWRF_3.8/main -I/scratch/john.lawson/stochastic/stochWRF_3.8/external/io_netcdf -I/scratch/john.lawson/stochastic/stochWRF_3.8/external/io_int -I/scratch/john.lawson/stochastic/stochWRF_3.8/frame -I/scratch/john.lawson/stochastic/stochWRF_3.8/share -I/scratch/john.lawson/stochastic/stochWRF_3.8/phys -I/scratch/john.lawson/stochastic/stochWRF_3.8/chem -I/scratch/john.lawson/stochastic/stochWRF_3.8/inc -I/opt/cray/pe/netcdf-hdf5parallel/4.4.1.1.3/INTEL/16.0/include  -real-size `expr 8 \* 4` -i4  module_ltng_lpi.f90
rm -f module_mp_gsfcgce.o
/lib/cpp -P -I/scratch/john.lawson/stochastic/stochWRF_3.8/inc -DEM_CORE=1 -DNMM_CORE=0 -DNMM_MAX_DIM=2600 -DCOAMPS_CORE=0 -DDA_CORE=0 -DEXP_CORE=0 -DIWORDSIZE=4 -DDWORDSIZE=8 -DRWORDSIZE=4 -DLWORDSIZE=4 -DNONSTANDARD_SYSTEM_FUNC  -DWRF_USE_CLM -DUSE_NETCDF4_FEATURES -DWRFIO_NCD_LARGE_FILE_SUPPORT  -DDM_PARALLEL -DNETCDF -DHDF5 -DUSE_ALLOCATABLES -DGRIB1 -DINTIO -DKEEP_INT_AROUND -DLIMIT_ARGS -DCONFIG_BUF_LEN=65536 -DMAX_DOMAINS_F=21 -DMAX_HISTORY=25 -DNMM_NEST=0  -I. -traditional -DUSE_NETCDF4_FEATURES -DWRFIO_NCD_LARGE_FILE_SUPPORT   module_mp_gsfcgce.F  > module_mp_gsfcgce.bb
/scratch/john.lawson/stochastic/stochWRF_3.8/tools/standard.exe module_mp_gsfcgce.bb | /lib/cpp -P -traditional -DUSE_NETCDF4_FEATURES -DWRFIO_NCD_LARGE_FILE_SUPPORT > module_mp_gsfcgce.f90
rm -f module_mp_gsfcgce.b module_mp_gsfcgce.bb
ftn -o module_mp_gsfcgce.o -c -ip -O3  -w -ftz -fno-alias -align all -FR -convert big_endian    -I../dyn_em -I../dyn_nmm   -I/scratch/john.lawson/stochastic/stochWRF_3.8/external/esmf_time_f90  -I/scratch/john.lawson/stochastic/stochWRF_3.8/main -I/scratch/john.lawson/stochastic/stochWRF_3.8/external/io_netcdf -I/scratch/john.lawson/stochastic/stochWRF_3.8/external/io_int -I/scratch/john.lawson/stochastic/stochWRF_3.8/frame -I/scratch/john.lawson/stochastic/stochWRF_3.8/share -I/scratch/john.lawson/stochastic/stochWRF_3.8/phys -I/scratch/john.lawson/stochastic/stochWRF_3.8/chem -I/scratch/john.lawson/stochastic/stochWRF_3.8/inc -I/opt/cray/pe/netcdf-hdf5parallel/4.4.1.1.3/INTEL/16.0/include  -real-size `expr 8 \* 4` -i4  module_mp_gsfcgce.f90
rm -f module_mp_morr_two_moment.o
/lib/cpp -P -I/scratch/john.lawson/stochastic/stochWRF_3.8/inc -DEM_CORE=1 -DNMM_CORE=0 -DNMM_MAX_DIM=2600 -DCOAMPS_CORE=0 -DDA_CORE=0 -DEXP_CORE=0 -DIWORDSIZE=4 -DDWORDSIZE=8 -DRWORDSIZE=4 -DLWORDSIZE=4 -DNONSTANDARD_SYSTEM_FUNC  -DWRF_USE_CLM -DUSE_NETCDF4_FEATURES -DWRFIO_NCD_LARGE_FILE_SUPPORT  -DDM_PARALLEL -DNETCDF -DHDF5 -DUSE_ALLOCATABLES -DGRIB1 -DINTIO -DKEEP_INT_AROUND -DLIMIT_ARGS -DCONFIG_BUF_LEN=65536 -DMAX_DOMAINS_F=21 -DMAX_HISTORY=25 -DNMM_NEST=0  -I. -traditional -DUSE_NETCDF4_FEATURES -DWRFIO_NCD_LARGE_FILE_SUPPORT   module_mp_morr_two_moment.F  > module_mp_morr_two_moment.bb
/scratch/john.lawson/stochastic/stochWRF_3.8/tools/standard.exe module_mp_morr_two_moment.bb | /lib/cpp -P -traditional -DUSE_NETCDF4_FEATURES -DWRFIO_NCD_LARGE_FILE_SUPPORT > module_mp_morr_two_moment.f90
rm -f module_mp_morr_two_moment.b module_mp_morr_two_moment.bb
ftn -o module_mp_morr_two_moment.o -c -ip -O3  -w -ftz -fno-alias -align all -FR -convert big_endian    -I../dyn_em -I../dyn_nmm   -I/scratch/john.lawson/stochastic/stochWRF_3.8/external/esmf_time_f90  -I/scratch/john.lawson/stochastic/stochWRF_3.8/main -I/scratch/john.lawson/stochastic/stochWRF_3.8/external/io_netcdf -I/scratch/john.lawson/stochastic/stochWRF_3.8/external/io_int -I/scratch/john.lawson/stochastic/stochWRF_3.8/frame -I/scratch/john.lawson/stochastic/stochWRF_3.8/share -I/scratch/john.lawson/stochastic/stochWRF_3.8/phys -I/scratch/john.lawson/stochastic/stochWRF_3.8/chem -I/scratch/john.lawson/stochastic/stochWRF_3.8/inc -I/opt/cray/pe/netcdf-hdf5parallel/4.4.1.1.3/INTEL/16.0/include  -real-size `expr 8 \* 4` -i4  module_mp_morr_two_moment.f90
rm -f module_mp_milbrandt2mom.o
/lib/cpp -P -I/scratch/john.lawson/stochastic/stochWRF_3.8/inc -DEM_CORE=1 -DNMM_CORE=0 -DNMM_MAX_DIM=2600 -DCOAMPS_CORE=0 -DDA_CORE=0 -DEXP_CORE=0 -DIWORDSIZE=4 -DDWORDSIZE=8 -DRWORDSIZE=4 -DLWORDSIZE=4 -DNONSTANDARD_SYSTEM_FUNC  -DWRF_USE_CLM -DUSE_NETCDF4_FEATURES -DWRFIO_NCD_LARGE_FILE_SUPPORT  -DDM_PARALLEL -DNETCDF -DHDF5 -DUSE_ALLOCATABLES -DGRIB1 -DINTIO -DKEEP_INT_AROUND -DLIMIT_ARGS -DCONFIG_BUF_LEN=65536 -DMAX_DOMAINS_F=21 -DMAX_HISTORY=25 -DNMM_NEST=0  -I. -traditional -DUSE_NETCDF4_FEATURES -DWRFIO_NCD_LARGE_FILE_SUPPORT   module_mp_milbrandt2mom.F  > module_mp_milbrandt2mom.bb
/scratch/john.lawson/stochastic/stochWRF_3.8/tools/standard.exe module_mp_milbrandt2mom.bb | /lib/cpp -P -traditional -DUSE_NETCDF4_FEATURES -DWRFIO_NCD_LARGE_FILE_SUPPORT > module_mp_milbrandt2mom.f90
rm -f module_mp_milbrandt2mom.b module_mp_milbrandt2mom.bb
ftn -o module_mp_milbrandt2mom.o -c -ip -O3  -w -ftz -fno-alias -align all -FR -convert big_endian    -I../dyn_em -I../dyn_nmm   -I/scratch/john.lawson/stochastic/stochWRF_3.8/external/esmf_time_f90  -I/scratch/john.lawson/stochastic/stochWRF_3.8/main -I/scratch/john.lawson/stochastic/stochWRF_3.8/external/io_netcdf -I/scratch/john.lawson/stochastic/stochWRF_3.8/external/io_int -I/scratch/john.lawson/stochastic/stochWRF_3.8/frame -I/scratch/john.lawson/stochastic/stochWRF_3.8/share -I/scratch/john.lawson/stochastic/stochWRF_3.8/phys -I/scratch/john.lawson/stochastic/stochWRF_3.8/chem -I/scratch/john.lawson/stochastic/stochWRF_3.8/inc -I/opt/cray/pe/netcdf-hdf5parallel/4.4.1.1.3/INTEL/16.0/include  -real-size `expr 8 \* 4` -i4  module_mp_milbrandt2mom.f90
rm -f module_mp_nssl_2mom.o
/lib/cpp -P -I/scratch/john.lawson/stochastic/stochWRF_3.8/inc -DEM_CORE=1 -DNMM_CORE=0 -DNMM_MAX_DIM=2600 -DCOAMPS_CORE=0 -DDA_CORE=0 -DEXP_CORE=0 -DIWORDSIZE=4 -DDWORDSIZE=8 -DRWORDSIZE=4 -DLWORDSIZE=4 -DNONSTANDARD_SYSTEM_FUNC  -DWRF_USE_CLM -DUSE_NETCDF4_FEATURES -DWRFIO_NCD_LARGE_FILE_SUPPORT  -DDM_PARALLEL -DNETCDF -DHDF5 -DUSE_ALLOCATABLES -DGRIB1 -DINTIO -DKEEP_INT_AROUND -DLIMIT_ARGS -DCONFIG_BUF_LEN=65536 -DMAX_DOMAINS_F=21 -DMAX_HISTORY=25 -DNMM_NEST=0  -I. -traditional -DUSE_NETCDF4_FEATURES -DWRFIO_NCD_LARGE_FILE_SUPPORT   module_mp_nssl_2mom.F  > module_mp_nssl_2mom.bb
/scratch/john.lawson/stochastic/stochWRF_3.8/tools/standard.exe module_mp_nssl_2mom.bb | /lib/cpp -P -traditional -DUSE_NETCDF4_FEATURES -DWRFIO_NCD_LARGE_FILE_SUPPORT > module_mp_nssl_2mom.f90
rm -f module_mp_nssl_2mom.b module_mp_nssl_2mom.bb
ftn -o module_mp_nssl_2mom.o -c -ip -O3  -w -ftz -fno-alias -align all -FR -convert big_endian    -I../dyn_em -I../dyn_nmm   -I/scratch/john.lawson/stochastic/stochWRF_3.8/external/esmf_time_f90  -I/scratch/john.lawson/stochastic/stochWRF_3.8/main -I/scratch/john.lawson/stochastic/stochWRF_3.8/external/io_netcdf -I/scratch/john.lawson/stochastic/stochWRF_3.8/external/io_int -I/scratch/john.lawson/stochastic/stochWRF_3.8/frame -I/scratch/john.lawson/stochastic/stochWRF_3.8/share -I/scratch/john.lawson/stochastic/stochWRF_3.8/phys -I/scratch/john.lawson/stochastic/stochWRF_3.8/chem -I/scratch/john.lawson/stochastic/stochWRF_3.8/inc -I/opt/cray/pe/netcdf-hdf5parallel/4.4.1.1.3/INTEL/16.0/include  -real-size `expr 8 \* 4` -i4  module_mp_nssl_2mom.f90
rm -f module_mp_wdm5.o
/lib/cpp -P -I/scratch/john.lawson/stochastic/stochWRF_3.8/inc -DEM_CORE=1 -DNMM_CORE=0 -DNMM_MAX_DIM=2600 -DCOAMPS_CORE=0 -DDA_CORE=0 -DEXP_CORE=0 -DIWORDSIZE=4 -DDWORDSIZE=8 -DRWORDSIZE=4 -DLWORDSIZE=4 -DNONSTANDARD_SYSTEM_FUNC  -DWRF_USE_CLM -DUSE_NETCDF4_FEATURES -DWRFIO_NCD_LARGE_FILE_SUPPORT  -DDM_PARALLEL -DNETCDF -DHDF5 -DUSE_ALLOCATABLES -DGRIB1 -DINTIO -DKEEP_INT_AROUND -DLIMIT_ARGS -DCONFIG_BUF_LEN=65536 -DMAX_DOMAINS_F=21 -DMAX_HISTORY=25 -DNMM_NEST=0  -I. -traditional -DUSE_NETCDF4_FEATURES -DWRFIO_NCD_LARGE_FILE_SUPPORT   module_mp_wdm5.F  > module_mp_wdm5.bb
/scratch/john.lawson/stochastic/stochWRF_3.8/tools/standard.exe module_mp_wdm5.bb | /lib/cpp -P -traditional -DUSE_NETCDF4_FEATURES -DWRFIO_NCD_LARGE_FILE_SUPPORT > module_mp_wdm5.f90
rm -f module_mp_wdm5.b module_mp_wdm5.bb
ftn -o module_mp_wdm5.o -c -ip -O3  -w -ftz -fno-alias -align all -FR -convert big_endian    -I../dyn_em -I../dyn_nmm   -I/scratch/john.lawson/stochastic/stochWRF_3.8/external/esmf_time_f90  -I/scratch/john.lawson/stochastic/stochWRF_3.8/main -I/scratch/john.lawson/stochastic/stochWRF_3.8/external/io_netcdf -I/scratch/john.lawson/stochastic/stochWRF_3.8/external/io_int -I/scratch/john.lawson/stochastic/stochWRF_3.8/frame -I/scratch/john.lawson/stochastic/stochWRF_3.8/share -I/scratch/john.lawson/stochastic/stochWRF_3.8/phys -I/scratch/john.lawson/stochastic/stochWRF_3.8/chem -I/scratch/john.lawson/stochastic/stochWRF_3.8/inc -I/opt/cray/pe/netcdf-hdf5parallel/4.4.1.1.3/INTEL/16.0/include  -real-size `expr 8 \* 4` -i4  module_mp_wdm5.f90
rm -f module_mp_wdm6.o
/lib/cpp -P -I/scratch/john.lawson/stochastic/stochWRF_3.8/inc -DEM_CORE=1 -DNMM_CORE=0 -DNMM_MAX_DIM=2600 -DCOAMPS_CORE=0 -DDA_CORE=0 -DEXP_CORE=0 -DIWORDSIZE=4 -DDWORDSIZE=8 -DRWORDSIZE=4 -DLWORDSIZE=4 -DNONSTANDARD_SYSTEM_FUNC  -DWRF_USE_CLM -DUSE_NETCDF4_FEATURES -DWRFIO_NCD_LARGE_FILE_SUPPORT  -DDM_PARALLEL -DNETCDF -DHDF5 -DUSE_ALLOCATABLES -DGRIB1 -DINTIO -DKEEP_INT_AROUND -DLIMIT_ARGS -DCONFIG_BUF_LEN=65536 -DMAX_DOMAINS_F=21 -DMAX_HISTORY=25 -DNMM_NEST=0  -I. -traditional -DUSE_NETCDF4_FEATURES -DWRFIO_NCD_LARGE_FILE_SUPPORT   module_mp_wdm6.F  > module_mp_wdm6.bb
/scratch/john.lawson/stochastic/stochWRF_3.8/tools/standard.exe module_mp_wdm6.bb | /lib/cpp -P -traditional -DUSE_NETCDF4_FEATURES -DWRFIO_NCD_LARGE_FILE_SUPPORT > module_mp_wdm6.f90
rm -f module_mp_wdm6.b module_mp_wdm6.bb
ftn -o module_mp_wdm6.o -c -ip -O3  -w -ftz -fno-alias -align all -FR -convert big_endian    -I../dyn_em -I../dyn_nmm   -I/scratch/john.lawson/stochastic/stochWRF_3.8/external/esmf_time_f90  -I/scratch/john.lawson/stochastic/stochWRF_3.8/main -I/scratch/john.lawson/stochastic/stochWRF_3.8/external/io_netcdf -I/scratch/john.lawson/stochastic/stochWRF_3.8/external/io_int -I/scratch/john.lawson/stochastic/stochWRF_3.8/frame -I/scratch/john.lawson/stochastic/stochWRF_3.8/share -I/scratch/john.lawson/stochastic/stochWRF_3.8/phys -I/scratch/john.lawson/stochastic/stochWRF_3.8/chem -I/scratch/john.lawson/stochastic/stochWRF_3.8/inc -I/opt/cray/pe/netcdf-hdf5parallel/4.4.1.1.3/INTEL/16.0/include  -real-size `expr 8 \* 4` -i4  module_mp_wdm6.f90
rm -f module_sf_sfclay.o
/lib/cpp -P -I/scratch/john.lawson/stochastic/stochWRF_3.8/inc -DEM_CORE=1 -DNMM_CORE=0 -DNMM_MAX_DIM=2600 -DCOAMPS_CORE=0 -DDA_CORE=0 -DEXP_CORE=0 -DIWORDSIZE=4 -DDWORDSIZE=8 -DRWORDSIZE=4 -DLWORDSIZE=4 -DNONSTANDARD_SYSTEM_FUNC  -DWRF_USE_CLM -DUSE_NETCDF4_FEATURES -DWRFIO_NCD_LARGE_FILE_SUPPORT  -DDM_PARALLEL -DNETCDF -DHDF5 -DUSE_ALLOCATABLES -DGRIB1 -DINTIO -DKEEP_INT_AROUND -DLIMIT_ARGS -DCONFIG_BUF_LEN=65536 -DMAX_DOMAINS_F=21 -DMAX_HISTORY=25 -DNMM_NEST=0  -I. -traditional -DUSE_NETCDF4_FEATURES -DWRFIO_NCD_LARGE_FILE_SUPPORT   module_sf_sfclay.F  > module_sf_sfclay.bb
/scratch/john.lawson/stochastic/stochWRF_3.8/tools/standard.exe module_sf_sfclay.bb | /lib/cpp -P -traditional -DUSE_NETCDF4_FEATURES -DWRFIO_NCD_LARGE_FILE_SUPPORT > module_sf_sfclay.f90
rm -f module_sf_sfclay.b module_sf_sfclay.bb
ftn -o module_sf_sfclay.o -c -ip -O3  -w -ftz -fno-alias -align all -FR -convert big_endian    -I../dyn_em -I../dyn_nmm   -I/scratch/john.lawson/stochastic/stochWRF_3.8/external/esmf_time_f90  -I/scratch/john.lawson/stochastic/stochWRF_3.8/main -I/scratch/john.lawson/stochastic/stochWRF_3.8/external/io_netcdf -I/scratch/john.lawson/stochastic/stochWRF_3.8/external/io_int -I/scratch/john.lawson/stochastic/stochWRF_3.8/frame -I/scratch/john.lawson/stochastic/stochWRF_3.8/share -I/scratch/john.lawson/stochastic/stochWRF_3.8/phys -I/scratch/john.lawson/stochastic/stochWRF_3.8/chem -I/scratch/john.lawson/stochastic/stochWRF_3.8/inc -I/opt/cray/pe/netcdf-hdf5parallel/4.4.1.1.3/INTEL/16.0/include  -real-size `expr 8 \* 4` -i4  module_sf_sfclay.f90
rm -f module_sf_sfclayrev.o
/lib/cpp -P -I/scratch/john.lawson/stochastic/stochWRF_3.8/inc -DEM_CORE=1 -DNMM_CORE=0 -DNMM_MAX_DIM=2600 -DCOAMPS_CORE=0 -DDA_CORE=0 -DEXP_CORE=0 -DIWORDSIZE=4 -DDWORDSIZE=8 -DRWORDSIZE=4 -DLWORDSIZE=4 -DNONSTANDARD_SYSTEM_FUNC  -DWRF_USE_CLM -DUSE_NETCDF4_FEATURES -DWRFIO_NCD_LARGE_FILE_SUPPORT  -DDM_PARALLEL -DNETCDF -DHDF5 -DUSE_ALLOCATABLES -DGRIB1 -DINTIO -DKEEP_INT_AROUND -DLIMIT_ARGS -DCONFIG_BUF_LEN=65536 -DMAX_DOMAINS_F=21 -DMAX_HISTORY=25 -DNMM_NEST=0  -I. -traditional -DUSE_NETCDF4_FEATURES -DWRFIO_NCD_LARGE_FILE_SUPPORT   module_sf_sfclayrev.F  > module_sf_sfclayrev.bb
/scratch/john.lawson/stochastic/stochWRF_3.8/tools/standard.exe module_sf_sfclayrev.bb | /lib/cpp -P -traditional -DUSE_NETCDF4_FEATURES -DWRFIO_NCD_LARGE_FILE_SUPPORT > module_sf_sfclayrev.f90
rm -f module_sf_sfclayrev.b module_sf_sfclayrev.bb
ftn -o module_sf_sfclayrev.o -c -ip -O3  -w -ftz -fno-alias -align all -FR -convert big_endian    -I../dyn_em -I../dyn_nmm   -I/scratch/john.lawson/stochastic/stochWRF_3.8/external/esmf_time_f90  -I/scratch/john.lawson/stochastic/stochWRF_3.8/main -I/scratch/john.lawson/stochastic/stochWRF_3.8/external/io_netcdf -I/scratch/john.lawson/stochastic/stochWRF_3.8/external/io_int -I/scratch/john.lawson/stochastic/stochWRF_3.8/frame -I/scratch/john.lawson/stochastic/stochWRF_3.8/share -I/scratch/john.lawson/stochastic/stochWRF_3.8/phys -I/scratch/john.lawson/stochastic/stochWRF_3.8/chem -I/scratch/john.lawson/stochastic/stochWRF_3.8/inc -I/opt/cray/pe/netcdf-hdf5parallel/4.4.1.1.3/INTEL/16.0/include  -real-size `expr 8 \* 4` -i4  module_sf_sfclayrev.f90
rm -f module_progtm.o
/lib/cpp -P -I/scratch/john.lawson/stochastic/stochWRF_3.8/inc -DEM_CORE=1 -DNMM_CORE=0 -DNMM_MAX_DIM=2600 -DCOAMPS_CORE=0 -DDA_CORE=0 -DEXP_CORE=0 -DIWORDSIZE=4 -DDWORDSIZE=8 -DRWORDSIZE=4 -DLWORDSIZE=4 -DNONSTANDARD_SYSTEM_FUNC  -DWRF_USE_CLM -DUSE_NETCDF4_FEATURES -DWRFIO_NCD_LARGE_FILE_SUPPORT  -DDM_PARALLEL -DNETCDF -DHDF5 -DUSE_ALLOCATABLES -DGRIB1 -DINTIO -DKEEP_INT_AROUND -DLIMIT_ARGS -DCONFIG_BUF_LEN=65536 -DMAX_DOMAINS_F=21 -DMAX_HISTORY=25 -DNMM_NEST=0  -I. -traditional -DUSE_NETCDF4_FEATURES -DWRFIO_NCD_LARGE_FILE_SUPPORT   module_progtm.F  > module_progtm.bb
/scratch/john.lawson/stochastic/stochWRF_3.8/tools/standard.exe module_progtm.bb | /lib/cpp -P -traditional -DUSE_NETCDF4_FEATURES -DWRFIO_NCD_LARGE_FILE_SUPPORT > module_progtm.f90
rm -f module_progtm.b module_progtm.bb
ftn -o module_progtm.o -c -ip -O3  -w -ftz -fno-alias -align all -FR -convert big_endian    -I../dyn_em -I../dyn_nmm   -I/scratch/john.lawson/stochastic/stochWRF_3.8/external/esmf_time_f90  -I/scratch/john.lawson/stochastic/stochWRF_3.8/main -I/scratch/john.lawson/stochastic/stochWRF_3.8/external/io_netcdf -I/scratch/john.lawson/stochastic/stochWRF_3.8/external/io_int -I/scratch/john.lawson/stochastic/stochWRF_3.8/frame -I/scratch/john.lawson/stochastic/stochWRF_3.8/share -I/scratch/john.lawson/stochastic/stochWRF_3.8/phys -I/scratch/john.lawson/stochastic/stochWRF_3.8/chem -I/scratch/john.lawson/stochastic/stochWRF_3.8/inc -I/opt/cray/pe/netcdf-hdf5parallel/4.4.1.1.3/INTEL/16.0/include  -real-size `expr 8 \* 4` -i4  module_progtm.f90
rm -f module_sf_exchcoef.o
/lib/cpp -P -I/scratch/john.lawson/stochastic/stochWRF_3.8/inc -DEM_CORE=1 -DNMM_CORE=0 -DNMM_MAX_DIM=2600 -DCOAMPS_CORE=0 -DDA_CORE=0 -DEXP_CORE=0 -DIWORDSIZE=4 -DDWORDSIZE=8 -DRWORDSIZE=4 -DLWORDSIZE=4 -DNONSTANDARD_SYSTEM_FUNC  -DWRF_USE_CLM -DUSE_NETCDF4_FEATURES -DWRFIO_NCD_LARGE_FILE_SUPPORT  -DDM_PARALLEL -DNETCDF -DHDF5 -DUSE_ALLOCATABLES -DGRIB1 -DINTIO -DKEEP_INT_AROUND -DLIMIT_ARGS -DCONFIG_BUF_LEN=65536 -DMAX_DOMAINS_F=21 -DMAX_HISTORY=25 -DNMM_NEST=0  -I. -traditional -DUSE_NETCDF4_FEATURES -DWRFIO_NCD_LARGE_FILE_SUPPORT   module_sf_exchcoef.F  > module_sf_exchcoef.bb
/scratch/john.lawson/stochastic/stochWRF_3.8/tools/standard.exe module_sf_exchcoef.bb | /lib/cpp -P -traditional -DUSE_NETCDF4_FEATURES -DWRFIO_NCD_LARGE_FILE_SUPPORT > module_sf_exchcoef.f90
rm -f module_sf_exchcoef.b module_sf_exchcoef.bb
ftn -o module_sf_exchcoef.o -c -ip -O3  -w -ftz -fno-alias -align all -FR -convert big_endian    -I../dyn_em -I../dyn_nmm   -I/scratch/john.lawson/stochastic/stochWRF_3.8/external/esmf_time_f90  -I/scratch/john.lawson/stochastic/stochWRF_3.8/main -I/scratch/john.lawson/stochastic/stochWRF_3.8/external/io_netcdf -I/scratch/john.lawson/stochastic/stochWRF_3.8/external/io_int -I/scratch/john.lawson/stochastic/stochWRF_3.8/frame -I/scratch/john.lawson/stochastic/stochWRF_3.8/share -I/scratch/john.lawson/stochastic/stochWRF_3.8/phys -I/scratch/john.lawson/stochastic/stochWRF_3.8/chem -I/scratch/john.lawson/stochastic/stochWRF_3.8/inc -I/opt/cray/pe/netcdf-hdf5parallel/4.4.1.1.3/INTEL/16.0/include  -real-size `expr 8 \* 4` -i4  module_sf_exchcoef.f90
rm -f module_sf_slab.o
/lib/cpp -P -I/scratch/john.lawson/stochastic/stochWRF_3.8/inc -DEM_CORE=1 -DNMM_CORE=0 -DNMM_MAX_DIM=2600 -DCOAMPS_CORE=0 -DDA_CORE=0 -DEXP_CORE=0 -DIWORDSIZE=4 -DDWORDSIZE=8 -DRWORDSIZE=4 -DLWORDSIZE=4 -DNONSTANDARD_SYSTEM_FUNC  -DWRF_USE_CLM -DUSE_NETCDF4_FEATURES -DWRFIO_NCD_LARGE_FILE_SUPPORT  -DDM_PARALLEL -DNETCDF -DHDF5 -DUSE_ALLOCATABLES -DGRIB1 -DINTIO -DKEEP_INT_AROUND -DLIMIT_ARGS -DCONFIG_BUF_LEN=65536 -DMAX_DOMAINS_F=21 -DMAX_HISTORY=25 -DNMM_NEST=0  -I. -traditional -DUSE_NETCDF4_FEATURES -DWRFIO_NCD_LARGE_FILE_SUPPORT   module_sf_slab.F  > module_sf_slab.bb
/scratch/john.lawson/stochastic/stochWRF_3.8/tools/standard.exe module_sf_slab.bb | /lib/cpp -P -traditional -DUSE_NETCDF4_FEATURES -DWRFIO_NCD_LARGE_FILE_SUPPORT > module_sf_slab.f90
rm -f module_sf_slab.b module_sf_slab.bb
ftn -o module_sf_slab.o -c -ip -O3  -w -ftz -fno-alias -align all -FR -convert big_endian    -I../dyn_em -I../dyn_nmm   -I/scratch/john.lawson/stochastic/stochWRF_3.8/external/esmf_time_f90  -I/scratch/john.lawson/stochastic/stochWRF_3.8/main -I/scratch/john.lawson/stochastic/stochWRF_3.8/external/io_netcdf -I/scratch/john.lawson/stochastic/stochWRF_3.8/external/io_int -I/scratch/john.lawson/stochastic/stochWRF_3.8/frame -I/scratch/john.lawson/stochastic/stochWRF_3.8/share -I/scratch/john.lawson/stochastic/stochWRF_3.8/phys -I/scratch/john.lawson/stochastic/stochWRF_3.8/chem -I/scratch/john.lawson/stochastic/stochWRF_3.8/inc -I/opt/cray/pe/netcdf-hdf5parallel/4.4.1.1.3/INTEL/16.0/include  -real-size `expr 8 \* 4` -i4  module_sf_slab.f90
rm -f module_sf_noahlsm.o
/lib/cpp -P -I/scratch/john.lawson/stochastic/stochWRF_3.8/inc -DEM_CORE=1 -DNMM_CORE=0 -DNMM_MAX_DIM=2600 -DCOAMPS_CORE=0 -DDA_CORE=0 -DEXP_CORE=0 -DIWORDSIZE=4 -DDWORDSIZE=8 -DRWORDSIZE=4 -DLWORDSIZE=4 -DNONSTANDARD_SYSTEM_FUNC  -DWRF_USE_CLM -DUSE_NETCDF4_FEATURES -DWRFIO_NCD_LARGE_FILE_SUPPORT  -DDM_PARALLEL -DNETCDF -DHDF5 -DUSE_ALLOCATABLES -DGRIB1 -DINTIO -DKEEP_INT_AROUND -DLIMIT_ARGS -DCONFIG_BUF_LEN=65536 -DMAX_DOMAINS_F=21 -DMAX_HISTORY=25 -DNMM_NEST=0  -I. -traditional -DUSE_NETCDF4_FEATURES -DWRFIO_NCD_LARGE_FILE_SUPPORT   module_sf_noahlsm.F  > module_sf_noahlsm.bb
/scratch/john.lawson/stochastic/stochWRF_3.8/tools/standard.exe module_sf_noahlsm.bb | /lib/cpp -P -traditional -DUSE_NETCDF4_FEATURES -DWRFIO_NCD_LARGE_FILE_SUPPORT > module_sf_noahlsm.f90
rm -f module_sf_noahlsm.b module_sf_noahlsm.bb
ftn -o module_sf_noahlsm.o -c -ip -O3  -w -ftz -fno-alias -align all -FR -convert big_endian    -I../dyn_em -I../dyn_nmm   -I/scratch/john.lawson/stochastic/stochWRF_3.8/external/esmf_time_f90  -I/scratch/john.lawson/stochastic/stochWRF_3.8/main -I/scratch/john.lawson/stochastic/stochWRF_3.8/external/io_netcdf -I/scratch/john.lawson/stochastic/stochWRF_3.8/external/io_int -I/scratch/john.lawson/stochastic/stochWRF_3.8/frame -I/scratch/john.lawson/stochastic/stochWRF_3.8/share -I/scratch/john.lawson/stochastic/stochWRF_3.8/phys -I/scratch/john.lawson/stochastic/stochWRF_3.8/chem -I/scratch/john.lawson/stochastic/stochWRF_3.8/inc -I/opt/cray/pe/netcdf-hdf5parallel/4.4.1.1.3/INTEL/16.0/include  -real-size `expr 8 \* 4` -i4  module_sf_noahlsm.f90
rm -f module_sf_myjsfc.o
/lib/cpp -P -I/scratch/john.lawson/stochastic/stochWRF_3.8/inc -DEM_CORE=1 -DNMM_CORE=0 -DNMM_MAX_DIM=2600 -DCOAMPS_CORE=0 -DDA_CORE=0 -DEXP_CORE=0 -DIWORDSIZE=4 -DDWORDSIZE=8 -DRWORDSIZE=4 -DLWORDSIZE=4 -DNONSTANDARD_SYSTEM_FUNC  -DWRF_USE_CLM -DUSE_NETCDF4_FEATURES -DWRFIO_NCD_LARGE_FILE_SUPPORT  -DDM_PARALLEL -DNETCDF -DHDF5 -DUSE_ALLOCATABLES -DGRIB1 -DINTIO -DKEEP_INT_AROUND -DLIMIT_ARGS -DCONFIG_BUF_LEN=65536 -DMAX_DOMAINS_F=21 -DMAX_HISTORY=25 -DNMM_NEST=0  -I. -traditional -DUSE_NETCDF4_FEATURES -DWRFIO_NCD_LARGE_FILE_SUPPORT   module_sf_myjsfc.F  > module_sf_myjsfc.bb
/scratch/john.lawson/stochastic/stochWRF_3.8/tools/standard.exe module_sf_myjsfc.bb | /lib/cpp -P -traditional -DUSE_NETCDF4_FEATURES -DWRFIO_NCD_LARGE_FILE_SUPPORT > module_sf_myjsfc.f90
rm -f module_sf_myjsfc.b module_sf_myjsfc.bb
ftn -o module_sf_myjsfc.o -c -ip -O3  -w -ftz -fno-alias -align all -FR -convert big_endian    -I../dyn_em -I../dyn_nmm   -I/scratch/john.lawson/stochastic/stochWRF_3.8/external/esmf_time_f90  -I/scratch/john.lawson/stochastic/stochWRF_3.8/main -I/scratch/john.lawson/stochastic/stochWRF_3.8/external/io_netcdf -I/scratch/john.lawson/stochastic/stochWRF_3.8/external/io_int -I/scratch/john.lawson/stochastic/stochWRF_3.8/frame -I/scratch/john.lawson/stochastic/stochWRF_3.8/share -I/scratch/john.lawson/stochastic/stochWRF_3.8/phys -I/scratch/john.lawson/stochastic/stochWRF_3.8/chem -I/scratch/john.lawson/stochastic/stochWRF_3.8/inc -I/opt/cray/pe/netcdf-hdf5parallel/4.4.1.1.3/INTEL/16.0/include  -real-size `expr 8 \* 4` -i4  module_sf_myjsfc.f90
rm -f module_data_gocart_dust.o
/lib/cpp -P -I/scratch/john.lawson/stochastic/stochWRF_3.8/inc -DEM_CORE=1 -DNMM_CORE=0 -DNMM_MAX_DIM=2600 -DCOAMPS_CORE=0 -DDA_CORE=0 -DEXP_CORE=0 -DIWORDSIZE=4 -DDWORDSIZE=8 -DRWORDSIZE=4 -DLWORDSIZE=4 -DNONSTANDARD_SYSTEM_FUNC  -DWRF_USE_CLM -DUSE_NETCDF4_FEATURES -DWRFIO_NCD_LARGE_FILE_SUPPORT  -DDM_PARALLEL -DNETCDF -DHDF5 -DUSE_ALLOCATABLES -DGRIB1 -DINTIO -DKEEP_INT_AROUND -DLIMIT_ARGS -DCONFIG_BUF_LEN=65536 -DMAX_DOMAINS_F=21 -DMAX_HISTORY=25 -DNMM_NEST=0  -I. -traditional -DUSE_NETCDF4_FEATURES -DWRFIO_NCD_LARGE_FILE_SUPPORT   module_data_gocart_dust.F  > module_data_gocart_dust.bb
rm -f module_sf_urban.o
/lib/cpp -P -I/scratch/john.lawson/stochastic/stochWRF_3.8/inc -DEM_CORE=1 -DNMM_CORE=0 -DNMM_MAX_DIM=2600 -DCOAMPS_CORE=0 -DDA_CORE=0 -DEXP_CORE=0 -DIWORDSIZE=4 -DDWORDSIZE=8 -DRWORDSIZE=4 -DLWORDSIZE=4 -DNONSTANDARD_SYSTEM_FUNC  -DWRF_USE_CLM -DUSE_NETCDF4_FEATURES -DWRFIO_NCD_LARGE_FILE_SUPPORT  -DDM_PARALLEL -DNETCDF -DHDF5 -DUSE_ALLOCATABLES -DGRIB1 -DINTIO -DKEEP_INT_AROUND -DLIMIT_ARGS -DCONFIG_BUF_LEN=65536 -DMAX_DOMAINS_F=21 -DMAX_HISTORY=25 -DNMM_NEST=0  -I. -traditional -DUSE_NETCDF4_FEATURES -DWRFIO_NCD_LARGE_FILE_SUPPORT   module_sf_urban.F  > module_sf_urban.bb
/scratch/john.lawson/stochastic/stochWRF_3.8/tools/standard.exe module_data_gocart_dust.bb | /lib/cpp -P -traditional -DUSE_NETCDF4_FEATURES -DWRFIO_NCD_LARGE_FILE_SUPPORT > module_data_gocart_dust.f90
rm -f module_data_gocart_dust.b module_data_gocart_dust.bb
ftn -o module_data_gocart_dust.o -c -ip -O3  -w -ftz -fno-alias -align all -FR -convert big_endian    -I../dyn_em -I../dyn_nmm   -I/scratch/john.lawson/stochastic/stochWRF_3.8/external/esmf_time_f90  -I/scratch/john.lawson/stochastic/stochWRF_3.8/main -I/scratch/john.lawson/stochastic/stochWRF_3.8/external/io_netcdf -I/scratch/john.lawson/stochastic/stochWRF_3.8/external/io_int -I/scratch/john.lawson/stochastic/stochWRF_3.8/frame -I/scratch/john.lawson/stochastic/stochWRF_3.8/share -I/scratch/john.lawson/stochastic/stochWRF_3.8/phys -I/scratch/john.lawson/stochastic/stochWRF_3.8/chem -I/scratch/john.lawson/stochastic/stochWRF_3.8/inc -I/opt/cray/pe/netcdf-hdf5parallel/4.4.1.1.3/INTEL/16.0/include  -real-size `expr 8 \* 4` -i4  module_data_gocart_dust.f90
/scratch/john.lawson/stochastic/stochWRF_3.8/tools/standard.exe module_sf_urban.bb | /lib/cpp -P -traditional -DUSE_NETCDF4_FEATURES -DWRFIO_NCD_LARGE_FILE_SUPPORT > module_sf_urban.f90
rm -f module_sf_urban.b module_sf_urban.bb
ftn -o module_sf_urban.o -c -ip -O3  -w -ftz -fno-alias -align all -FR -convert big_endian    -I../dyn_em -I../dyn_nmm   -I/scratch/john.lawson/stochastic/stochWRF_3.8/external/esmf_time_f90  -I/scratch/john.lawson/stochastic/stochWRF_3.8/main -I/scratch/john.lawson/stochastic/stochWRF_3.8/external/io_netcdf -I/scratch/john.lawson/stochastic/stochWRF_3.8/external/io_int -I/scratch/john.lawson/stochastic/stochWRF_3.8/frame -I/scratch/john.lawson/stochastic/stochWRF_3.8/share -I/scratch/john.lawson/stochastic/stochWRF_3.8/phys -I/scratch/john.lawson/stochastic/stochWRF_3.8/chem -I/scratch/john.lawson/stochastic/stochWRF_3.8/inc -I/opt/cray/pe/netcdf-hdf5parallel/4.4.1.1.3/INTEL/16.0/include  -real-size `expr 8 \* 4` -i4  module_sf_urban.f90
rm -f module_sf_bem.o
/lib/cpp -P -I/scratch/john.lawson/stochastic/stochWRF_3.8/inc -DEM_CORE=1 -DNMM_CORE=0 -DNMM_MAX_DIM=2600 -DCOAMPS_CORE=0 -DDA_CORE=0 -DEXP_CORE=0 -DIWORDSIZE=4 -DDWORDSIZE=8 -DRWORDSIZE=4 -DLWORDSIZE=4 -DNONSTANDARD_SYSTEM_FUNC  -DWRF_USE_CLM -DUSE_NETCDF4_FEATURES -DWRFIO_NCD_LARGE_FILE_SUPPORT  -DDM_PARALLEL -DNETCDF -DHDF5 -DUSE_ALLOCATABLES -DGRIB1 -DINTIO -DKEEP_INT_AROUND -DLIMIT_ARGS -DCONFIG_BUF_LEN=65536 -DMAX_DOMAINS_F=21 -DMAX_HISTORY=25 -DNMM_NEST=0  -I. -traditional -DUSE_NETCDF4_FEATURES -DWRFIO_NCD_LARGE_FILE_SUPPORT   module_sf_bem.F  > module_sf_bem.bb
/scratch/john.lawson/stochastic/stochWRF_3.8/tools/standard.exe module_sf_bem.bb | /lib/cpp -P -traditional -DUSE_NETCDF4_FEATURES -DWRFIO_NCD_LARGE_FILE_SUPPORT > module_sf_bem.f90
rm -f module_sf_bem.b module_sf_bem.bb
ftn -o module_sf_bem.o -c -ip -O3  -w -ftz -fno-alias -align all -FR -convert big_endian    -I../dyn_em -I../dyn_nmm   -I/scratch/john.lawson/stochastic/stochWRF_3.8/external/esmf_time_f90  -I/scratch/john.lawson/stochastic/stochWRF_3.8/main -I/scratch/john.lawson/stochastic/stochWRF_3.8/external/io_netcdf -I/scratch/john.lawson/stochastic/stochWRF_3.8/external/io_int -I/scratch/john.lawson/stochastic/stochWRF_3.8/frame -I/scratch/john.lawson/stochastic/stochWRF_3.8/share -I/scratch/john.lawson/stochastic/stochWRF_3.8/phys -I/scratch/john.lawson/stochastic/stochWRF_3.8/chem -I/scratch/john.lawson/stochastic/stochWRF_3.8/inc -I/opt/cray/pe/netcdf-hdf5parallel/4.4.1.1.3/INTEL/16.0/include  -real-size `expr 8 \* 4` -i4  module_sf_bem.f90
rm -f module_sf_ssib.o
/lib/cpp -P -I/scratch/john.lawson/stochastic/stochWRF_3.8/inc -DEM_CORE=1 -DNMM_CORE=0 -DNMM_MAX_DIM=2600 -DCOAMPS_CORE=0 -DDA_CORE=0 -DEXP_CORE=0 -DIWORDSIZE=4 -DDWORDSIZE=8 -DRWORDSIZE=4 -DLWORDSIZE=4 -DNONSTANDARD_SYSTEM_FUNC  -DWRF_USE_CLM -DUSE_NETCDF4_FEATURES -DWRFIO_NCD_LARGE_FILE_SUPPORT  -DDM_PARALLEL -DNETCDF -DHDF5 -DUSE_ALLOCATABLES -DGRIB1 -DINTIO -DKEEP_INT_AROUND -DLIMIT_ARGS -DCONFIG_BUF_LEN=65536 -DMAX_DOMAINS_F=21 -DMAX_HISTORY=25 -DNMM_NEST=0  -I. -traditional -DUSE_NETCDF4_FEATURES -DWRFIO_NCD_LARGE_FILE_SUPPORT   module_sf_ssib.F  > module_sf_ssib.bb
/scratch/john.lawson/stochastic/stochWRF_3.8/tools/standard.exe module_sf_ssib.bb | /lib/cpp -P -traditional -DUSE_NETCDF4_FEATURES -DWRFIO_NCD_LARGE_FILE_SUPPORT > module_sf_ssib.f90
rm -f module_sf_ssib.b module_sf_ssib.bb
ftn -o module_sf_ssib.o -c -ip -O3  -w -ftz -fno-alias -align all -FR -convert big_endian    -I../dyn_em -I../dyn_nmm   -I/scratch/john.lawson/stochastic/stochWRF_3.8/external/esmf_time_f90  -I/scratch/john.lawson/stochastic/stochWRF_3.8/main -I/scratch/john.lawson/stochastic/stochWRF_3.8/external/io_netcdf -I/scratch/john.lawson/stochastic/stochWRF_3.8/external/io_int -I/scratch/john.lawson/stochastic/stochWRF_3.8/frame -I/scratch/john.lawson/stochastic/stochWRF_3.8/share -I/scratch/john.lawson/stochastic/stochWRF_3.8/phys -I/scratch/john.lawson/stochastic/stochWRF_3.8/chem -I/scratch/john.lawson/stochastic/stochWRF_3.8/inc -I/opt/cray/pe/netcdf-hdf5parallel/4.4.1.1.3/INTEL/16.0/include  -real-size `expr 8 \* 4` -i4  module_sf_ssib.f90
rm -f module_sf_noah_seaice.o
/lib/cpp -P -I/scratch/john.lawson/stochastic/stochWRF_3.8/inc -DEM_CORE=1 -DNMM_CORE=0 -DNMM_MAX_DIM=2600 -DCOAMPS_CORE=0 -DDA_CORE=0 -DEXP_CORE=0 -DIWORDSIZE=4 -DDWORDSIZE=8 -DRWORDSIZE=4 -DLWORDSIZE=4 -DNONSTANDARD_SYSTEM_FUNC  -DWRF_USE_CLM -DUSE_NETCDF4_FEATURES -DWRFIO_NCD_LARGE_FILE_SUPPORT  -DDM_PARALLEL -DNETCDF -DHDF5 -DUSE_ALLOCATABLES -DGRIB1 -DINTIO -DKEEP_INT_AROUND -DLIMIT_ARGS -DCONFIG_BUF_LEN=65536 -DMAX_DOMAINS_F=21 -DMAX_HISTORY=25 -DNMM_NEST=0  -I. -traditional -DUSE_NETCDF4_FEATURES -DWRFIO_NCD_LARGE_FILE_SUPPORT   module_sf_noah_seaice.F  > module_sf_noah_seaice.bb
/scratch/john.lawson/stochastic/stochWRF_3.8/tools/standard.exe module_sf_noah_seaice.bb | /lib/cpp -P -traditional -DUSE_NETCDF4_FEATURES -DWRFIO_NCD_LARGE_FILE_SUPPORT > module_sf_noah_seaice.f90
rm -f module_sf_noah_seaice.b module_sf_noah_seaice.bb
ftn -o module_sf_noah_seaice.o -c -ip -O3  -w -ftz -fno-alias -align all -FR -convert big_endian    -I../dyn_em -I../dyn_nmm   -I/scratch/john.lawson/stochastic/stochWRF_3.8/external/esmf_time_f90  -I/scratch/john.lawson/stochastic/stochWRF_3.8/main -I/scratch/john.lawson/stochastic/stochWRF_3.8/external/io_netcdf -I/scratch/john.lawson/stochastic/stochWRF_3.8/external/io_int -I/scratch/john.lawson/stochastic/stochWRF_3.8/frame -I/scratch/john.lawson/stochastic/stochWRF_3.8/share -I/scratch/john.lawson/stochastic/stochWRF_3.8/phys -I/scratch/john.lawson/stochastic/stochWRF_3.8/chem -I/scratch/john.lawson/stochastic/stochWRF_3.8/inc -I/opt/cray/pe/netcdf-hdf5parallel/4.4.1.1.3/INTEL/16.0/include  -real-size `expr 8 \* 4` -i4  module_sf_noah_seaice.f90
rm -f module_sf_noahmp_glacier.o
/lib/cpp -P -I/scratch/john.lawson/stochastic/stochWRF_3.8/inc -DEM_CORE=1 -DNMM_CORE=0 -DNMM_MAX_DIM=2600 -DCOAMPS_CORE=0 -DDA_CORE=0 -DEXP_CORE=0 -DIWORDSIZE=4 -DDWORDSIZE=8 -DRWORDSIZE=4 -DLWORDSIZE=4 -DNONSTANDARD_SYSTEM_FUNC  -DWRF_USE_CLM -DUSE_NETCDF4_FEATURES -DWRFIO_NCD_LARGE_FILE_SUPPORT  -DDM_PARALLEL -DNETCDF -DHDF5 -DUSE_ALLOCATABLES -DGRIB1 -DINTIO -DKEEP_INT_AROUND -DLIMIT_ARGS -DCONFIG_BUF_LEN=65536 -DMAX_DOMAINS_F=21 -DMAX_HISTORY=25 -DNMM_NEST=0  -I. -traditional -DUSE_NETCDF4_FEATURES -DWRFIO_NCD_LARGE_FILE_SUPPORT   module_sf_noahmp_glacier.F  > module_sf_noahmp_glacier.bb
/scratch/john.lawson/stochastic/stochWRF_3.8/tools/standard.exe module_sf_noahmp_glacier.bb | /lib/cpp -P -traditional -DUSE_NETCDF4_FEATURES -DWRFIO_NCD_LARGE_FILE_SUPPORT > module_sf_noahmp_glacier.f90
rm -f module_sf_noahmp_glacier.b module_sf_noahmp_glacier.bb
ftn -o module_sf_noahmp_glacier.o -c -ip -O3  -w -ftz -fno-alias -align all -FR -convert big_endian    -I../dyn_em -I../dyn_nmm   -I/scratch/john.lawson/stochastic/stochWRF_3.8/external/esmf_time_f90  -I/scratch/john.lawson/stochastic/stochWRF_3.8/main -I/scratch/john.lawson/stochastic/stochWRF_3.8/external/io_netcdf -I/scratch/john.lawson/stochastic/stochWRF_3.8/external/io_int -I/scratch/john.lawson/stochastic/stochWRF_3.8/frame -I/scratch/john.lawson/stochastic/stochWRF_3.8/share -I/scratch/john.lawson/stochastic/stochWRF_3.8/phys -I/scratch/john.lawson/stochastic/stochWRF_3.8/chem -I/scratch/john.lawson/stochastic/stochWRF_3.8/inc -I/opt/cray/pe/netcdf-hdf5parallel/4.4.1.1.3/INTEL/16.0/include  -real-size `expr 8 \* 4` -i4  module_sf_noahmp_glacier.f90
rm -f module_sf_pxlsm_data.o
/lib/cpp -P -I/scratch/john.lawson/stochastic/stochWRF_3.8/inc -DEM_CORE=1 -DNMM_CORE=0 -DNMM_MAX_DIM=2600 -DCOAMPS_CORE=0 -DDA_CORE=0 -DEXP_CORE=0 -DIWORDSIZE=4 -DDWORDSIZE=8 -DRWORDSIZE=4 -DLWORDSIZE=4 -DNONSTANDARD_SYSTEM_FUNC  -DWRF_USE_CLM -DUSE_NETCDF4_FEATURES -DWRFIO_NCD_LARGE_FILE_SUPPORT  -DDM_PARALLEL -DNETCDF -DHDF5 -DUSE_ALLOCATABLES -DGRIB1 -DINTIO -DKEEP_INT_AROUND -DLIMIT_ARGS -DCONFIG_BUF_LEN=65536 -DMAX_DOMAINS_F=21 -DMAX_HISTORY=25 -DNMM_NEST=0  -I. -traditional -DUSE_NETCDF4_FEATURES -DWRFIO_NCD_LARGE_FILE_SUPPORT   module_sf_pxlsm_data.F  > module_sf_pxlsm_data.bb
/scratch/john.lawson/stochastic/stochWRF_3.8/tools/standard.exe module_sf_pxlsm_data.bb | /lib/cpp -P -traditional -DUSE_NETCDF4_FEATURES -DWRFIO_NCD_LARGE_FILE_SUPPORT > module_sf_pxlsm_data.f90
rm -f module_sf_pxlsm_data.b module_sf_pxlsm_data.bb
ftn -o module_sf_pxlsm_data.o -c -ip -O3  -w -ftz -fno-alias -align all -FR -convert big_endian    -I../dyn_em -I../dyn_nmm   -I/scratch/john.lawson/stochastic/stochWRF_3.8/external/esmf_time_f90  -I/scratch/john.lawson/stochastic/stochWRF_3.8/main -I/scratch/john.lawson/stochastic/stochWRF_3.8/external/io_netcdf -I/scratch/john.lawson/stochastic/stochWRF_3.8/external/io_int -I/scratch/john.lawson/stochastic/stochWRF_3.8/frame -I/scratch/john.lawson/stochastic/stochWRF_3.8/share -I/scratch/john.lawson/stochastic/stochWRF_3.8/phys -I/scratch/john.lawson/stochastic/stochWRF_3.8/chem -I/scratch/john.lawson/stochastic/stochWRF_3.8/inc -I/opt/cray/pe/netcdf-hdf5parallel/4.4.1.1.3/INTEL/16.0/include  -real-size `expr 8 \* 4` -i4  module_sf_pxlsm_data.f90
rm -f module_sf_ruclsm.o
/scratch/john.lawson/stochastic/stochWRF_3.8/tools/standard.exe module_sf_ruclsm.F > module_sf_ruclsm.b 
/lib/cpp -P -I/scratch/john.lawson/stochastic/stochWRF_3.8/inc -DEM_CORE=1 -DNMM_CORE=0 -DNMM_MAX_DIM=2600 -DCOAMPS_CORE=0 -DDA_CORE=0 -DEXP_CORE=0 -DIWORDSIZE=4 -DDWORDSIZE=8 -DRWORDSIZE=4 -DLWORDSIZE=4 -DNONSTANDARD_SYSTEM_FUNC  -DWRF_USE_CLM -DUSE_NETCDF4_FEATURES -DWRFIO_NCD_LARGE_FILE_SUPPORT  -DDM_PARALLEL -DNETCDF -DHDF5 -DUSE_ALLOCATABLES -DGRIB1 -DINTIO -DKEEP_INT_AROUND -DLIMIT_ARGS -DCONFIG_BUF_LEN=65536 -DMAX_DOMAINS_F=21 -DMAX_HISTORY=25 -DNMM_NEST=0  -I. -traditional -DUSE_NETCDF4_FEATURES -DWRFIO_NCD_LARGE_FILE_SUPPORT   module_sf_ruclsm.b  > module_sf_ruclsm.f90
rm -f module_sf_ruclsm.b
if fgrep -iq '!$OMP' module_sf_ruclsm.f90 ; then \
          echo COMPILING module_sf_ruclsm.F WITH OMP ; \
          if [ -n "" ] ; then echo COMPILING module_sf_ruclsm.F WITH OMP ; fi ; \
  ftn -c -real-size `expr 8 \* 4` -i4 -ip -O3  -w -ftz -fno-alias -align all -FR -convert big_endian   -I../dyn_em -I../dyn_nmm   -I/scratch/john.lawson/stochastic/stochWRF_3.8/external/esmf_time_f90  -I/scratch/john.lawson/stochastic/stochWRF_3.8/main -I/scratch/john.lawson/stochastic/stochWRF_3.8/external/io_netcdf -I/scratch/john.lawson/stochastic/stochWRF_3.8/external/io_int -I/scratch/john.lawson/stochastic/stochWRF_3.8/frame -I/scratch/john.lawson/stochastic/stochWRF_3.8/share -I/scratch/john.lawson/stochastic/stochWRF_3.8/phys -I/scratch/john.lawson/stochastic/stochWRF_3.8/chem -I/scratch/john.lawson/stochastic/stochWRF_3.8/inc -I/opt/cray/pe/netcdf-hdf5parallel/4.4.1.1.3/INTEL/16.0/include    module_sf_ruclsm.f90 ; \
        else \
          if [ -n "" ] ; then echo COMPILING module_sf_ruclsm.F WITHOUT OMP ; fi ; \
  ftn -c -real-size `expr 8 \* 4` -i4 -ip -O3  -w -ftz -fno-alias -align all -FR -convert big_endian   -I../dyn_em -I../dyn_nmm   -I/scratch/john.lawson/stochastic/stochWRF_3.8/external/esmf_time_f90  -I/scratch/john.lawson/stochastic/stochWRF_3.8/main -I/scratch/john.lawson/stochastic/stochWRF_3.8/external/io_netcdf -I/scratch/john.lawson/stochastic/stochWRF_3.8/external/io_int -I/scratch/john.lawson/stochastic/stochWRF_3.8/frame -I/scratch/john.lawson/stochastic/stochWRF_3.8/share -I/scratch/john.lawson/stochastic/stochWRF_3.8/phys -I/scratch/john.lawson/stochastic/stochWRF_3.8/chem -I/scratch/john.lawson/stochastic/stochWRF_3.8/inc -I/opt/cray/pe/netcdf-hdf5parallel/4.4.1.1.3/INTEL/16.0/include   module_sf_ruclsm.f90 ; \
        fi
rm -f module_sf_sfcdiags.o
/lib/cpp -P -I/scratch/john.lawson/stochastic/stochWRF_3.8/inc -DEM_CORE=1 -DNMM_CORE=0 -DNMM_MAX_DIM=2600 -DCOAMPS_CORE=0 -DDA_CORE=0 -DEXP_CORE=0 -DIWORDSIZE=4 -DDWORDSIZE=8 -DRWORDSIZE=4 -DLWORDSIZE=4 -DNONSTANDARD_SYSTEM_FUNC  -DWRF_USE_CLM -DUSE_NETCDF4_FEATURES -DWRFIO_NCD_LARGE_FILE_SUPPORT  -DDM_PARALLEL -DNETCDF -DHDF5 -DUSE_ALLOCATABLES -DGRIB1 -DINTIO -DKEEP_INT_AROUND -DLIMIT_ARGS -DCONFIG_BUF_LEN=65536 -DMAX_DOMAINS_F=21 -DMAX_HISTORY=25 -DNMM_NEST=0  -I. -traditional -DUSE_NETCDF4_FEATURES -DWRFIO_NCD_LARGE_FILE_SUPPORT   module_sf_sfcdiags.F  > module_sf_sfcdiags.bb
/scratch/john.lawson/stochastic/stochWRF_3.8/tools/standard.exe module_sf_sfcdiags.bb | /lib/cpp -P -traditional -DUSE_NETCDF4_FEATURES -DWRFIO_NCD_LARGE_FILE_SUPPORT > module_sf_sfcdiags.f90
rm -f module_sf_sfcdiags.b module_sf_sfcdiags.bb
ftn -o module_sf_sfcdiags.o -c -ip -O3  -w -ftz -fno-alias -align all -FR -convert big_endian    -I../dyn_em -I../dyn_nmm   -I/scratch/john.lawson/stochastic/stochWRF_3.8/external/esmf_time_f90  -I/scratch/john.lawson/stochastic/stochWRF_3.8/main -I/scratch/john.lawson/stochastic/stochWRF_3.8/external/io_netcdf -I/scratch/john.lawson/stochastic/stochWRF_3.8/external/io_int -I/scratch/john.lawson/stochastic/stochWRF_3.8/frame -I/scratch/john.lawson/stochastic/stochWRF_3.8/share -I/scratch/john.lawson/stochastic/stochWRF_3.8/phys -I/scratch/john.lawson/stochastic/stochWRF_3.8/chem -I/scratch/john.lawson/stochastic/stochWRF_3.8/inc -I/opt/cray/pe/netcdf-hdf5parallel/4.4.1.1.3/INTEL/16.0/include  -real-size `expr 8 \* 4` -i4  module_sf_sfcdiags.f90
rm -f module_sf_sfcdiags_ruclsm.o
/lib/cpp -P -I/scratch/john.lawson/stochastic/stochWRF_3.8/inc -DEM_CORE=1 -DNMM_CORE=0 -DNMM_MAX_DIM=2600 -DCOAMPS_CORE=0 -DDA_CORE=0 -DEXP_CORE=0 -DIWORDSIZE=4 -DDWORDSIZE=8 -DRWORDSIZE=4 -DLWORDSIZE=4 -DNONSTANDARD_SYSTEM_FUNC  -DWRF_USE_CLM -DUSE_NETCDF4_FEATURES -DWRFIO_NCD_LARGE_FILE_SUPPORT  -DDM_PARALLEL -DNETCDF -DHDF5 -DUSE_ALLOCATABLES -DGRIB1 -DINTIO -DKEEP_INT_AROUND -DLIMIT_ARGS -DCONFIG_BUF_LEN=65536 -DMAX_DOMAINS_F=21 -DMAX_HISTORY=25 -DNMM_NEST=0  -I. -traditional -DUSE_NETCDF4_FEATURES -DWRFIO_NCD_LARGE_FILE_SUPPORT   module_sf_sfcdiags_ruclsm.F  > module_sf_sfcdiags_ruclsm.bb
/scratch/john.lawson/stochastic/stochWRF_3.8/tools/standard.exe module_sf_sfcdiags_ruclsm.bb | /lib/cpp -P -traditional -DUSE_NETCDF4_FEATURES -DWRFIO_NCD_LARGE_FILE_SUPPORT > module_sf_sfcdiags_ruclsm.f90
rm -f module_sf_sfcdiags_ruclsm.b module_sf_sfcdiags_ruclsm.bb
ftn -o module_sf_sfcdiags_ruclsm.o -c -ip -O3  -w -ftz -fno-alias -align all -FR -convert big_endian    -I../dyn_em -I../dyn_nmm   -I/scratch/john.lawson/stochastic/stochWRF_3.8/external/esmf_time_f90  -I/scratch/john.lawson/stochastic/stochWRF_3.8/main -I/scratch/john.lawson/stochastic/stochWRF_3.8/external/io_netcdf -I/scratch/john.lawson/stochastic/stochWRF_3.8/external/io_int -I/scratch/john.lawson/stochastic/stochWRF_3.8/frame -I/scratch/john.lawson/stochastic/stochWRF_3.8/share -I/scratch/john.lawson/stochastic/stochWRF_3.8/phys -I/scratch/john.lawson/stochastic/stochWRF_3.8/chem -I/scratch/john.lawson/stochastic/stochWRF_3.8/inc -I/opt/cray/pe/netcdf-hdf5parallel/4.4.1.1.3/INTEL/16.0/include  -real-size `expr 8 \* 4` -i4  module_sf_sfcdiags_ruclsm.f90
rm -f module_sf_sstskin.o
/lib/cpp -P -I/scratch/john.lawson/stochastic/stochWRF_3.8/inc -DEM_CORE=1 -DNMM_CORE=0 -DNMM_MAX_DIM=2600 -DCOAMPS_CORE=0 -DDA_CORE=0 -DEXP_CORE=0 -DIWORDSIZE=4 -DDWORDSIZE=8 -DRWORDSIZE=4 -DLWORDSIZE=4 -DNONSTANDARD_SYSTEM_FUNC  -DWRF_USE_CLM -DUSE_NETCDF4_FEATURES -DWRFIO_NCD_LARGE_FILE_SUPPORT  -DDM_PARALLEL -DNETCDF -DHDF5 -DUSE_ALLOCATABLES -DGRIB1 -DINTIO -DKEEP_INT_AROUND -DLIMIT_ARGS -DCONFIG_BUF_LEN=65536 -DMAX_DOMAINS_F=21 -DMAX_HISTORY=25 -DNMM_NEST=0  -I. -traditional -DUSE_NETCDF4_FEATURES -DWRFIO_NCD_LARGE_FILE_SUPPORT   module_sf_sstskin.F  > module_sf_sstskin.bb
/scratch/john.lawson/stochastic/stochWRF_3.8/tools/standard.exe module_sf_sstskin.bb | /lib/cpp -P -traditional -DUSE_NETCDF4_FEATURES -DWRFIO_NCD_LARGE_FILE_SUPPORT > module_sf_sstskin.f90
rm -f module_sf_sstskin.b module_sf_sstskin.bb
ftn -o module_sf_sstskin.o -c -ip -O3  -w -ftz -fno-alias -align all -FR -convert big_endian    -I../dyn_em -I../dyn_nmm   -I/scratch/john.lawson/stochastic/stochWRF_3.8/external/esmf_time_f90  -I/scratch/john.lawson/stochastic/stochWRF_3.8/main -I/scratch/john.lawson/stochastic/stochWRF_3.8/external/io_netcdf -I/scratch/john.lawson/stochastic/stochWRF_3.8/external/io_int -I/scratch/john.lawson/stochastic/stochWRF_3.8/frame -I/scratch/john.lawson/stochastic/stochWRF_3.8/share -I/scratch/john.lawson/stochastic/stochWRF_3.8/phys -I/scratch/john.lawson/stochastic/stochWRF_3.8/chem -I/scratch/john.lawson/stochastic/stochWRF_3.8/inc -I/opt/cray/pe/netcdf-hdf5parallel/4.4.1.1.3/INTEL/16.0/include  -real-size `expr 8 \* 4` -i4  module_sf_sstskin.f90
rm -f module_sf_tmnupdate.o
/lib/cpp -P -I/scratch/john.lawson/stochastic/stochWRF_3.8/inc -DEM_CORE=1 -DNMM_CORE=0 -DNMM_MAX_DIM=2600 -DCOAMPS_CORE=0 -DDA_CORE=0 -DEXP_CORE=0 -DIWORDSIZE=4 -DDWORDSIZE=8 -DRWORDSIZE=4 -DLWORDSIZE=4 -DNONSTANDARD_SYSTEM_FUNC  -DWRF_USE_CLM -DUSE_NETCDF4_FEATURES -DWRFIO_NCD_LARGE_FILE_SUPPORT  -DDM_PARALLEL -DNETCDF -DHDF5 -DUSE_ALLOCATABLES -DGRIB1 -DINTIO -DKEEP_INT_AROUND -DLIMIT_ARGS -DCONFIG_BUF_LEN=65536 -DMAX_DOMAINS_F=21 -DMAX_HISTORY=25 -DNMM_NEST=0  -I. -traditional -DUSE_NETCDF4_FEATURES -DWRFIO_NCD_LARGE_FILE_SUPPORT   module_sf_tmnupdate.F  > module_sf_tmnupdate.bb
/scratch/john.lawson/stochastic/stochWRF_3.8/tools/standard.exe module_sf_tmnupdate.bb | /lib/cpp -P -traditional -DUSE_NETCDF4_FEATURES -DWRFIO_NCD_LARGE_FILE_SUPPORT > module_sf_tmnupdate.f90
rm -f module_sf_tmnupdate.b module_sf_tmnupdate.bb
ftn -o module_sf_tmnupdate.o -c -ip -O3  -w -ftz -fno-alias -align all -FR -convert big_endian    -I../dyn_em -I../dyn_nmm   -I/scratch/john.lawson/stochastic/stochWRF_3.8/external/esmf_time_f90  -I/scratch/john.lawson/stochastic/stochWRF_3.8/main -I/scratch/john.lawson/stochastic/stochWRF_3.8/external/io_netcdf -I/scratch/john.lawson/stochastic/stochWRF_3.8/external/io_int -I/scratch/john.lawson/stochastic/stochWRF_3.8/frame -I/scratch/john.lawson/stochastic/stochWRF_3.8/share -I/scratch/john.lawson/stochastic/stochWRF_3.8/phys -I/scratch/john.lawson/stochastic/stochWRF_3.8/chem -I/scratch/john.lawson/stochastic/stochWRF_3.8/inc -I/opt/cray/pe/netcdf-hdf5parallel/4.4.1.1.3/INTEL/16.0/include  -real-size `expr 8 \* 4` -i4  module_sf_tmnupdate.f90
rm -f module_sf_oml.o
/lib/cpp -P -I/scratch/john.lawson/stochastic/stochWRF_3.8/inc -DEM_CORE=1 -DNMM_CORE=0 -DNMM_MAX_DIM=2600 -DCOAMPS_CORE=0 -DDA_CORE=0 -DEXP_CORE=0 -DIWORDSIZE=4 -DDWORDSIZE=8 -DRWORDSIZE=4 -DLWORDSIZE=4 -DNONSTANDARD_SYSTEM_FUNC  -DWRF_USE_CLM -DUSE_NETCDF4_FEATURES -DWRFIO_NCD_LARGE_FILE_SUPPORT  -DDM_PARALLEL -DNETCDF -DHDF5 -DUSE_ALLOCATABLES -DGRIB1 -DINTIO -DKEEP_INT_AROUND -DLIMIT_ARGS -DCONFIG_BUF_LEN=65536 -DMAX_DOMAINS_F=21 -DMAX_HISTORY=25 -DNMM_NEST=0  -I. -traditional -DUSE_NETCDF4_FEATURES -DWRFIO_NCD_LARGE_FILE_SUPPORT   module_sf_oml.F  > module_sf_oml.bb
/scratch/john.lawson/stochastic/stochWRF_3.8/tools/standard.exe module_sf_oml.bb | /lib/cpp -P -traditional -DUSE_NETCDF4_FEATURES -DWRFIO_NCD_LARGE_FILE_SUPPORT > module_sf_oml.f90
rm -f module_sf_oml.b module_sf_oml.bb
ftn -o module_sf_oml.o -c -ip -O3  -w -ftz -fno-alias -align all -FR -convert big_endian    -I../dyn_em -I../dyn_nmm   -I/scratch/john.lawson/stochastic/stochWRF_3.8/external/esmf_time_f90  -I/scratch/john.lawson/stochastic/stochWRF_3.8/main -I/scratch/john.lawson/stochastic/stochWRF_3.8/external/io_netcdf -I/scratch/john.lawson/stochastic/stochWRF_3.8/external/io_int -I/scratch/john.lawson/stochastic/stochWRF_3.8/frame -I/scratch/john.lawson/stochastic/stochWRF_3.8/share -I/scratch/john.lawson/stochastic/stochWRF_3.8/phys -I/scratch/john.lawson/stochastic/stochWRF_3.8/chem -I/scratch/john.lawson/stochastic/stochWRF_3.8/inc -I/opt/cray/pe/netcdf-hdf5parallel/4.4.1.1.3/INTEL/16.0/include  -real-size `expr 8 \* 4` -i4  module_sf_oml.f90
rm -f module_sf_3dpwp.o
/lib/cpp -P -I/scratch/john.lawson/stochastic/stochWRF_3.8/inc -DEM_CORE=1 -DNMM_CORE=0 -DNMM_MAX_DIM=2600 -DCOAMPS_CORE=0 -DDA_CORE=0 -DEXP_CORE=0 -DIWORDSIZE=4 -DDWORDSIZE=8 -DRWORDSIZE=4 -DLWORDSIZE=4 -DNONSTANDARD_SYSTEM_FUNC  -DWRF_USE_CLM -DUSE_NETCDF4_FEATURES -DWRFIO_NCD_LARGE_FILE_SUPPORT  -DDM_PARALLEL -DNETCDF -DHDF5 -DUSE_ALLOCATABLES -DGRIB1 -DINTIO -DKEEP_INT_AROUND -DLIMIT_ARGS -DCONFIG_BUF_LEN=65536 -DMAX_DOMAINS_F=21 -DMAX_HISTORY=25 -DNMM_NEST=0  -I. -traditional -DUSE_NETCDF4_FEATURES -DWRFIO_NCD_LARGE_FILE_SUPPORT   module_sf_3dpwp.F  > module_sf_3dpwp.bb
/scratch/john.lawson/stochastic/stochWRF_3.8/tools/standard.exe module_sf_3dpwp.bb | /lib/cpp -P -traditional -DUSE_NETCDF4_FEATURES -DWRFIO_NCD_LARGE_FILE_SUPPORT > module_sf_3dpwp.f90
rm -f module_sf_3dpwp.b module_sf_3dpwp.bb
ftn -o module_sf_3dpwp.o -c -ip -O3  -w -ftz -fno-alias -align all -FR -convert big_endian    -I../dyn_em -I../dyn_nmm   -I/scratch/john.lawson/stochastic/stochWRF_3.8/external/esmf_time_f90  -I/scratch/john.lawson/stochastic/stochWRF_3.8/main -I/scratch/john.lawson/stochastic/stochWRF_3.8/external/io_netcdf -I/scratch/john.lawson/stochastic/stochWRF_3.8/external/io_int -I/scratch/john.lawson/stochastic/stochWRF_3.8/frame -I/scratch/john.lawson/stochastic/stochWRF_3.8/share -I/scratch/john.lawson/stochastic/stochWRF_3.8/phys -I/scratch/john.lawson/stochastic/stochWRF_3.8/chem -I/scratch/john.lawson/stochastic/stochWRF_3.8/inc -I/opt/cray/pe/netcdf-hdf5parallel/4.4.1.1.3/INTEL/16.0/include  -real-size `expr 8 \* 4` -i4  module_sf_3dpwp.f90
rm -f module_sf_qnsesfc.o
/lib/cpp -P -I/scratch/john.lawson/stochastic/stochWRF_3.8/inc -DEM_CORE=1 -DNMM_CORE=0 -DNMM_MAX_DIM=2600 -DCOAMPS_CORE=0 -DDA_CORE=0 -DEXP_CORE=0 -DIWORDSIZE=4 -DDWORDSIZE=8 -DRWORDSIZE=4 -DLWORDSIZE=4 -DNONSTANDARD_SYSTEM_FUNC  -DWRF_USE_CLM -DUSE_NETCDF4_FEATURES -DWRFIO_NCD_LARGE_FILE_SUPPORT  -DDM_PARALLEL -DNETCDF -DHDF5 -DUSE_ALLOCATABLES -DGRIB1 -DINTIO -DKEEP_INT_AROUND -DLIMIT_ARGS -DCONFIG_BUF_LEN=65536 -DMAX_DOMAINS_F=21 -DMAX_HISTORY=25 -DNMM_NEST=0  -I. -traditional -DUSE_NETCDF4_FEATURES -DWRFIO_NCD_LARGE_FILE_SUPPORT   module_sf_qnsesfc.F  > module_sf_qnsesfc.bb
/scratch/john.lawson/stochastic/stochWRF_3.8/tools/standard.exe module_sf_qnsesfc.bb | /lib/cpp -P -traditional -DUSE_NETCDF4_FEATURES -DWRFIO_NCD_LARGE_FILE_SUPPORT > module_sf_qnsesfc.f90
rm -f module_sf_qnsesfc.b module_sf_qnsesfc.bb
ftn -o module_sf_qnsesfc.o -c -ip -O3  -w -ftz -fno-alias -align all -FR -convert big_endian    -I../dyn_em -I../dyn_nmm   -I/scratch/john.lawson/stochastic/stochWRF_3.8/external/esmf_time_f90  -I/scratch/john.lawson/stochastic/stochWRF_3.8/main -I/scratch/john.lawson/stochastic/stochWRF_3.8/external/io_netcdf -I/scratch/john.lawson/stochastic/stochWRF_3.8/external/io_int -I/scratch/john.lawson/stochastic/stochWRF_3.8/frame -I/scratch/john.lawson/stochastic/stochWRF_3.8/share -I/scratch/john.lawson/stochastic/stochWRF_3.8/phys -I/scratch/john.lawson/stochastic/stochWRF_3.8/chem -I/scratch/john.lawson/stochastic/stochWRF_3.8/inc -I/opt/cray/pe/netcdf-hdf5parallel/4.4.1.1.3/INTEL/16.0/include  -real-size `expr 8 \* 4` -i4  module_sf_qnsesfc.f90
rm -f module_sf_mynn.o
/lib/cpp -P -I/scratch/john.lawson/stochastic/stochWRF_3.8/inc -DEM_CORE=1 -DNMM_CORE=0 -DNMM_MAX_DIM=2600 -DCOAMPS_CORE=0 -DDA_CORE=0 -DEXP_CORE=0 -DIWORDSIZE=4 -DDWORDSIZE=8 -DRWORDSIZE=4 -DLWORDSIZE=4 -DNONSTANDARD_SYSTEM_FUNC  -DWRF_USE_CLM -DUSE_NETCDF4_FEATURES -DWRFIO_NCD_LARGE_FILE_SUPPORT  -DDM_PARALLEL -DNETCDF -DHDF5 -DUSE_ALLOCATABLES -DGRIB1 -DINTIO -DKEEP_INT_AROUND -DLIMIT_ARGS -DCONFIG_BUF_LEN=65536 -DMAX_DOMAINS_F=21 -DMAX_HISTORY=25 -DNMM_NEST=0  -I. -traditional -DUSE_NETCDF4_FEATURES -DWRFIO_NCD_LARGE_FILE_SUPPORT   module_sf_mynn.F  > module_sf_mynn.bb
/scratch/john.lawson/stochastic/stochWRF_3.8/tools/standard.exe module_sf_mynn.bb | /lib/cpp -P -traditional -DUSE_NETCDF4_FEATURES -DWRFIO_NCD_LARGE_FILE_SUPPORT > module_sf_mynn.f90
rm -f module_sf_mynn.b module_sf_mynn.bb
ftn -o module_sf_mynn.o -c -ip -O3  -w -ftz -fno-alias -align all -FR -convert big_endian    -I../dyn_em -I../dyn_nmm   -I/scratch/john.lawson/stochastic/stochWRF_3.8/external/esmf_time_f90  -I/scratch/john.lawson/stochastic/stochWRF_3.8/main -I/scratch/john.lawson/stochastic/stochWRF_3.8/external/io_netcdf -I/scratch/john.lawson/stochastic/stochWRF_3.8/external/io_int -I/scratch/john.lawson/stochastic/stochWRF_3.8/frame -I/scratch/john.lawson/stochastic/stochWRF_3.8/share -I/scratch/john.lawson/stochastic/stochWRF_3.8/phys -I/scratch/john.lawson/stochastic/stochWRF_3.8/chem -I/scratch/john.lawson/stochastic/stochWRF_3.8/inc -I/opt/cray/pe/netcdf-hdf5parallel/4.4.1.1.3/INTEL/16.0/include  -real-size `expr 8 \* 4` -i4  module_sf_mynn.f90
rm -f module_sf_fogdes.o
/lib/cpp -P -I/scratch/john.lawson/stochastic/stochWRF_3.8/inc -DEM_CORE=1 -DNMM_CORE=0 -DNMM_MAX_DIM=2600 -DCOAMPS_CORE=0 -DDA_CORE=0 -DEXP_CORE=0 -DIWORDSIZE=4 -DDWORDSIZE=8 -DRWORDSIZE=4 -DLWORDSIZE=4 -DNONSTANDARD_SYSTEM_FUNC  -DWRF_USE_CLM -DUSE_NETCDF4_FEATURES -DWRFIO_NCD_LARGE_FILE_SUPPORT  -DDM_PARALLEL -DNETCDF -DHDF5 -DUSE_ALLOCATABLES -DGRIB1 -DINTIO -DKEEP_INT_AROUND -DLIMIT_ARGS -DCONFIG_BUF_LEN=65536 -DMAX_DOMAINS_F=21 -DMAX_HISTORY=25 -DNMM_NEST=0  -I. -traditional -DUSE_NETCDF4_FEATURES -DWRFIO_NCD_LARGE_FILE_SUPPORT   module_sf_fogdes.F  > module_sf_fogdes.bb
/scratch/john.lawson/stochastic/stochWRF_3.8/tools/standard.exe module_sf_fogdes.bb | /lib/cpp -P -traditional -DUSE_NETCDF4_FEATURES -DWRFIO_NCD_LARGE_FILE_SUPPORT > module_sf_fogdes.f90
rm -f module_sf_fogdes.b module_sf_fogdes.bb
ftn -o module_sf_fogdes.o -c -ip -O3  -w -ftz -fno-alias -align all -FR -convert big_endian    -I../dyn_em -I../dyn_nmm   -I/scratch/john.lawson/stochastic/stochWRF_3.8/external/esmf_time_f90  -I/scratch/john.lawson/stochastic/stochWRF_3.8/main -I/scratch/john.lawson/stochastic/stochWRF_3.8/external/io_netcdf -I/scratch/john.lawson/stochastic/stochWRF_3.8/external/io_int -I/scratch/john.lawson/stochastic/stochWRF_3.8/frame -I/scratch/john.lawson/stochastic/stochWRF_3.8/share -I/scratch/john.lawson/stochastic/stochWRF_3.8/phys -I/scratch/john.lawson/stochastic/stochWRF_3.8/chem -I/scratch/john.lawson/stochastic/stochWRF_3.8/inc -I/opt/cray/pe/netcdf-hdf5parallel/4.4.1.1.3/INTEL/16.0/include  -real-size `expr 8 \* 4` -i4  module_sf_fogdes.f90
rm -f module_sf_pxsfclay.o
/lib/cpp -P -I/scratch/john.lawson/stochastic/stochWRF_3.8/inc -DEM_CORE=1 -DNMM_CORE=0 -DNMM_MAX_DIM=2600 -DCOAMPS_CORE=0 -DDA_CORE=0 -DEXP_CORE=0 -DIWORDSIZE=4 -DDWORDSIZE=8 -DRWORDSIZE=4 -DLWORDSIZE=4 -DNONSTANDARD_SYSTEM_FUNC  -DWRF_USE_CLM -DUSE_NETCDF4_FEATURES -DWRFIO_NCD_LARGE_FILE_SUPPORT  -DDM_PARALLEL -DNETCDF -DHDF5 -DUSE_ALLOCATABLES -DGRIB1 -DINTIO -DKEEP_INT_AROUND -DLIMIT_ARGS -DCONFIG_BUF_LEN=65536 -DMAX_DOMAINS_F=21 -DMAX_HISTORY=25 -DNMM_NEST=0  -I. -traditional -DUSE_NETCDF4_FEATURES -DWRFIO_NCD_LARGE_FILE_SUPPORT   module_sf_pxsfclay.F  > module_sf_pxsfclay.bb
/scratch/john.lawson/stochastic/stochWRF_3.8/tools/standard.exe module_sf_pxsfclay.bb | /lib/cpp -P -traditional -DUSE_NETCDF4_FEATURES -DWRFIO_NCD_LARGE_FILE_SUPPORT > module_sf_pxsfclay.f90
rm -f module_sf_pxsfclay.b module_sf_pxsfclay.bb
ftn -o module_sf_pxsfclay.o -c -ip -O3  -w -ftz -fno-alias -align all -FR -convert big_endian    -I../dyn_em -I../dyn_nmm   -I/scratch/john.lawson/stochastic/stochWRF_3.8/external/esmf_time_f90  -I/scratch/john.lawson/stochastic/stochWRF_3.8/main -I/scratch/john.lawson/stochastic/stochWRF_3.8/external/io_netcdf -I/scratch/john.lawson/stochastic/stochWRF_3.8/external/io_int -I/scratch/john.lawson/stochastic/stochWRF_3.8/frame -I/scratch/john.lawson/stochastic/stochWRF_3.8/share -I/scratch/john.lawson/stochastic/stochWRF_3.8/phys -I/scratch/john.lawson/stochastic/stochWRF_3.8/chem -I/scratch/john.lawson/stochastic/stochWRF_3.8/inc -I/opt/cray/pe/netcdf-hdf5parallel/4.4.1.1.3/INTEL/16.0/include  -real-size `expr 8 \* 4` -i4  module_sf_pxsfclay.f90
rm -f module_sf_temfsfclay.o
/lib/cpp -P -I/scratch/john.lawson/stochastic/stochWRF_3.8/inc -DEM_CORE=1 -DNMM_CORE=0 -DNMM_MAX_DIM=2600 -DCOAMPS_CORE=0 -DDA_CORE=0 -DEXP_CORE=0 -DIWORDSIZE=4 -DDWORDSIZE=8 -DRWORDSIZE=4 -DLWORDSIZE=4 -DNONSTANDARD_SYSTEM_FUNC  -DWRF_USE_CLM -DUSE_NETCDF4_FEATURES -DWRFIO_NCD_LARGE_FILE_SUPPORT  -DDM_PARALLEL -DNETCDF -DHDF5 -DUSE_ALLOCATABLES -DGRIB1 -DINTIO -DKEEP_INT_AROUND -DLIMIT_ARGS -DCONFIG_BUF_LEN=65536 -DMAX_DOMAINS_F=21 -DMAX_HISTORY=25 -DNMM_NEST=0  -I. -traditional -DUSE_NETCDF4_FEATURES -DWRFIO_NCD_LARGE_FILE_SUPPORT   module_sf_temfsfclay.F  > module_sf_temfsfclay.bb
/scratch/john.lawson/stochastic/stochWRF_3.8/tools/standard.exe module_sf_temfsfclay.bb | /lib/cpp -P -traditional -DUSE_NETCDF4_FEATURES -DWRFIO_NCD_LARGE_FILE_SUPPORT > module_sf_temfsfclay.f90
rm -f module_sf_temfsfclay.b module_sf_temfsfclay.bb
ftn -o module_sf_temfsfclay.o -c -ip -O3  -w -ftz -fno-alias -align all -FR -convert big_endian    -I../dyn_em -I../dyn_nmm   -I/scratch/john.lawson/stochastic/stochWRF_3.8/external/esmf_time_f90  -I/scratch/john.lawson/stochastic/stochWRF_3.8/main -I/scratch/john.lawson/stochastic/stochWRF_3.8/external/io_netcdf -I/scratch/john.lawson/stochastic/stochWRF_3.8/external/io_int -I/scratch/john.lawson/stochastic/stochWRF_3.8/frame -I/scratch/john.lawson/stochastic/stochWRF_3.8/share -I/scratch/john.lawson/stochastic/stochWRF_3.8/phys -I/scratch/john.lawson/stochastic/stochWRF_3.8/chem -I/scratch/john.lawson/stochastic/stochWRF_3.8/inc -I/opt/cray/pe/netcdf-hdf5parallel/4.4.1.1.3/INTEL/16.0/include  -real-size `expr 8 \* 4` -i4  module_sf_temfsfclay.f90
rm -f module_sf_idealscmsfclay.o
/lib/cpp -P -I/scratch/john.lawson/stochastic/stochWRF_3.8/inc -DEM_CORE=1 -DNMM_CORE=0 -DNMM_MAX_DIM=2600 -DCOAMPS_CORE=0 -DDA_CORE=0 -DEXP_CORE=0 -DIWORDSIZE=4 -DDWORDSIZE=8 -DRWORDSIZE=4 -DLWORDSIZE=4 -DNONSTANDARD_SYSTEM_FUNC  -DWRF_USE_CLM -DUSE_NETCDF4_FEATURES -DWRFIO_NCD_LARGE_FILE_SUPPORT  -DDM_PARALLEL -DNETCDF -DHDF5 -DUSE_ALLOCATABLES -DGRIB1 -DINTIO -DKEEP_INT_AROUND -DLIMIT_ARGS -DCONFIG_BUF_LEN=65536 -DMAX_DOMAINS_F=21 -DMAX_HISTORY=25 -DNMM_NEST=0  -I. -traditional -DUSE_NETCDF4_FEATURES -DWRFIO_NCD_LARGE_FILE_SUPPORT   module_sf_idealscmsfclay.F  > module_sf_idealscmsfclay.bb
/scratch/john.lawson/stochastic/stochWRF_3.8/tools/standard.exe module_sf_idealscmsfclay.bb | /lib/cpp -P -traditional -DUSE_NETCDF4_FEATURES -DWRFIO_NCD_LARGE_FILE_SUPPORT > module_sf_idealscmsfclay.f90
rm -f module_sf_idealscmsfclay.b module_sf_idealscmsfclay.bb
ftn -o module_sf_idealscmsfclay.o -c -ip -O3  -w -ftz -fno-alias -align all -FR -convert big_endian    -I../dyn_em -I../dyn_nmm   -I/scratch/john.lawson/stochastic/stochWRF_3.8/external/esmf_time_f90  -I/scratch/john.lawson/stochastic/stochWRF_3.8/main -I/scratch/john.lawson/stochastic/stochWRF_3.8/external/io_netcdf -I/scratch/john.lawson/stochastic/stochWRF_3.8/external/io_int -I/scratch/john.lawson/stochastic/stochWRF_3.8/frame -I/scratch/john.lawson/stochastic/stochWRF_3.8/share -I/scratch/john.lawson/stochastic/stochWRF_3.8/phys -I/scratch/john.lawson/stochastic/stochWRF_3.8/chem -I/scratch/john.lawson/stochastic/stochWRF_3.8/inc -I/opt/cray/pe/netcdf-hdf5parallel/4.4.1.1.3/INTEL/16.0/include  -real-size `expr 8 \* 4` -i4  module_sf_idealscmsfclay.f90
rm -f module_sf_scmflux.o
/lib/cpp -P -I/scratch/john.lawson/stochastic/stochWRF_3.8/inc -DEM_CORE=1 -DNMM_CORE=0 -DNMM_MAX_DIM=2600 -DCOAMPS_CORE=0 -DDA_CORE=0 -DEXP_CORE=0 -DIWORDSIZE=4 -DDWORDSIZE=8 -DRWORDSIZE=4 -DLWORDSIZE=4 -DNONSTANDARD_SYSTEM_FUNC  -DWRF_USE_CLM -DUSE_NETCDF4_FEATURES -DWRFIO_NCD_LARGE_FILE_SUPPORT  -DDM_PARALLEL -DNETCDF -DHDF5 -DUSE_ALLOCATABLES -DGRIB1 -DINTIO -DKEEP_INT_AROUND -DLIMIT_ARGS -DCONFIG_BUF_LEN=65536 -DMAX_DOMAINS_F=21 -DMAX_HISTORY=25 -DNMM_NEST=0  -I. -traditional -DUSE_NETCDF4_FEATURES -DWRFIO_NCD_LARGE_FILE_SUPPORT   module_sf_scmflux.F  > module_sf_scmflux.bb
/scratch/john.lawson/stochastic/stochWRF_3.8/tools/standard.exe module_sf_scmflux.bb | /lib/cpp -P -traditional -DUSE_NETCDF4_FEATURES -DWRFIO_NCD_LARGE_FILE_SUPPORT > module_sf_scmflux.f90
rm -f module_sf_scmflux.b module_sf_scmflux.bb
ftn -o module_sf_scmflux.o -c -ip -O3  -w -ftz -fno-alias -align all -FR -convert big_endian    -I../dyn_em -I../dyn_nmm   -I/scratch/john.lawson/stochastic/stochWRF_3.8/external/esmf_time_f90  -I/scratch/john.lawson/stochastic/stochWRF_3.8/main -I/scratch/john.lawson/stochastic/stochWRF_3.8/external/io_netcdf -I/scratch/john.lawson/stochastic/stochWRF_3.8/external/io_int -I/scratch/john.lawson/stochastic/stochWRF_3.8/frame -I/scratch/john.lawson/stochastic/stochWRF_3.8/share -I/scratch/john.lawson/stochastic/stochWRF_3.8/phys -I/scratch/john.lawson/stochastic/stochWRF_3.8/chem -I/scratch/john.lawson/stochastic/stochWRF_3.8/inc -I/opt/cray/pe/netcdf-hdf5parallel/4.4.1.1.3/INTEL/16.0/include  -real-size `expr 8 \* 4` -i4  module_sf_scmflux.f90
rm -f module_sf_scmskintemp.o
/lib/cpp -P -I/scratch/john.lawson/stochastic/stochWRF_3.8/inc -DEM_CORE=1 -DNMM_CORE=0 -DNMM_MAX_DIM=2600 -DCOAMPS_CORE=0 -DDA_CORE=0 -DEXP_CORE=0 -DIWORDSIZE=4 -DDWORDSIZE=8 -DRWORDSIZE=4 -DLWORDSIZE=4 -DNONSTANDARD_SYSTEM_FUNC  -DWRF_USE_CLM -DUSE_NETCDF4_FEATURES -DWRFIO_NCD_LARGE_FILE_SUPPORT  -DDM_PARALLEL -DNETCDF -DHDF5 -DUSE_ALLOCATABLES -DGRIB1 -DINTIO -DKEEP_INT_AROUND -DLIMIT_ARGS -DCONFIG_BUF_LEN=65536 -DMAX_DOMAINS_F=21 -DMAX_HISTORY=25 -DNMM_NEST=0  -I. -traditional -DUSE_NETCDF4_FEATURES -DWRFIO_NCD_LARGE_FILE_SUPPORT   module_sf_scmskintemp.F  > module_sf_scmskintemp.bb
/scratch/john.lawson/stochastic/stochWRF_3.8/tools/standard.exe module_sf_scmskintemp.bb | /lib/cpp -P -traditional -DUSE_NETCDF4_FEATURES -DWRFIO_NCD_LARGE_FILE_SUPPORT > module_sf_scmskintemp.f90
rm -f module_sf_scmskintemp.b module_sf_scmskintemp.bb
ftn -o module_sf_scmskintemp.o -c -ip -O3  -w -ftz -fno-alias -align all -FR -convert big_endian    -I../dyn_em -I../dyn_nmm   -I/scratch/john.lawson/stochastic/stochWRF_3.8/external/esmf_time_f90  -I/scratch/john.lawson/stochastic/stochWRF_3.8/main -I/scratch/john.lawson/stochastic/stochWRF_3.8/external/io_netcdf -I/scratch/john.lawson/stochastic/stochWRF_3.8/external/io_int -I/scratch/john.lawson/stochastic/stochWRF_3.8/frame -I/scratch/john.lawson/stochastic/stochWRF_3.8/share -I/scratch/john.lawson/stochastic/stochWRF_3.8/phys -I/scratch/john.lawson/stochastic/stochWRF_3.8/chem -I/scratch/john.lawson/stochastic/stochWRF_3.8/inc -I/opt/cray/pe/netcdf-hdf5parallel/4.4.1.1.3/INTEL/16.0/include  -real-size `expr 8 \* 4` -i4  module_sf_scmskintemp.f90
rm -f module_physics_addtendc.o
/lib/cpp -P -I/scratch/john.lawson/stochastic/stochWRF_3.8/inc -DEM_CORE=1 -DNMM_CORE=0 -DNMM_MAX_DIM=2600 -DCOAMPS_CORE=0 -DDA_CORE=0 -DEXP_CORE=0 -DIWORDSIZE=4 -DDWORDSIZE=8 -DRWORDSIZE=4 -DLWORDSIZE=4 -DNONSTANDARD_SYSTEM_FUNC  -DWRF_USE_CLM -DUSE_NETCDF4_FEATURES -DWRFIO_NCD_LARGE_FILE_SUPPORT  -DDM_PARALLEL -DNETCDF -DHDF5 -DUSE_ALLOCATABLES -DGRIB1 -DINTIO -DKEEP_INT_AROUND -DLIMIT_ARGS -DCONFIG_BUF_LEN=65536 -DMAX_DOMAINS_F=21 -DMAX_HISTORY=25 -DNMM_NEST=0  -I. -traditional -DUSE_NETCDF4_FEATURES -DWRFIO_NCD_LARGE_FILE_SUPPORT   module_physics_addtendc.F  > module_physics_addtendc.bb
/scratch/john.lawson/stochastic/stochWRF_3.8/tools/standard.exe module_physics_addtendc.bb | /lib/cpp -P -traditional -DUSE_NETCDF4_FEATURES -DWRFIO_NCD_LARGE_FILE_SUPPORT > module_physics_addtendc.f90
rm -f module_physics_addtendc.b module_physics_addtendc.bb
ftn -o module_physics_addtendc.o -c -ip -O3  -w -ftz -fno-alias -align all -FR -convert big_endian    -I../dyn_em -I../dyn_nmm   -I/scratch/john.lawson/stochastic/stochWRF_3.8/external/esmf_time_f90  -I/scratch/john.lawson/stochastic/stochWRF_3.8/main -I/scratch/john.lawson/stochastic/stochWRF_3.8/external/io_netcdf -I/scratch/john.lawson/stochastic/stochWRF_3.8/external/io_int -I/scratch/john.lawson/stochastic/stochWRF_3.8/frame -I/scratch/john.lawson/stochastic/stochWRF_3.8/share -I/scratch/john.lawson/stochastic/stochWRF_3.8/phys -I/scratch/john.lawson/stochastic/stochWRF_3.8/chem -I/scratch/john.lawson/stochastic/stochWRF_3.8/inc -I/opt/cray/pe/netcdf-hdf5parallel/4.4.1.1.3/INTEL/16.0/include  -real-size `expr 8 \* 4` -i4  module_physics_addtendc.f90
rm -f module_sf_lake.o
/lib/cpp -P -I/scratch/john.lawson/stochastic/stochWRF_3.8/inc -DEM_CORE=1 -DNMM_CORE=0 -DNMM_MAX_DIM=2600 -DCOAMPS_CORE=0 -DDA_CORE=0 -DEXP_CORE=0 -DIWORDSIZE=4 -DDWORDSIZE=8 -DRWORDSIZE=4 -DLWORDSIZE=4 -DNONSTANDARD_SYSTEM_FUNC  -DWRF_USE_CLM -DUSE_NETCDF4_FEATURES -DWRFIO_NCD_LARGE_FILE_SUPPORT  -DDM_PARALLEL -DNETCDF -DHDF5 -DUSE_ALLOCATABLES -DGRIB1 -DINTIO -DKEEP_INT_AROUND -DLIMIT_ARGS -DCONFIG_BUF_LEN=65536 -DMAX_DOMAINS_F=21 -DMAX_HISTORY=25 -DNMM_NEST=0  -I. -traditional -DUSE_NETCDF4_FEATURES -DWRFIO_NCD_LARGE_FILE_SUPPORT   module_sf_lake.F  > module_sf_lake.bb
/scratch/john.lawson/stochastic/stochWRF_3.8/tools/standard.exe module_sf_lake.bb | /lib/cpp -P -traditional -DUSE_NETCDF4_FEATURES -DWRFIO_NCD_LARGE_FILE_SUPPORT > module_sf_lake.f90
rm -f module_sf_lake.b module_sf_lake.bb
ftn -o module_sf_lake.o -c -ip -O3  -w -ftz -fno-alias -align all -FR -convert big_endian    -I../dyn_em -I../dyn_nmm   -I/scratch/john.lawson/stochastic/stochWRF_3.8/external/esmf_time_f90  -I/scratch/john.lawson/stochastic/stochWRF_3.8/main -I/scratch/john.lawson/stochastic/stochWRF_3.8/external/io_netcdf -I/scratch/john.lawson/stochastic/stochWRF_3.8/external/io_int -I/scratch/john.lawson/stochastic/stochWRF_3.8/frame -I/scratch/john.lawson/stochastic/stochWRF_3.8/share -I/scratch/john.lawson/stochastic/stochWRF_3.8/phys -I/scratch/john.lawson/stochastic/stochWRF_3.8/chem -I/scratch/john.lawson/stochastic/stochWRF_3.8/inc -I/opt/cray/pe/netcdf-hdf5parallel/4.4.1.1.3/INTEL/16.0/include  -real-size `expr 8 \* 4` -i4  module_sf_lake.f90
rm -f module_fdda_psufddagd.o
/lib/cpp -P -I/scratch/john.lawson/stochastic/stochWRF_3.8/inc -DEM_CORE=1 -DNMM_CORE=0 -DNMM_MAX_DIM=2600 -DCOAMPS_CORE=0 -DDA_CORE=0 -DEXP_CORE=0 -DIWORDSIZE=4 -DDWORDSIZE=8 -DRWORDSIZE=4 -DLWORDSIZE=4 -DNONSTANDARD_SYSTEM_FUNC  -DWRF_USE_CLM -DUSE_NETCDF4_FEATURES -DWRFIO_NCD_LARGE_FILE_SUPPORT  -DDM_PARALLEL -DNETCDF -DHDF5 -DUSE_ALLOCATABLES -DGRIB1 -DINTIO -DKEEP_INT_AROUND -DLIMIT_ARGS -DCONFIG_BUF_LEN=65536 -DMAX_DOMAINS_F=21 -DMAX_HISTORY=25 -DNMM_NEST=0  -I. -traditional -DUSE_NETCDF4_FEATURES -DWRFIO_NCD_LARGE_FILE_SUPPORT   module_fdda_psufddagd.F  > module_fdda_psufddagd.bb
rm -f module_fdda_spnudging.o
/lib/cpp -P -I/scratch/john.lawson/stochastic/stochWRF_3.8/inc -DEM_CORE=1 -DNMM_CORE=0 -DNMM_MAX_DIM=2600 -DCOAMPS_CORE=0 -DDA_CORE=0 -DEXP_CORE=0 -DIWORDSIZE=4 -DDWORDSIZE=8 -DRWORDSIZE=4 -DLWORDSIZE=4 -DNONSTANDARD_SYSTEM_FUNC  -DWRF_USE_CLM -DUSE_NETCDF4_FEATURES -DWRFIO_NCD_LARGE_FILE_SUPPORT  -DDM_PARALLEL -DNETCDF -DHDF5 -DUSE_ALLOCATABLES -DGRIB1 -DINTIO -DKEEP_INT_AROUND -DLIMIT_ARGS -DCONFIG_BUF_LEN=65536 -DMAX_DOMAINS_F=21 -DMAX_HISTORY=25 -DNMM_NEST=0  -I. -traditional -DUSE_NETCDF4_FEATURES -DWRFIO_NCD_LARGE_FILE_SUPPORT   module_fdda_spnudging.F  > module_fdda_spnudging.bb
/scratch/john.lawson/stochastic/stochWRF_3.8/tools/standard.exe module_fdda_psufddagd.bb | /lib/cpp -P -traditional -DUSE_NETCDF4_FEATURES -DWRFIO_NCD_LARGE_FILE_SUPPORT > module_fdda_psufddagd.f90
rm -f module_fdda_psufddagd.b module_fdda_psufddagd.bb
ftn -o module_fdda_psufddagd.o -c -ip -O3  -w -ftz -fno-alias -align all -FR -convert big_endian    -I../dyn_em -I../dyn_nmm   -I/scratch/john.lawson/stochastic/stochWRF_3.8/external/esmf_time_f90  -I/scratch/john.lawson/stochastic/stochWRF_3.8/main -I/scratch/john.lawson/stochastic/stochWRF_3.8/external/io_netcdf -I/scratch/john.lawson/stochastic/stochWRF_3.8/external/io_int -I/scratch/john.lawson/stochastic/stochWRF_3.8/frame -I/scratch/john.lawson/stochastic/stochWRF_3.8/share -I/scratch/john.lawson/stochastic/stochWRF_3.8/phys -I/scratch/john.lawson/stochastic/stochWRF_3.8/chem -I/scratch/john.lawson/stochastic/stochWRF_3.8/inc -I/opt/cray/pe/netcdf-hdf5parallel/4.4.1.1.3/INTEL/16.0/include  -real-size `expr 8 \* 4` -i4  module_fdda_psufddagd.f90
/scratch/john.lawson/stochastic/stochWRF_3.8/tools/standard.exe module_fdda_spnudging.bb | /lib/cpp -P -traditional -DUSE_NETCDF4_FEATURES -DWRFIO_NCD_LARGE_FILE_SUPPORT > module_fdda_spnudging.f90
rm -f module_fdda_spnudging.b module_fdda_spnudging.bb
ftn -o module_fdda_spnudging.o -c -ip -O3  -w -ftz -fno-alias -align all -FR -convert big_endian    -I../dyn_em -I../dyn_nmm   -I/scratch/john.lawson/stochastic/stochWRF_3.8/external/esmf_time_f90  -I/scratch/john.lawson/stochastic/stochWRF_3.8/main -I/scratch/john.lawson/stochastic/stochWRF_3.8/external/io_netcdf -I/scratch/john.lawson/stochastic/stochWRF_3.8/external/io_int -I/scratch/john.lawson/stochastic/stochWRF_3.8/frame -I/scratch/john.lawson/stochastic/stochWRF_3.8/share -I/scratch/john.lawson/stochastic/stochWRF_3.8/phys -I/scratch/john.lawson/stochastic/stochWRF_3.8/chem -I/scratch/john.lawson/stochastic/stochWRF_3.8/inc -I/opt/cray/pe/netcdf-hdf5parallel/4.4.1.1.3/INTEL/16.0/include  -real-size `expr 8 \* 4` -i4  module_fdda_spnudging.f90
rm -f module_fddaobs_rtfdda.o
/scratch/john.lawson/stochastic/stochWRF_3.8/tools/standard.exe module_fddaobs_rtfdda.F > module_fddaobs_rtfdda.b 
/lib/cpp -P -I/scratch/john.lawson/stochastic/stochWRF_3.8/inc -DEM_CORE=1 -DNMM_CORE=0 -DNMM_MAX_DIM=2600 -DCOAMPS_CORE=0 -DDA_CORE=0 -DEXP_CORE=0 -DIWORDSIZE=4 -DDWORDSIZE=8 -DRWORDSIZE=4 -DLWORDSIZE=4 -DNONSTANDARD_SYSTEM_FUNC  -DWRF_USE_CLM -DUSE_NETCDF4_FEATURES -DWRFIO_NCD_LARGE_FILE_SUPPORT  -DDM_PARALLEL -DNETCDF -DHDF5 -DUSE_ALLOCATABLES -DGRIB1 -DINTIO -DKEEP_INT_AROUND -DLIMIT_ARGS -DCONFIG_BUF_LEN=65536 -DMAX_DOMAINS_F=21 -DMAX_HISTORY=25 -DNMM_NEST=0  -I. -traditional -DUSE_NETCDF4_FEATURES -DWRFIO_NCD_LARGE_FILE_SUPPORT   module_fddaobs_rtfdda.b  > module_fddaobs_rtfdda.f90
rm -f module_fddaobs_rtfdda.b
if fgrep -iq '!$OMP' module_fddaobs_rtfdda.f90 ; then \
          if [ -n "" ] ; then echo COMPILING module_fddaobs_rtfdda.F WITH OMP ; fi ; \
  ftn -c -real-size `expr 8 \* 4` -i4 -O0 -fno-inline -fno-ip -w -ftz -fno-alias -align all -FR -convert big_endian   -I../dyn_em -I../dyn_nmm   -I/scratch/john.lawson/stochastic/stochWRF_3.8/external/esmf_time_f90  -I/scratch/john.lawson/stochastic/stochWRF_3.8/main -I/scratch/john.lawson/stochastic/stochWRF_3.8/external/io_netcdf -I/scratch/john.lawson/stochastic/stochWRF_3.8/external/io_int -I/scratch/john.lawson/stochastic/stochWRF_3.8/frame -I/scratch/john.lawson/stochastic/stochWRF_3.8/share -I/scratch/john.lawson/stochastic/stochWRF_3.8/phys -I/scratch/john.lawson/stochastic/stochWRF_3.8/chem -I/scratch/john.lawson/stochastic/stochWRF_3.8/inc -I/opt/cray/pe/netcdf-hdf5parallel/4.4.1.1.3/INTEL/16.0/include    module_fddaobs_rtfdda.f90 ; \
        else \
          if [ -n "" ] ; then echo COMPILING module_fddaobs_rtfdda.F WITHOUT OMP ; fi ; \
  ftn -c -real-size `expr 8 \* 4` -i4 -O0 -fno-inline -fno-ip -w -ftz -fno-alias -align all -FR -convert big_endian   -I../dyn_em -I../dyn_nmm   -I/scratch/john.lawson/stochastic/stochWRF_3.8/external/esmf_time_f90  -I/scratch/john.lawson/stochastic/stochWRF_3.8/main -I/scratch/john.lawson/stochastic/stochWRF_3.8/external/io_netcdf -I/scratch/john.lawson/stochastic/stochWRF_3.8/external/io_int -I/scratch/john.lawson/stochastic/stochWRF_3.8/frame -I/scratch/john.lawson/stochastic/stochWRF_3.8/share -I/scratch/john.lawson/stochastic/stochWRF_3.8/phys -I/scratch/john.lawson/stochastic/stochWRF_3.8/chem -I/scratch/john.lawson/stochastic/stochWRF_3.8/inc -I/opt/cray/pe/netcdf-hdf5parallel/4.4.1.1.3/INTEL/16.0/include   module_fddaobs_rtfdda.f90 ; \
        fi
rm -f module_wind_fitch.o
/lib/cpp -P -I/scratch/john.lawson/stochastic/stochWRF_3.8/inc -DEM_CORE=1 -DNMM_CORE=0 -DNMM_MAX_DIM=2600 -DCOAMPS_CORE=0 -DDA_CORE=0 -DEXP_CORE=0 -DIWORDSIZE=4 -DDWORDSIZE=8 -DRWORDSIZE=4 -DLWORDSIZE=4 -DNONSTANDARD_SYSTEM_FUNC  -DWRF_USE_CLM -DUSE_NETCDF4_FEATURES -DWRFIO_NCD_LARGE_FILE_SUPPORT  -DDM_PARALLEL -DNETCDF -DHDF5 -DUSE_ALLOCATABLES -DGRIB1 -DINTIO -DKEEP_INT_AROUND -DLIMIT_ARGS -DCONFIG_BUF_LEN=65536 -DMAX_DOMAINS_F=21 -DMAX_HISTORY=25 -DNMM_NEST=0  -I. -traditional -DUSE_NETCDF4_FEATURES -DWRFIO_NCD_LARGE_FILE_SUPPORT   module_wind_fitch.F  > module_wind_fitch.bb
/scratch/john.lawson/stochastic/stochWRF_3.8/tools/standard.exe module_wind_fitch.bb | /lib/cpp -P -traditional -DUSE_NETCDF4_FEATURES -DWRFIO_NCD_LARGE_FILE_SUPPORT > module_wind_fitch.f90
rm -f module_wind_fitch.b module_wind_fitch.bb
ftn -o module_wind_fitch.o -c -ip -O3  -w -ftz -fno-alias -align all -FR -convert big_endian    -I../dyn_em -I../dyn_nmm   -I/scratch/john.lawson/stochastic/stochWRF_3.8/external/esmf_time_f90  -I/scratch/john.lawson/stochastic/stochWRF_3.8/main -I/scratch/john.lawson/stochastic/stochWRF_3.8/external/io_netcdf -I/scratch/john.lawson/stochastic/stochWRF_3.8/external/io_int -I/scratch/john.lawson/stochastic/stochWRF_3.8/frame -I/scratch/john.lawson/stochastic/stochWRF_3.8/share -I/scratch/john.lawson/stochastic/stochWRF_3.8/phys -I/scratch/john.lawson/stochastic/stochWRF_3.8/chem -I/scratch/john.lawson/stochastic/stochWRF_3.8/inc -I/opt/cray/pe/netcdf-hdf5parallel/4.4.1.1.3/INTEL/16.0/include  -real-size `expr 8 \* 4` -i4  module_wind_fitch.f90
rm -f module_microphysics_zero_out.o
/lib/cpp -P -I/scratch/john.lawson/stochastic/stochWRF_3.8/inc -DEM_CORE=1 -DNMM_CORE=0 -DNMM_MAX_DIM=2600 -DCOAMPS_CORE=0 -DDA_CORE=0 -DEXP_CORE=0 -DIWORDSIZE=4 -DDWORDSIZE=8 -DRWORDSIZE=4 -DLWORDSIZE=4 -DNONSTANDARD_SYSTEM_FUNC  -DWRF_USE_CLM -DUSE_NETCDF4_FEATURES -DWRFIO_NCD_LARGE_FILE_SUPPORT  -DDM_PARALLEL -DNETCDF -DHDF5 -DUSE_ALLOCATABLES -DGRIB1 -DINTIO -DKEEP_INT_AROUND -DLIMIT_ARGS -DCONFIG_BUF_LEN=65536 -DMAX_DOMAINS_F=21 -DMAX_HISTORY=25 -DNMM_NEST=0  -I. -traditional -DUSE_NETCDF4_FEATURES -DWRFIO_NCD_LARGE_FILE_SUPPORT   module_microphysics_zero_out.F  > module_microphysics_zero_out.bb
/scratch/john.lawson/stochastic/stochWRF_3.8/tools/standard.exe module_microphysics_zero_out.bb | /lib/cpp -P -traditional -DUSE_NETCDF4_FEATURES -DWRFIO_NCD_LARGE_FILE_SUPPORT > module_microphysics_zero_out.f90
rm -f module_microphysics_zero_out.b module_microphysics_zero_out.bb
ftn -o module_microphysics_zero_out.o -c -ip -O3  -w -ftz -fno-alias -align all -FR -convert big_endian    -I../dyn_em -I../dyn_nmm   -I/scratch/john.lawson/stochastic/stochWRF_3.8/external/esmf_time_f90  -I/scratch/john.lawson/stochastic/stochWRF_3.8/main -I/scratch/john.lawson/stochastic/stochWRF_3.8/external/io_netcdf -I/scratch/john.lawson/stochastic/stochWRF_3.8/external/io_int -I/scratch/john.lawson/stochastic/stochWRF_3.8/frame -I/scratch/john.lawson/stochastic/stochWRF_3.8/share -I/scratch/john.lawson/stochastic/stochWRF_3.8/phys -I/scratch/john.lawson/stochastic/stochWRF_3.8/chem -I/scratch/john.lawson/stochastic/stochWRF_3.8/inc -I/opt/cray/pe/netcdf-hdf5parallel/4.4.1.1.3/INTEL/16.0/include  -real-size `expr 8 \* 4` -i4  module_microphysics_zero_out.f90
rm -f module_ltng_crmpr92.o
/lib/cpp -P -I/scratch/john.lawson/stochastic/stochWRF_3.8/inc -DEM_CORE=1 -DNMM_CORE=0 -DNMM_MAX_DIM=2600 -DCOAMPS_CORE=0 -DDA_CORE=0 -DEXP_CORE=0 -DIWORDSIZE=4 -DDWORDSIZE=8 -DRWORDSIZE=4 -DLWORDSIZE=4 -DNONSTANDARD_SYSTEM_FUNC  -DWRF_USE_CLM -DUSE_NETCDF4_FEATURES -DWRFIO_NCD_LARGE_FILE_SUPPORT  -DDM_PARALLEL -DNETCDF -DHDF5 -DUSE_ALLOCATABLES -DGRIB1 -DINTIO -DKEEP_INT_AROUND -DLIMIT_ARGS -DCONFIG_BUF_LEN=65536 -DMAX_DOMAINS_F=21 -DMAX_HISTORY=25 -DNMM_NEST=0  -I. -traditional -DUSE_NETCDF4_FEATURES -DWRFIO_NCD_LARGE_FILE_SUPPORT   module_ltng_crmpr92.F  > module_ltng_crmpr92.bb
/scratch/john.lawson/stochastic/stochWRF_3.8/tools/standard.exe module_ltng_crmpr92.bb | /lib/cpp -P -traditional -DUSE_NETCDF4_FEATURES -DWRFIO_NCD_LARGE_FILE_SUPPORT > module_ltng_crmpr92.f90
rm -f module_ltng_crmpr92.b module_ltng_crmpr92.bb
ftn -o module_ltng_crmpr92.o -c -ip -O3  -w -ftz -fno-alias -align all -FR -convert big_endian    -I../dyn_em -I../dyn_nmm   -I/scratch/john.lawson/stochastic/stochWRF_3.8/external/esmf_time_f90  -I/scratch/john.lawson/stochastic/stochWRF_3.8/main -I/scratch/john.lawson/stochastic/stochWRF_3.8/external/io_netcdf -I/scratch/john.lawson/stochastic/stochWRF_3.8/external/io_int -I/scratch/john.lawson/stochastic/stochWRF_3.8/frame -I/scratch/john.lawson/stochastic/stochWRF_3.8/share -I/scratch/john.lawson/stochastic/stochWRF_3.8/phys -I/scratch/john.lawson/stochastic/stochWRF_3.8/chem -I/scratch/john.lawson/stochastic/stochWRF_3.8/inc -I/opt/cray/pe/netcdf-hdf5parallel/4.4.1.1.3/INTEL/16.0/include  -real-size `expr 8 \* 4` -i4  module_ltng_crmpr92.f90
rm -f module_ltng_cpmpr92z.o
/lib/cpp -P -I/scratch/john.lawson/stochastic/stochWRF_3.8/inc -DEM_CORE=1 -DNMM_CORE=0 -DNMM_MAX_DIM=2600 -DCOAMPS_CORE=0 -DDA_CORE=0 -DEXP_CORE=0 -DIWORDSIZE=4 -DDWORDSIZE=8 -DRWORDSIZE=4 -DLWORDSIZE=4 -DNONSTANDARD_SYSTEM_FUNC  -DWRF_USE_CLM -DUSE_NETCDF4_FEATURES -DWRFIO_NCD_LARGE_FILE_SUPPORT  -DDM_PARALLEL -DNETCDF -DHDF5 -DUSE_ALLOCATABLES -DGRIB1 -DINTIO -DKEEP_INT_AROUND -DLIMIT_ARGS -DCONFIG_BUF_LEN=65536 -DMAX_DOMAINS_F=21 -DMAX_HISTORY=25 -DNMM_NEST=0  -I. -traditional -DUSE_NETCDF4_FEATURES -DWRFIO_NCD_LARGE_FILE_SUPPORT   module_ltng_cpmpr92z.F  > module_ltng_cpmpr92z.bb
/scratch/john.lawson/stochastic/stochWRF_3.8/tools/standard.exe module_ltng_cpmpr92z.bb | /lib/cpp -P -traditional -DUSE_NETCDF4_FEATURES -DWRFIO_NCD_LARGE_FILE_SUPPORT > module_ltng_cpmpr92z.f90
rm -f module_ltng_cpmpr92z.b module_ltng_cpmpr92z.bb
ftn -o module_ltng_cpmpr92z.o -c -ip -O3  -w -ftz -fno-alias -align all -FR -convert big_endian    -I../dyn_em -I../dyn_nmm   -I/scratch/john.lawson/stochastic/stochWRF_3.8/external/esmf_time_f90  -I/scratch/john.lawson/stochastic/stochWRF_3.8/main -I/scratch/john.lawson/stochastic/stochWRF_3.8/external/io_netcdf -I/scratch/john.lawson/stochastic/stochWRF_3.8/external/io_int -I/scratch/john.lawson/stochastic/stochWRF_3.8/frame -I/scratch/john.lawson/stochastic/stochWRF_3.8/share -I/scratch/john.lawson/stochastic/stochWRF_3.8/phys -I/scratch/john.lawson/stochastic/stochWRF_3.8/chem -I/scratch/john.lawson/stochastic/stochWRF_3.8/inc -I/opt/cray/pe/netcdf-hdf5parallel/4.4.1.1.3/INTEL/16.0/include  -real-size `expr 8 \* 4` -i4  module_ltng_cpmpr92z.f90
rm -f module_ltng_iccg.o
/lib/cpp -P -I/scratch/john.lawson/stochastic/stochWRF_3.8/inc -DEM_CORE=1 -DNMM_CORE=0 -DNMM_MAX_DIM=2600 -DCOAMPS_CORE=0 -DDA_CORE=0 -DEXP_CORE=0 -DIWORDSIZE=4 -DDWORDSIZE=8 -DRWORDSIZE=4 -DLWORDSIZE=4 -DNONSTANDARD_SYSTEM_FUNC  -DWRF_USE_CLM -DUSE_NETCDF4_FEATURES -DWRFIO_NCD_LARGE_FILE_SUPPORT  -DDM_PARALLEL -DNETCDF -DHDF5 -DUSE_ALLOCATABLES -DGRIB1 -DINTIO -DKEEP_INT_AROUND -DLIMIT_ARGS -DCONFIG_BUF_LEN=65536 -DMAX_DOMAINS_F=21 -DMAX_HISTORY=25 -DNMM_NEST=0  -I. -traditional -DUSE_NETCDF4_FEATURES -DWRFIO_NCD_LARGE_FILE_SUPPORT   module_ltng_iccg.F  > module_ltng_iccg.bb
rm -f module_fddagd_driver.o
/lib/cpp -P -I/scratch/john.lawson/stochastic/stochWRF_3.8/inc -DEM_CORE=1 -DNMM_CORE=0 -DNMM_MAX_DIM=2600 -DCOAMPS_CORE=0 -DDA_CORE=0 -DEXP_CORE=0 -DIWORDSIZE=4 -DDWORDSIZE=8 -DRWORDSIZE=4 -DLWORDSIZE=4 -DNONSTANDARD_SYSTEM_FUNC  -DWRF_USE_CLM -DUSE_NETCDF4_FEATURES -DWRFIO_NCD_LARGE_FILE_SUPPORT  -DDM_PARALLEL -DNETCDF -DHDF5 -DUSE_ALLOCATABLES -DGRIB1 -DINTIO -DKEEP_INT_AROUND -DLIMIT_ARGS -DCONFIG_BUF_LEN=65536 -DMAX_DOMAINS_F=21 -DMAX_HISTORY=25 -DNMM_NEST=0  -I. -traditional -DUSE_NETCDF4_FEATURES -DWRFIO_NCD_LARGE_FILE_SUPPORT   module_fddagd_driver.F  > module_fddagd_driver.bb
/scratch/john.lawson/stochastic/stochWRF_3.8/tools/standard.exe module_ltng_iccg.bb | /lib/cpp -P -traditional -DUSE_NETCDF4_FEATURES -DWRFIO_NCD_LARGE_FILE_SUPPORT > module_ltng_iccg.f90
/scratch/john.lawson/stochastic/stochWRF_3.8/tools/standard.exe module_fddagd_driver.bb | /lib/cpp -P -traditional -DUSE_NETCDF4_FEATURES -DWRFIO_NCD_LARGE_FILE_SUPPORT > module_fddagd_driver.f90
rm -f module_ltng_iccg.b module_ltng_iccg.bb
ftn -o module_ltng_iccg.o -c -ip -O3  -w -ftz -fno-alias -align all -FR -convert big_endian    -I../dyn_em -I../dyn_nmm   -I/scratch/john.lawson/stochastic/stochWRF_3.8/external/esmf_time_f90  -I/scratch/john.lawson/stochastic/stochWRF_3.8/main -I/scratch/john.lawson/stochastic/stochWRF_3.8/external/io_netcdf -I/scratch/john.lawson/stochastic/stochWRF_3.8/external/io_int -I/scratch/john.lawson/stochastic/stochWRF_3.8/frame -I/scratch/john.lawson/stochastic/stochWRF_3.8/share -I/scratch/john.lawson/stochastic/stochWRF_3.8/phys -I/scratch/john.lawson/stochastic/stochWRF_3.8/chem -I/scratch/john.lawson/stochastic/stochWRF_3.8/inc -I/opt/cray/pe/netcdf-hdf5parallel/4.4.1.1.3/INTEL/16.0/include  -real-size `expr 8 \* 4` -i4  module_ltng_iccg.f90
rm -f module_fddagd_driver.b module_fddagd_driver.bb
ftn -o module_fddagd_driver.o -c -ip -O3  -w -ftz -fno-alias -align all -FR -convert big_endian    -I../dyn_em -I../dyn_nmm   -I/scratch/john.lawson/stochastic/stochWRF_3.8/external/esmf_time_f90  -I/scratch/john.lawson/stochastic/stochWRF_3.8/main -I/scratch/john.lawson/stochastic/stochWRF_3.8/external/io_netcdf -I/scratch/john.lawson/stochastic/stochWRF_3.8/external/io_int -I/scratch/john.lawson/stochastic/stochWRF_3.8/frame -I/scratch/john.lawson/stochastic/stochWRF_3.8/share -I/scratch/john.lawson/stochastic/stochWRF_3.8/phys -I/scratch/john.lawson/stochastic/stochWRF_3.8/chem -I/scratch/john.lawson/stochastic/stochWRF_3.8/inc -I/opt/cray/pe/netcdf-hdf5parallel/4.4.1.1.3/INTEL/16.0/include  -real-size `expr 8 \* 4` -i4  module_fddagd_driver.f90
rm -f module_fddaobs_driver.o
/lib/cpp -P -I/scratch/john.lawson/stochastic/stochWRF_3.8/inc -DEM_CORE=1 -DNMM_CORE=0 -DNMM_MAX_DIM=2600 -DCOAMPS_CORE=0 -DDA_CORE=0 -DEXP_CORE=0 -DIWORDSIZE=4 -DDWORDSIZE=8 -DRWORDSIZE=4 -DLWORDSIZE=4 -DNONSTANDARD_SYSTEM_FUNC  -DWRF_USE_CLM -DUSE_NETCDF4_FEATURES -DWRFIO_NCD_LARGE_FILE_SUPPORT  -DDM_PARALLEL -DNETCDF -DHDF5 -DUSE_ALLOCATABLES -DGRIB1 -DINTIO -DKEEP_INT_AROUND -DLIMIT_ARGS -DCONFIG_BUF_LEN=65536 -DMAX_DOMAINS_F=21 -DMAX_HISTORY=25 -DNMM_NEST=0  -I. -traditional -DUSE_NETCDF4_FEATURES -DWRFIO_NCD_LARGE_FILE_SUPPORT   module_fddaobs_driver.F  > module_fddaobs_driver.bb
/scratch/john.lawson/stochastic/stochWRF_3.8/tools/standard.exe module_fddaobs_driver.bb | /lib/cpp -P -traditional -DUSE_NETCDF4_FEATURES -DWRFIO_NCD_LARGE_FILE_SUPPORT > module_fddaobs_driver.f90
rm -f module_fddaobs_driver.b module_fddaobs_driver.bb
ftn -o module_fddaobs_driver.o -c -ip -O3  -w -ftz -fno-alias -align all -FR -convert big_endian    -I../dyn_em -I../dyn_nmm   -I/scratch/john.lawson/stochastic/stochWRF_3.8/external/esmf_time_f90  -I/scratch/john.lawson/stochastic/stochWRF_3.8/main -I/scratch/john.lawson/stochastic/stochWRF_3.8/external/io_netcdf -I/scratch/john.lawson/stochastic/stochWRF_3.8/external/io_int -I/scratch/john.lawson/stochastic/stochWRF_3.8/frame -I/scratch/john.lawson/stochastic/stochWRF_3.8/share -I/scratch/john.lawson/stochastic/stochWRF_3.8/phys -I/scratch/john.lawson/stochastic/stochWRF_3.8/chem -I/scratch/john.lawson/stochastic/stochWRF_3.8/inc -I/opt/cray/pe/netcdf-hdf5parallel/4.4.1.1.3/INTEL/16.0/include  -real-size `expr 8 \* 4` -i4  module_fddaobs_driver.f90
rm -f module_diag_misc.o
/lib/cpp -P -I/scratch/john.lawson/stochastic/stochWRF_3.8/inc -DEM_CORE=1 -DNMM_CORE=0 -DNMM_MAX_DIM=2600 -DCOAMPS_CORE=0 -DDA_CORE=0 -DEXP_CORE=0 -DIWORDSIZE=4 -DDWORDSIZE=8 -DRWORDSIZE=4 -DLWORDSIZE=4 -DNONSTANDARD_SYSTEM_FUNC  -DWRF_USE_CLM -DUSE_NETCDF4_FEATURES -DWRFIO_NCD_LARGE_FILE_SUPPORT  -DDM_PARALLEL -DNETCDF -DHDF5 -DUSE_ALLOCATABLES -DGRIB1 -DINTIO -DKEEP_INT_AROUND -DLIMIT_ARGS -DCONFIG_BUF_LEN=65536 -DMAX_DOMAINS_F=21 -DMAX_HISTORY=25 -DNMM_NEST=0  -I. -traditional -DUSE_NETCDF4_FEATURES -DWRFIO_NCD_LARGE_FILE_SUPPORT   module_diag_misc.F  > module_diag_misc.bb
/scratch/john.lawson/stochastic/stochWRF_3.8/tools/standard.exe module_diag_misc.bb | /lib/cpp -P -traditional -DUSE_NETCDF4_FEATURES -DWRFIO_NCD_LARGE_FILE_SUPPORT > module_diag_misc.f90
rm -f module_diag_misc.b module_diag_misc.bb
ftn -o module_diag_misc.o -c -ip -O3  -w -ftz -fno-alias -align all -FR -convert big_endian    -I../dyn_em -I../dyn_nmm   -I/scratch/john.lawson/stochastic/stochWRF_3.8/external/esmf_time_f90  -I/scratch/john.lawson/stochastic/stochWRF_3.8/main -I/scratch/john.lawson/stochastic/stochWRF_3.8/external/io_netcdf -I/scratch/john.lawson/stochastic/stochWRF_3.8/external/io_int -I/scratch/john.lawson/stochastic/stochWRF_3.8/frame -I/scratch/john.lawson/stochastic/stochWRF_3.8/share -I/scratch/john.lawson/stochastic/stochWRF_3.8/phys -I/scratch/john.lawson/stochastic/stochWRF_3.8/chem -I/scratch/john.lawson/stochastic/stochWRF_3.8/inc -I/opt/cray/pe/netcdf-hdf5parallel/4.4.1.1.3/INTEL/16.0/include  -real-size `expr 8 \* 4` -i4  module_diag_misc.f90
rm -f module_diag_cl.o
/lib/cpp -P -I/scratch/john.lawson/stochastic/stochWRF_3.8/inc -DEM_CORE=1 -DNMM_CORE=0 -DNMM_MAX_DIM=2600 -DCOAMPS_CORE=0 -DDA_CORE=0 -DEXP_CORE=0 -DIWORDSIZE=4 -DDWORDSIZE=8 -DRWORDSIZE=4 -DLWORDSIZE=4 -DNONSTANDARD_SYSTEM_FUNC  -DWRF_USE_CLM -DUSE_NETCDF4_FEATURES -DWRFIO_NCD_LARGE_FILE_SUPPORT  -DDM_PARALLEL -DNETCDF -DHDF5 -DUSE_ALLOCATABLES -DGRIB1 -DINTIO -DKEEP_INT_AROUND -DLIMIT_ARGS -DCONFIG_BUF_LEN=65536 -DMAX_DOMAINS_F=21 -DMAX_HISTORY=25 -DNMM_NEST=0  -I. -traditional -DUSE_NETCDF4_FEATURES -DWRFIO_NCD_LARGE_FILE_SUPPORT   module_diag_cl.F  > module_diag_cl.bb
/scratch/john.lawson/stochastic/stochWRF_3.8/tools/standard.exe module_diag_cl.bb | /lib/cpp -P -traditional -DUSE_NETCDF4_FEATURES -DWRFIO_NCD_LARGE_FILE_SUPPORT > module_diag_cl.f90
rm -f module_diag_cl.b module_diag_cl.bb
ftn -o module_diag_cl.o -c -ip -O3  -w -ftz -fno-alias -align all -FR -convert big_endian    -I../dyn_em -I../dyn_nmm   -I/scratch/john.lawson/stochastic/stochWRF_3.8/external/esmf_time_f90  -I/scratch/john.lawson/stochastic/stochWRF_3.8/main -I/scratch/john.lawson/stochastic/stochWRF_3.8/external/io_netcdf -I/scratch/john.lawson/stochastic/stochWRF_3.8/external/io_int -I/scratch/john.lawson/stochastic/stochWRF_3.8/frame -I/scratch/john.lawson/stochastic/stochWRF_3.8/share -I/scratch/john.lawson/stochastic/stochWRF_3.8/phys -I/scratch/john.lawson/stochastic/stochWRF_3.8/chem -I/scratch/john.lawson/stochastic/stochWRF_3.8/inc -I/opt/cray/pe/netcdf-hdf5parallel/4.4.1.1.3/INTEL/16.0/include  -real-size `expr 8 \* 4` -i4  module_diag_cl.f90
rm -f module_diag_pld.o
/lib/cpp -P -I/scratch/john.lawson/stochastic/stochWRF_3.8/inc -DEM_CORE=1 -DNMM_CORE=0 -DNMM_MAX_DIM=2600 -DCOAMPS_CORE=0 -DDA_CORE=0 -DEXP_CORE=0 -DIWORDSIZE=4 -DDWORDSIZE=8 -DRWORDSIZE=4 -DLWORDSIZE=4 -DNONSTANDARD_SYSTEM_FUNC  -DWRF_USE_CLM -DUSE_NETCDF4_FEATURES -DWRFIO_NCD_LARGE_FILE_SUPPORT  -DDM_PARALLEL -DNETCDF -DHDF5 -DUSE_ALLOCATABLES -DGRIB1 -DINTIO -DKEEP_INT_AROUND -DLIMIT_ARGS -DCONFIG_BUF_LEN=65536 -DMAX_DOMAINS_F=21 -DMAX_HISTORY=25 -DNMM_NEST=0  -I. -traditional -DUSE_NETCDF4_FEATURES -DWRFIO_NCD_LARGE_FILE_SUPPORT   module_diag_pld.F  > module_diag_pld.bb
/scratch/john.lawson/stochastic/stochWRF_3.8/tools/standard.exe module_diag_pld.bb | /lib/cpp -P -traditional -DUSE_NETCDF4_FEATURES -DWRFIO_NCD_LARGE_FILE_SUPPORT > module_diag_pld.f90
rm -f module_diag_pld.b module_diag_pld.bb
ftn -o module_diag_pld.o -c -ip -O3  -w -ftz -fno-alias -align all -FR -convert big_endian    -I../dyn_em -I../dyn_nmm   -I/scratch/john.lawson/stochastic/stochWRF_3.8/external/esmf_time_f90  -I/scratch/john.lawson/stochastic/stochWRF_3.8/main -I/scratch/john.lawson/stochastic/stochWRF_3.8/external/io_netcdf -I/scratch/john.lawson/stochastic/stochWRF_3.8/external/io_int -I/scratch/john.lawson/stochastic/stochWRF_3.8/frame -I/scratch/john.lawson/stochastic/stochWRF_3.8/share -I/scratch/john.lawson/stochastic/stochWRF_3.8/phys -I/scratch/john.lawson/stochastic/stochWRF_3.8/chem -I/scratch/john.lawson/stochastic/stochWRF_3.8/inc -I/opt/cray/pe/netcdf-hdf5parallel/4.4.1.1.3/INTEL/16.0/include  -real-size `expr 8 \* 4` -i4  module_diag_pld.f90
rm -f module_diag_zld.o
/lib/cpp -P -I/scratch/john.lawson/stochastic/stochWRF_3.8/inc -DEM_CORE=1 -DNMM_CORE=0 -DNMM_MAX_DIM=2600 -DCOAMPS_CORE=0 -DDA_CORE=0 -DEXP_CORE=0 -DIWORDSIZE=4 -DDWORDSIZE=8 -DRWORDSIZE=4 -DLWORDSIZE=4 -DNONSTANDARD_SYSTEM_FUNC  -DWRF_USE_CLM -DUSE_NETCDF4_FEATURES -DWRFIO_NCD_LARGE_FILE_SUPPORT  -DDM_PARALLEL -DNETCDF -DHDF5 -DUSE_ALLOCATABLES -DGRIB1 -DINTIO -DKEEP_INT_AROUND -DLIMIT_ARGS -DCONFIG_BUF_LEN=65536 -DMAX_DOMAINS_F=21 -DMAX_HISTORY=25 -DNMM_NEST=0  -I. -traditional -DUSE_NETCDF4_FEATURES -DWRFIO_NCD_LARGE_FILE_SUPPORT   module_diag_zld.F  > module_diag_zld.bb
/scratch/john.lawson/stochastic/stochWRF_3.8/tools/standard.exe module_diag_zld.bb | /lib/cpp -P -traditional -DUSE_NETCDF4_FEATURES -DWRFIO_NCD_LARGE_FILE_SUPPORT > module_diag_zld.f90
rm -f module_diag_zld.b module_diag_zld.bb
ftn -o module_diag_zld.o -c -ip -O3  -w -ftz -fno-alias -align all -FR -convert big_endian    -I../dyn_em -I../dyn_nmm   -I/scratch/john.lawson/stochastic/stochWRF_3.8/external/esmf_time_f90  -I/scratch/john.lawson/stochastic/stochWRF_3.8/main -I/scratch/john.lawson/stochastic/stochWRF_3.8/external/io_netcdf -I/scratch/john.lawson/stochastic/stochWRF_3.8/external/io_int -I/scratch/john.lawson/stochastic/stochWRF_3.8/frame -I/scratch/john.lawson/stochastic/stochWRF_3.8/share -I/scratch/john.lawson/stochastic/stochWRF_3.8/phys -I/scratch/john.lawson/stochastic/stochWRF_3.8/chem -I/scratch/john.lawson/stochastic/stochWRF_3.8/inc -I/opt/cray/pe/netcdf-hdf5parallel/4.4.1.1.3/INTEL/16.0/include  -real-size `expr 8 \* 4` -i4  module_diag_zld.f90
rm -f module_diag_afwa_hail.o
/lib/cpp -P -I/scratch/john.lawson/stochastic/stochWRF_3.8/inc -DEM_CORE=1 -DNMM_CORE=0 -DNMM_MAX_DIM=2600 -DCOAMPS_CORE=0 -DDA_CORE=0 -DEXP_CORE=0 -DIWORDSIZE=4 -DDWORDSIZE=8 -DRWORDSIZE=4 -DLWORDSIZE=4 -DNONSTANDARD_SYSTEM_FUNC  -DWRF_USE_CLM -DUSE_NETCDF4_FEATURES -DWRFIO_NCD_LARGE_FILE_SUPPORT  -DDM_PARALLEL -DNETCDF -DHDF5 -DUSE_ALLOCATABLES -DGRIB1 -DINTIO -DKEEP_INT_AROUND -DLIMIT_ARGS -DCONFIG_BUF_LEN=65536 -DMAX_DOMAINS_F=21 -DMAX_HISTORY=25 -DNMM_NEST=0  -I. -traditional -DUSE_NETCDF4_FEATURES -DWRFIO_NCD_LARGE_FILE_SUPPORT   module_diag_afwa_hail.F  > module_diag_afwa_hail.bb
/scratch/john.lawson/stochastic/stochWRF_3.8/tools/standard.exe module_diag_afwa_hail.bb | /lib/cpp -P -traditional -DUSE_NETCDF4_FEATURES -DWRFIO_NCD_LARGE_FILE_SUPPORT > module_diag_afwa_hail.f90
rm -f module_diag_afwa_hail.b module_diag_afwa_hail.bb
ftn -o module_diag_afwa_hail.o -c -ip -O3  -w -ftz -fno-alias -align all -FR -convert big_endian    -I../dyn_em -I../dyn_nmm   -I/scratch/john.lawson/stochastic/stochWRF_3.8/external/esmf_time_f90  -I/scratch/john.lawson/stochastic/stochWRF_3.8/main -I/scratch/john.lawson/stochastic/stochWRF_3.8/external/io_netcdf -I/scratch/john.lawson/stochastic/stochWRF_3.8/external/io_int -I/scratch/john.lawson/stochastic/stochWRF_3.8/frame -I/scratch/john.lawson/stochastic/stochWRF_3.8/share -I/scratch/john.lawson/stochastic/stochWRF_3.8/phys -I/scratch/john.lawson/stochastic/stochWRF_3.8/chem -I/scratch/john.lawson/stochastic/stochWRF_3.8/inc -I/opt/cray/pe/netcdf-hdf5parallel/4.4.1.1.3/INTEL/16.0/include  -real-size `expr 8 \* 4` -i4  module_diag_afwa_hail.f90
rm -f module_fr_fire_util.o
/lib/cpp -P -I/scratch/john.lawson/stochastic/stochWRF_3.8/inc -DEM_CORE=1 -DNMM_CORE=0 -DNMM_MAX_DIM=2600 -DCOAMPS_CORE=0 -DDA_CORE=0 -DEXP_CORE=0 -DIWORDSIZE=4 -DDWORDSIZE=8 -DRWORDSIZE=4 -DLWORDSIZE=4 -DNONSTANDARD_SYSTEM_FUNC  -DWRF_USE_CLM -DUSE_NETCDF4_FEATURES -DWRFIO_NCD_LARGE_FILE_SUPPORT  -DDM_PARALLEL -DNETCDF -DHDF5 -DUSE_ALLOCATABLES -DGRIB1 -DINTIO -DKEEP_INT_AROUND -DLIMIT_ARGS -DCONFIG_BUF_LEN=65536 -DMAX_DOMAINS_F=21 -DMAX_HISTORY=25 -DNMM_NEST=0  -I. -traditional -DUSE_NETCDF4_FEATURES -DWRFIO_NCD_LARGE_FILE_SUPPORT   module_fr_fire_util.F  > module_fr_fire_util.bb
/scratch/john.lawson/stochastic/stochWRF_3.8/tools/standard.exe module_fr_fire_util.bb | /lib/cpp -P -traditional -DUSE_NETCDF4_FEATURES -DWRFIO_NCD_LARGE_FILE_SUPPORT > module_fr_fire_util.f90
rm -f module_fr_fire_util.b module_fr_fire_util.bb
ftn -o module_fr_fire_util.o -c -ip -O3  -w -ftz -fno-alias -align all -FR -convert big_endian    -I../dyn_em -I../dyn_nmm   -I/scratch/john.lawson/stochastic/stochWRF_3.8/external/esmf_time_f90  -I/scratch/john.lawson/stochastic/stochWRF_3.8/main -I/scratch/john.lawson/stochastic/stochWRF_3.8/external/io_netcdf -I/scratch/john.lawson/stochastic/stochWRF_3.8/external/io_int -I/scratch/john.lawson/stochastic/stochWRF_3.8/frame -I/scratch/john.lawson/stochastic/stochWRF_3.8/share -I/scratch/john.lawson/stochastic/stochWRF_3.8/phys -I/scratch/john.lawson/stochastic/stochWRF_3.8/chem -I/scratch/john.lawson/stochastic/stochWRF_3.8/inc -I/opt/cray/pe/netcdf-hdf5parallel/4.4.1.1.3/INTEL/16.0/include  -real-size `expr 8 \* 4` -i4  module_fr_fire_util.f90
rm -f module_cam_support.o
/lib/cpp -P -I/scratch/john.lawson/stochastic/stochWRF_3.8/inc -DEM_CORE=1 -DNMM_CORE=0 -DNMM_MAX_DIM=2600 -DCOAMPS_CORE=0 -DDA_CORE=0 -DEXP_CORE=0 -DIWORDSIZE=4 -DDWORDSIZE=8 -DRWORDSIZE=4 -DLWORDSIZE=4 -DNONSTANDARD_SYSTEM_FUNC  -DWRF_USE_CLM -DUSE_NETCDF4_FEATURES -DWRFIO_NCD_LARGE_FILE_SUPPORT  -DDM_PARALLEL -DNETCDF -DHDF5 -DUSE_ALLOCATABLES -DGRIB1 -DINTIO -DKEEP_INT_AROUND -DLIMIT_ARGS -DCONFIG_BUF_LEN=65536 -DMAX_DOMAINS_F=21 -DMAX_HISTORY=25 -DNMM_NEST=0  -I. -traditional -DUSE_NETCDF4_FEATURES -DWRFIO_NCD_LARGE_FILE_SUPPORT   module_cam_support.F  > module_cam_support.bb
/scratch/john.lawson/stochastic/stochWRF_3.8/tools/standard.exe module_cam_support.bb | /lib/cpp -P -traditional -DUSE_NETCDF4_FEATURES -DWRFIO_NCD_LARGE_FILE_SUPPORT > module_cam_support.f90
rm -f module_cam_support.b module_cam_support.bb
ftn -o module_cam_support.o -c -ip -O3  -w -ftz -fno-alias -align all -FR -convert big_endian    -I../dyn_em -I../dyn_nmm   -I/scratch/john.lawson/stochastic/stochWRF_3.8/external/esmf_time_f90  -I/scratch/john.lawson/stochastic/stochWRF_3.8/main -I/scratch/john.lawson/stochastic/stochWRF_3.8/external/io_netcdf -I/scratch/john.lawson/stochastic/stochWRF_3.8/external/io_int -I/scratch/john.lawson/stochastic/stochWRF_3.8/frame -I/scratch/john.lawson/stochastic/stochWRF_3.8/share -I/scratch/john.lawson/stochastic/stochWRF_3.8/phys -I/scratch/john.lawson/stochastic/stochWRF_3.8/chem -I/scratch/john.lawson/stochastic/stochWRF_3.8/inc -I/opt/cray/pe/netcdf-hdf5parallel/4.4.1.1.3/INTEL/16.0/include  -real-size `expr 8 \* 4` -i4  module_cam_support.f90
rm -f module_cam_shr_const_mod.o
/lib/cpp -P -I/scratch/john.lawson/stochastic/stochWRF_3.8/inc -DEM_CORE=1 -DNMM_CORE=0 -DNMM_MAX_DIM=2600 -DCOAMPS_CORE=0 -DDA_CORE=0 -DEXP_CORE=0 -DIWORDSIZE=4 -DDWORDSIZE=8 -DRWORDSIZE=4 -DLWORDSIZE=4 -DNONSTANDARD_SYSTEM_FUNC  -DWRF_USE_CLM -DUSE_NETCDF4_FEATURES -DWRFIO_NCD_LARGE_FILE_SUPPORT  -DDM_PARALLEL -DNETCDF -DHDF5 -DUSE_ALLOCATABLES -DGRIB1 -DINTIO -DKEEP_INT_AROUND -DLIMIT_ARGS -DCONFIG_BUF_LEN=65536 -DMAX_DOMAINS_F=21 -DMAX_HISTORY=25 -DNMM_NEST=0  -I. -traditional -DUSE_NETCDF4_FEATURES -DWRFIO_NCD_LARGE_FILE_SUPPORT   module_cam_shr_const_mod.F  > module_cam_shr_const_mod.bb
/scratch/john.lawson/stochastic/stochWRF_3.8/tools/standard.exe module_cam_shr_const_mod.bb | /lib/cpp -P -traditional -DUSE_NETCDF4_FEATURES -DWRFIO_NCD_LARGE_FILE_SUPPORT > module_cam_shr_const_mod.f90
rm -f module_cam_shr_const_mod.b module_cam_shr_const_mod.bb
ftn -o module_cam_shr_const_mod.o -c -ip -O3  -w -ftz -fno-alias -align all -FR -convert big_endian    -I../dyn_em -I../dyn_nmm   -I/scratch/john.lawson/stochastic/stochWRF_3.8/external/esmf_time_f90  -I/scratch/john.lawson/stochastic/stochWRF_3.8/main -I/scratch/john.lawson/stochastic/stochWRF_3.8/external/io_netcdf -I/scratch/john.lawson/stochastic/stochWRF_3.8/external/io_int -I/scratch/john.lawson/stochastic/stochWRF_3.8/frame -I/scratch/john.lawson/stochastic/stochWRF_3.8/share -I/scratch/john.lawson/stochastic/stochWRF_3.8/phys -I/scratch/john.lawson/stochastic/stochWRF_3.8/chem -I/scratch/john.lawson/stochastic/stochWRF_3.8/inc -I/opt/cray/pe/netcdf-hdf5parallel/4.4.1.1.3/INTEL/16.0/include  -real-size `expr 8 \* 4` -i4  module_cam_shr_const_mod.f90
rm -f module_cam_trb_mtn_stress.o
/lib/cpp -P -I/scratch/john.lawson/stochastic/stochWRF_3.8/inc -DEM_CORE=1 -DNMM_CORE=0 -DNMM_MAX_DIM=2600 -DCOAMPS_CORE=0 -DDA_CORE=0 -DEXP_CORE=0 -DIWORDSIZE=4 -DDWORDSIZE=8 -DRWORDSIZE=4 -DLWORDSIZE=4 -DNONSTANDARD_SYSTEM_FUNC  -DWRF_USE_CLM -DUSE_NETCDF4_FEATURES -DWRFIO_NCD_LARGE_FILE_SUPPORT  -DDM_PARALLEL -DNETCDF -DHDF5 -DUSE_ALLOCATABLES -DGRIB1 -DINTIO -DKEEP_INT_AROUND -DLIMIT_ARGS -DCONFIG_BUF_LEN=65536 -DMAX_DOMAINS_F=21 -DMAX_HISTORY=25 -DNMM_NEST=0  -I. -traditional -DUSE_NETCDF4_FEATURES -DWRFIO_NCD_LARGE_FILE_SUPPORT   module_cam_trb_mtn_stress.F  > module_cam_trb_mtn_stress.bb
/scratch/john.lawson/stochastic/stochWRF_3.8/tools/standard.exe module_cam_trb_mtn_stress.bb | /lib/cpp -P -traditional -DUSE_NETCDF4_FEATURES -DWRFIO_NCD_LARGE_FILE_SUPPORT > module_cam_trb_mtn_stress.f90
rm -f module_cam_trb_mtn_stress.b module_cam_trb_mtn_stress.bb
ftn -o module_cam_trb_mtn_stress.o -c -ip -O3  -w -ftz -fno-alias -align all -FR -convert big_endian    -I../dyn_em -I../dyn_nmm   -I/scratch/john.lawson/stochastic/stochWRF_3.8/external/esmf_time_f90  -I/scratch/john.lawson/stochastic/stochWRF_3.8/main -I/scratch/john.lawson/stochastic/stochWRF_3.8/external/io_netcdf -I/scratch/john.lawson/stochastic/stochWRF_3.8/external/io_int -I/scratch/john.lawson/stochastic/stochWRF_3.8/frame -I/scratch/john.lawson/stochastic/stochWRF_3.8/share -I/scratch/john.lawson/stochastic/stochWRF_3.8/phys -I/scratch/john.lawson/stochastic/stochWRF_3.8/chem -I/scratch/john.lawson/stochastic/stochWRF_3.8/inc -I/opt/cray/pe/netcdf-hdf5parallel/4.4.1.1.3/INTEL/16.0/include  -real-size `expr 8 \* 4` -i4  module_cam_trb_mtn_stress.f90
rm -f module_cam_upper_bc.o
/lib/cpp -P -I/scratch/john.lawson/stochastic/stochWRF_3.8/inc -DEM_CORE=1 -DNMM_CORE=0 -DNMM_MAX_DIM=2600 -DCOAMPS_CORE=0 -DDA_CORE=0 -DEXP_CORE=0 -DIWORDSIZE=4 -DDWORDSIZE=8 -DRWORDSIZE=4 -DLWORDSIZE=4 -DNONSTANDARD_SYSTEM_FUNC  -DWRF_USE_CLM -DUSE_NETCDF4_FEATURES -DWRFIO_NCD_LARGE_FILE_SUPPORT  -DDM_PARALLEL -DNETCDF -DHDF5 -DUSE_ALLOCATABLES -DGRIB1 -DINTIO -DKEEP_INT_AROUND -DLIMIT_ARGS -DCONFIG_BUF_LEN=65536 -DMAX_DOMAINS_F=21 -DMAX_HISTORY=25 -DNMM_NEST=0  -I. -traditional -DUSE_NETCDF4_FEATURES -DWRFIO_NCD_LARGE_FILE_SUPPORT   module_cam_upper_bc.F  > module_cam_upper_bc.bb
/scratch/john.lawson/stochastic/stochWRF_3.8/tools/standard.exe module_cam_upper_bc.bb | /lib/cpp -P -traditional -DUSE_NETCDF4_FEATURES -DWRFIO_NCD_LARGE_FILE_SUPPORT > module_cam_upper_bc.f90
rm -f module_cam_upper_bc.b module_cam_upper_bc.bb
ftn -o module_cam_upper_bc.o -c -ip -O3  -w -ftz -fno-alias -align all -FR -convert big_endian    -I../dyn_em -I../dyn_nmm   -I/scratch/john.lawson/stochastic/stochWRF_3.8/external/esmf_time_f90  -I/scratch/john.lawson/stochastic/stochWRF_3.8/main -I/scratch/john.lawson/stochastic/stochWRF_3.8/external/io_netcdf -I/scratch/john.lawson/stochastic/stochWRF_3.8/external/io_int -I/scratch/john.lawson/stochastic/stochWRF_3.8/frame -I/scratch/john.lawson/stochastic/stochWRF_3.8/share -I/scratch/john.lawson/stochastic/stochWRF_3.8/phys -I/scratch/john.lawson/stochastic/stochWRF_3.8/chem -I/scratch/john.lawson/stochastic/stochWRF_3.8/inc -I/opt/cray/pe/netcdf-hdf5parallel/4.4.1.1.3/INTEL/16.0/include  -real-size `expr 8 \* 4` -i4  module_cam_upper_bc.f90
rm -f module_cam_bl_diffusion_solver.o
/lib/cpp -P -I/scratch/john.lawson/stochastic/stochWRF_3.8/inc -DEM_CORE=1 -DNMM_CORE=0 -DNMM_MAX_DIM=2600 -DCOAMPS_CORE=0 -DDA_CORE=0 -DEXP_CORE=0 -DIWORDSIZE=4 -DDWORDSIZE=8 -DRWORDSIZE=4 -DLWORDSIZE=4 -DNONSTANDARD_SYSTEM_FUNC  -DWRF_USE_CLM -DUSE_NETCDF4_FEATURES -DWRFIO_NCD_LARGE_FILE_SUPPORT  -DDM_PARALLEL -DNETCDF -DHDF5 -DUSE_ALLOCATABLES -DGRIB1 -DINTIO -DKEEP_INT_AROUND -DLIMIT_ARGS -DCONFIG_BUF_LEN=65536 -DMAX_DOMAINS_F=21 -DMAX_HISTORY=25 -DNMM_NEST=0  -I. -traditional -DUSE_NETCDF4_FEATURES -DWRFIO_NCD_LARGE_FILE_SUPPORT   module_cam_bl_diffusion_solver.F  > module_cam_bl_diffusion_solver.bb
/scratch/john.lawson/stochastic/stochWRF_3.8/tools/standard.exe module_cam_bl_diffusion_solver.bb | /lib/cpp -P -traditional -DUSE_NETCDF4_FEATURES -DWRFIO_NCD_LARGE_FILE_SUPPORT > module_cam_bl_diffusion_solver.f90
rm -f module_cam_bl_diffusion_solver.b module_cam_bl_diffusion_solver.bb
ftn -o module_cam_bl_diffusion_solver.o -c -ip -O3  -w -ftz -fno-alias -align all -FR -convert big_endian    -I../dyn_em -I../dyn_nmm   -I/scratch/john.lawson/stochastic/stochWRF_3.8/external/esmf_time_f90  -I/scratch/john.lawson/stochastic/stochWRF_3.8/main -I/scratch/john.lawson/stochastic/stochWRF_3.8/external/io_netcdf -I/scratch/john.lawson/stochastic/stochWRF_3.8/external/io_int -I/scratch/john.lawson/stochastic/stochWRF_3.8/frame -I/scratch/john.lawson/stochastic/stochWRF_3.8/share -I/scratch/john.lawson/stochastic/stochWRF_3.8/phys -I/scratch/john.lawson/stochastic/stochWRF_3.8/chem -I/scratch/john.lawson/stochastic/stochWRF_3.8/inc -I/opt/cray/pe/netcdf-hdf5parallel/4.4.1.1.3/INTEL/16.0/include  -real-size `expr 8 \* 4` -i4  module_cam_bl_diffusion_solver.f90
rm -f module_cam_mp_radconstants.o
/lib/cpp -P -I/scratch/john.lawson/stochastic/stochWRF_3.8/inc -DEM_CORE=1 -DNMM_CORE=0 -DNMM_MAX_DIM=2600 -DCOAMPS_CORE=0 -DDA_CORE=0 -DEXP_CORE=0 -DIWORDSIZE=4 -DDWORDSIZE=8 -DRWORDSIZE=4 -DLWORDSIZE=4 -DNONSTANDARD_SYSTEM_FUNC  -DWRF_USE_CLM -DUSE_NETCDF4_FEATURES -DWRFIO_NCD_LARGE_FILE_SUPPORT  -DDM_PARALLEL -DNETCDF -DHDF5 -DUSE_ALLOCATABLES -DGRIB1 -DINTIO -DKEEP_INT_AROUND -DLIMIT_ARGS -DCONFIG_BUF_LEN=65536 -DMAX_DOMAINS_F=21 -DMAX_HISTORY=25 -DNMM_NEST=0  -I. -traditional -DUSE_NETCDF4_FEATURES -DWRFIO_NCD_LARGE_FILE_SUPPORT   module_cam_mp_radconstants.F  > module_cam_mp_radconstants.bb
/scratch/john.lawson/stochastic/stochWRF_3.8/tools/standard.exe module_cam_mp_radconstants.bb | /lib/cpp -P -traditional -DUSE_NETCDF4_FEATURES -DWRFIO_NCD_LARGE_FILE_SUPPORT > module_cam_mp_radconstants.f90
rm -f module_cam_mp_radconstants.b module_cam_mp_radconstants.bb
ftn -o module_cam_mp_radconstants.o -c -ip -O3  -w -ftz -fno-alias -align all -FR -convert big_endian    -I../dyn_em -I../dyn_nmm   -I/scratch/john.lawson/stochastic/stochWRF_3.8/external/esmf_time_f90  -I/scratch/john.lawson/stochastic/stochWRF_3.8/main -I/scratch/john.lawson/stochastic/stochWRF_3.8/external/io_netcdf -I/scratch/john.lawson/stochastic/stochWRF_3.8/external/io_int -I/scratch/john.lawson/stochastic/stochWRF_3.8/frame -I/scratch/john.lawson/stochastic/stochWRF_3.8/share -I/scratch/john.lawson/stochastic/stochWRF_3.8/phys -I/scratch/john.lawson/stochastic/stochWRF_3.8/chem -I/scratch/john.lawson/stochastic/stochWRF_3.8/inc -I/opt/cray/pe/netcdf-hdf5parallel/4.4.1.1.3/INTEL/16.0/include  -real-size `expr 8 \* 4` -i4  module_cam_mp_radconstants.f90
rm -f module_cam_mp_qneg3.o
/lib/cpp -P -I/scratch/john.lawson/stochastic/stochWRF_3.8/inc -DEM_CORE=1 -DNMM_CORE=0 -DNMM_MAX_DIM=2600 -DCOAMPS_CORE=0 -DDA_CORE=0 -DEXP_CORE=0 -DIWORDSIZE=4 -DDWORDSIZE=8 -DRWORDSIZE=4 -DLWORDSIZE=4 -DNONSTANDARD_SYSTEM_FUNC  -DWRF_USE_CLM -DUSE_NETCDF4_FEATURES -DWRFIO_NCD_LARGE_FILE_SUPPORT  -DDM_PARALLEL -DNETCDF -DHDF5 -DUSE_ALLOCATABLES -DGRIB1 -DINTIO -DKEEP_INT_AROUND -DLIMIT_ARGS -DCONFIG_BUF_LEN=65536 -DMAX_DOMAINS_F=21 -DMAX_HISTORY=25 -DNMM_NEST=0  -I. -traditional -DUSE_NETCDF4_FEATURES -DWRFIO_NCD_LARGE_FILE_SUPPORT   module_cam_mp_qneg3.F  > module_cam_mp_qneg3.bb
/scratch/john.lawson/stochastic/stochWRF_3.8/tools/standard.exe module_cam_mp_qneg3.bb | /lib/cpp -P -traditional -DUSE_NETCDF4_FEATURES -DWRFIO_NCD_LARGE_FILE_SUPPORT > module_cam_mp_qneg3.f90
rm -f module_cam_mp_qneg3.b module_cam_mp_qneg3.bb
ftn -o module_cam_mp_qneg3.o -c -ip -O3  -w -ftz -fno-alias -align all -FR -convert big_endian    -I../dyn_em -I../dyn_nmm   -I/scratch/john.lawson/stochastic/stochWRF_3.8/external/esmf_time_f90  -I/scratch/john.lawson/stochastic/stochWRF_3.8/main -I/scratch/john.lawson/stochastic/stochWRF_3.8/external/io_netcdf -I/scratch/john.lawson/stochastic/stochWRF_3.8/external/io_int -I/scratch/john.lawson/stochastic/stochWRF_3.8/frame -I/scratch/john.lawson/stochastic/stochWRF_3.8/share -I/scratch/john.lawson/stochastic/stochWRF_3.8/phys -I/scratch/john.lawson/stochastic/stochWRF_3.8/chem -I/scratch/john.lawson/stochastic/stochWRF_3.8/inc -I/opt/cray/pe/netcdf-hdf5parallel/4.4.1.1.3/INTEL/16.0/include  -real-size `expr 8 \* 4` -i4  module_cam_mp_qneg3.f90
rm -f module_cam_infnan.o
/lib/cpp -P -I/scratch/john.lawson/stochastic/stochWRF_3.8/inc -DEM_CORE=1 -DNMM_CORE=0 -DNMM_MAX_DIM=2600 -DCOAMPS_CORE=0 -DDA_CORE=0 -DEXP_CORE=0 -DIWORDSIZE=4 -DDWORDSIZE=8 -DRWORDSIZE=4 -DLWORDSIZE=4 -DNONSTANDARD_SYSTEM_FUNC  -DWRF_USE_CLM -DUSE_NETCDF4_FEATURES -DWRFIO_NCD_LARGE_FILE_SUPPORT  -DDM_PARALLEL -DNETCDF -DHDF5 -DUSE_ALLOCATABLES -DGRIB1 -DINTIO -DKEEP_INT_AROUND -DLIMIT_ARGS -DCONFIG_BUF_LEN=65536 -DMAX_DOMAINS_F=21 -DMAX_HISTORY=25 -DNMM_NEST=0  -I. -traditional -DUSE_NETCDF4_FEATURES -DWRFIO_NCD_LARGE_FILE_SUPPORT   module_cam_infnan.F  > module_cam_infnan.bb
/scratch/john.lawson/stochastic/stochWRF_3.8/tools/standard.exe module_cam_infnan.bb | /lib/cpp -P -traditional -DUSE_NETCDF4_FEATURES -DWRFIO_NCD_LARGE_FILE_SUPPORT > module_cam_infnan.f90
rm -f module_cam_infnan.b module_cam_infnan.bb
ftn -o module_cam_infnan.o -c -ip -O3  -w -ftz -fno-alias -align all -FR -convert big_endian    -I../dyn_em -I../dyn_nmm   -I/scratch/john.lawson/stochastic/stochWRF_3.8/external/esmf_time_f90  -I/scratch/john.lawson/stochastic/stochWRF_3.8/main -I/scratch/john.lawson/stochastic/stochWRF_3.8/external/io_netcdf -I/scratch/john.lawson/stochastic/stochWRF_3.8/external/io_int -I/scratch/john.lawson/stochastic/stochWRF_3.8/frame -I/scratch/john.lawson/stochastic/stochWRF_3.8/share -I/scratch/john.lawson/stochastic/stochWRF_3.8/phys -I/scratch/john.lawson/stochastic/stochWRF_3.8/chem -I/scratch/john.lawson/stochastic/stochWRF_3.8/inc -I/opt/cray/pe/netcdf-hdf5parallel/4.4.1.1.3/INTEL/16.0/include  -real-size `expr 8 \* 4` -i4  module_cam_infnan.f90
rm -f module_gfs_physcons.o
/lib/cpp -P -I/scratch/john.lawson/stochastic/stochWRF_3.8/inc -DEM_CORE=1 -DNMM_CORE=0 -DNMM_MAX_DIM=2600 -DCOAMPS_CORE=0 -DDA_CORE=0 -DEXP_CORE=0 -DIWORDSIZE=4 -DDWORDSIZE=8 -DRWORDSIZE=4 -DLWORDSIZE=4 -DNONSTANDARD_SYSTEM_FUNC  -DWRF_USE_CLM -DUSE_NETCDF4_FEATURES -DWRFIO_NCD_LARGE_FILE_SUPPORT  -DDM_PARALLEL -DNETCDF -DHDF5 -DUSE_ALLOCATABLES -DGRIB1 -DINTIO -DKEEP_INT_AROUND -DLIMIT_ARGS -DCONFIG_BUF_LEN=65536 -DMAX_DOMAINS_F=21 -DMAX_HISTORY=25 -DNMM_NEST=0  -I. -traditional -DUSE_NETCDF4_FEATURES -DWRFIO_NCD_LARGE_FILE_SUPPORT   module_gfs_physcons.F  > module_gfs_physcons.bb
/scratch/john.lawson/stochastic/stochWRF_3.8/tools/standard.exe module_gfs_physcons.bb | /lib/cpp -P -traditional -DUSE_NETCDF4_FEATURES -DWRFIO_NCD_LARGE_FILE_SUPPORT > module_gfs_physcons.f90
rm -f module_gfs_physcons.b module_gfs_physcons.bb
ftn -o module_gfs_physcons.o -c -ip -O3  -w -ftz -fno-alias -align all -FR -convert big_endian    -I../dyn_em -I../dyn_nmm   -I/scratch/john.lawson/stochastic/stochWRF_3.8/external/esmf_time_f90  -I/scratch/john.lawson/stochastic/stochWRF_3.8/main -I/scratch/john.lawson/stochastic/stochWRF_3.8/external/io_netcdf -I/scratch/john.lawson/stochastic/stochWRF_3.8/external/io_int -I/scratch/john.lawson/stochastic/stochWRF_3.8/frame -I/scratch/john.lawson/stochastic/stochWRF_3.8/share -I/scratch/john.lawson/stochastic/stochWRF_3.8/phys -I/scratch/john.lawson/stochastic/stochWRF_3.8/chem -I/scratch/john.lawson/stochastic/stochWRF_3.8/inc -I/opt/cray/pe/netcdf-hdf5parallel/4.4.1.1.3/INTEL/16.0/include  -real-size `expr 8 \* 4` -i4  module_gfs_physcons.f90
rm -f module_bl_fogdes.o
/lib/cpp -P -I/scratch/john.lawson/stochastic/stochWRF_3.8/inc -DEM_CORE=1 -DNMM_CORE=0 -DNMM_MAX_DIM=2600 -DCOAMPS_CORE=0 -DDA_CORE=0 -DEXP_CORE=0 -DIWORDSIZE=4 -DDWORDSIZE=8 -DRWORDSIZE=4 -DLWORDSIZE=4 -DNONSTANDARD_SYSTEM_FUNC  -DWRF_USE_CLM -DUSE_NETCDF4_FEATURES -DWRFIO_NCD_LARGE_FILE_SUPPORT  -DDM_PARALLEL -DNETCDF -DHDF5 -DUSE_ALLOCATABLES -DGRIB1 -DINTIO -DKEEP_INT_AROUND -DLIMIT_ARGS -DCONFIG_BUF_LEN=65536 -DMAX_DOMAINS_F=21 -DMAX_HISTORY=25 -DNMM_NEST=0  -I. -traditional -DUSE_NETCDF4_FEATURES -DWRFIO_NCD_LARGE_FILE_SUPPORT   module_bl_fogdes.F  > module_bl_fogdes.bb
/scratch/john.lawson/stochastic/stochWRF_3.8/tools/standard.exe module_bl_fogdes.bb | /lib/cpp -P -traditional -DUSE_NETCDF4_FEATURES -DWRFIO_NCD_LARGE_FILE_SUPPORT > module_bl_fogdes.f90
rm -f module_ra_rrtm.o
/lib/cpp -P -I/scratch/john.lawson/stochastic/stochWRF_3.8/inc -DEM_CORE=1 -DNMM_CORE=0 -DNMM_MAX_DIM=2600 -DCOAMPS_CORE=0 -DDA_CORE=0 -DEXP_CORE=0 -DIWORDSIZE=4 -DDWORDSIZE=8 -DRWORDSIZE=4 -DLWORDSIZE=4 -DNONSTANDARD_SYSTEM_FUNC  -DWRF_USE_CLM -DUSE_NETCDF4_FEATURES -DWRFIO_NCD_LARGE_FILE_SUPPORT  -DDM_PARALLEL -DNETCDF -DHDF5 -DUSE_ALLOCATABLES -DGRIB1 -DINTIO -DKEEP_INT_AROUND -DLIMIT_ARGS -DCONFIG_BUF_LEN=65536 -DMAX_DOMAINS_F=21 -DMAX_HISTORY=25 -DNMM_NEST=0  -I. -traditional -DUSE_NETCDF4_FEATURES -DWRFIO_NCD_LARGE_FILE_SUPPORT   module_ra_rrtm.F  > module_ra_rrtm.bb
rm -f module_bl_fogdes.b module_bl_fogdes.bb
ftn -o module_bl_fogdes.o -c -ip -O3  -w -ftz -fno-alias -align all -FR -convert big_endian    -I../dyn_em -I../dyn_nmm   -I/scratch/john.lawson/stochastic/stochWRF_3.8/external/esmf_time_f90  -I/scratch/john.lawson/stochastic/stochWRF_3.8/main -I/scratch/john.lawson/stochastic/stochWRF_3.8/external/io_netcdf -I/scratch/john.lawson/stochastic/stochWRF_3.8/external/io_int -I/scratch/john.lawson/stochastic/stochWRF_3.8/frame -I/scratch/john.lawson/stochastic/stochWRF_3.8/share -I/scratch/john.lawson/stochastic/stochWRF_3.8/phys -I/scratch/john.lawson/stochastic/stochWRF_3.8/chem -I/scratch/john.lawson/stochastic/stochWRF_3.8/inc -I/opt/cray/pe/netcdf-hdf5parallel/4.4.1.1.3/INTEL/16.0/include  -real-size `expr 8 \* 4` -i4  module_bl_fogdes.f90
/scratch/john.lawson/stochastic/stochWRF_3.8/tools/standard.exe module_ra_rrtm.bb | /lib/cpp -P -traditional -DUSE_NETCDF4_FEATURES -DWRFIO_NCD_LARGE_FILE_SUPPORT > module_ra_rrtm.f90
rm -f module_ra_rrtm.b module_ra_rrtm.bb
ftn -o module_ra_rrtm.o -c -ip -O3  -w -ftz -fno-alias -align all -FR -convert big_endian    -I../dyn_em -I../dyn_nmm   -I/scratch/john.lawson/stochastic/stochWRF_3.8/external/esmf_time_f90  -I/scratch/john.lawson/stochastic/stochWRF_3.8/main -I/scratch/john.lawson/stochastic/stochWRF_3.8/external/io_netcdf -I/scratch/john.lawson/stochastic/stochWRF_3.8/external/io_int -I/scratch/john.lawson/stochastic/stochWRF_3.8/frame -I/scratch/john.lawson/stochastic/stochWRF_3.8/share -I/scratch/john.lawson/stochastic/stochWRF_3.8/phys -I/scratch/john.lawson/stochastic/stochWRF_3.8/chem -I/scratch/john.lawson/stochastic/stochWRF_3.8/inc -I/opt/cray/pe/netcdf-hdf5parallel/4.4.1.1.3/INTEL/16.0/include  -real-size `expr 8 \* 4` -i4  module_ra_rrtm.f90
rm -f module_ra_rrtmg_lw.o
/lib/cpp -P -I/scratch/john.lawson/stochastic/stochWRF_3.8/inc -DEM_CORE=1 -DNMM_CORE=0 -DNMM_MAX_DIM=2600 -DCOAMPS_CORE=0 -DDA_CORE=0 -DEXP_CORE=0 -DIWORDSIZE=4 -DDWORDSIZE=8 -DRWORDSIZE=4 -DLWORDSIZE=4 -DNONSTANDARD_SYSTEM_FUNC  -DWRF_USE_CLM -DUSE_NETCDF4_FEATURES -DWRFIO_NCD_LARGE_FILE_SUPPORT  -DDM_PARALLEL -DNETCDF -DHDF5 -DUSE_ALLOCATABLES -DGRIB1 -DINTIO -DKEEP_INT_AROUND -DLIMIT_ARGS -DCONFIG_BUF_LEN=65536 -DMAX_DOMAINS_F=21 -DMAX_HISTORY=25 -DNMM_NEST=0  -I. -traditional -DUSE_NETCDF4_FEATURES -DWRFIO_NCD_LARGE_FILE_SUPPORT   module_ra_rrtmg_lw.F  > module_ra_rrtmg_lw.bb
/scratch/john.lawson/stochastic/stochWRF_3.8/tools/standard.exe module_ra_rrtmg_lw.bb | /lib/cpp -P -traditional -DUSE_NETCDF4_FEATURES -DWRFIO_NCD_LARGE_FILE_SUPPORT > module_ra_rrtmg_lw.f90
rm -f module_ra_rrtmg_lw.b module_ra_rrtmg_lw.bb
ftn -o module_ra_rrtmg_lw.o -c -ip -O3  -w -ftz -fno-alias -align all -FR -convert big_endian    -I../dyn_em -I../dyn_nmm   -I/scratch/john.lawson/stochastic/stochWRF_3.8/external/esmf_time_f90  -I/scratch/john.lawson/stochastic/stochWRF_3.8/main -I/scratch/john.lawson/stochastic/stochWRF_3.8/external/io_netcdf -I/scratch/john.lawson/stochastic/stochWRF_3.8/external/io_int -I/scratch/john.lawson/stochastic/stochWRF_3.8/frame -I/scratch/john.lawson/stochastic/stochWRF_3.8/share -I/scratch/john.lawson/stochastic/stochWRF_3.8/phys -I/scratch/john.lawson/stochastic/stochWRF_3.8/chem -I/scratch/john.lawson/stochastic/stochWRF_3.8/inc -I/opt/cray/pe/netcdf-hdf5parallel/4.4.1.1.3/INTEL/16.0/include  -real-size `expr 8 \* 4` -i4  module_ra_rrtmg_lw.f90
rm -f module_ra_rrtmg_lwf.o
/lib/cpp -P -I/scratch/john.lawson/stochastic/stochWRF_3.8/inc -DEM_CORE=1 -DNMM_CORE=0 -DNMM_MAX_DIM=2600 -DCOAMPS_CORE=0 -DDA_CORE=0 -DEXP_CORE=0 -DIWORDSIZE=4 -DDWORDSIZE=8 -DRWORDSIZE=4 -DLWORDSIZE=4 -DNONSTANDARD_SYSTEM_FUNC  -DWRF_USE_CLM -DUSE_NETCDF4_FEATURES -DWRFIO_NCD_LARGE_FILE_SUPPORT  -DDM_PARALLEL -DNETCDF -DHDF5 -DUSE_ALLOCATABLES -DGRIB1 -DINTIO -DKEEP_INT_AROUND -DLIMIT_ARGS -DCONFIG_BUF_LEN=65536 -DMAX_DOMAINS_F=21 -DMAX_HISTORY=25 -DNMM_NEST=0  -I. -traditional -DUSE_NETCDF4_FEATURES -DWRFIO_NCD_LARGE_FILE_SUPPORT   module_ra_rrtmg_lwf.F  > module_ra_rrtmg_lwf.bb
/scratch/john.lawson/stochastic/stochWRF_3.8/tools/standard.exe module_ra_rrtmg_lwf.bb | /lib/cpp -P -traditional -DUSE_NETCDF4_FEATURES -DWRFIO_NCD_LARGE_FILE_SUPPORT > module_ra_rrtmg_lwf.f90
rm -f module_ra_rrtmg_lwf.b module_ra_rrtmg_lwf.bb
ftn -o module_ra_rrtmg_lwf.o -c -ip -O3  -w -ftz -fno-alias -align all -FR -convert big_endian    -I../dyn_em -I../dyn_nmm   -I/scratch/john.lawson/stochastic/stochWRF_3.8/external/esmf_time_f90  -I/scratch/john.lawson/stochastic/stochWRF_3.8/main -I/scratch/john.lawson/stochastic/stochWRF_3.8/external/io_netcdf -I/scratch/john.lawson/stochastic/stochWRF_3.8/external/io_int -I/scratch/john.lawson/stochastic/stochWRF_3.8/frame -I/scratch/john.lawson/stochastic/stochWRF_3.8/share -I/scratch/john.lawson/stochastic/stochWRF_3.8/phys -I/scratch/john.lawson/stochastic/stochWRF_3.8/chem -I/scratch/john.lawson/stochastic/stochWRF_3.8/inc -I/opt/cray/pe/netcdf-hdf5parallel/4.4.1.1.3/INTEL/16.0/include  -real-size `expr 8 \* 4` -i4  module_ra_rrtmg_lwf.f90
rm -f module_ra_cam_support.o
/lib/cpp -P -I/scratch/john.lawson/stochastic/stochWRF_3.8/inc -DEM_CORE=1 -DNMM_CORE=0 -DNMM_MAX_DIM=2600 -DCOAMPS_CORE=0 -DDA_CORE=0 -DEXP_CORE=0 -DIWORDSIZE=4 -DDWORDSIZE=8 -DRWORDSIZE=4 -DLWORDSIZE=4 -DNONSTANDARD_SYSTEM_FUNC  -DWRF_USE_CLM -DUSE_NETCDF4_FEATURES -DWRFIO_NCD_LARGE_FILE_SUPPORT  -DDM_PARALLEL -DNETCDF -DHDF5 -DUSE_ALLOCATABLES -DGRIB1 -DINTIO -DKEEP_INT_AROUND -DLIMIT_ARGS -DCONFIG_BUF_LEN=65536 -DMAX_DOMAINS_F=21 -DMAX_HISTORY=25 -DNMM_NEST=0  -I. -traditional -DUSE_NETCDF4_FEATURES -DWRFIO_NCD_LARGE_FILE_SUPPORT   module_ra_cam_support.F  > module_ra_cam_support.bb
/scratch/john.lawson/stochastic/stochWRF_3.8/tools/standard.exe module_ra_cam_support.bb | /lib/cpp -P -traditional -DUSE_NETCDF4_FEATURES -DWRFIO_NCD_LARGE_FILE_SUPPORT > module_ra_cam_support.f90
rm -f module_ra_cam_support.b module_ra_cam_support.bb
ftn -o module_ra_cam_support.o -c -ip -O3  -w -ftz -fno-alias -align all -FR -convert big_endian    -I../dyn_em -I../dyn_nmm   -I/scratch/john.lawson/stochastic/stochWRF_3.8/external/esmf_time_f90  -I/scratch/john.lawson/stochastic/stochWRF_3.8/main -I/scratch/john.lawson/stochastic/stochWRF_3.8/external/io_netcdf -I/scratch/john.lawson/stochastic/stochWRF_3.8/external/io_int -I/scratch/john.lawson/stochastic/stochWRF_3.8/frame -I/scratch/john.lawson/stochastic/stochWRF_3.8/share -I/scratch/john.lawson/stochastic/stochWRF_3.8/phys -I/scratch/john.lawson/stochastic/stochWRF_3.8/chem -I/scratch/john.lawson/stochastic/stochWRF_3.8/inc -I/opt/cray/pe/netcdf-hdf5parallel/4.4.1.1.3/INTEL/16.0/include  -real-size `expr 8 \* 4` -i4  module_ra_cam_support.f90
rm -f module_ra_gfdleta.o
/lib/cpp -P -I/scratch/john.lawson/stochastic/stochWRF_3.8/inc -DEM_CORE=1 -DNMM_CORE=0 -DNMM_MAX_DIM=2600 -DCOAMPS_CORE=0 -DDA_CORE=0 -DEXP_CORE=0 -DIWORDSIZE=4 -DDWORDSIZE=8 -DRWORDSIZE=4 -DLWORDSIZE=4 -DNONSTANDARD_SYSTEM_FUNC  -DWRF_USE_CLM -DUSE_NETCDF4_FEATURES -DWRFIO_NCD_LARGE_FILE_SUPPORT  -DDM_PARALLEL -DNETCDF -DHDF5 -DUSE_ALLOCATABLES -DGRIB1 -DINTIO -DKEEP_INT_AROUND -DLIMIT_ARGS -DCONFIG_BUF_LEN=65536 -DMAX_DOMAINS_F=21 -DMAX_HISTORY=25 -DNMM_NEST=0  -I. -traditional -DUSE_NETCDF4_FEATURES -DWRFIO_NCD_LARGE_FILE_SUPPORT   module_ra_gfdleta.F  > module_ra_gfdleta.bb
/scratch/john.lawson/stochastic/stochWRF_3.8/tools/standard.exe module_ra_gfdleta.bb | /lib/cpp -P -traditional -DUSE_NETCDF4_FEATURES -DWRFIO_NCD_LARGE_FILE_SUPPORT > module_ra_gfdleta.f90
rm -f module_ra_gfdleta.b module_ra_gfdleta.bb
ftn -o module_ra_gfdleta.o -c -ip -O3  -w -ftz -fno-alias -align all -FR -convert big_endian    -I../dyn_em -I../dyn_nmm   -I/scratch/john.lawson/stochastic/stochWRF_3.8/external/esmf_time_f90  -I/scratch/john.lawson/stochastic/stochWRF_3.8/main -I/scratch/john.lawson/stochastic/stochWRF_3.8/external/io_netcdf -I/scratch/john.lawson/stochastic/stochWRF_3.8/external/io_int -I/scratch/john.lawson/stochastic/stochWRF_3.8/frame -I/scratch/john.lawson/stochastic/stochWRF_3.8/share -I/scratch/john.lawson/stochastic/stochWRF_3.8/phys -I/scratch/john.lawson/stochastic/stochWRF_3.8/chem -I/scratch/john.lawson/stochastic/stochWRF_3.8/inc -I/opt/cray/pe/netcdf-hdf5parallel/4.4.1.1.3/INTEL/16.0/include  -real-size `expr 8 \* 4` -i4  module_ra_gfdleta.f90
rm -f module_ra_HWRF.o
/lib/cpp -P -I/scratch/john.lawson/stochastic/stochWRF_3.8/inc -DEM_CORE=1 -DNMM_CORE=0 -DNMM_MAX_DIM=2600 -DCOAMPS_CORE=0 -DDA_CORE=0 -DEXP_CORE=0 -DIWORDSIZE=4 -DDWORDSIZE=8 -DRWORDSIZE=4 -DLWORDSIZE=4 -DNONSTANDARD_SYSTEM_FUNC  -DWRF_USE_CLM -DUSE_NETCDF4_FEATURES -DWRFIO_NCD_LARGE_FILE_SUPPORT  -DDM_PARALLEL -DNETCDF -DHDF5 -DUSE_ALLOCATABLES -DGRIB1 -DINTIO -DKEEP_INT_AROUND -DLIMIT_ARGS -DCONFIG_BUF_LEN=65536 -DMAX_DOMAINS_F=21 -DMAX_HISTORY=25 -DNMM_NEST=0  -I. -traditional -DUSE_NETCDF4_FEATURES -DWRFIO_NCD_LARGE_FILE_SUPPORT   module_ra_HWRF.F  > module_ra_HWRF.bb
/scratch/john.lawson/stochastic/stochWRF_3.8/tools/standard.exe module_ra_HWRF.bb | /lib/cpp -P -traditional -DUSE_NETCDF4_FEATURES -DWRFIO_NCD_LARGE_FILE_SUPPORT > module_ra_HWRF.f90
rm -f module_ra_HWRF.b module_ra_HWRF.bb
ftn -o module_ra_HWRF.o -c -ip -O3  -w -ftz -fno-alias -align all -FR -convert big_endian    -I../dyn_em -I../dyn_nmm   -I/scratch/john.lawson/stochastic/stochWRF_3.8/external/esmf_time_f90  -I/scratch/john.lawson/stochastic/stochWRF_3.8/main -I/scratch/john.lawson/stochastic/stochWRF_3.8/external/io_netcdf -I/scratch/john.lawson/stochastic/stochWRF_3.8/external/io_int -I/scratch/john.lawson/stochastic/stochWRF_3.8/frame -I/scratch/john.lawson/stochastic/stochWRF_3.8/share -I/scratch/john.lawson/stochastic/stochWRF_3.8/phys -I/scratch/john.lawson/stochastic/stochWRF_3.8/chem -I/scratch/john.lawson/stochastic/stochWRF_3.8/inc -I/opt/cray/pe/netcdf-hdf5parallel/4.4.1.1.3/INTEL/16.0/include  -real-size `expr 8 \* 4` -i4  module_ra_HWRF.f90
rm -f module_mp_thompson.o
/lib/cpp -P -I/scratch/john.lawson/stochastic/stochWRF_3.8/inc -DEM_CORE=1 -DNMM_CORE=0 -DNMM_MAX_DIM=2600 -DCOAMPS_CORE=0 -DDA_CORE=0 -DEXP_CORE=0 -DIWORDSIZE=4 -DDWORDSIZE=8 -DRWORDSIZE=4 -DLWORDSIZE=4 -DNONSTANDARD_SYSTEM_FUNC  -DWRF_USE_CLM -DUSE_NETCDF4_FEATURES -DWRFIO_NCD_LARGE_FILE_SUPPORT  -DDM_PARALLEL -DNETCDF -DHDF5 -DUSE_ALLOCATABLES -DGRIB1 -DINTIO -DKEEP_INT_AROUND -DLIMIT_ARGS -DCONFIG_BUF_LEN=65536 -DMAX_DOMAINS_F=21 -DMAX_HISTORY=25 -DNMM_NEST=0  -I. -traditional -DUSE_NETCDF4_FEATURES -DWRFIO_NCD_LARGE_FILE_SUPPORT   module_mp_thompson.F  > module_mp_thompson.bb
/scratch/john.lawson/stochastic/stochWRF_3.8/tools/standard.exe module_mp_thompson.bb | /lib/cpp -P -traditional -DUSE_NETCDF4_FEATURES -DWRFIO_NCD_LARGE_FILE_SUPPORT > module_mp_thompson.f90
rm -f module_mp_thompson.b module_mp_thompson.bb
ftn -o module_mp_thompson.o -c -ip -O3  -w -ftz -fno-alias -align all -FR -convert big_endian    -I../dyn_em -I../dyn_nmm   -I/scratch/john.lawson/stochastic/stochWRF_3.8/external/esmf_time_f90  -I/scratch/john.lawson/stochastic/stochWRF_3.8/main -I/scratch/john.lawson/stochastic/stochWRF_3.8/external/io_netcdf -I/scratch/john.lawson/stochastic/stochWRF_3.8/external/io_int -I/scratch/john.lawson/stochastic/stochWRF_3.8/frame -I/scratch/john.lawson/stochastic/stochWRF_3.8/share -I/scratch/john.lawson/stochastic/stochWRF_3.8/phys -I/scratch/john.lawson/stochastic/stochWRF_3.8/chem -I/scratch/john.lawson/stochastic/stochWRF_3.8/inc -I/opt/cray/pe/netcdf-hdf5parallel/4.4.1.1.3/INTEL/16.0/include  -real-size `expr 8 \* 4` -i4  module_mp_thompson.f90
rm -f module_mp_lin.o
/lib/cpp -P -I/scratch/john.lawson/stochastic/stochWRF_3.8/inc -DEM_CORE=1 -DNMM_CORE=0 -DNMM_MAX_DIM=2600 -DCOAMPS_CORE=0 -DDA_CORE=0 -DEXP_CORE=0 -DIWORDSIZE=4 -DDWORDSIZE=8 -DRWORDSIZE=4 -DLWORDSIZE=4 -DNONSTANDARD_SYSTEM_FUNC  -DWRF_USE_CLM -DUSE_NETCDF4_FEATURES -DWRFIO_NCD_LARGE_FILE_SUPPORT  -DDM_PARALLEL -DNETCDF -DHDF5 -DUSE_ALLOCATABLES -DGRIB1 -DINTIO -DKEEP_INT_AROUND -DLIMIT_ARGS -DCONFIG_BUF_LEN=65536 -DMAX_DOMAINS_F=21 -DMAX_HISTORY=25 -DNMM_NEST=0  -I. -traditional -DUSE_NETCDF4_FEATURES -DWRFIO_NCD_LARGE_FILE_SUPPORT   module_mp_lin.F  > module_mp_lin.bb
/scratch/john.lawson/stochastic/stochWRF_3.8/tools/standard.exe module_mp_lin.bb | /lib/cpp -P -traditional -DUSE_NETCDF4_FEATURES -DWRFIO_NCD_LARGE_FILE_SUPPORT > module_mp_lin.f90
rm -f module_mp_lin.b module_mp_lin.bb
ftn -o module_mp_lin.o -c -ip -O3  -w -ftz -fno-alias -align all -FR -convert big_endian    -I../dyn_em -I../dyn_nmm   -I/scratch/john.lawson/stochastic/stochWRF_3.8/external/esmf_time_f90  -I/scratch/john.lawson/stochastic/stochWRF_3.8/main -I/scratch/john.lawson/stochastic/stochWRF_3.8/external/io_netcdf -I/scratch/john.lawson/stochastic/stochWRF_3.8/external/io_int -I/scratch/john.lawson/stochastic/stochWRF_3.8/frame -I/scratch/john.lawson/stochastic/stochWRF_3.8/share -I/scratch/john.lawson/stochastic/stochWRF_3.8/phys -I/scratch/john.lawson/stochastic/stochWRF_3.8/chem -I/scratch/john.lawson/stochastic/stochWRF_3.8/inc -I/opt/cray/pe/netcdf-hdf5parallel/4.4.1.1.3/INTEL/16.0/include  -real-size `expr 8 \* 4` -i4  module_mp_lin.f90
rm -f module_sf_noahmplsm.o
/lib/cpp -P -I/scratch/john.lawson/stochastic/stochWRF_3.8/inc -DEM_CORE=1 -DNMM_CORE=0 -DNMM_MAX_DIM=2600 -DCOAMPS_CORE=0 -DDA_CORE=0 -DEXP_CORE=0 -DIWORDSIZE=4 -DDWORDSIZE=8 -DRWORDSIZE=4 -DLWORDSIZE=4 -DNONSTANDARD_SYSTEM_FUNC  -DWRF_USE_CLM -DUSE_NETCDF4_FEATURES -DWRFIO_NCD_LARGE_FILE_SUPPORT  -DDM_PARALLEL -DNETCDF -DHDF5 -DUSE_ALLOCATABLES -DGRIB1 -DINTIO -DKEEP_INT_AROUND -DLIMIT_ARGS -DCONFIG_BUF_LEN=65536 -DMAX_DOMAINS_F=21 -DMAX_HISTORY=25 -DNMM_NEST=0  -I. -traditional -DUSE_NETCDF4_FEATURES -DWRFIO_NCD_LARGE_FILE_SUPPORT   module_sf_noahmplsm.F  > module_sf_noahmplsm.bb
/scratch/john.lawson/stochastic/stochWRF_3.8/tools/standard.exe module_sf_noahmplsm.bb | /lib/cpp -P -traditional -DUSE_NETCDF4_FEATURES -DWRFIO_NCD_LARGE_FILE_SUPPORT > module_sf_noahmplsm.f90
rm -f module_sf_noahmplsm.b module_sf_noahmplsm.bb
ftn -o module_sf_noahmplsm.o -c -ip -O3  -w -ftz -fno-alias -align all -FR -convert big_endian    -I../dyn_em -I../dyn_nmm   -I/scratch/john.lawson/stochastic/stochWRF_3.8/external/esmf_time_f90  -I/scratch/john.lawson/stochastic/stochWRF_3.8/main -I/scratch/john.lawson/stochastic/stochWRF_3.8/external/io_netcdf -I/scratch/john.lawson/stochastic/stochWRF_3.8/external/io_int -I/scratch/john.lawson/stochastic/stochWRF_3.8/frame -I/scratch/john.lawson/stochastic/stochWRF_3.8/share -I/scratch/john.lawson/stochastic/stochWRF_3.8/phys -I/scratch/john.lawson/stochastic/stochWRF_3.8/chem -I/scratch/john.lawson/stochastic/stochWRF_3.8/inc -I/opt/cray/pe/netcdf-hdf5parallel/4.4.1.1.3/INTEL/16.0/include  -real-size `expr 8 \* 4` -i4  module_sf_noahmplsm.f90
rm -f module_sf_bep.o
/lib/cpp -P -I/scratch/john.lawson/stochastic/stochWRF_3.8/inc -DEM_CORE=1 -DNMM_CORE=0 -DNMM_MAX_DIM=2600 -DCOAMPS_CORE=0 -DDA_CORE=0 -DEXP_CORE=0 -DIWORDSIZE=4 -DDWORDSIZE=8 -DRWORDSIZE=4 -DLWORDSIZE=4 -DNONSTANDARD_SYSTEM_FUNC  -DWRF_USE_CLM -DUSE_NETCDF4_FEATURES -DWRFIO_NCD_LARGE_FILE_SUPPORT  -DDM_PARALLEL -DNETCDF -DHDF5 -DUSE_ALLOCATABLES -DGRIB1 -DINTIO -DKEEP_INT_AROUND -DLIMIT_ARGS -DCONFIG_BUF_LEN=65536 -DMAX_DOMAINS_F=21 -DMAX_HISTORY=25 -DNMM_NEST=0  -I. -traditional -DUSE_NETCDF4_FEATURES -DWRFIO_NCD_LARGE_FILE_SUPPORT   module_sf_bep.F  > module_sf_bep.bb
/scratch/john.lawson/stochastic/stochWRF_3.8/tools/standard.exe module_sf_bep.bb | /lib/cpp -P -traditional -DUSE_NETCDF4_FEATURES -DWRFIO_NCD_LARGE_FILE_SUPPORT > module_sf_bep.f90
rm -f module_sf_bep.b module_sf_bep.bb
ftn -o module_sf_bep.o -c -ip -O3  -w -ftz -fno-alias -align all -FR -convert big_endian    -I../dyn_em -I../dyn_nmm   -I/scratch/john.lawson/stochastic/stochWRF_3.8/external/esmf_time_f90  -I/scratch/john.lawson/stochastic/stochWRF_3.8/main -I/scratch/john.lawson/stochastic/stochWRF_3.8/external/io_netcdf -I/scratch/john.lawson/stochastic/stochWRF_3.8/external/io_int -I/scratch/john.lawson/stochastic/stochWRF_3.8/frame -I/scratch/john.lawson/stochastic/stochWRF_3.8/share -I/scratch/john.lawson/stochastic/stochWRF_3.8/phys -I/scratch/john.lawson/stochastic/stochWRF_3.8/chem -I/scratch/john.lawson/stochastic/stochWRF_3.8/inc -I/opt/cray/pe/netcdf-hdf5parallel/4.4.1.1.3/INTEL/16.0/include  -real-size `expr 8 \* 4` -i4  module_sf_bep.f90
rm -f module_sf_bep_bem.o
/lib/cpp -P -I/scratch/john.lawson/stochastic/stochWRF_3.8/inc -DEM_CORE=1 -DNMM_CORE=0 -DNMM_MAX_DIM=2600 -DCOAMPS_CORE=0 -DDA_CORE=0 -DEXP_CORE=0 -DIWORDSIZE=4 -DDWORDSIZE=8 -DRWORDSIZE=4 -DLWORDSIZE=4 -DNONSTANDARD_SYSTEM_FUNC  -DWRF_USE_CLM -DUSE_NETCDF4_FEATURES -DWRFIO_NCD_LARGE_FILE_SUPPORT  -DDM_PARALLEL -DNETCDF -DHDF5 -DUSE_ALLOCATABLES -DGRIB1 -DINTIO -DKEEP_INT_AROUND -DLIMIT_ARGS -DCONFIG_BUF_LEN=65536 -DMAX_DOMAINS_F=21 -DMAX_HISTORY=25 -DNMM_NEST=0  -I. -traditional -DUSE_NETCDF4_FEATURES -DWRFIO_NCD_LARGE_FILE_SUPPORT   module_sf_bep_bem.F  > module_sf_bep_bem.bb
/scratch/john.lawson/stochastic/stochWRF_3.8/tools/standard.exe module_sf_bep_bem.bb | /lib/cpp -P -traditional -DUSE_NETCDF4_FEATURES -DWRFIO_NCD_LARGE_FILE_SUPPORT > module_sf_bep_bem.f90
rm -f module_sf_bep_bem.b module_sf_bep_bem.bb
ftn -o module_sf_bep_bem.o -c -ip -O3  -w -ftz -fno-alias -align all -FR -convert big_endian    -I../dyn_em -I../dyn_nmm   -I/scratch/john.lawson/stochastic/stochWRF_3.8/external/esmf_time_f90  -I/scratch/john.lawson/stochastic/stochWRF_3.8/main -I/scratch/john.lawson/stochastic/stochWRF_3.8/external/io_netcdf -I/scratch/john.lawson/stochastic/stochWRF_3.8/external/io_int -I/scratch/john.lawson/stochastic/stochWRF_3.8/frame -I/scratch/john.lawson/stochastic/stochWRF_3.8/share -I/scratch/john.lawson/stochastic/stochWRF_3.8/phys -I/scratch/john.lawson/stochastic/stochWRF_3.8/chem -I/scratch/john.lawson/stochastic/stochWRF_3.8/inc -I/opt/cray/pe/netcdf-hdf5parallel/4.4.1.1.3/INTEL/16.0/include  -real-size `expr 8 \* 4` -i4  module_sf_bep_bem.f90
rm -f module_sf_clm.o
/lib/cpp -P -I/scratch/john.lawson/stochastic/stochWRF_3.8/inc -DEM_CORE=1 -DNMM_CORE=0 -DNMM_MAX_DIM=2600 -DCOAMPS_CORE=0 -DDA_CORE=0 -DEXP_CORE=0 -DIWORDSIZE=4 -DDWORDSIZE=8 -DRWORDSIZE=4 -DLWORDSIZE=4 -DNONSTANDARD_SYSTEM_FUNC  -DWRF_USE_CLM -DUSE_NETCDF4_FEATURES -DWRFIO_NCD_LARGE_FILE_SUPPORT  -DDM_PARALLEL -DNETCDF -DHDF5 -DUSE_ALLOCATABLES -DGRIB1 -DINTIO -DKEEP_INT_AROUND -DLIMIT_ARGS -DCONFIG_BUF_LEN=65536 -DMAX_DOMAINS_F=21 -DMAX_HISTORY=25 -DNMM_NEST=0  -I. -traditional -DUSE_NETCDF4_FEATURES -DWRFIO_NCD_LARGE_FILE_SUPPORT   module_sf_clm.F  > module_sf_clm.bb
/scratch/john.lawson/stochastic/stochWRF_3.8/tools/standard.exe module_sf_clm.bb | /lib/cpp -P -traditional -DUSE_NETCDF4_FEATURES -DWRFIO_NCD_LARGE_FILE_SUPPORT > module_sf_clm.f90
rm -f module_sf_clm.b module_sf_clm.bb
ftn -o module_sf_clm.o -c -ip -O3  -w -ftz -fno-alias -align all -FR -convert big_endian    -I../dyn_em -I../dyn_nmm   -I/scratch/john.lawson/stochastic/stochWRF_3.8/external/esmf_time_f90  -I/scratch/john.lawson/stochastic/stochWRF_3.8/main -I/scratch/john.lawson/stochastic/stochWRF_3.8/external/io_netcdf -I/scratch/john.lawson/stochastic/stochWRF_3.8/external/io_int -I/scratch/john.lawson/stochastic/stochWRF_3.8/frame -I/scratch/john.lawson/stochastic/stochWRF_3.8/share -I/scratch/john.lawson/stochastic/stochWRF_3.8/phys -I/scratch/john.lawson/stochastic/stochWRF_3.8/chem -I/scratch/john.lawson/stochastic/stochWRF_3.8/inc -I/opt/cray/pe/netcdf-hdf5parallel/4.4.1.1.3/INTEL/16.0/include  -real-size `expr 8 \* 4` -i4  module_sf_clm.f90
rm -f module_sf_noah_seaice_drv.o
/lib/cpp -P -I/scratch/john.lawson/stochastic/stochWRF_3.8/inc -DEM_CORE=1 -DNMM_CORE=0 -DNMM_MAX_DIM=2600 -DCOAMPS_CORE=0 -DDA_CORE=0 -DEXP_CORE=0 -DIWORDSIZE=4 -DDWORDSIZE=8 -DRWORDSIZE=4 -DLWORDSIZE=4 -DNONSTANDARD_SYSTEM_FUNC  -DWRF_USE_CLM -DUSE_NETCDF4_FEATURES -DWRFIO_NCD_LARGE_FILE_SUPPORT  -DDM_PARALLEL -DNETCDF -DHDF5 -DUSE_ALLOCATABLES -DGRIB1 -DINTIO -DKEEP_INT_AROUND -DLIMIT_ARGS -DCONFIG_BUF_LEN=65536 -DMAX_DOMAINS_F=21 -DMAX_HISTORY=25 -DNMM_NEST=0  -I. -traditional -DUSE_NETCDF4_FEATURES -DWRFIO_NCD_LARGE_FILE_SUPPORT   module_sf_noah_seaice_drv.F  > module_sf_noah_seaice_drv.bb
/scratch/john.lawson/stochastic/stochWRF_3.8/tools/standard.exe module_sf_noah_seaice_drv.bb | /lib/cpp -P -traditional -DUSE_NETCDF4_FEATURES -DWRFIO_NCD_LARGE_FILE_SUPPORT > module_sf_noah_seaice_drv.f90
rm -f module_sf_noah_seaice_drv.b module_sf_noah_seaice_drv.bb
ftn -o module_sf_noah_seaice_drv.o -c -ip -O3  -w -ftz -fno-alias -align all -FR -convert big_endian    -I../dyn_em -I../dyn_nmm   -I/scratch/john.lawson/stochastic/stochWRF_3.8/external/esmf_time_f90  -I/scratch/john.lawson/stochastic/stochWRF_3.8/main -I/scratch/john.lawson/stochastic/stochWRF_3.8/external/io_netcdf -I/scratch/john.lawson/stochastic/stochWRF_3.8/external/io_int -I/scratch/john.lawson/stochastic/stochWRF_3.8/frame -I/scratch/john.lawson/stochastic/stochWRF_3.8/share -I/scratch/john.lawson/stochastic/stochWRF_3.8/phys -I/scratch/john.lawson/stochastic/stochWRF_3.8/chem -I/scratch/john.lawson/stochastic/stochWRF_3.8/inc -I/opt/cray/pe/netcdf-hdf5parallel/4.4.1.1.3/INTEL/16.0/include  -real-size `expr 8 \* 4` -i4  module_sf_noah_seaice_drv.f90
rm -f module_sf_noahmp_groundwater.o
/lib/cpp -P -I/scratch/john.lawson/stochastic/stochWRF_3.8/inc -DEM_CORE=1 -DNMM_CORE=0 -DNMM_MAX_DIM=2600 -DCOAMPS_CORE=0 -DDA_CORE=0 -DEXP_CORE=0 -DIWORDSIZE=4 -DDWORDSIZE=8 -DRWORDSIZE=4 -DLWORDSIZE=4 -DNONSTANDARD_SYSTEM_FUNC  -DWRF_USE_CLM -DUSE_NETCDF4_FEATURES -DWRFIO_NCD_LARGE_FILE_SUPPORT  -DDM_PARALLEL -DNETCDF -DHDF5 -DUSE_ALLOCATABLES -DGRIB1 -DINTIO -DKEEP_INT_AROUND -DLIMIT_ARGS -DCONFIG_BUF_LEN=65536 -DMAX_DOMAINS_F=21 -DMAX_HISTORY=25 -DNMM_NEST=0  -I. -traditional -DUSE_NETCDF4_FEATURES -DWRFIO_NCD_LARGE_FILE_SUPPORT   module_sf_noahmp_groundwater.F  > module_sf_noahmp_groundwater.bb
/scratch/john.lawson/stochastic/stochWRF_3.8/tools/standard.exe module_sf_noahmp_groundwater.bb | /lib/cpp -P -traditional -DUSE_NETCDF4_FEATURES -DWRFIO_NCD_LARGE_FILE_SUPPORT > module_sf_noahmp_groundwater.f90
rm -f module_sf_noahmp_groundwater.b module_sf_noahmp_groundwater.bb
ftn -o module_sf_noahmp_groundwater.o -c -ip -O3  -w -ftz -fno-alias -align all -FR -convert big_endian    -I../dyn_em -I../dyn_nmm   -I/scratch/john.lawson/stochastic/stochWRF_3.8/external/esmf_time_f90  -I/scratch/john.lawson/stochastic/stochWRF_3.8/main -I/scratch/john.lawson/stochastic/stochWRF_3.8/external/io_netcdf -I/scratch/john.lawson/stochastic/stochWRF_3.8/external/io_int -I/scratch/john.lawson/stochastic/stochWRF_3.8/frame -I/scratch/john.lawson/stochastic/stochWRF_3.8/share -I/scratch/john.lawson/stochastic/stochWRF_3.8/phys -I/scratch/john.lawson/stochastic/stochWRF_3.8/chem -I/scratch/john.lawson/stochastic/stochWRF_3.8/inc -I/opt/cray/pe/netcdf-hdf5parallel/4.4.1.1.3/INTEL/16.0/include  -real-size `expr 8 \* 4` -i4  module_sf_noahmp_groundwater.f90
rm -f module_sf_pxlsm.o
/lib/cpp -P -I/scratch/john.lawson/stochastic/stochWRF_3.8/inc -DEM_CORE=1 -DNMM_CORE=0 -DNMM_MAX_DIM=2600 -DCOAMPS_CORE=0 -DDA_CORE=0 -DEXP_CORE=0 -DIWORDSIZE=4 -DDWORDSIZE=8 -DRWORDSIZE=4 -DLWORDSIZE=4 -DNONSTANDARD_SYSTEM_FUNC  -DWRF_USE_CLM -DUSE_NETCDF4_FEATURES -DWRFIO_NCD_LARGE_FILE_SUPPORT  -DDM_PARALLEL -DNETCDF -DHDF5 -DUSE_ALLOCATABLES -DGRIB1 -DINTIO -DKEEP_INT_AROUND -DLIMIT_ARGS -DCONFIG_BUF_LEN=65536 -DMAX_DOMAINS_F=21 -DMAX_HISTORY=25 -DNMM_NEST=0  -I. -traditional -DUSE_NETCDF4_FEATURES -DWRFIO_NCD_LARGE_FILE_SUPPORT   module_sf_pxlsm.F  > module_sf_pxlsm.bb
/scratch/john.lawson/stochastic/stochWRF_3.8/tools/standard.exe module_sf_pxlsm.bb | /lib/cpp -P -traditional -DUSE_NETCDF4_FEATURES -DWRFIO_NCD_LARGE_FILE_SUPPORT > module_sf_pxlsm.f90
rm -f module_sf_pxlsm.b module_sf_pxlsm.bb
ftn -o module_sf_pxlsm.o -c -ip -O3  -w -ftz -fno-alias -align all -FR -convert big_endian    -I../dyn_em -I../dyn_nmm   -I/scratch/john.lawson/stochastic/stochWRF_3.8/external/esmf_time_f90  -I/scratch/john.lawson/stochastic/stochWRF_3.8/main -I/scratch/john.lawson/stochastic/stochWRF_3.8/external/io_netcdf -I/scratch/john.lawson/stochastic/stochWRF_3.8/external/io_int -I/scratch/john.lawson/stochastic/stochWRF_3.8/frame -I/scratch/john.lawson/stochastic/stochWRF_3.8/share -I/scratch/john.lawson/stochastic/stochWRF_3.8/phys -I/scratch/john.lawson/stochastic/stochWRF_3.8/chem -I/scratch/john.lawson/stochastic/stochWRF_3.8/inc -I/opt/cray/pe/netcdf-hdf5parallel/4.4.1.1.3/INTEL/16.0/include  -real-size `expr 8 \* 4` -i4  module_sf_pxlsm.f90
rm -f module_sf_ocean_driver.o
/lib/cpp -P -I/scratch/john.lawson/stochastic/stochWRF_3.8/inc -DEM_CORE=1 -DNMM_CORE=0 -DNMM_MAX_DIM=2600 -DCOAMPS_CORE=0 -DDA_CORE=0 -DEXP_CORE=0 -DIWORDSIZE=4 -DDWORDSIZE=8 -DRWORDSIZE=4 -DLWORDSIZE=4 -DNONSTANDARD_SYSTEM_FUNC  -DWRF_USE_CLM -DUSE_NETCDF4_FEATURES -DWRFIO_NCD_LARGE_FILE_SUPPORT  -DDM_PARALLEL -DNETCDF -DHDF5 -DUSE_ALLOCATABLES -DGRIB1 -DINTIO -DKEEP_INT_AROUND -DLIMIT_ARGS -DCONFIG_BUF_LEN=65536 -DMAX_DOMAINS_F=21 -DMAX_HISTORY=25 -DNMM_NEST=0  -I. -traditional -DUSE_NETCDF4_FEATURES -DWRFIO_NCD_LARGE_FILE_SUPPORT   module_sf_ocean_driver.F  > module_sf_ocean_driver.bb
/scratch/john.lawson/stochastic/stochWRF_3.8/tools/standard.exe module_sf_ocean_driver.bb | /lib/cpp -P -traditional -DUSE_NETCDF4_FEATURES -DWRFIO_NCD_LARGE_FILE_SUPPORT > module_sf_ocean_driver.f90
rm -f module_sf_ocean_driver.b module_sf_ocean_driver.bb
ftn -o module_sf_ocean_driver.o -c -ip -O3  -w -ftz -fno-alias -align all -FR -convert big_endian    -I../dyn_em -I../dyn_nmm   -I/scratch/john.lawson/stochastic/stochWRF_3.8/external/esmf_time_f90  -I/scratch/john.lawson/stochastic/stochWRF_3.8/main -I/scratch/john.lawson/stochastic/stochWRF_3.8/external/io_netcdf -I/scratch/john.lawson/stochastic/stochWRF_3.8/external/io_int -I/scratch/john.lawson/stochastic/stochWRF_3.8/frame -I/scratch/john.lawson/stochastic/stochWRF_3.8/share -I/scratch/john.lawson/stochastic/stochWRF_3.8/phys -I/scratch/john.lawson/stochastic/stochWRF_3.8/chem -I/scratch/john.lawson/stochastic/stochWRF_3.8/inc -I/opt/cray/pe/netcdf-hdf5parallel/4.4.1.1.3/INTEL/16.0/include  -real-size `expr 8 \* 4` -i4  module_sf_ocean_driver.f90
rm -f module_lightning_driver.o
/lib/cpp -P -I/scratch/john.lawson/stochastic/stochWRF_3.8/inc -DEM_CORE=1 -DNMM_CORE=0 -DNMM_MAX_DIM=2600 -DCOAMPS_CORE=0 -DDA_CORE=0 -DEXP_CORE=0 -DIWORDSIZE=4 -DDWORDSIZE=8 -DRWORDSIZE=4 -DLWORDSIZE=4 -DNONSTANDARD_SYSTEM_FUNC  -DWRF_USE_CLM -DUSE_NETCDF4_FEATURES -DWRFIO_NCD_LARGE_FILE_SUPPORT  -DDM_PARALLEL -DNETCDF -DHDF5 -DUSE_ALLOCATABLES -DGRIB1 -DINTIO -DKEEP_INT_AROUND -DLIMIT_ARGS -DCONFIG_BUF_LEN=65536 -DMAX_DOMAINS_F=21 -DMAX_HISTORY=25 -DNMM_NEST=0  -I. -traditional -DUSE_NETCDF4_FEATURES -DWRFIO_NCD_LARGE_FILE_SUPPORT   module_lightning_driver.F  > module_lightning_driver.bb
/scratch/john.lawson/stochastic/stochWRF_3.8/tools/standard.exe module_lightning_driver.bb | /lib/cpp -P -traditional -DUSE_NETCDF4_FEATURES -DWRFIO_NCD_LARGE_FILE_SUPPORT > module_lightning_driver.f90
rm -f module_lightning_driver.b module_lightning_driver.bb
ftn -o module_lightning_driver.o -c -ip -O3  -w -ftz -fno-alias -align all -FR -convert big_endian    -I../dyn_em -I../dyn_nmm   -I/scratch/john.lawson/stochastic/stochWRF_3.8/external/esmf_time_f90  -I/scratch/john.lawson/stochastic/stochWRF_3.8/main -I/scratch/john.lawson/stochastic/stochWRF_3.8/external/io_netcdf -I/scratch/john.lawson/stochastic/stochWRF_3.8/external/io_int -I/scratch/john.lawson/stochastic/stochWRF_3.8/frame -I/scratch/john.lawson/stochastic/stochWRF_3.8/share -I/scratch/john.lawson/stochastic/stochWRF_3.8/phys -I/scratch/john.lawson/stochastic/stochWRF_3.8/chem -I/scratch/john.lawson/stochastic/stochWRF_3.8/inc -I/opt/cray/pe/netcdf-hdf5parallel/4.4.1.1.3/INTEL/16.0/include  -real-size `expr 8 \* 4` -i4  module_lightning_driver.f90
rm -f module_diag_afwa.o
/lib/cpp -P -I/scratch/john.lawson/stochastic/stochWRF_3.8/inc -DEM_CORE=1 -DNMM_CORE=0 -DNMM_MAX_DIM=2600 -DCOAMPS_CORE=0 -DDA_CORE=0 -DEXP_CORE=0 -DIWORDSIZE=4 -DDWORDSIZE=8 -DRWORDSIZE=4 -DLWORDSIZE=4 -DNONSTANDARD_SYSTEM_FUNC  -DWRF_USE_CLM -DUSE_NETCDF4_FEATURES -DWRFIO_NCD_LARGE_FILE_SUPPORT  -DDM_PARALLEL -DNETCDF -DHDF5 -DUSE_ALLOCATABLES -DGRIB1 -DINTIO -DKEEP_INT_AROUND -DLIMIT_ARGS -DCONFIG_BUF_LEN=65536 -DMAX_DOMAINS_F=21 -DMAX_HISTORY=25 -DNMM_NEST=0  -I. -traditional -DUSE_NETCDF4_FEATURES -DWRFIO_NCD_LARGE_FILE_SUPPORT   module_diag_afwa.F  > module_diag_afwa.bb
/scratch/john.lawson/stochastic/stochWRF_3.8/tools/standard.exe module_diag_afwa.bb | /lib/cpp -P -traditional -DUSE_NETCDF4_FEATURES -DWRFIO_NCD_LARGE_FILE_SUPPORT > module_diag_afwa.f90
rm -f module_diag_afwa.b module_diag_afwa.bb
ftn -o module_diag_afwa.o -c -ip -O3  -w -ftz -fno-alias -align all -FR -convert big_endian    -I../dyn_em -I../dyn_nmm   -I/scratch/john.lawson/stochastic/stochWRF_3.8/external/esmf_time_f90  -I/scratch/john.lawson/stochastic/stochWRF_3.8/main -I/scratch/john.lawson/stochastic/stochWRF_3.8/external/io_netcdf -I/scratch/john.lawson/stochastic/stochWRF_3.8/external/io_int -I/scratch/john.lawson/stochastic/stochWRF_3.8/frame -I/scratch/john.lawson/stochastic/stochWRF_3.8/share -I/scratch/john.lawson/stochastic/stochWRF_3.8/phys -I/scratch/john.lawson/stochastic/stochWRF_3.8/chem -I/scratch/john.lawson/stochastic/stochWRF_3.8/inc -I/opt/cray/pe/netcdf-hdf5parallel/4.4.1.1.3/INTEL/16.0/include  -real-size `expr 8 \* 4` -i4  module_diag_afwa.f90
rm -f module_fr_fire_phys.o
/lib/cpp -P -I/scratch/john.lawson/stochastic/stochWRF_3.8/inc -DEM_CORE=1 -DNMM_CORE=0 -DNMM_MAX_DIM=2600 -DCOAMPS_CORE=0 -DDA_CORE=0 -DEXP_CORE=0 -DIWORDSIZE=4 -DDWORDSIZE=8 -DRWORDSIZE=4 -DLWORDSIZE=4 -DNONSTANDARD_SYSTEM_FUNC  -DWRF_USE_CLM -DUSE_NETCDF4_FEATURES -DWRFIO_NCD_LARGE_FILE_SUPPORT  -DDM_PARALLEL -DNETCDF -DHDF5 -DUSE_ALLOCATABLES -DGRIB1 -DINTIO -DKEEP_INT_AROUND -DLIMIT_ARGS -DCONFIG_BUF_LEN=65536 -DMAX_DOMAINS_F=21 -DMAX_HISTORY=25 -DNMM_NEST=0  -I. -traditional -DUSE_NETCDF4_FEATURES -DWRFIO_NCD_LARGE_FILE_SUPPORT   module_fr_fire_phys.F  > module_fr_fire_phys.bb
/scratch/john.lawson/stochastic/stochWRF_3.8/tools/standard.exe module_fr_fire_phys.bb | /lib/cpp -P -traditional -DUSE_NETCDF4_FEATURES -DWRFIO_NCD_LARGE_FILE_SUPPORT > module_fr_fire_phys.f90
rm -f module_fr_fire_phys.b module_fr_fire_phys.bb
ftn -o module_fr_fire_phys.o -c -ip -O3  -w -ftz -fno-alias -align all -FR -convert big_endian    -I../dyn_em -I../dyn_nmm   -I/scratch/john.lawson/stochastic/stochWRF_3.8/external/esmf_time_f90  -I/scratch/john.lawson/stochastic/stochWRF_3.8/main -I/scratch/john.lawson/stochastic/stochWRF_3.8/external/io_netcdf -I/scratch/john.lawson/stochastic/stochWRF_3.8/external/io_int -I/scratch/john.lawson/stochastic/stochWRF_3.8/frame -I/scratch/john.lawson/stochastic/stochWRF_3.8/share -I/scratch/john.lawson/stochastic/stochWRF_3.8/phys -I/scratch/john.lawson/stochastic/stochWRF_3.8/chem -I/scratch/john.lawson/stochastic/stochWRF_3.8/inc -I/opt/cray/pe/netcdf-hdf5parallel/4.4.1.1.3/INTEL/16.0/include  -real-size `expr 8 \* 4` -i4  module_fr_fire_phys.f90
rm -f module_fr_fire_atm.o
/lib/cpp -P -I/scratch/john.lawson/stochastic/stochWRF_3.8/inc -DEM_CORE=1 -DNMM_CORE=0 -DNMM_MAX_DIM=2600 -DCOAMPS_CORE=0 -DDA_CORE=0 -DEXP_CORE=0 -DIWORDSIZE=4 -DDWORDSIZE=8 -DRWORDSIZE=4 -DLWORDSIZE=4 -DNONSTANDARD_SYSTEM_FUNC  -DWRF_USE_CLM -DUSE_NETCDF4_FEATURES -DWRFIO_NCD_LARGE_FILE_SUPPORT  -DDM_PARALLEL -DNETCDF -DHDF5 -DUSE_ALLOCATABLES -DGRIB1 -DINTIO -DKEEP_INT_AROUND -DLIMIT_ARGS -DCONFIG_BUF_LEN=65536 -DMAX_DOMAINS_F=21 -DMAX_HISTORY=25 -DNMM_NEST=0  -I. -traditional -DUSE_NETCDF4_FEATURES -DWRFIO_NCD_LARGE_FILE_SUPPORT   module_fr_fire_atm.F  > module_fr_fire_atm.bb
/scratch/john.lawson/stochastic/stochWRF_3.8/tools/standard.exe module_fr_fire_atm.bb | /lib/cpp -P -traditional -DUSE_NETCDF4_FEATURES -DWRFIO_NCD_LARGE_FILE_SUPPORT > module_fr_fire_atm.f90
rm -f module_fr_fire_atm.b module_fr_fire_atm.bb
ftn -o module_fr_fire_atm.o -c -ip -O3  -w -ftz -fno-alias -align all -FR -convert big_endian    -I../dyn_em -I../dyn_nmm   -I/scratch/john.lawson/stochastic/stochWRF_3.8/external/esmf_time_f90  -I/scratch/john.lawson/stochastic/stochWRF_3.8/main -I/scratch/john.lawson/stochastic/stochWRF_3.8/external/io_netcdf -I/scratch/john.lawson/stochastic/stochWRF_3.8/external/io_int -I/scratch/john.lawson/stochastic/stochWRF_3.8/frame -I/scratch/john.lawson/stochastic/stochWRF_3.8/share -I/scratch/john.lawson/stochastic/stochWRF_3.8/phys -I/scratch/john.lawson/stochastic/stochWRF_3.8/chem -I/scratch/john.lawson/stochastic/stochWRF_3.8/inc -I/opt/cray/pe/netcdf-hdf5parallel/4.4.1.1.3/INTEL/16.0/include  -real-size `expr 8 \* 4` -i4  module_fr_fire_atm.f90
rm -f module_cam_physconst.o
/lib/cpp -P -I/scratch/john.lawson/stochastic/stochWRF_3.8/inc -DEM_CORE=1 -DNMM_CORE=0 -DNMM_MAX_DIM=2600 -DCOAMPS_CORE=0 -DDA_CORE=0 -DEXP_CORE=0 -DIWORDSIZE=4 -DDWORDSIZE=8 -DRWORDSIZE=4 -DLWORDSIZE=4 -DNONSTANDARD_SYSTEM_FUNC  -DWRF_USE_CLM -DUSE_NETCDF4_FEATURES -DWRFIO_NCD_LARGE_FILE_SUPPORT  -DDM_PARALLEL -DNETCDF -DHDF5 -DUSE_ALLOCATABLES -DGRIB1 -DINTIO -DKEEP_INT_AROUND -DLIMIT_ARGS -DCONFIG_BUF_LEN=65536 -DMAX_DOMAINS_F=21 -DMAX_HISTORY=25 -DNMM_NEST=0  -I. -traditional -DUSE_NETCDF4_FEATURES -DWRFIO_NCD_LARGE_FILE_SUPPORT   module_cam_physconst.F  > module_cam_physconst.bb
/scratch/john.lawson/stochastic/stochWRF_3.8/tools/standard.exe module_cam_physconst.bb | /lib/cpp -P -traditional -DUSE_NETCDF4_FEATURES -DWRFIO_NCD_LARGE_FILE_SUPPORT > module_cam_physconst.f90
rm -f module_cam_physconst.b module_cam_physconst.bb
ftn -o module_cam_physconst.o -c -ip -O3  -w -ftz -fno-alias -align all -FR -convert big_endian    -I../dyn_em -I../dyn_nmm   -I/scratch/john.lawson/stochastic/stochWRF_3.8/external/esmf_time_f90  -I/scratch/john.lawson/stochastic/stochWRF_3.8/main -I/scratch/john.lawson/stochastic/stochWRF_3.8/external/io_netcdf -I/scratch/john.lawson/stochastic/stochWRF_3.8/external/io_int -I/scratch/john.lawson/stochastic/stochWRF_3.8/frame -I/scratch/john.lawson/stochastic/stochWRF_3.8/share -I/scratch/john.lawson/stochastic/stochWRF_3.8/phys -I/scratch/john.lawson/stochastic/stochWRF_3.8/chem -I/scratch/john.lawson/stochastic/stochWRF_3.8/inc -I/opt/cray/pe/netcdf-hdf5parallel/4.4.1.1.3/INTEL/16.0/include  -real-size `expr 8 \* 4` -i4  module_cam_physconst.f90
rm -f module_cam_bl_eddy_diff.o
/lib/cpp -P -I/scratch/john.lawson/stochastic/stochWRF_3.8/inc -DEM_CORE=1 -DNMM_CORE=0 -DNMM_MAX_DIM=2600 -DCOAMPS_CORE=0 -DDA_CORE=0 -DEXP_CORE=0 -DIWORDSIZE=4 -DDWORDSIZE=8 -DRWORDSIZE=4 -DLWORDSIZE=4 -DNONSTANDARD_SYSTEM_FUNC  -DWRF_USE_CLM -DUSE_NETCDF4_FEATURES -DWRFIO_NCD_LARGE_FILE_SUPPORT  -DDM_PARALLEL -DNETCDF -DHDF5 -DUSE_ALLOCATABLES -DGRIB1 -DINTIO -DKEEP_INT_AROUND -DLIMIT_ARGS -DCONFIG_BUF_LEN=65536 -DMAX_DOMAINS_F=21 -DMAX_HISTORY=25 -DNMM_NEST=0  -I. -traditional -DUSE_NETCDF4_FEATURES -DWRFIO_NCD_LARGE_FILE_SUPPORT   module_cam_bl_eddy_diff.F  > module_cam_bl_eddy_diff.bb
/scratch/john.lawson/stochastic/stochWRF_3.8/tools/standard.exe module_cam_bl_eddy_diff.bb | /lib/cpp -P -traditional -DUSE_NETCDF4_FEATURES -DWRFIO_NCD_LARGE_FILE_SUPPORT > module_cam_bl_eddy_diff.f90
rm -f module_cam_bl_eddy_diff.b module_cam_bl_eddy_diff.bb
ftn -o module_cam_bl_eddy_diff.o -c -ip -O3  -w -ftz -fno-alias -align all -FR -convert big_endian    -I../dyn_em -I../dyn_nmm   -I/scratch/john.lawson/stochastic/stochWRF_3.8/external/esmf_time_f90  -I/scratch/john.lawson/stochastic/stochWRF_3.8/main -I/scratch/john.lawson/stochastic/stochWRF_3.8/external/io_netcdf -I/scratch/john.lawson/stochastic/stochWRF_3.8/external/io_int -I/scratch/john.lawson/stochastic/stochWRF_3.8/frame -I/scratch/john.lawson/stochastic/stochWRF_3.8/share -I/scratch/john.lawson/stochastic/stochWRF_3.8/phys -I/scratch/john.lawson/stochastic/stochWRF_3.8/chem -I/scratch/john.lawson/stochastic/stochWRF_3.8/inc -I/opt/cray/pe/netcdf-hdf5parallel/4.4.1.1.3/INTEL/16.0/include  -real-size `expr 8 \* 4` -i4  module_cam_bl_eddy_diff.f90
rm -f module_data_cam_mam_aero.o
/lib/cpp -P -I/scratch/john.lawson/stochastic/stochWRF_3.8/inc -DEM_CORE=1 -DNMM_CORE=0 -DNMM_MAX_DIM=2600 -DCOAMPS_CORE=0 -DDA_CORE=0 -DEXP_CORE=0 -DIWORDSIZE=4 -DDWORDSIZE=8 -DRWORDSIZE=4 -DLWORDSIZE=4 -DNONSTANDARD_SYSTEM_FUNC  -DWRF_USE_CLM -DUSE_NETCDF4_FEATURES -DWRFIO_NCD_LARGE_FILE_SUPPORT  -DDM_PARALLEL -DNETCDF -DHDF5 -DUSE_ALLOCATABLES -DGRIB1 -DINTIO -DKEEP_INT_AROUND -DLIMIT_ARGS -DCONFIG_BUF_LEN=65536 -DMAX_DOMAINS_F=21 -DMAX_HISTORY=25 -DNMM_NEST=0  -I. -traditional -DUSE_NETCDF4_FEATURES -DWRFIO_NCD_LARGE_FILE_SUPPORT   module_data_cam_mam_aero.F  > module_data_cam_mam_aero.bb
/scratch/john.lawson/stochastic/stochWRF_3.8/tools/standard.exe module_data_cam_mam_aero.bb | /lib/cpp -P -traditional -DUSE_NETCDF4_FEATURES -DWRFIO_NCD_LARGE_FILE_SUPPORT > module_data_cam_mam_aero.f90
rm -f module_data_cam_mam_aero.b module_data_cam_mam_aero.bb
ftn -o module_data_cam_mam_aero.o -c -ip -O3  -w -ftz -fno-alias -align all -FR -convert big_endian    -I../dyn_em -I../dyn_nmm   -I/scratch/john.lawson/stochastic/stochWRF_3.8/external/esmf_time_f90  -I/scratch/john.lawson/stochastic/stochWRF_3.8/main -I/scratch/john.lawson/stochastic/stochWRF_3.8/external/io_netcdf -I/scratch/john.lawson/stochastic/stochWRF_3.8/external/io_int -I/scratch/john.lawson/stochastic/stochWRF_3.8/frame -I/scratch/john.lawson/stochastic/stochWRF_3.8/share -I/scratch/john.lawson/stochastic/stochWRF_3.8/phys -I/scratch/john.lawson/stochastic/stochWRF_3.8/chem -I/scratch/john.lawson/stochastic/stochWRF_3.8/inc -I/opt/cray/pe/netcdf-hdf5parallel/4.4.1.1.3/INTEL/16.0/include  -real-size `expr 8 \* 4` -i4  module_data_cam_mam_aero.f90
rm -f module_cam_mp_conv_water.o
/lib/cpp -P -I/scratch/john.lawson/stochastic/stochWRF_3.8/inc -DEM_CORE=1 -DNMM_CORE=0 -DNMM_MAX_DIM=2600 -DCOAMPS_CORE=0 -DDA_CORE=0 -DEXP_CORE=0 -DIWORDSIZE=4 -DDWORDSIZE=8 -DRWORDSIZE=4 -DLWORDSIZE=4 -DNONSTANDARD_SYSTEM_FUNC  -DWRF_USE_CLM -DUSE_NETCDF4_FEATURES -DWRFIO_NCD_LARGE_FILE_SUPPORT  -DDM_PARALLEL -DNETCDF -DHDF5 -DUSE_ALLOCATABLES -DGRIB1 -DINTIO -DKEEP_INT_AROUND -DLIMIT_ARGS -DCONFIG_BUF_LEN=65536 -DMAX_DOMAINS_F=21 -DMAX_HISTORY=25 -DNMM_NEST=0  -I. -traditional -DUSE_NETCDF4_FEATURES -DWRFIO_NCD_LARGE_FILE_SUPPORT   module_cam_mp_conv_water.F  > module_cam_mp_conv_water.bb
/scratch/john.lawson/stochastic/stochWRF_3.8/tools/standard.exe module_cam_mp_conv_water.bb | /lib/cpp -P -traditional -DUSE_NETCDF4_FEATURES -DWRFIO_NCD_LARGE_FILE_SUPPORT > module_cam_mp_conv_water.f90
rm -f module_cam_mp_conv_water.b module_cam_mp_conv_water.bb
ftn -o module_cam_mp_conv_water.o -c -ip -O3  -w -ftz -fno-alias -align all -FR -convert big_endian    -I../dyn_em -I../dyn_nmm   -I/scratch/john.lawson/stochastic/stochWRF_3.8/external/esmf_time_f90  -I/scratch/john.lawson/stochastic/stochWRF_3.8/main -I/scratch/john.lawson/stochastic/stochWRF_3.8/external/io_netcdf -I/scratch/john.lawson/stochastic/stochWRF_3.8/external/io_int -I/scratch/john.lawson/stochastic/stochWRF_3.8/frame -I/scratch/john.lawson/stochastic/stochWRF_3.8/share -I/scratch/john.lawson/stochastic/stochWRF_3.8/phys -I/scratch/john.lawson/stochastic/stochWRF_3.8/chem -I/scratch/john.lawson/stochastic/stochWRF_3.8/inc -I/opt/cray/pe/netcdf-hdf5parallel/4.4.1.1.3/INTEL/16.0/include  -real-size `expr 8 \* 4` -i4  module_cam_mp_conv_water.f90
rm -f module_data_cam_mam_asect.o
/lib/cpp -P -I/scratch/john.lawson/stochastic/stochWRF_3.8/inc -DEM_CORE=1 -DNMM_CORE=0 -DNMM_MAX_DIM=2600 -DCOAMPS_CORE=0 -DDA_CORE=0 -DEXP_CORE=0 -DIWORDSIZE=4 -DDWORDSIZE=8 -DRWORDSIZE=4 -DLWORDSIZE=4 -DNONSTANDARD_SYSTEM_FUNC  -DWRF_USE_CLM -DUSE_NETCDF4_FEATURES -DWRFIO_NCD_LARGE_FILE_SUPPORT  -DDM_PARALLEL -DNETCDF -DHDF5 -DUSE_ALLOCATABLES -DGRIB1 -DINTIO -DKEEP_INT_AROUND -DLIMIT_ARGS -DCONFIG_BUF_LEN=65536 -DMAX_DOMAINS_F=21 -DMAX_HISTORY=25 -DNMM_NEST=0  -I. -traditional -DUSE_NETCDF4_FEATURES -DWRFIO_NCD_LARGE_FILE_SUPPORT   module_data_cam_mam_asect.F  > module_data_cam_mam_asect.bb
/scratch/john.lawson/stochastic/stochWRF_3.8/tools/standard.exe module_data_cam_mam_asect.bb | /lib/cpp -P -traditional -DUSE_NETCDF4_FEATURES -DWRFIO_NCD_LARGE_FILE_SUPPORT > module_data_cam_mam_asect.f90
rm -f module_data_cam_mam_asect.b module_data_cam_mam_asect.bb
ftn -o module_data_cam_mam_asect.o -c -ip -O3  -w -ftz -fno-alias -align all -FR -convert big_endian    -I../dyn_em -I../dyn_nmm   -I/scratch/john.lawson/stochastic/stochWRF_3.8/external/esmf_time_f90  -I/scratch/john.lawson/stochastic/stochWRF_3.8/main -I/scratch/john.lawson/stochastic/stochWRF_3.8/external/io_netcdf -I/scratch/john.lawson/stochastic/stochWRF_3.8/external/io_int -I/scratch/john.lawson/stochastic/stochWRF_3.8/frame -I/scratch/john.lawson/stochastic/stochWRF_3.8/share -I/scratch/john.lawson/stochastic/stochWRF_3.8/phys -I/scratch/john.lawson/stochastic/stochWRF_3.8/chem -I/scratch/john.lawson/stochastic/stochWRF_3.8/inc -I/opt/cray/pe/netcdf-hdf5parallel/4.4.1.1.3/INTEL/16.0/include  -real-size `expr 8 \* 4` -i4  module_data_cam_mam_asect.f90
rm -f module_bl_gfs.o
/lib/cpp -P -I/scratch/john.lawson/stochastic/stochWRF_3.8/inc -DEM_CORE=1 -DNMM_CORE=0 -DNMM_MAX_DIM=2600 -DCOAMPS_CORE=0 -DDA_CORE=0 -DEXP_CORE=0 -DIWORDSIZE=4 -DDWORDSIZE=8 -DRWORDSIZE=4 -DLWORDSIZE=4 -DNONSTANDARD_SYSTEM_FUNC  -DWRF_USE_CLM -DUSE_NETCDF4_FEATURES -DWRFIO_NCD_LARGE_FILE_SUPPORT  -DDM_PARALLEL -DNETCDF -DHDF5 -DUSE_ALLOCATABLES -DGRIB1 -DINTIO -DKEEP_INT_AROUND -DLIMIT_ARGS -DCONFIG_BUF_LEN=65536 -DMAX_DOMAINS_F=21 -DMAX_HISTORY=25 -DNMM_NEST=0  -I. -traditional -DUSE_NETCDF4_FEATURES -DWRFIO_NCD_LARGE_FILE_SUPPORT   module_bl_gfs.F  > module_bl_gfs.bb
/scratch/john.lawson/stochastic/stochWRF_3.8/tools/standard.exe module_bl_gfs.bb | /lib/cpp -P -traditional -DUSE_NETCDF4_FEATURES -DWRFIO_NCD_LARGE_FILE_SUPPORT > module_bl_gfs.f90
rm -f module_bl_gfs.b module_bl_gfs.bb
ftn -o module_bl_gfs.o -c -ip -O3  -w -ftz -fno-alias -align all -FR -convert big_endian    -I../dyn_em -I../dyn_nmm   -I/scratch/john.lawson/stochastic/stochWRF_3.8/external/esmf_time_f90  -I/scratch/john.lawson/stochastic/stochWRF_3.8/main -I/scratch/john.lawson/stochastic/stochWRF_3.8/external/io_netcdf -I/scratch/john.lawson/stochastic/stochWRF_3.8/external/io_int -I/scratch/john.lawson/stochastic/stochWRF_3.8/frame -I/scratch/john.lawson/stochastic/stochWRF_3.8/share -I/scratch/john.lawson/stochastic/stochWRF_3.8/phys -I/scratch/john.lawson/stochastic/stochWRF_3.8/chem -I/scratch/john.lawson/stochastic/stochWRF_3.8/inc -I/opt/cray/pe/netcdf-hdf5parallel/4.4.1.1.3/INTEL/16.0/include  -real-size `expr 8 \* 4` -i4  module_bl_gfs.f90
rm -f module_bl_gfs2011.o
/lib/cpp -P -I/scratch/john.lawson/stochastic/stochWRF_3.8/inc -DEM_CORE=1 -DNMM_CORE=0 -DNMM_MAX_DIM=2600 -DCOAMPS_CORE=0 -DDA_CORE=0 -DEXP_CORE=0 -DIWORDSIZE=4 -DDWORDSIZE=8 -DRWORDSIZE=4 -DLWORDSIZE=4 -DNONSTANDARD_SYSTEM_FUNC  -DWRF_USE_CLM -DUSE_NETCDF4_FEATURES -DWRFIO_NCD_LARGE_FILE_SUPPORT  -DDM_PARALLEL -DNETCDF -DHDF5 -DUSE_ALLOCATABLES -DGRIB1 -DINTIO -DKEEP_INT_AROUND -DLIMIT_ARGS -DCONFIG_BUF_LEN=65536 -DMAX_DOMAINS_F=21 -DMAX_HISTORY=25 -DNMM_NEST=0  -I. -traditional -DUSE_NETCDF4_FEATURES -DWRFIO_NCD_LARGE_FILE_SUPPORT   module_bl_gfs2011.F  > module_bl_gfs2011.bb
/scratch/john.lawson/stochastic/stochWRF_3.8/tools/standard.exe module_bl_gfs2011.bb | /lib/cpp -P -traditional -DUSE_NETCDF4_FEATURES -DWRFIO_NCD_LARGE_FILE_SUPPORT > module_bl_gfs2011.f90
rm -f module_bl_gfs2011.b module_bl_gfs2011.bb
ftn -o module_bl_gfs2011.o -c -ip -O3  -w -ftz -fno-alias -align all -FR -convert big_endian    -I../dyn_em -I../dyn_nmm   -I/scratch/john.lawson/stochastic/stochWRF_3.8/external/esmf_time_f90  -I/scratch/john.lawson/stochastic/stochWRF_3.8/main -I/scratch/john.lawson/stochastic/stochWRF_3.8/external/io_netcdf -I/scratch/john.lawson/stochastic/stochWRF_3.8/external/io_int -I/scratch/john.lawson/stochastic/stochWRF_3.8/frame -I/scratch/john.lawson/stochastic/stochWRF_3.8/share -I/scratch/john.lawson/stochastic/stochWRF_3.8/phys -I/scratch/john.lawson/stochastic/stochWRF_3.8/chem -I/scratch/john.lawson/stochastic/stochWRF_3.8/inc -I/opt/cray/pe/netcdf-hdf5parallel/4.4.1.1.3/INTEL/16.0/include  -real-size `expr 8 \* 4` -i4  module_bl_gfs2011.f90
rm -f module_gfs_funcphys.o
/lib/cpp -P -I/scratch/john.lawson/stochastic/stochWRF_3.8/inc -DEM_CORE=1 -DNMM_CORE=0 -DNMM_MAX_DIM=2600 -DCOAMPS_CORE=0 -DDA_CORE=0 -DEXP_CORE=0 -DIWORDSIZE=4 -DDWORDSIZE=8 -DRWORDSIZE=4 -DLWORDSIZE=4 -DNONSTANDARD_SYSTEM_FUNC  -DWRF_USE_CLM -DUSE_NETCDF4_FEATURES -DWRFIO_NCD_LARGE_FILE_SUPPORT  -DDM_PARALLEL -DNETCDF -DHDF5 -DUSE_ALLOCATABLES -DGRIB1 -DINTIO -DKEEP_INT_AROUND -DLIMIT_ARGS -DCONFIG_BUF_LEN=65536 -DMAX_DOMAINS_F=21 -DMAX_HISTORY=25 -DNMM_NEST=0  -I. -traditional -DUSE_NETCDF4_FEATURES -DWRFIO_NCD_LARGE_FILE_SUPPORT   module_gfs_funcphys.F  > module_gfs_funcphys.bb
/scratch/john.lawson/stochastic/stochWRF_3.8/tools/standard.exe module_gfs_funcphys.bb | /lib/cpp -P -traditional -DUSE_NETCDF4_FEATURES -DWRFIO_NCD_LARGE_FILE_SUPPORT > module_gfs_funcphys.f90
rm -f module_gfs_funcphys.b module_gfs_funcphys.bb
ftn -o module_gfs_funcphys.o -c -ip -O3  -w -ftz -fno-alias -align all -FR -convert big_endian    -I../dyn_em -I../dyn_nmm   -I/scratch/john.lawson/stochastic/stochWRF_3.8/external/esmf_time_f90  -I/scratch/john.lawson/stochastic/stochWRF_3.8/main -I/scratch/john.lawson/stochastic/stochWRF_3.8/external/io_netcdf -I/scratch/john.lawson/stochastic/stochWRF_3.8/external/io_int -I/scratch/john.lawson/stochastic/stochWRF_3.8/frame -I/scratch/john.lawson/stochastic/stochWRF_3.8/share -I/scratch/john.lawson/stochastic/stochWRF_3.8/phys -I/scratch/john.lawson/stochastic/stochWRF_3.8/chem -I/scratch/john.lawson/stochastic/stochWRF_3.8/inc -I/opt/cray/pe/netcdf-hdf5parallel/4.4.1.1.3/INTEL/16.0/include  -real-size `expr 8 \* 4` -i4  module_gfs_funcphys.f90
rm -f module_ra_rrtmg_sw.o
/lib/cpp -P -I/scratch/john.lawson/stochastic/stochWRF_3.8/inc -DEM_CORE=1 -DNMM_CORE=0 -DNMM_MAX_DIM=2600 -DCOAMPS_CORE=0 -DDA_CORE=0 -DEXP_CORE=0 -DIWORDSIZE=4 -DDWORDSIZE=8 -DRWORDSIZE=4 -DLWORDSIZE=4 -DNONSTANDARD_SYSTEM_FUNC  -DWRF_USE_CLM -DUSE_NETCDF4_FEATURES -DWRFIO_NCD_LARGE_FILE_SUPPORT  -DDM_PARALLEL -DNETCDF -DHDF5 -DUSE_ALLOCATABLES -DGRIB1 -DINTIO -DKEEP_INT_AROUND -DLIMIT_ARGS -DCONFIG_BUF_LEN=65536 -DMAX_DOMAINS_F=21 -DMAX_HISTORY=25 -DNMM_NEST=0  -I. -traditional -DUSE_NETCDF4_FEATURES -DWRFIO_NCD_LARGE_FILE_SUPPORT   module_ra_rrtmg_sw.F  > module_ra_rrtmg_sw.bb
/scratch/john.lawson/stochastic/stochWRF_3.8/tools/standard.exe module_ra_rrtmg_sw.bb | /lib/cpp -P -traditional -DUSE_NETCDF4_FEATURES -DWRFIO_NCD_LARGE_FILE_SUPPORT > module_ra_rrtmg_sw.f90
rm -f module_ra_rrtmg_sw.b module_ra_rrtmg_sw.bb
ftn -o module_ra_rrtmg_sw.o -c -ip -O3  -w -ftz -fno-alias -align all -FR -convert big_endian    -I../dyn_em -I../dyn_nmm   -I/scratch/john.lawson/stochastic/stochWRF_3.8/external/esmf_time_f90  -I/scratch/john.lawson/stochastic/stochWRF_3.8/main -I/scratch/john.lawson/stochastic/stochWRF_3.8/external/io_netcdf -I/scratch/john.lawson/stochastic/stochWRF_3.8/external/io_int -I/scratch/john.lawson/stochastic/stochWRF_3.8/frame -I/scratch/john.lawson/stochastic/stochWRF_3.8/share -I/scratch/john.lawson/stochastic/stochWRF_3.8/phys -I/scratch/john.lawson/stochastic/stochWRF_3.8/chem -I/scratch/john.lawson/stochastic/stochWRF_3.8/inc -I/opt/cray/pe/netcdf-hdf5parallel/4.4.1.1.3/INTEL/16.0/include  -real-size `expr 8 \* 4` -i4  module_ra_rrtmg_sw.f90
rm -f module_ra_rrtmg_swf.o
/lib/cpp -P -I/scratch/john.lawson/stochastic/stochWRF_3.8/inc -DEM_CORE=1 -DNMM_CORE=0 -DNMM_MAX_DIM=2600 -DCOAMPS_CORE=0 -DDA_CORE=0 -DEXP_CORE=0 -DIWORDSIZE=4 -DDWORDSIZE=8 -DRWORDSIZE=4 -DLWORDSIZE=4 -DNONSTANDARD_SYSTEM_FUNC  -DWRF_USE_CLM -DUSE_NETCDF4_FEATURES -DWRFIO_NCD_LARGE_FILE_SUPPORT  -DDM_PARALLEL -DNETCDF -DHDF5 -DUSE_ALLOCATABLES -DGRIB1 -DINTIO -DKEEP_INT_AROUND -DLIMIT_ARGS -DCONFIG_BUF_LEN=65536 -DMAX_DOMAINS_F=21 -DMAX_HISTORY=25 -DNMM_NEST=0  -I. -traditional -DUSE_NETCDF4_FEATURES -DWRFIO_NCD_LARGE_FILE_SUPPORT   module_ra_rrtmg_swf.F  > module_ra_rrtmg_swf.bb
/scratch/john.lawson/stochastic/stochWRF_3.8/tools/standard.exe module_ra_rrtmg_swf.bb | /lib/cpp -P -traditional -DUSE_NETCDF4_FEATURES -DWRFIO_NCD_LARGE_FILE_SUPPORT > module_ra_rrtmg_swf.f90
rm -f module_ra_rrtmg_swf.b module_ra_rrtmg_swf.bb
ftn -o module_ra_rrtmg_swf.o -c -ip -O3  -w -ftz -fno-alias -align all -FR -convert big_endian    -I../dyn_em -I../dyn_nmm   -I/scratch/john.lawson/stochastic/stochWRF_3.8/external/esmf_time_f90  -I/scratch/john.lawson/stochastic/stochWRF_3.8/main -I/scratch/john.lawson/stochastic/stochWRF_3.8/external/io_netcdf -I/scratch/john.lawson/stochastic/stochWRF_3.8/external/io_int -I/scratch/john.lawson/stochastic/stochWRF_3.8/frame -I/scratch/john.lawson/stochastic/stochWRF_3.8/share -I/scratch/john.lawson/stochastic/stochWRF_3.8/phys -I/scratch/john.lawson/stochastic/stochWRF_3.8/chem -I/scratch/john.lawson/stochastic/stochWRF_3.8/inc -I/opt/cray/pe/netcdf-hdf5parallel/4.4.1.1.3/INTEL/16.0/include  -real-size `expr 8 \* 4` -i4  module_ra_rrtmg_swf.f90
rm -f module_ra_cam.o
/lib/cpp -P -I/scratch/john.lawson/stochastic/stochWRF_3.8/inc -DEM_CORE=1 -DNMM_CORE=0 -DNMM_MAX_DIM=2600 -DCOAMPS_CORE=0 -DDA_CORE=0 -DEXP_CORE=0 -DIWORDSIZE=4 -DDWORDSIZE=8 -DRWORDSIZE=4 -DLWORDSIZE=4 -DNONSTANDARD_SYSTEM_FUNC  -DWRF_USE_CLM -DUSE_NETCDF4_FEATURES -DWRFIO_NCD_LARGE_FILE_SUPPORT  -DDM_PARALLEL -DNETCDF -DHDF5 -DUSE_ALLOCATABLES -DGRIB1 -DINTIO -DKEEP_INT_AROUND -DLIMIT_ARGS -DCONFIG_BUF_LEN=65536 -DMAX_DOMAINS_F=21 -DMAX_HISTORY=25 -DNMM_NEST=0  -I. -traditional -DUSE_NETCDF4_FEATURES -DWRFIO_NCD_LARGE_FILE_SUPPORT   module_ra_cam.F  > module_ra_cam.bb
/scratch/john.lawson/stochastic/stochWRF_3.8/tools/standard.exe module_ra_cam.bb | /lib/cpp -P -traditional -DUSE_NETCDF4_FEATURES -DWRFIO_NCD_LARGE_FILE_SUPPORT > module_ra_cam.f90
rm -f module_ra_cam.b module_ra_cam.bb
ftn -o module_ra_cam.o -c -ip -O3  -w -ftz -fno-alias -align all -FR -convert big_endian    -I../dyn_em -I../dyn_nmm   -I/scratch/john.lawson/stochastic/stochWRF_3.8/external/esmf_time_f90  -I/scratch/john.lawson/stochastic/stochWRF_3.8/main -I/scratch/john.lawson/stochastic/stochWRF_3.8/external/io_netcdf -I/scratch/john.lawson/stochastic/stochWRF_3.8/external/io_int -I/scratch/john.lawson/stochastic/stochWRF_3.8/frame -I/scratch/john.lawson/stochastic/stochWRF_3.8/share -I/scratch/john.lawson/stochastic/stochWRF_3.8/phys -I/scratch/john.lawson/stochastic/stochWRF_3.8/chem -I/scratch/john.lawson/stochastic/stochWRF_3.8/inc -I/opt/cray/pe/netcdf-hdf5parallel/4.4.1.1.3/INTEL/16.0/include  -real-size `expr 8 \* 4` -i4  module_ra_cam.f90
rm -f module_sf_gfs.o
/lib/cpp -P -I/scratch/john.lawson/stochastic/stochWRF_3.8/inc -DEM_CORE=1 -DNMM_CORE=0 -DNMM_MAX_DIM=2600 -DCOAMPS_CORE=0 -DDA_CORE=0 -DEXP_CORE=0 -DIWORDSIZE=4 -DDWORDSIZE=8 -DRWORDSIZE=4 -DLWORDSIZE=4 -DNONSTANDARD_SYSTEM_FUNC  -DWRF_USE_CLM -DUSE_NETCDF4_FEATURES -DWRFIO_NCD_LARGE_FILE_SUPPORT  -DDM_PARALLEL -DNETCDF -DHDF5 -DUSE_ALLOCATABLES -DGRIB1 -DINTIO -DKEEP_INT_AROUND -DLIMIT_ARGS -DCONFIG_BUF_LEN=65536 -DMAX_DOMAINS_F=21 -DMAX_HISTORY=25 -DNMM_NEST=0  -I. -traditional -DUSE_NETCDF4_FEATURES -DWRFIO_NCD_LARGE_FILE_SUPPORT   module_sf_gfs.F  > module_sf_gfs.bb
/scratch/john.lawson/stochastic/stochWRF_3.8/tools/standard.exe module_sf_gfs.bb | /lib/cpp -P -traditional -DUSE_NETCDF4_FEATURES -DWRFIO_NCD_LARGE_FILE_SUPPORT > module_sf_gfs.f90
rm -f module_sf_gfs.b module_sf_gfs.bb
ftn -o module_sf_gfs.o -c -ip -O3  -w -ftz -fno-alias -align all -FR -convert big_endian    -I../dyn_em -I../dyn_nmm   -I/scratch/john.lawson/stochastic/stochWRF_3.8/external/esmf_time_f90  -I/scratch/john.lawson/stochastic/stochWRF_3.8/main -I/scratch/john.lawson/stochastic/stochWRF_3.8/external/io_netcdf -I/scratch/john.lawson/stochastic/stochWRF_3.8/external/io_int -I/scratch/john.lawson/stochastic/stochWRF_3.8/frame -I/scratch/john.lawson/stochastic/stochWRF_3.8/share -I/scratch/john.lawson/stochastic/stochWRF_3.8/phys -I/scratch/john.lawson/stochastic/stochWRF_3.8/chem -I/scratch/john.lawson/stochastic/stochWRF_3.8/inc -I/opt/cray/pe/netcdf-hdf5parallel/4.4.1.1.3/INTEL/16.0/include  -real-size `expr 8 \* 4` -i4  module_sf_gfs.f90
rm -f module_sf_gfdl.o
/lib/cpp -P -I/scratch/john.lawson/stochastic/stochWRF_3.8/inc -DEM_CORE=1 -DNMM_CORE=0 -DNMM_MAX_DIM=2600 -DCOAMPS_CORE=0 -DDA_CORE=0 -DEXP_CORE=0 -DIWORDSIZE=4 -DDWORDSIZE=8 -DRWORDSIZE=4 -DLWORDSIZE=4 -DNONSTANDARD_SYSTEM_FUNC  -DWRF_USE_CLM -DUSE_NETCDF4_FEATURES -DWRFIO_NCD_LARGE_FILE_SUPPORT  -DDM_PARALLEL -DNETCDF -DHDF5 -DUSE_ALLOCATABLES -DGRIB1 -DINTIO -DKEEP_INT_AROUND -DLIMIT_ARGS -DCONFIG_BUF_LEN=65536 -DMAX_DOMAINS_F=21 -DMAX_HISTORY=25 -DNMM_NEST=0  -I. -traditional -DUSE_NETCDF4_FEATURES -DWRFIO_NCD_LARGE_FILE_SUPPORT   module_sf_gfdl.F  > module_sf_gfdl.bb
/scratch/john.lawson/stochastic/stochWRF_3.8/tools/standard.exe module_sf_gfdl.bb | /lib/cpp -P -traditional -DUSE_NETCDF4_FEATURES -DWRFIO_NCD_LARGE_FILE_SUPPORT > module_sf_gfdl.f90
rm -f module_sf_gfdl.b module_sf_gfdl.bb
ftn -o module_sf_gfdl.o -c -ip -O3  -w -ftz -fno-alias -align all -FR -convert big_endian    -I../dyn_em -I../dyn_nmm   -I/scratch/john.lawson/stochastic/stochWRF_3.8/external/esmf_time_f90  -I/scratch/john.lawson/stochastic/stochWRF_3.8/main -I/scratch/john.lawson/stochastic/stochWRF_3.8/external/io_netcdf -I/scratch/john.lawson/stochastic/stochWRF_3.8/external/io_int -I/scratch/john.lawson/stochastic/stochWRF_3.8/frame -I/scratch/john.lawson/stochastic/stochWRF_3.8/share -I/scratch/john.lawson/stochastic/stochWRF_3.8/phys -I/scratch/john.lawson/stochastic/stochWRF_3.8/chem -I/scratch/john.lawson/stochastic/stochWRF_3.8/inc -I/opt/cray/pe/netcdf-hdf5parallel/4.4.1.1.3/INTEL/16.0/include  -real-size `expr 8 \* 4` -i4  module_sf_gfdl.f90
rm -f module_sf_noahlsm_glacial_only.o
/lib/cpp -P -I/scratch/john.lawson/stochastic/stochWRF_3.8/inc -DEM_CORE=1 -DNMM_CORE=0 -DNMM_MAX_DIM=2600 -DCOAMPS_CORE=0 -DDA_CORE=0 -DEXP_CORE=0 -DIWORDSIZE=4 -DDWORDSIZE=8 -DRWORDSIZE=4 -DLWORDSIZE=4 -DNONSTANDARD_SYSTEM_FUNC  -DWRF_USE_CLM -DUSE_NETCDF4_FEATURES -DWRFIO_NCD_LARGE_FILE_SUPPORT  -DDM_PARALLEL -DNETCDF -DHDF5 -DUSE_ALLOCATABLES -DGRIB1 -DINTIO -DKEEP_INT_AROUND -DLIMIT_ARGS -DCONFIG_BUF_LEN=65536 -DMAX_DOMAINS_F=21 -DMAX_HISTORY=25 -DNMM_NEST=0  -I. -traditional -DUSE_NETCDF4_FEATURES -DWRFIO_NCD_LARGE_FILE_SUPPORT   module_sf_noahlsm_glacial_only.F  > module_sf_noahlsm_glacial_only.bb
/scratch/john.lawson/stochastic/stochWRF_3.8/tools/standard.exe module_sf_noahlsm_glacial_only.bb | /lib/cpp -P -traditional -DUSE_NETCDF4_FEATURES -DWRFIO_NCD_LARGE_FILE_SUPPORT > module_sf_noahlsm_glacial_only.f90
rm -f module_sf_noahlsm_glacial_only.b module_sf_noahlsm_glacial_only.bb
ftn -o module_sf_noahlsm_glacial_only.o -c -ip -O3  -w -ftz -fno-alias -align all -FR -convert big_endian    -I../dyn_em -I../dyn_nmm   -I/scratch/john.lawson/stochastic/stochWRF_3.8/external/esmf_time_f90  -I/scratch/john.lawson/stochastic/stochWRF_3.8/main -I/scratch/john.lawson/stochastic/stochWRF_3.8/external/io_netcdf -I/scratch/john.lawson/stochastic/stochWRF_3.8/external/io_int -I/scratch/john.lawson/stochastic/stochWRF_3.8/frame -I/scratch/john.lawson/stochastic/stochWRF_3.8/share -I/scratch/john.lawson/stochastic/stochWRF_3.8/phys -I/scratch/john.lawson/stochastic/stochWRF_3.8/chem -I/scratch/john.lawson/stochastic/stochWRF_3.8/inc -I/opt/cray/pe/netcdf-hdf5parallel/4.4.1.1.3/INTEL/16.0/include  -real-size `expr 8 \* 4` -i4  module_sf_noahlsm_glacial_only.f90
rm -f module_sf_noahmpdrv.o
/lib/cpp -P -I/scratch/john.lawson/stochastic/stochWRF_3.8/inc -DEM_CORE=1 -DNMM_CORE=0 -DNMM_MAX_DIM=2600 -DCOAMPS_CORE=0 -DDA_CORE=0 -DEXP_CORE=0 -DIWORDSIZE=4 -DDWORDSIZE=8 -DRWORDSIZE=4 -DLWORDSIZE=4 -DNONSTANDARD_SYSTEM_FUNC  -DWRF_USE_CLM -DUSE_NETCDF4_FEATURES -DWRFIO_NCD_LARGE_FILE_SUPPORT  -DDM_PARALLEL -DNETCDF -DHDF5 -DUSE_ALLOCATABLES -DGRIB1 -DINTIO -DKEEP_INT_AROUND -DLIMIT_ARGS -DCONFIG_BUF_LEN=65536 -DMAX_DOMAINS_F=21 -DMAX_HISTORY=25 -DNMM_NEST=0  -I. -traditional -DUSE_NETCDF4_FEATURES -DWRFIO_NCD_LARGE_FILE_SUPPORT   module_sf_noahmpdrv.F  > module_sf_noahmpdrv.bb
/scratch/john.lawson/stochastic/stochWRF_3.8/tools/standard.exe module_sf_noahmpdrv.bb | /lib/cpp -P -traditional -DUSE_NETCDF4_FEATURES -DWRFIO_NCD_LARGE_FILE_SUPPORT > module_sf_noahmpdrv.f90
rm -f module_sf_noahmpdrv.b module_sf_noahmpdrv.bb
ftn -o module_sf_noahmpdrv.o -c -ip -O3  -w -ftz -fno-alias -align all -FR -convert big_endian    -I../dyn_em -I../dyn_nmm   -I/scratch/john.lawson/stochastic/stochWRF_3.8/external/esmf_time_f90  -I/scratch/john.lawson/stochastic/stochWRF_3.8/main -I/scratch/john.lawson/stochastic/stochWRF_3.8/external/io_netcdf -I/scratch/john.lawson/stochastic/stochWRF_3.8/external/io_int -I/scratch/john.lawson/stochastic/stochWRF_3.8/frame -I/scratch/john.lawson/stochastic/stochWRF_3.8/share -I/scratch/john.lawson/stochastic/stochWRF_3.8/phys -I/scratch/john.lawson/stochastic/stochWRF_3.8/chem -I/scratch/john.lawson/stochastic/stochWRF_3.8/inc -I/opt/cray/pe/netcdf-hdf5parallel/4.4.1.1.3/INTEL/16.0/include  -real-size `expr 8 \* 4` -i4  module_sf_noahmpdrv.f90
rm -f module_diagnostics_driver.o
/lib/cpp -P -I/scratch/john.lawson/stochastic/stochWRF_3.8/inc -DEM_CORE=1 -DNMM_CORE=0 -DNMM_MAX_DIM=2600 -DCOAMPS_CORE=0 -DDA_CORE=0 -DEXP_CORE=0 -DIWORDSIZE=4 -DDWORDSIZE=8 -DRWORDSIZE=4 -DLWORDSIZE=4 -DNONSTANDARD_SYSTEM_FUNC  -DWRF_USE_CLM -DUSE_NETCDF4_FEATURES -DWRFIO_NCD_LARGE_FILE_SUPPORT  -DDM_PARALLEL -DNETCDF -DHDF5 -DUSE_ALLOCATABLES -DGRIB1 -DINTIO -DKEEP_INT_AROUND -DLIMIT_ARGS -DCONFIG_BUF_LEN=65536 -DMAX_DOMAINS_F=21 -DMAX_HISTORY=25 -DNMM_NEST=0  -I. -traditional -DUSE_NETCDF4_FEATURES -DWRFIO_NCD_LARGE_FILE_SUPPORT   module_diagnostics_driver.F  > module_diagnostics_driver.bb
/scratch/john.lawson/stochastic/stochWRF_3.8/tools/standard.exe module_diagnostics_driver.bb | /lib/cpp -P -traditional -DUSE_NETCDF4_FEATURES -DWRFIO_NCD_LARGE_FILE_SUPPORT > module_diagnostics_driver.f90
rm -f module_diagnostics_driver.b module_diagnostics_driver.bb
ftn -o module_diagnostics_driver.o -c -ip -O3  -w -ftz -fno-alias -align all -FR -convert big_endian    -I../dyn_em -I../dyn_nmm   -I/scratch/john.lawson/stochastic/stochWRF_3.8/external/esmf_time_f90  -I/scratch/john.lawson/stochastic/stochWRF_3.8/main -I/scratch/john.lawson/stochastic/stochWRF_3.8/external/io_netcdf -I/scratch/john.lawson/stochastic/stochWRF_3.8/external/io_int -I/scratch/john.lawson/stochastic/stochWRF_3.8/frame -I/scratch/john.lawson/stochastic/stochWRF_3.8/share -I/scratch/john.lawson/stochastic/stochWRF_3.8/phys -I/scratch/john.lawson/stochastic/stochWRF_3.8/chem -I/scratch/john.lawson/stochastic/stochWRF_3.8/inc -I/opt/cray/pe/netcdf-hdf5parallel/4.4.1.1.3/INTEL/16.0/include  -real-size `expr 8 \* 4` -i4  module_diagnostics_driver.f90
rm -f module_fr_fire_core.o
/lib/cpp -P -I/scratch/john.lawson/stochastic/stochWRF_3.8/inc -DEM_CORE=1 -DNMM_CORE=0 -DNMM_MAX_DIM=2600 -DCOAMPS_CORE=0 -DDA_CORE=0 -DEXP_CORE=0 -DIWORDSIZE=4 -DDWORDSIZE=8 -DRWORDSIZE=4 -DLWORDSIZE=4 -DNONSTANDARD_SYSTEM_FUNC  -DWRF_USE_CLM -DUSE_NETCDF4_FEATURES -DWRFIO_NCD_LARGE_FILE_SUPPORT  -DDM_PARALLEL -DNETCDF -DHDF5 -DUSE_ALLOCATABLES -DGRIB1 -DINTIO -DKEEP_INT_AROUND -DLIMIT_ARGS -DCONFIG_BUF_LEN=65536 -DMAX_DOMAINS_F=21 -DMAX_HISTORY=25 -DNMM_NEST=0  -I. -traditional -DUSE_NETCDF4_FEATURES -DWRFIO_NCD_LARGE_FILE_SUPPORT   module_fr_fire_core.F  > module_fr_fire_core.bb
/scratch/john.lawson/stochastic/stochWRF_3.8/tools/standard.exe module_fr_fire_core.bb | /lib/cpp -P -traditional -DUSE_NETCDF4_FEATURES -DWRFIO_NCD_LARGE_FILE_SUPPORT > module_fr_fire_core.f90
rm -f module_fr_fire_core.b module_fr_fire_core.bb
ftn -o module_fr_fire_core.o -c -ip -O3  -w -ftz -fno-alias -align all -FR -convert big_endian    -I../dyn_em -I../dyn_nmm   -I/scratch/john.lawson/stochastic/stochWRF_3.8/external/esmf_time_f90  -I/scratch/john.lawson/stochastic/stochWRF_3.8/main -I/scratch/john.lawson/stochastic/stochWRF_3.8/external/io_netcdf -I/scratch/john.lawson/stochastic/stochWRF_3.8/external/io_int -I/scratch/john.lawson/stochastic/stochWRF_3.8/frame -I/scratch/john.lawson/stochastic/stochWRF_3.8/share -I/scratch/john.lawson/stochastic/stochWRF_3.8/phys -I/scratch/john.lawson/stochastic/stochWRF_3.8/chem -I/scratch/john.lawson/stochastic/stochWRF_3.8/inc -I/opt/cray/pe/netcdf-hdf5parallel/4.4.1.1.3/INTEL/16.0/include  -real-size `expr 8 \* 4` -i4  module_fr_fire_core.f90
rm -f module_cam_gffgch.o
/lib/cpp -P -I/scratch/john.lawson/stochastic/stochWRF_3.8/inc -DEM_CORE=1 -DNMM_CORE=0 -DNMM_MAX_DIM=2600 -DCOAMPS_CORE=0 -DDA_CORE=0 -DEXP_CORE=0 -DIWORDSIZE=4 -DDWORDSIZE=8 -DRWORDSIZE=4 -DLWORDSIZE=4 -DNONSTANDARD_SYSTEM_FUNC  -DWRF_USE_CLM -DUSE_NETCDF4_FEATURES -DWRFIO_NCD_LARGE_FILE_SUPPORT  -DDM_PARALLEL -DNETCDF -DHDF5 -DUSE_ALLOCATABLES -DGRIB1 -DINTIO -DKEEP_INT_AROUND -DLIMIT_ARGS -DCONFIG_BUF_LEN=65536 -DMAX_DOMAINS_F=21 -DMAX_HISTORY=25 -DNMM_NEST=0  -I. -traditional -DUSE_NETCDF4_FEATURES -DWRFIO_NCD_LARGE_FILE_SUPPORT   module_cam_gffgch.F  > module_cam_gffgch.bb
/scratch/john.lawson/stochastic/stochWRF_3.8/tools/standard.exe module_cam_gffgch.bb | /lib/cpp -P -traditional -DUSE_NETCDF4_FEATURES -DWRFIO_NCD_LARGE_FILE_SUPPORT > module_cam_gffgch.f90
rm -f module_cam_gffgch.b module_cam_gffgch.bb
ftn -o module_cam_gffgch.o -c -ip -O3  -w -ftz -fno-alias -align all -FR -convert big_endian    -I../dyn_em -I../dyn_nmm   -I/scratch/john.lawson/stochastic/stochWRF_3.8/external/esmf_time_f90  -I/scratch/john.lawson/stochastic/stochWRF_3.8/main -I/scratch/john.lawson/stochastic/stochWRF_3.8/external/io_netcdf -I/scratch/john.lawson/stochastic/stochWRF_3.8/external/io_int -I/scratch/john.lawson/stochastic/stochWRF_3.8/frame -I/scratch/john.lawson/stochastic/stochWRF_3.8/share -I/scratch/john.lawson/stochastic/stochWRF_3.8/phys -I/scratch/john.lawson/stochastic/stochWRF_3.8/chem -I/scratch/john.lawson/stochastic/stochWRF_3.8/inc -I/opt/cray/pe/netcdf-hdf5parallel/4.4.1.1.3/INTEL/16.0/include  -real-size `expr 8 \* 4` -i4  module_cam_gffgch.f90
rm -f module_cam_constituents.o
/lib/cpp -P -I/scratch/john.lawson/stochastic/stochWRF_3.8/inc -DEM_CORE=1 -DNMM_CORE=0 -DNMM_MAX_DIM=2600 -DCOAMPS_CORE=0 -DDA_CORE=0 -DEXP_CORE=0 -DIWORDSIZE=4 -DDWORDSIZE=8 -DRWORDSIZE=4 -DLWORDSIZE=4 -DNONSTANDARD_SYSTEM_FUNC  -DWRF_USE_CLM -DUSE_NETCDF4_FEATURES -DWRFIO_NCD_LARGE_FILE_SUPPORT  -DDM_PARALLEL -DNETCDF -DHDF5 -DUSE_ALLOCATABLES -DGRIB1 -DINTIO -DKEEP_INT_AROUND -DLIMIT_ARGS -DCONFIG_BUF_LEN=65536 -DMAX_DOMAINS_F=21 -DMAX_HISTORY=25 -DNMM_NEST=0  -I. -traditional -DUSE_NETCDF4_FEATURES -DWRFIO_NCD_LARGE_FILE_SUPPORT   module_cam_constituents.F  > module_cam_constituents.bb
/scratch/john.lawson/stochastic/stochWRF_3.8/tools/standard.exe module_cam_constituents.bb | /lib/cpp -P -traditional -DUSE_NETCDF4_FEATURES -DWRFIO_NCD_LARGE_FILE_SUPPORT > module_cam_constituents.f90
rm -f module_cam_constituents.b module_cam_constituents.bb
ftn -o module_cam_constituents.o -c -ip -O3  -w -ftz -fno-alias -align all -FR -convert big_endian    -I../dyn_em -I../dyn_nmm   -I/scratch/john.lawson/stochastic/stochWRF_3.8/external/esmf_time_f90  -I/scratch/john.lawson/stochastic/stochWRF_3.8/main -I/scratch/john.lawson/stochastic/stochWRF_3.8/external/io_netcdf -I/scratch/john.lawson/stochastic/stochWRF_3.8/external/io_int -I/scratch/john.lawson/stochastic/stochWRF_3.8/frame -I/scratch/john.lawson/stochastic/stochWRF_3.8/share -I/scratch/john.lawson/stochastic/stochWRF_3.8/phys -I/scratch/john.lawson/stochastic/stochWRF_3.8/chem -I/scratch/john.lawson/stochastic/stochWRF_3.8/inc -I/opt/cray/pe/netcdf-hdf5parallel/4.4.1.1.3/INTEL/16.0/include  -real-size `expr 8 \* 4` -i4  module_cam_constituents.f90
rm -f module_cam_mp_modal_aero_initialize_data_phys.o
/lib/cpp -P -I/scratch/john.lawson/stochastic/stochWRF_3.8/inc -DEM_CORE=1 -DNMM_CORE=0 -DNMM_MAX_DIM=2600 -DCOAMPS_CORE=0 -DDA_CORE=0 -DEXP_CORE=0 -DIWORDSIZE=4 -DDWORDSIZE=8 -DRWORDSIZE=4 -DLWORDSIZE=4 -DNONSTANDARD_SYSTEM_FUNC  -DWRF_USE_CLM -DUSE_NETCDF4_FEATURES -DWRFIO_NCD_LARGE_FILE_SUPPORT  -DDM_PARALLEL -DNETCDF -DHDF5 -DUSE_ALLOCATABLES -DGRIB1 -DINTIO -DKEEP_INT_AROUND -DLIMIT_ARGS -DCONFIG_BUF_LEN=65536 -DMAX_DOMAINS_F=21 -DMAX_HISTORY=25 -DNMM_NEST=0  -I. -traditional -DUSE_NETCDF4_FEATURES -DWRFIO_NCD_LARGE_FILE_SUPPORT   module_cam_mp_modal_aero_initialize_data_phys.F  > module_cam_mp_modal_aero_initialize_data_phys.bb
/scratch/john.lawson/stochastic/stochWRF_3.8/tools/standard.exe module_cam_mp_modal_aero_initialize_data_phys.bb | /lib/cpp -P -traditional -DUSE_NETCDF4_FEATURES -DWRFIO_NCD_LARGE_FILE_SUPPORT > module_cam_mp_modal_aero_initialize_data_phys.f90
rm -f module_cam_mp_modal_aero_initialize_data_phys.b module_cam_mp_modal_aero_initialize_data_phys.bb
ftn -o module_cam_mp_modal_aero_initialize_data_phys.o -c -ip -O3  -w -ftz -fno-alias -align all -FR -convert big_endian    -I../dyn_em -I../dyn_nmm   -I/scratch/john.lawson/stochastic/stochWRF_3.8/external/esmf_time_f90  -I/scratch/john.lawson/stochastic/stochWRF_3.8/main -I/scratch/john.lawson/stochastic/stochWRF_3.8/external/io_netcdf -I/scratch/john.lawson/stochastic/stochWRF_3.8/external/io_int -I/scratch/john.lawson/stochastic/stochWRF_3.8/frame -I/scratch/john.lawson/stochastic/stochWRF_3.8/share -I/scratch/john.lawson/stochastic/stochWRF_3.8/phys -I/scratch/john.lawson/stochastic/stochWRF_3.8/chem -I/scratch/john.lawson/stochastic/stochWRF_3.8/inc -I/opt/cray/pe/netcdf-hdf5parallel/4.4.1.1.3/INTEL/16.0/include  -real-size `expr 8 \* 4` -i4  module_cam_mp_modal_aero_initialize_data_phys.f90
rm -f module_cu_tiedtke.o
/lib/cpp -P -I/scratch/john.lawson/stochastic/stochWRF_3.8/inc -DEM_CORE=1 -DNMM_CORE=0 -DNMM_MAX_DIM=2600 -DCOAMPS_CORE=0 -DDA_CORE=0 -DEXP_CORE=0 -DIWORDSIZE=4 -DDWORDSIZE=8 -DRWORDSIZE=4 -DLWORDSIZE=4 -DNONSTANDARD_SYSTEM_FUNC  -DWRF_USE_CLM -DUSE_NETCDF4_FEATURES -DWRFIO_NCD_LARGE_FILE_SUPPORT  -DDM_PARALLEL -DNETCDF -DHDF5 -DUSE_ALLOCATABLES -DGRIB1 -DINTIO -DKEEP_INT_AROUND -DLIMIT_ARGS -DCONFIG_BUF_LEN=65536 -DMAX_DOMAINS_F=21 -DMAX_HISTORY=25 -DNMM_NEST=0  -I. -traditional -DUSE_NETCDF4_FEATURES -DWRFIO_NCD_LARGE_FILE_SUPPORT   module_cu_tiedtke.F  > module_cu_tiedtke.bb
/scratch/john.lawson/stochastic/stochWRF_3.8/tools/standard.exe module_cu_tiedtke.bb | /lib/cpp -P -traditional -DUSE_NETCDF4_FEATURES -DWRFIO_NCD_LARGE_FILE_SUPPORT > module_cu_tiedtke.f90
rm -f module_cu_tiedtke.b module_cu_tiedtke.bb
ftn -o module_cu_tiedtke.o -c -ip -O3  -w -ftz -fno-alias -align all -FR -convert big_endian    -I../dyn_em -I../dyn_nmm   -I/scratch/john.lawson/stochastic/stochWRF_3.8/external/esmf_time_f90  -I/scratch/john.lawson/stochastic/stochWRF_3.8/main -I/scratch/john.lawson/stochastic/stochWRF_3.8/external/io_netcdf -I/scratch/john.lawson/stochastic/stochWRF_3.8/external/io_int -I/scratch/john.lawson/stochastic/stochWRF_3.8/frame -I/scratch/john.lawson/stochastic/stochWRF_3.8/share -I/scratch/john.lawson/stochastic/stochWRF_3.8/phys -I/scratch/john.lawson/stochastic/stochWRF_3.8/chem -I/scratch/john.lawson/stochastic/stochWRF_3.8/inc -I/opt/cray/pe/netcdf-hdf5parallel/4.4.1.1.3/INTEL/16.0/include  -real-size `expr 8 \* 4` -i4  module_cu_tiedtke.f90
rm -f module_cu_sas.o
/lib/cpp -P -I/scratch/john.lawson/stochastic/stochWRF_3.8/inc -DEM_CORE=1 -DNMM_CORE=0 -DNMM_MAX_DIM=2600 -DCOAMPS_CORE=0 -DDA_CORE=0 -DEXP_CORE=0 -DIWORDSIZE=4 -DDWORDSIZE=8 -DRWORDSIZE=4 -DLWORDSIZE=4 -DNONSTANDARD_SYSTEM_FUNC  -DWRF_USE_CLM -DUSE_NETCDF4_FEATURES -DWRFIO_NCD_LARGE_FILE_SUPPORT  -DDM_PARALLEL -DNETCDF -DHDF5 -DUSE_ALLOCATABLES -DGRIB1 -DINTIO -DKEEP_INT_AROUND -DLIMIT_ARGS -DCONFIG_BUF_LEN=65536 -DMAX_DOMAINS_F=21 -DMAX_HISTORY=25 -DNMM_NEST=0  -I. -traditional -DUSE_NETCDF4_FEATURES -DWRFIO_NCD_LARGE_FILE_SUPPORT   module_cu_sas.F  > module_cu_sas.bb
/scratch/john.lawson/stochastic/stochWRF_3.8/tools/standard.exe module_cu_sas.bb | /lib/cpp -P -traditional -DUSE_NETCDF4_FEATURES -DWRFIO_NCD_LARGE_FILE_SUPPORT > module_cu_sas.f90
rm -f module_cu_sas.b module_cu_sas.bb
ftn -o module_cu_sas.o -c -ip -O3  -w -ftz -fno-alias -align all -FR -convert big_endian    -I../dyn_em -I../dyn_nmm   -I/scratch/john.lawson/stochastic/stochWRF_3.8/external/esmf_time_f90  -I/scratch/john.lawson/stochastic/stochWRF_3.8/main -I/scratch/john.lawson/stochastic/stochWRF_3.8/external/io_netcdf -I/scratch/john.lawson/stochastic/stochWRF_3.8/external/io_int -I/scratch/john.lawson/stochastic/stochWRF_3.8/frame -I/scratch/john.lawson/stochastic/stochWRF_3.8/share -I/scratch/john.lawson/stochastic/stochWRF_3.8/phys -I/scratch/john.lawson/stochastic/stochWRF_3.8/chem -I/scratch/john.lawson/stochastic/stochWRF_3.8/inc -I/opt/cray/pe/netcdf-hdf5parallel/4.4.1.1.3/INTEL/16.0/include  -real-size `expr 8 \* 4` -i4  module_cu_sas.f90
rm -f module_cu_mesosas.o
/lib/cpp -P -I/scratch/john.lawson/stochastic/stochWRF_3.8/inc -DEM_CORE=1 -DNMM_CORE=0 -DNMM_MAX_DIM=2600 -DCOAMPS_CORE=0 -DDA_CORE=0 -DEXP_CORE=0 -DIWORDSIZE=4 -DDWORDSIZE=8 -DRWORDSIZE=4 -DLWORDSIZE=4 -DNONSTANDARD_SYSTEM_FUNC  -DWRF_USE_CLM -DUSE_NETCDF4_FEATURES -DWRFIO_NCD_LARGE_FILE_SUPPORT  -DDM_PARALLEL -DNETCDF -DHDF5 -DUSE_ALLOCATABLES -DGRIB1 -DINTIO -DKEEP_INT_AROUND -DLIMIT_ARGS -DCONFIG_BUF_LEN=65536 -DMAX_DOMAINS_F=21 -DMAX_HISTORY=25 -DNMM_NEST=0  -I. -traditional -DUSE_NETCDF4_FEATURES -DWRFIO_NCD_LARGE_FILE_SUPPORT   module_cu_mesosas.F  > module_cu_mesosas.bb
/scratch/john.lawson/stochastic/stochWRF_3.8/tools/standard.exe module_cu_mesosas.bb | /lib/cpp -P -traditional -DUSE_NETCDF4_FEATURES -DWRFIO_NCD_LARGE_FILE_SUPPORT > module_cu_mesosas.f90
rm -f module_cu_mesosas.b module_cu_mesosas.bb
ftn -o module_cu_mesosas.o -c -ip -O3  -w -ftz -fno-alias -align all -FR -convert big_endian    -I../dyn_em -I../dyn_nmm   -I/scratch/john.lawson/stochastic/stochWRF_3.8/external/esmf_time_f90  -I/scratch/john.lawson/stochastic/stochWRF_3.8/main -I/scratch/john.lawson/stochastic/stochWRF_3.8/external/io_netcdf -I/scratch/john.lawson/stochastic/stochWRF_3.8/external/io_int -I/scratch/john.lawson/stochastic/stochWRF_3.8/frame -I/scratch/john.lawson/stochastic/stochWRF_3.8/share -I/scratch/john.lawson/stochastic/stochWRF_3.8/phys -I/scratch/john.lawson/stochastic/stochWRF_3.8/chem -I/scratch/john.lawson/stochastic/stochWRF_3.8/inc -I/opt/cray/pe/netcdf-hdf5parallel/4.4.1.1.3/INTEL/16.0/include  -real-size `expr 8 \* 4` -i4  module_cu_mesosas.f90
rm -f module_cu_osas.o
/lib/cpp -P -I/scratch/john.lawson/stochastic/stochWRF_3.8/inc -DEM_CORE=1 -DNMM_CORE=0 -DNMM_MAX_DIM=2600 -DCOAMPS_CORE=0 -DDA_CORE=0 -DEXP_CORE=0 -DIWORDSIZE=4 -DDWORDSIZE=8 -DRWORDSIZE=4 -DLWORDSIZE=4 -DNONSTANDARD_SYSTEM_FUNC  -DWRF_USE_CLM -DUSE_NETCDF4_FEATURES -DWRFIO_NCD_LARGE_FILE_SUPPORT  -DDM_PARALLEL -DNETCDF -DHDF5 -DUSE_ALLOCATABLES -DGRIB1 -DINTIO -DKEEP_INT_AROUND -DLIMIT_ARGS -DCONFIG_BUF_LEN=65536 -DMAX_DOMAINS_F=21 -DMAX_HISTORY=25 -DNMM_NEST=0  -I. -traditional -DUSE_NETCDF4_FEATURES -DWRFIO_NCD_LARGE_FILE_SUPPORT   module_cu_osas.F  > module_cu_osas.bb
/scratch/john.lawson/stochastic/stochWRF_3.8/tools/standard.exe module_cu_osas.bb | /lib/cpp -P -traditional -DUSE_NETCDF4_FEATURES -DWRFIO_NCD_LARGE_FILE_SUPPORT > module_cu_osas.f90
rm -f module_cu_osas.b module_cu_osas.bb
ftn -o module_cu_osas.o -c -ip -O3  -w -ftz -fno-alias -align all -FR -convert big_endian    -I../dyn_em -I../dyn_nmm   -I/scratch/john.lawson/stochastic/stochWRF_3.8/external/esmf_time_f90  -I/scratch/john.lawson/stochastic/stochWRF_3.8/main -I/scratch/john.lawson/stochastic/stochWRF_3.8/external/io_netcdf -I/scratch/john.lawson/stochastic/stochWRF_3.8/external/io_int -I/scratch/john.lawson/stochastic/stochWRF_3.8/frame -I/scratch/john.lawson/stochastic/stochWRF_3.8/share -I/scratch/john.lawson/stochastic/stochWRF_3.8/phys -I/scratch/john.lawson/stochastic/stochWRF_3.8/chem -I/scratch/john.lawson/stochastic/stochWRF_3.8/inc -I/opt/cray/pe/netcdf-hdf5parallel/4.4.1.1.3/INTEL/16.0/include  -real-size `expr 8 \* 4` -i4  module_cu_osas.f90
rm -f module_radiation_driver.o
/lib/cpp -P -I/scratch/john.lawson/stochastic/stochWRF_3.8/inc -DEM_CORE=1 -DNMM_CORE=0 -DNMM_MAX_DIM=2600 -DCOAMPS_CORE=0 -DDA_CORE=0 -DEXP_CORE=0 -DIWORDSIZE=4 -DDWORDSIZE=8 -DRWORDSIZE=4 -DLWORDSIZE=4 -DNONSTANDARD_SYSTEM_FUNC  -DWRF_USE_CLM -DUSE_NETCDF4_FEATURES -DWRFIO_NCD_LARGE_FILE_SUPPORT  -DDM_PARALLEL -DNETCDF -DHDF5 -DUSE_ALLOCATABLES -DGRIB1 -DINTIO -DKEEP_INT_AROUND -DLIMIT_ARGS -DCONFIG_BUF_LEN=65536 -DMAX_DOMAINS_F=21 -DMAX_HISTORY=25 -DNMM_NEST=0  -I. -traditional -DUSE_NETCDF4_FEATURES -DWRFIO_NCD_LARGE_FILE_SUPPORT   module_radiation_driver.F  > module_radiation_driver.bb
/scratch/john.lawson/stochastic/stochWRF_3.8/tools/standard.exe module_radiation_driver.bb | /lib/cpp -P -traditional -DUSE_NETCDF4_FEATURES -DWRFIO_NCD_LARGE_FILE_SUPPORT > module_radiation_driver.f90
rm -f module_radiation_driver.b module_radiation_driver.bb
ftn -o module_radiation_driver.o -c -ip -O3  -w -ftz -fno-alias -align all -FR -convert big_endian    -I../dyn_em -I../dyn_nmm   -I/scratch/john.lawson/stochastic/stochWRF_3.8/external/esmf_time_f90  -I/scratch/john.lawson/stochastic/stochWRF_3.8/main -I/scratch/john.lawson/stochastic/stochWRF_3.8/external/io_netcdf -I/scratch/john.lawson/stochastic/stochWRF_3.8/external/io_int -I/scratch/john.lawson/stochastic/stochWRF_3.8/frame -I/scratch/john.lawson/stochastic/stochWRF_3.8/share -I/scratch/john.lawson/stochastic/stochWRF_3.8/phys -I/scratch/john.lawson/stochastic/stochWRF_3.8/chem -I/scratch/john.lawson/stochastic/stochWRF_3.8/inc -I/opt/cray/pe/netcdf-hdf5parallel/4.4.1.1.3/INTEL/16.0/include  -real-size `expr 8 \* 4` -i4  module_radiation_driver.f90
rm -f module_sf_noahdrv.o
/lib/cpp -P -I/scratch/john.lawson/stochastic/stochWRF_3.8/inc -DEM_CORE=1 -DNMM_CORE=0 -DNMM_MAX_DIM=2600 -DCOAMPS_CORE=0 -DDA_CORE=0 -DEXP_CORE=0 -DIWORDSIZE=4 -DDWORDSIZE=8 -DRWORDSIZE=4 -DLWORDSIZE=4 -DNONSTANDARD_SYSTEM_FUNC  -DWRF_USE_CLM -DUSE_NETCDF4_FEATURES -DWRFIO_NCD_LARGE_FILE_SUPPORT  -DDM_PARALLEL -DNETCDF -DHDF5 -DUSE_ALLOCATABLES -DGRIB1 -DINTIO -DKEEP_INT_AROUND -DLIMIT_ARGS -DCONFIG_BUF_LEN=65536 -DMAX_DOMAINS_F=21 -DMAX_HISTORY=25 -DNMM_NEST=0  -I. -traditional -DUSE_NETCDF4_FEATURES -DWRFIO_NCD_LARGE_FILE_SUPPORT   module_sf_noahdrv.F  > module_sf_noahdrv.bb
/scratch/john.lawson/stochastic/stochWRF_3.8/tools/standard.exe module_sf_noahdrv.bb | /lib/cpp -P -traditional -DUSE_NETCDF4_FEATURES -DWRFIO_NCD_LARGE_FILE_SUPPORT > module_sf_noahdrv.f90
rm -f module_sf_noahdrv.b module_sf_noahdrv.bb
ftn -o module_sf_noahdrv.o -c -ip -O3  -w -ftz -fno-alias -align all -FR -convert big_endian    -I../dyn_em -I../dyn_nmm   -I/scratch/john.lawson/stochastic/stochWRF_3.8/external/esmf_time_f90  -I/scratch/john.lawson/stochastic/stochWRF_3.8/main -I/scratch/john.lawson/stochastic/stochWRF_3.8/external/io_netcdf -I/scratch/john.lawson/stochastic/stochWRF_3.8/external/io_int -I/scratch/john.lawson/stochastic/stochWRF_3.8/frame -I/scratch/john.lawson/stochastic/stochWRF_3.8/share -I/scratch/john.lawson/stochastic/stochWRF_3.8/phys -I/scratch/john.lawson/stochastic/stochWRF_3.8/chem -I/scratch/john.lawson/stochastic/stochWRF_3.8/inc -I/opt/cray/pe/netcdf-hdf5parallel/4.4.1.1.3/INTEL/16.0/include  -real-size `expr 8 \* 4` -i4  module_sf_noahdrv.f90
rm -f module_fr_fire_model.o
/lib/cpp -P -I/scratch/john.lawson/stochastic/stochWRF_3.8/inc -DEM_CORE=1 -DNMM_CORE=0 -DNMM_MAX_DIM=2600 -DCOAMPS_CORE=0 -DDA_CORE=0 -DEXP_CORE=0 -DIWORDSIZE=4 -DDWORDSIZE=8 -DRWORDSIZE=4 -DLWORDSIZE=4 -DNONSTANDARD_SYSTEM_FUNC  -DWRF_USE_CLM -DUSE_NETCDF4_FEATURES -DWRFIO_NCD_LARGE_FILE_SUPPORT  -DDM_PARALLEL -DNETCDF -DHDF5 -DUSE_ALLOCATABLES -DGRIB1 -DINTIO -DKEEP_INT_AROUND -DLIMIT_ARGS -DCONFIG_BUF_LEN=65536 -DMAX_DOMAINS_F=21 -DMAX_HISTORY=25 -DNMM_NEST=0  -I. -traditional -DUSE_NETCDF4_FEATURES -DWRFIO_NCD_LARGE_FILE_SUPPORT   module_fr_fire_model.F  > module_fr_fire_model.bb
/scratch/john.lawson/stochastic/stochWRF_3.8/tools/standard.exe module_fr_fire_model.bb | /lib/cpp -P -traditional -DUSE_NETCDF4_FEATURES -DWRFIO_NCD_LARGE_FILE_SUPPORT > module_fr_fire_model.f90
rm -f module_fr_fire_model.b module_fr_fire_model.bb
ftn -o module_fr_fire_model.o -c -ip -O3  -w -ftz -fno-alias -align all -FR -convert big_endian    -I../dyn_em -I../dyn_nmm   -I/scratch/john.lawson/stochastic/stochWRF_3.8/external/esmf_time_f90  -I/scratch/john.lawson/stochastic/stochWRF_3.8/main -I/scratch/john.lawson/stochastic/stochWRF_3.8/external/io_netcdf -I/scratch/john.lawson/stochastic/stochWRF_3.8/external/io_int -I/scratch/john.lawson/stochastic/stochWRF_3.8/frame -I/scratch/john.lawson/stochastic/stochWRF_3.8/share -I/scratch/john.lawson/stochastic/stochWRF_3.8/phys -I/scratch/john.lawson/stochastic/stochWRF_3.8/chem -I/scratch/john.lawson/stochastic/stochWRF_3.8/inc -I/opt/cray/pe/netcdf-hdf5parallel/4.4.1.1.3/INTEL/16.0/include  -real-size `expr 8 \* 4` -i4  module_fr_fire_model.f90
rm -f module_cam_wv_saturation.o
/lib/cpp -P -I/scratch/john.lawson/stochastic/stochWRF_3.8/inc -DEM_CORE=1 -DNMM_CORE=0 -DNMM_MAX_DIM=2600 -DCOAMPS_CORE=0 -DDA_CORE=0 -DEXP_CORE=0 -DIWORDSIZE=4 -DDWORDSIZE=8 -DRWORDSIZE=4 -DLWORDSIZE=4 -DNONSTANDARD_SYSTEM_FUNC  -DWRF_USE_CLM -DUSE_NETCDF4_FEATURES -DWRFIO_NCD_LARGE_FILE_SUPPORT  -DDM_PARALLEL -DNETCDF -DHDF5 -DUSE_ALLOCATABLES -DGRIB1 -DINTIO -DKEEP_INT_AROUND -DLIMIT_ARGS -DCONFIG_BUF_LEN=65536 -DMAX_DOMAINS_F=21 -DMAX_HISTORY=25 -DNMM_NEST=0  -I. -traditional -DUSE_NETCDF4_FEATURES -DWRFIO_NCD_LARGE_FILE_SUPPORT   module_cam_wv_saturation.F  > module_cam_wv_saturation.bb
/scratch/john.lawson/stochastic/stochWRF_3.8/tools/standard.exe module_cam_wv_saturation.bb | /lib/cpp -P -traditional -DUSE_NETCDF4_FEATURES -DWRFIO_NCD_LARGE_FILE_SUPPORT > module_cam_wv_saturation.f90
rm -f module_cam_wv_saturation.b module_cam_wv_saturation.bb
ftn -o module_cam_wv_saturation.o -c -ip -O3  -w -ftz -fno-alias -align all -FR -convert big_endian    -I../dyn_em -I../dyn_nmm   -I/scratch/john.lawson/stochastic/stochWRF_3.8/external/esmf_time_f90  -I/scratch/john.lawson/stochastic/stochWRF_3.8/main -I/scratch/john.lawson/stochastic/stochWRF_3.8/external/io_netcdf -I/scratch/john.lawson/stochastic/stochWRF_3.8/external/io_int -I/scratch/john.lawson/stochastic/stochWRF_3.8/frame -I/scratch/john.lawson/stochastic/stochWRF_3.8/share -I/scratch/john.lawson/stochastic/stochWRF_3.8/phys -I/scratch/john.lawson/stochastic/stochWRF_3.8/chem -I/scratch/john.lawson/stochastic/stochWRF_3.8/inc -I/opt/cray/pe/netcdf-hdf5parallel/4.4.1.1.3/INTEL/16.0/include  -real-size `expr 8 \* 4` -i4  module_cam_wv_saturation.f90
rm -f module_cam_molec_diff.o
/lib/cpp -P -I/scratch/john.lawson/stochastic/stochWRF_3.8/inc -DEM_CORE=1 -DNMM_CORE=0 -DNMM_MAX_DIM=2600 -DCOAMPS_CORE=0 -DDA_CORE=0 -DEXP_CORE=0 -DIWORDSIZE=4 -DDWORDSIZE=8 -DRWORDSIZE=4 -DLWORDSIZE=4 -DNONSTANDARD_SYSTEM_FUNC  -DWRF_USE_CLM -DUSE_NETCDF4_FEATURES -DWRFIO_NCD_LARGE_FILE_SUPPORT  -DDM_PARALLEL -DNETCDF -DHDF5 -DUSE_ALLOCATABLES -DGRIB1 -DINTIO -DKEEP_INT_AROUND -DLIMIT_ARGS -DCONFIG_BUF_LEN=65536 -DMAX_DOMAINS_F=21 -DMAX_HISTORY=25 -DNMM_NEST=0  -I. -traditional -DUSE_NETCDF4_FEATURES -DWRFIO_NCD_LARGE_FILE_SUPPORT   module_cam_molec_diff.F  > module_cam_molec_diff.bb
/scratch/john.lawson/stochastic/stochWRF_3.8/tools/standard.exe module_cam_molec_diff.bb | /lib/cpp -P -traditional -DUSE_NETCDF4_FEATURES -DWRFIO_NCD_LARGE_FILE_SUPPORT > module_cam_molec_diff.f90
rm -f module_cam_molec_diff.b module_cam_molec_diff.bb
ftn -o module_cam_molec_diff.o -c -ip -O3  -w -ftz -fno-alias -align all -FR -convert big_endian    -I../dyn_em -I../dyn_nmm   -I/scratch/john.lawson/stochastic/stochWRF_3.8/external/esmf_time_f90  -I/scratch/john.lawson/stochastic/stochWRF_3.8/main -I/scratch/john.lawson/stochastic/stochWRF_3.8/external/io_netcdf -I/scratch/john.lawson/stochastic/stochWRF_3.8/external/io_int -I/scratch/john.lawson/stochastic/stochWRF_3.8/frame -I/scratch/john.lawson/stochastic/stochWRF_3.8/share -I/scratch/john.lawson/stochastic/stochWRF_3.8/phys -I/scratch/john.lawson/stochastic/stochWRF_3.8/chem -I/scratch/john.lawson/stochastic/stochWRF_3.8/inc -I/opt/cray/pe/netcdf-hdf5parallel/4.4.1.1.3/INTEL/16.0/include  -real-size `expr 8 \* 4` -i4  module_cam_molec_diff.f90
rm -f module_cam_mp_ndrop.o
/lib/cpp -P -I/scratch/john.lawson/stochastic/stochWRF_3.8/inc -DEM_CORE=1 -DNMM_CORE=0 -DNMM_MAX_DIM=2600 -DCOAMPS_CORE=0 -DDA_CORE=0 -DEXP_CORE=0 -DIWORDSIZE=4 -DDWORDSIZE=8 -DRWORDSIZE=4 -DLWORDSIZE=4 -DNONSTANDARD_SYSTEM_FUNC  -DWRF_USE_CLM -DUSE_NETCDF4_FEATURES -DWRFIO_NCD_LARGE_FILE_SUPPORT  -DDM_PARALLEL -DNETCDF -DHDF5 -DUSE_ALLOCATABLES -DGRIB1 -DINTIO -DKEEP_INT_AROUND -DLIMIT_ARGS -DCONFIG_BUF_LEN=65536 -DMAX_DOMAINS_F=21 -DMAX_HISTORY=25 -DNMM_NEST=0  -I. -traditional -DUSE_NETCDF4_FEATURES -DWRFIO_NCD_LARGE_FILE_SUPPORT   module_cam_mp_ndrop.F  > module_cam_mp_ndrop.bb
/scratch/john.lawson/stochastic/stochWRF_3.8/tools/standard.exe module_cam_mp_ndrop.bb | /lib/cpp -P -traditional -DUSE_NETCDF4_FEATURES -DWRFIO_NCD_LARGE_FILE_SUPPORT > module_cam_mp_ndrop.f90
rm -f module_cam_mp_ndrop.b module_cam_mp_ndrop.bb
ftn -o module_cam_mp_ndrop.o -c -ip -O3  -w -ftz -fno-alias -align all -FR -convert big_endian    -I../dyn_em -I../dyn_nmm   -I/scratch/john.lawson/stochastic/stochWRF_3.8/external/esmf_time_f90  -I/scratch/john.lawson/stochastic/stochWRF_3.8/main -I/scratch/john.lawson/stochastic/stochWRF_3.8/external/io_netcdf -I/scratch/john.lawson/stochastic/stochWRF_3.8/external/io_int -I/scratch/john.lawson/stochastic/stochWRF_3.8/frame -I/scratch/john.lawson/stochastic/stochWRF_3.8/share -I/scratch/john.lawson/stochastic/stochWRF_3.8/phys -I/scratch/john.lawson/stochastic/stochWRF_3.8/chem -I/scratch/john.lawson/stochastic/stochWRF_3.8/inc -I/opt/cray/pe/netcdf-hdf5parallel/4.4.1.1.3/INTEL/16.0/include  -real-size `expr 8 \* 4` -i4  module_cam_mp_ndrop.f90
rm -f module_cam_mp_cldwat2m_micro.o
/lib/cpp -P -I/scratch/john.lawson/stochastic/stochWRF_3.8/inc -DEM_CORE=1 -DNMM_CORE=0 -DNMM_MAX_DIM=2600 -DCOAMPS_CORE=0 -DDA_CORE=0 -DEXP_CORE=0 -DIWORDSIZE=4 -DDWORDSIZE=8 -DRWORDSIZE=4 -DLWORDSIZE=4 -DNONSTANDARD_SYSTEM_FUNC  -DWRF_USE_CLM -DUSE_NETCDF4_FEATURES -DWRFIO_NCD_LARGE_FILE_SUPPORT  -DDM_PARALLEL -DNETCDF -DHDF5 -DUSE_ALLOCATABLES -DGRIB1 -DINTIO -DKEEP_INT_AROUND -DLIMIT_ARGS -DCONFIG_BUF_LEN=65536 -DMAX_DOMAINS_F=21 -DMAX_HISTORY=25 -DNMM_NEST=0  -I. -traditional -DUSE_NETCDF4_FEATURES -DWRFIO_NCD_LARGE_FILE_SUPPORT   module_cam_mp_cldwat2m_micro.F  > module_cam_mp_cldwat2m_micro.bb
/scratch/john.lawson/stochastic/stochWRF_3.8/tools/standard.exe module_cam_mp_cldwat2m_micro.bb | /lib/cpp -P -traditional -DUSE_NETCDF4_FEATURES -DWRFIO_NCD_LARGE_FILE_SUPPORT > module_cam_mp_cldwat2m_micro.f90
rm -f module_cam_mp_cldwat2m_micro.b module_cam_mp_cldwat2m_micro.bb
ftn -o module_cam_mp_cldwat2m_micro.o -c -ip -O3  -w -ftz -fno-alias -align all -FR -convert big_endian    -I../dyn_em -I../dyn_nmm   -I/scratch/john.lawson/stochastic/stochWRF_3.8/external/esmf_time_f90  -I/scratch/john.lawson/stochastic/stochWRF_3.8/main -I/scratch/john.lawson/stochastic/stochWRF_3.8/external/io_netcdf -I/scratch/john.lawson/stochastic/stochWRF_3.8/external/io_int -I/scratch/john.lawson/stochastic/stochWRF_3.8/frame -I/scratch/john.lawson/stochastic/stochWRF_3.8/share -I/scratch/john.lawson/stochastic/stochWRF_3.8/phys -I/scratch/john.lawson/stochastic/stochWRF_3.8/chem -I/scratch/john.lawson/stochastic/stochWRF_3.8/inc -I/opt/cray/pe/netcdf-hdf5parallel/4.4.1.1.3/INTEL/16.0/include  -real-size `expr 8 \* 4` -i4  module_cam_mp_cldwat2m_micro.f90
rm -f module_mixactivate.o
/lib/cpp -P -I/scratch/john.lawson/stochastic/stochWRF_3.8/inc -DEM_CORE=1 -DNMM_CORE=0 -DNMM_MAX_DIM=2600 -DCOAMPS_CORE=0 -DDA_CORE=0 -DEXP_CORE=0 -DIWORDSIZE=4 -DDWORDSIZE=8 -DRWORDSIZE=4 -DLWORDSIZE=4 -DNONSTANDARD_SYSTEM_FUNC  -DWRF_USE_CLM -DUSE_NETCDF4_FEATURES -DWRFIO_NCD_LARGE_FILE_SUPPORT  -DDM_PARALLEL -DNETCDF -DHDF5 -DUSE_ALLOCATABLES -DGRIB1 -DINTIO -DKEEP_INT_AROUND -DLIMIT_ARGS -DCONFIG_BUF_LEN=65536 -DMAX_DOMAINS_F=21 -DMAX_HISTORY=25 -DNMM_NEST=0  -I. -traditional -DUSE_NETCDF4_FEATURES -DWRFIO_NCD_LARGE_FILE_SUPPORT   module_mixactivate.F  > module_mixactivate.bb
/scratch/john.lawson/stochastic/stochWRF_3.8/tools/standard.exe module_mixactivate.bb | /lib/cpp -P -traditional -DUSE_NETCDF4_FEATURES -DWRFIO_NCD_LARGE_FILE_SUPPORT > module_mixactivate.f90
rm -f module_mixactivate.b module_mixactivate.bb
ftn -o module_mixactivate.o -c -ip -O3  -w -ftz -fno-alias -align all -FR -convert big_endian    -I../dyn_em -I../dyn_nmm   -I/scratch/john.lawson/stochastic/stochWRF_3.8/external/esmf_time_f90  -I/scratch/john.lawson/stochastic/stochWRF_3.8/main -I/scratch/john.lawson/stochastic/stochWRF_3.8/external/io_netcdf -I/scratch/john.lawson/stochastic/stochWRF_3.8/external/io_int -I/scratch/john.lawson/stochastic/stochWRF_3.8/frame -I/scratch/john.lawson/stochastic/stochWRF_3.8/share -I/scratch/john.lawson/stochastic/stochWRF_3.8/phys -I/scratch/john.lawson/stochastic/stochWRF_3.8/chem -I/scratch/john.lawson/stochastic/stochWRF_3.8/inc -I/opt/cray/pe/netcdf-hdf5parallel/4.4.1.1.3/INTEL/16.0/include  -real-size `expr 8 \* 4` -i4  module_mixactivate.f90
rm -f module_fr_fire_driver.o
/lib/cpp -P -I/scratch/john.lawson/stochastic/stochWRF_3.8/inc -DEM_CORE=1 -DNMM_CORE=0 -DNMM_MAX_DIM=2600 -DCOAMPS_CORE=0 -DDA_CORE=0 -DEXP_CORE=0 -DIWORDSIZE=4 -DDWORDSIZE=8 -DRWORDSIZE=4 -DLWORDSIZE=4 -DNONSTANDARD_SYSTEM_FUNC  -DWRF_USE_CLM -DUSE_NETCDF4_FEATURES -DWRFIO_NCD_LARGE_FILE_SUPPORT  -DDM_PARALLEL -DNETCDF -DHDF5 -DUSE_ALLOCATABLES -DGRIB1 -DINTIO -DKEEP_INT_AROUND -DLIMIT_ARGS -DCONFIG_BUF_LEN=65536 -DMAX_DOMAINS_F=21 -DMAX_HISTORY=25 -DNMM_NEST=0  -I. -traditional -DUSE_NETCDF4_FEATURES -DWRFIO_NCD_LARGE_FILE_SUPPORT   module_fr_fire_driver.F  > module_fr_fire_driver.bb
/scratch/john.lawson/stochastic/stochWRF_3.8/tools/standard.exe module_fr_fire_driver.bb | /lib/cpp -P -traditional -DUSE_NETCDF4_FEATURES -DWRFIO_NCD_LARGE_FILE_SUPPORT > module_fr_fire_driver.f90
rm -f module_fr_fire_driver.b module_fr_fire_driver.bb
ftn -o module_fr_fire_driver.o -c -ip -O3  -w -ftz -fno-alias -align all -FR -convert big_endian    -I../dyn_em -I../dyn_nmm   -I/scratch/john.lawson/stochastic/stochWRF_3.8/external/esmf_time_f90  -I/scratch/john.lawson/stochastic/stochWRF_3.8/main -I/scratch/john.lawson/stochastic/stochWRF_3.8/external/io_netcdf -I/scratch/john.lawson/stochastic/stochWRF_3.8/external/io_int -I/scratch/john.lawson/stochastic/stochWRF_3.8/frame -I/scratch/john.lawson/stochastic/stochWRF_3.8/share -I/scratch/john.lawson/stochastic/stochWRF_3.8/phys -I/scratch/john.lawson/stochastic/stochWRF_3.8/chem -I/scratch/john.lawson/stochastic/stochWRF_3.8/inc -I/opt/cray/pe/netcdf-hdf5parallel/4.4.1.1.3/INTEL/16.0/include  -real-size `expr 8 \* 4` -i4  module_fr_fire_driver.f90
rm -f module_cam_cldwat.o
/lib/cpp -P -I/scratch/john.lawson/stochastic/stochWRF_3.8/inc -DEM_CORE=1 -DNMM_CORE=0 -DNMM_MAX_DIM=2600 -DCOAMPS_CORE=0 -DDA_CORE=0 -DEXP_CORE=0 -DIWORDSIZE=4 -DDWORDSIZE=8 -DRWORDSIZE=4 -DLWORDSIZE=4 -DNONSTANDARD_SYSTEM_FUNC  -DWRF_USE_CLM -DUSE_NETCDF4_FEATURES -DWRFIO_NCD_LARGE_FILE_SUPPORT  -DDM_PARALLEL -DNETCDF -DHDF5 -DUSE_ALLOCATABLES -DGRIB1 -DINTIO -DKEEP_INT_AROUND -DLIMIT_ARGS -DCONFIG_BUF_LEN=65536 -DMAX_DOMAINS_F=21 -DMAX_HISTORY=25 -DNMM_NEST=0  -I. -traditional -DUSE_NETCDF4_FEATURES -DWRFIO_NCD_LARGE_FILE_SUPPORT   module_cam_cldwat.F  > module_cam_cldwat.bb
/scratch/john.lawson/stochastic/stochWRF_3.8/tools/standard.exe module_cam_cldwat.bb | /lib/cpp -P -traditional -DUSE_NETCDF4_FEATURES -DWRFIO_NCD_LARGE_FILE_SUPPORT > module_cam_cldwat.f90
rm -f module_cam_cldwat.b module_cam_cldwat.bb
ftn -o module_cam_cldwat.o -c -ip -O3  -w -ftz -fno-alias -align all -FR -convert big_endian    -I../dyn_em -I../dyn_nmm   -I/scratch/john.lawson/stochastic/stochWRF_3.8/external/esmf_time_f90  -I/scratch/john.lawson/stochastic/stochWRF_3.8/main -I/scratch/john.lawson/stochastic/stochWRF_3.8/external/io_netcdf -I/scratch/john.lawson/stochastic/stochWRF_3.8/external/io_int -I/scratch/john.lawson/stochastic/stochWRF_3.8/frame -I/scratch/john.lawson/stochastic/stochWRF_3.8/share -I/scratch/john.lawson/stochastic/stochWRF_3.8/phys -I/scratch/john.lawson/stochastic/stochWRF_3.8/chem -I/scratch/john.lawson/stochastic/stochWRF_3.8/inc -I/opt/cray/pe/netcdf-hdf5parallel/4.4.1.1.3/INTEL/16.0/include  -real-size `expr 8 \* 4` -i4  module_cam_cldwat.f90
rm -f module_cam_esinti.o
/lib/cpp -P -I/scratch/john.lawson/stochastic/stochWRF_3.8/inc -DEM_CORE=1 -DNMM_CORE=0 -DNMM_MAX_DIM=2600 -DCOAMPS_CORE=0 -DDA_CORE=0 -DEXP_CORE=0 -DIWORDSIZE=4 -DDWORDSIZE=8 -DRWORDSIZE=4 -DLWORDSIZE=4 -DNONSTANDARD_SYSTEM_FUNC  -DWRF_USE_CLM -DUSE_NETCDF4_FEATURES -DWRFIO_NCD_LARGE_FILE_SUPPORT  -DDM_PARALLEL -DNETCDF -DHDF5 -DUSE_ALLOCATABLES -DGRIB1 -DINTIO -DKEEP_INT_AROUND -DLIMIT_ARGS -DCONFIG_BUF_LEN=65536 -DMAX_DOMAINS_F=21 -DMAX_HISTORY=25 -DNMM_NEST=0  -I. -traditional -DUSE_NETCDF4_FEATURES -DWRFIO_NCD_LARGE_FILE_SUPPORT   module_cam_esinti.F  > module_cam_esinti.bb
/scratch/john.lawson/stochastic/stochWRF_3.8/tools/standard.exe module_cam_esinti.bb | /lib/cpp -P -traditional -DUSE_NETCDF4_FEATURES -DWRFIO_NCD_LARGE_FILE_SUPPORT > module_cam_esinti.f90
rm -f module_cam_esinti.b module_cam_esinti.bb
ftn -o module_cam_esinti.o -c -ip -O3  -w -ftz -fno-alias -align all -FR -convert big_endian    -I../dyn_em -I../dyn_nmm   -I/scratch/john.lawson/stochastic/stochWRF_3.8/external/esmf_time_f90  -I/scratch/john.lawson/stochastic/stochWRF_3.8/main -I/scratch/john.lawson/stochastic/stochWRF_3.8/external/io_netcdf -I/scratch/john.lawson/stochastic/stochWRF_3.8/external/io_int -I/scratch/john.lawson/stochastic/stochWRF_3.8/frame -I/scratch/john.lawson/stochastic/stochWRF_3.8/share -I/scratch/john.lawson/stochastic/stochWRF_3.8/phys -I/scratch/john.lawson/stochastic/stochWRF_3.8/chem -I/scratch/john.lawson/stochastic/stochWRF_3.8/inc -I/opt/cray/pe/netcdf-hdf5parallel/4.4.1.1.3/INTEL/16.0/include  -real-size `expr 8 \* 4` -i4  module_cam_esinti.f90
rm -f module_cam_mp_microp_aero.o
/lib/cpp -P -I/scratch/john.lawson/stochastic/stochWRF_3.8/inc -DEM_CORE=1 -DNMM_CORE=0 -DNMM_MAX_DIM=2600 -DCOAMPS_CORE=0 -DDA_CORE=0 -DEXP_CORE=0 -DIWORDSIZE=4 -DDWORDSIZE=8 -DRWORDSIZE=4 -DLWORDSIZE=4 -DNONSTANDARD_SYSTEM_FUNC  -DWRF_USE_CLM -DUSE_NETCDF4_FEATURES -DWRFIO_NCD_LARGE_FILE_SUPPORT  -DDM_PARALLEL -DNETCDF -DHDF5 -DUSE_ALLOCATABLES -DGRIB1 -DINTIO -DKEEP_INT_AROUND -DLIMIT_ARGS -DCONFIG_BUF_LEN=65536 -DMAX_DOMAINS_F=21 -DMAX_HISTORY=25 -DNMM_NEST=0  -I. -traditional -DUSE_NETCDF4_FEATURES -DWRFIO_NCD_LARGE_FILE_SUPPORT   module_cam_mp_microp_aero.F  > module_cam_mp_microp_aero.bb
/scratch/john.lawson/stochastic/stochWRF_3.8/tools/standard.exe module_cam_mp_microp_aero.bb | /lib/cpp -P -traditional -DUSE_NETCDF4_FEATURES -DWRFIO_NCD_LARGE_FILE_SUPPORT > module_cam_mp_microp_aero.f90
rm -f module_cam_mp_microp_aero.b module_cam_mp_microp_aero.bb
ftn -o module_cam_mp_microp_aero.o -c -ip -O3  -w -ftz -fno-alias -align all -FR -convert big_endian    -I../dyn_em -I../dyn_nmm   -I/scratch/john.lawson/stochastic/stochWRF_3.8/external/esmf_time_f90  -I/scratch/john.lawson/stochastic/stochWRF_3.8/main -I/scratch/john.lawson/stochastic/stochWRF_3.8/external/io_netcdf -I/scratch/john.lawson/stochastic/stochWRF_3.8/external/io_int -I/scratch/john.lawson/stochastic/stochWRF_3.8/frame -I/scratch/john.lawson/stochastic/stochWRF_3.8/share -I/scratch/john.lawson/stochastic/stochWRF_3.8/phys -I/scratch/john.lawson/stochastic/stochWRF_3.8/chem -I/scratch/john.lawson/stochastic/stochWRF_3.8/inc -I/opt/cray/pe/netcdf-hdf5parallel/4.4.1.1.3/INTEL/16.0/include  -real-size `expr 8 \* 4` -i4  module_cam_mp_microp_aero.f90
rm -f module_bl_camuwpbl_driver.o
/lib/cpp -P -I/scratch/john.lawson/stochastic/stochWRF_3.8/inc -DEM_CORE=1 -DNMM_CORE=0 -DNMM_MAX_DIM=2600 -DCOAMPS_CORE=0 -DDA_CORE=0 -DEXP_CORE=0 -DIWORDSIZE=4 -DDWORDSIZE=8 -DRWORDSIZE=4 -DLWORDSIZE=4 -DNONSTANDARD_SYSTEM_FUNC  -DWRF_USE_CLM -DUSE_NETCDF4_FEATURES -DWRFIO_NCD_LARGE_FILE_SUPPORT  -DDM_PARALLEL -DNETCDF -DHDF5 -DUSE_ALLOCATABLES -DGRIB1 -DINTIO -DKEEP_INT_AROUND -DLIMIT_ARGS -DCONFIG_BUF_LEN=65536 -DMAX_DOMAINS_F=21 -DMAX_HISTORY=25 -DNMM_NEST=0  -I. -traditional -DUSE_NETCDF4_FEATURES -DWRFIO_NCD_LARGE_FILE_SUPPORT   module_bl_camuwpbl_driver.F  > module_bl_camuwpbl_driver.bb
/scratch/john.lawson/stochastic/stochWRF_3.8/tools/standard.exe module_bl_camuwpbl_driver.bb | /lib/cpp -P -traditional -DUSE_NETCDF4_FEATURES -DWRFIO_NCD_LARGE_FILE_SUPPORT > module_bl_camuwpbl_driver.f90
rm -f module_bl_camuwpbl_driver.b module_bl_camuwpbl_driver.bb
ftn -o module_bl_camuwpbl_driver.o -c -ip -O3  -w -ftz -fno-alias -align all -FR -convert big_endian    -I../dyn_em -I../dyn_nmm   -I/scratch/john.lawson/stochastic/stochWRF_3.8/external/esmf_time_f90  -I/scratch/john.lawson/stochastic/stochWRF_3.8/main -I/scratch/john.lawson/stochastic/stochWRF_3.8/external/io_netcdf -I/scratch/john.lawson/stochastic/stochWRF_3.8/external/io_int -I/scratch/john.lawson/stochastic/stochWRF_3.8/frame -I/scratch/john.lawson/stochastic/stochWRF_3.8/share -I/scratch/john.lawson/stochastic/stochWRF_3.8/phys -I/scratch/john.lawson/stochastic/stochWRF_3.8/chem -I/scratch/john.lawson/stochastic/stochWRF_3.8/inc -I/opt/cray/pe/netcdf-hdf5parallel/4.4.1.1.3/INTEL/16.0/include  -real-size `expr 8 \* 4` -i4  module_bl_camuwpbl_driver.f90
rm -f module_mp_cammgmp_driver.o
/lib/cpp -P -I/scratch/john.lawson/stochastic/stochWRF_3.8/inc -DEM_CORE=1 -DNMM_CORE=0 -DNMM_MAX_DIM=2600 -DCOAMPS_CORE=0 -DDA_CORE=0 -DEXP_CORE=0 -DIWORDSIZE=4 -DDWORDSIZE=8 -DRWORDSIZE=4 -DLWORDSIZE=4 -DNONSTANDARD_SYSTEM_FUNC  -DWRF_USE_CLM -DUSE_NETCDF4_FEATURES -DWRFIO_NCD_LARGE_FILE_SUPPORT  -DDM_PARALLEL -DNETCDF -DHDF5 -DUSE_ALLOCATABLES -DGRIB1 -DINTIO -DKEEP_INT_AROUND -DLIMIT_ARGS -DCONFIG_BUF_LEN=65536 -DMAX_DOMAINS_F=21 -DMAX_HISTORY=25 -DNMM_NEST=0  -I. -traditional -DUSE_NETCDF4_FEATURES -DWRFIO_NCD_LARGE_FILE_SUPPORT   module_mp_cammgmp_driver.F  > module_mp_cammgmp_driver.bb
/scratch/john.lawson/stochastic/stochWRF_3.8/tools/standard.exe module_mp_cammgmp_driver.bb | /lib/cpp -P -traditional -DUSE_NETCDF4_FEATURES -DWRFIO_NCD_LARGE_FILE_SUPPORT > module_mp_cammgmp_driver.f90
rm -f module_mp_cammgmp_driver.b module_mp_cammgmp_driver.bb
ftn -o module_mp_cammgmp_driver.o -c -ip -O3  -w -ftz -fno-alias -align all -FR -convert big_endian    -I../dyn_em -I../dyn_nmm   -I/scratch/john.lawson/stochastic/stochWRF_3.8/external/esmf_time_f90  -I/scratch/john.lawson/stochastic/stochWRF_3.8/main -I/scratch/john.lawson/stochastic/stochWRF_3.8/external/io_netcdf -I/scratch/john.lawson/stochastic/stochWRF_3.8/external/io_int -I/scratch/john.lawson/stochastic/stochWRF_3.8/frame -I/scratch/john.lawson/stochastic/stochWRF_3.8/share -I/scratch/john.lawson/stochastic/stochWRF_3.8/phys -I/scratch/john.lawson/stochastic/stochWRF_3.8/chem -I/scratch/john.lawson/stochastic/stochWRF_3.8/inc -I/opt/cray/pe/netcdf-hdf5parallel/4.4.1.1.3/INTEL/16.0/include  -real-size `expr 8 \* 4` -i4  module_mp_cammgmp_driver.f90
rm -f module_shcu_camuwshcu.o
/lib/cpp -P -I/scratch/john.lawson/stochastic/stochWRF_3.8/inc -DEM_CORE=1 -DNMM_CORE=0 -DNMM_MAX_DIM=2600 -DCOAMPS_CORE=0 -DDA_CORE=0 -DEXP_CORE=0 -DIWORDSIZE=4 -DDWORDSIZE=8 -DRWORDSIZE=4 -DLWORDSIZE=4 -DNONSTANDARD_SYSTEM_FUNC  -DWRF_USE_CLM -DUSE_NETCDF4_FEATURES -DWRFIO_NCD_LARGE_FILE_SUPPORT  -DDM_PARALLEL -DNETCDF -DHDF5 -DUSE_ALLOCATABLES -DGRIB1 -DINTIO -DKEEP_INT_AROUND -DLIMIT_ARGS -DCONFIG_BUF_LEN=65536 -DMAX_DOMAINS_F=21 -DMAX_HISTORY=25 -DNMM_NEST=0  -I. -traditional -DUSE_NETCDF4_FEATURES -DWRFIO_NCD_LARGE_FILE_SUPPORT   module_shcu_camuwshcu.F  > module_shcu_camuwshcu.bb
/scratch/john.lawson/stochastic/stochWRF_3.8/tools/standard.exe module_shcu_camuwshcu.bb | /lib/cpp -P -traditional -DUSE_NETCDF4_FEATURES -DWRFIO_NCD_LARGE_FILE_SUPPORT > module_shcu_camuwshcu.f90
rm -f module_shcu_camuwshcu.b module_shcu_camuwshcu.bb
ftn -o module_shcu_camuwshcu.o -c -ip -O3  -w -ftz -fno-alias -align all -FR -convert big_endian    -I../dyn_em -I../dyn_nmm   -I/scratch/john.lawson/stochastic/stochWRF_3.8/external/esmf_time_f90  -I/scratch/john.lawson/stochastic/stochWRF_3.8/main -I/scratch/john.lawson/stochastic/stochWRF_3.8/external/io_netcdf -I/scratch/john.lawson/stochastic/stochWRF_3.8/external/io_int -I/scratch/john.lawson/stochastic/stochWRF_3.8/frame -I/scratch/john.lawson/stochastic/stochWRF_3.8/share -I/scratch/john.lawson/stochastic/stochWRF_3.8/phys -I/scratch/john.lawson/stochastic/stochWRF_3.8/chem -I/scratch/john.lawson/stochastic/stochWRF_3.8/inc -I/opt/cray/pe/netcdf-hdf5parallel/4.4.1.1.3/INTEL/16.0/include  -real-size `expr 8 \* 4` -i4  module_shcu_camuwshcu.f90
rm -f module_cu_camzm.o
/lib/cpp -P -I/scratch/john.lawson/stochastic/stochWRF_3.8/inc -DEM_CORE=1 -DNMM_CORE=0 -DNMM_MAX_DIM=2600 -DCOAMPS_CORE=0 -DDA_CORE=0 -DEXP_CORE=0 -DIWORDSIZE=4 -DDWORDSIZE=8 -DRWORDSIZE=4 -DLWORDSIZE=4 -DNONSTANDARD_SYSTEM_FUNC  -DWRF_USE_CLM -DUSE_NETCDF4_FEATURES -DWRFIO_NCD_LARGE_FILE_SUPPORT  -DDM_PARALLEL -DNETCDF -DHDF5 -DUSE_ALLOCATABLES -DGRIB1 -DINTIO -DKEEP_INT_AROUND -DLIMIT_ARGS -DCONFIG_BUF_LEN=65536 -DMAX_DOMAINS_F=21 -DMAX_HISTORY=25 -DNMM_NEST=0  -I. -traditional -DUSE_NETCDF4_FEATURES -DWRFIO_NCD_LARGE_FILE_SUPPORT   module_cu_camzm.F  > module_cu_camzm.bb
/scratch/john.lawson/stochastic/stochWRF_3.8/tools/standard.exe module_cu_camzm.bb | /lib/cpp -P -traditional -DUSE_NETCDF4_FEATURES -DWRFIO_NCD_LARGE_FILE_SUPPORT > module_cu_camzm.f90
rm -f module_cu_camzm.b module_cu_camzm.bb
ftn -o module_cu_camzm.o -c -ip -O3  -w -ftz -fno-alias -align all -FR -convert big_endian    -I../dyn_em -I../dyn_nmm   -I/scratch/john.lawson/stochastic/stochWRF_3.8/external/esmf_time_f90  -I/scratch/john.lawson/stochastic/stochWRF_3.8/main -I/scratch/john.lawson/stochastic/stochWRF_3.8/external/io_netcdf -I/scratch/john.lawson/stochastic/stochWRF_3.8/external/io_int -I/scratch/john.lawson/stochastic/stochWRF_3.8/frame -I/scratch/john.lawson/stochastic/stochWRF_3.8/share -I/scratch/john.lawson/stochastic/stochWRF_3.8/phys -I/scratch/john.lawson/stochastic/stochWRF_3.8/chem -I/scratch/john.lawson/stochastic/stochWRF_3.8/inc -I/opt/cray/pe/netcdf-hdf5parallel/4.4.1.1.3/INTEL/16.0/include  -real-size `expr 8 \* 4` -i4  module_cu_camzm.f90
rm -f module_cu_kfcup.o
/lib/cpp -P -I/scratch/john.lawson/stochastic/stochWRF_3.8/inc -DEM_CORE=1 -DNMM_CORE=0 -DNMM_MAX_DIM=2600 -DCOAMPS_CORE=0 -DDA_CORE=0 -DEXP_CORE=0 -DIWORDSIZE=4 -DDWORDSIZE=8 -DRWORDSIZE=4 -DLWORDSIZE=4 -DNONSTANDARD_SYSTEM_FUNC  -DWRF_USE_CLM -DUSE_NETCDF4_FEATURES -DWRFIO_NCD_LARGE_FILE_SUPPORT  -DDM_PARALLEL -DNETCDF -DHDF5 -DUSE_ALLOCATABLES -DGRIB1 -DINTIO -DKEEP_INT_AROUND -DLIMIT_ARGS -DCONFIG_BUF_LEN=65536 -DMAX_DOMAINS_F=21 -DMAX_HISTORY=25 -DNMM_NEST=0  -I. -traditional -DUSE_NETCDF4_FEATURES -DWRFIO_NCD_LARGE_FILE_SUPPORT   module_cu_kfcup.F  > module_cu_kfcup.bb
/scratch/john.lawson/stochastic/stochWRF_3.8/tools/standard.exe module_cu_kfcup.bb | /lib/cpp -P -traditional -DUSE_NETCDF4_FEATURES -DWRFIO_NCD_LARGE_FILE_SUPPORT > module_cu_kfcup.f90
rm -f module_cu_kfcup.b module_cu_kfcup.bb
ftn -o module_cu_kfcup.o -c -ip -O3  -w -ftz -fno-alias -align all -FR -convert big_endian    -I../dyn_em -I../dyn_nmm   -I/scratch/john.lawson/stochastic/stochWRF_3.8/external/esmf_time_f90  -I/scratch/john.lawson/stochastic/stochWRF_3.8/main -I/scratch/john.lawson/stochastic/stochWRF_3.8/external/io_netcdf -I/scratch/john.lawson/stochastic/stochWRF_3.8/external/io_int -I/scratch/john.lawson/stochastic/stochWRF_3.8/frame -I/scratch/john.lawson/stochastic/stochWRF_3.8/share -I/scratch/john.lawson/stochastic/stochWRF_3.8/phys -I/scratch/john.lawson/stochastic/stochWRF_3.8/chem -I/scratch/john.lawson/stochastic/stochWRF_3.8/inc -I/opt/cray/pe/netcdf-hdf5parallel/4.4.1.1.3/INTEL/16.0/include  -real-size `expr 8 \* 4` -i4  module_cu_kfcup.f90
rm -f module_pbl_driver.o
/lib/cpp -P -I/scratch/john.lawson/stochastic/stochWRF_3.8/inc -DEM_CORE=1 -DNMM_CORE=0 -DNMM_MAX_DIM=2600 -DCOAMPS_CORE=0 -DDA_CORE=0 -DEXP_CORE=0 -DIWORDSIZE=4 -DDWORDSIZE=8 -DRWORDSIZE=4 -DLWORDSIZE=4 -DNONSTANDARD_SYSTEM_FUNC  -DWRF_USE_CLM -DUSE_NETCDF4_FEATURES -DWRFIO_NCD_LARGE_FILE_SUPPORT  -DDM_PARALLEL -DNETCDF -DHDF5 -DUSE_ALLOCATABLES -DGRIB1 -DINTIO -DKEEP_INT_AROUND -DLIMIT_ARGS -DCONFIG_BUF_LEN=65536 -DMAX_DOMAINS_F=21 -DMAX_HISTORY=25 -DNMM_NEST=0  -I. -traditional -DUSE_NETCDF4_FEATURES -DWRFIO_NCD_LARGE_FILE_SUPPORT   module_pbl_driver.F  > module_pbl_driver.bb
/scratch/john.lawson/stochastic/stochWRF_3.8/tools/standard.exe module_pbl_driver.bb | /lib/cpp -P -traditional -DUSE_NETCDF4_FEATURES -DWRFIO_NCD_LARGE_FILE_SUPPORT > module_pbl_driver.f90
rm -f module_pbl_driver.b module_pbl_driver.bb
ftn -o module_pbl_driver.o -c -ip -O3  -w -ftz -fno-alias -align all -FR -convert big_endian    -I../dyn_em -I../dyn_nmm   -I/scratch/john.lawson/stochastic/stochWRF_3.8/external/esmf_time_f90  -I/scratch/john.lawson/stochastic/stochWRF_3.8/main -I/scratch/john.lawson/stochastic/stochWRF_3.8/external/io_netcdf -I/scratch/john.lawson/stochastic/stochWRF_3.8/external/io_int -I/scratch/john.lawson/stochastic/stochWRF_3.8/frame -I/scratch/john.lawson/stochastic/stochWRF_3.8/share -I/scratch/john.lawson/stochastic/stochWRF_3.8/phys -I/scratch/john.lawson/stochastic/stochWRF_3.8/chem -I/scratch/john.lawson/stochastic/stochWRF_3.8/inc -I/opt/cray/pe/netcdf-hdf5parallel/4.4.1.1.3/INTEL/16.0/include  -real-size `expr 8 \* 4` -i4  module_pbl_driver.f90
rm -f module_microphysics_driver.o
/lib/cpp -P -I/scratch/john.lawson/stochastic/stochWRF_3.8/inc -DEM_CORE=1 -DNMM_CORE=0 -DNMM_MAX_DIM=2600 -DCOAMPS_CORE=0 -DDA_CORE=0 -DEXP_CORE=0 -DIWORDSIZE=4 -DDWORDSIZE=8 -DRWORDSIZE=4 -DLWORDSIZE=4 -DNONSTANDARD_SYSTEM_FUNC  -DWRF_USE_CLM -DUSE_NETCDF4_FEATURES -DWRFIO_NCD_LARGE_FILE_SUPPORT  -DDM_PARALLEL -DNETCDF -DHDF5 -DUSE_ALLOCATABLES -DGRIB1 -DINTIO -DKEEP_INT_AROUND -DLIMIT_ARGS -DCONFIG_BUF_LEN=65536 -DMAX_DOMAINS_F=21 -DMAX_HISTORY=25 -DNMM_NEST=0  -I. -traditional -DUSE_NETCDF4_FEATURES -DWRFIO_NCD_LARGE_FILE_SUPPORT   module_microphysics_driver.F  > module_microphysics_driver.bb
/scratch/john.lawson/stochastic/stochWRF_3.8/tools/standard.exe module_microphysics_driver.bb | /lib/cpp -P -traditional -DUSE_NETCDF4_FEATURES -DWRFIO_NCD_LARGE_FILE_SUPPORT > module_microphysics_driver.f90
rm -f module_microphysics_driver.b module_microphysics_driver.bb
ftn -o module_microphysics_driver.o -c -ip -O3  -w -ftz -fno-alias -align all -FR -convert big_endian    -I../dyn_em -I../dyn_nmm   -I/scratch/john.lawson/stochastic/stochWRF_3.8/external/esmf_time_f90  -I/scratch/john.lawson/stochastic/stochWRF_3.8/main -I/scratch/john.lawson/stochastic/stochWRF_3.8/external/io_netcdf -I/scratch/john.lawson/stochastic/stochWRF_3.8/external/io_int -I/scratch/john.lawson/stochastic/stochWRF_3.8/frame -I/scratch/john.lawson/stochastic/stochWRF_3.8/share -I/scratch/john.lawson/stochastic/stochWRF_3.8/phys -I/scratch/john.lawson/stochastic/stochWRF_3.8/chem -I/scratch/john.lawson/stochastic/stochWRF_3.8/inc -I/opt/cray/pe/netcdf-hdf5parallel/4.4.1.1.3/INTEL/16.0/include  -real-size `expr 8 \* 4` -i4  module_microphysics_driver.f90
rm -f module_fr_fire_driver_wrf.o
/lib/cpp -P -I/scratch/john.lawson/stochastic/stochWRF_3.8/inc -DEM_CORE=1 -DNMM_CORE=0 -DNMM_MAX_DIM=2600 -DCOAMPS_CORE=0 -DDA_CORE=0 -DEXP_CORE=0 -DIWORDSIZE=4 -DDWORDSIZE=8 -DRWORDSIZE=4 -DLWORDSIZE=4 -DNONSTANDARD_SYSTEM_FUNC  -DWRF_USE_CLM -DUSE_NETCDF4_FEATURES -DWRFIO_NCD_LARGE_FILE_SUPPORT  -DDM_PARALLEL -DNETCDF -DHDF5 -DUSE_ALLOCATABLES -DGRIB1 -DINTIO -DKEEP_INT_AROUND -DLIMIT_ARGS -DCONFIG_BUF_LEN=65536 -DMAX_DOMAINS_F=21 -DMAX_HISTORY=25 -DNMM_NEST=0  -I. -traditional -DUSE_NETCDF4_FEATURES -DWRFIO_NCD_LARGE_FILE_SUPPORT   module_fr_fire_driver_wrf.F  > module_fr_fire_driver_wrf.bb
/scratch/john.lawson/stochastic/stochWRF_3.8/tools/standard.exe module_fr_fire_driver_wrf.bb | /lib/cpp -P -traditional -DUSE_NETCDF4_FEATURES -DWRFIO_NCD_LARGE_FILE_SUPPORT > module_fr_fire_driver_wrf.f90
rm -f module_fr_fire_driver_wrf.b module_fr_fire_driver_wrf.bb
ftn -o module_fr_fire_driver_wrf.o -c -ip -O3  -w -ftz -fno-alias -align all -FR -convert big_endian    -I../dyn_em -I../dyn_nmm   -I/scratch/john.lawson/stochastic/stochWRF_3.8/external/esmf_time_f90  -I/scratch/john.lawson/stochastic/stochWRF_3.8/main -I/scratch/john.lawson/stochastic/stochWRF_3.8/external/io_netcdf -I/scratch/john.lawson/stochastic/stochWRF_3.8/external/io_int -I/scratch/john.lawson/stochastic/stochWRF_3.8/frame -I/scratch/john.lawson/stochastic/stochWRF_3.8/share -I/scratch/john.lawson/stochastic/stochWRF_3.8/phys -I/scratch/john.lawson/stochastic/stochWRF_3.8/chem -I/scratch/john.lawson/stochastic/stochWRF_3.8/inc -I/opt/cray/pe/netcdf-hdf5parallel/4.4.1.1.3/INTEL/16.0/include  -real-size `expr 8 \* 4` -i4  module_fr_fire_driver_wrf.f90
rm -f module_shcu_camuwshcu_driver.o
/lib/cpp -P -I/scratch/john.lawson/stochastic/stochWRF_3.8/inc -DEM_CORE=1 -DNMM_CORE=0 -DNMM_MAX_DIM=2600 -DCOAMPS_CORE=0 -DDA_CORE=0 -DEXP_CORE=0 -DIWORDSIZE=4 -DDWORDSIZE=8 -DRWORDSIZE=4 -DLWORDSIZE=4 -DNONSTANDARD_SYSTEM_FUNC  -DWRF_USE_CLM -DUSE_NETCDF4_FEATURES -DWRFIO_NCD_LARGE_FILE_SUPPORT  -DDM_PARALLEL -DNETCDF -DHDF5 -DUSE_ALLOCATABLES -DGRIB1 -DINTIO -DKEEP_INT_AROUND -DLIMIT_ARGS -DCONFIG_BUF_LEN=65536 -DMAX_DOMAINS_F=21 -DMAX_HISTORY=25 -DNMM_NEST=0  -I. -traditional -DUSE_NETCDF4_FEATURES -DWRFIO_NCD_LARGE_FILE_SUPPORT   module_shcu_camuwshcu_driver.F  > module_shcu_camuwshcu_driver.bb
/scratch/john.lawson/stochastic/stochWRF_3.8/tools/standard.exe module_shcu_camuwshcu_driver.bb | /lib/cpp -P -traditional -DUSE_NETCDF4_FEATURES -DWRFIO_NCD_LARGE_FILE_SUPPORT > module_shcu_camuwshcu_driver.f90
rm -f module_shcu_camuwshcu_driver.b module_shcu_camuwshcu_driver.bb
ftn -o module_shcu_camuwshcu_driver.o -c -ip -O3  -w -ftz -fno-alias -align all -FR -convert big_endian    -I../dyn_em -I../dyn_nmm   -I/scratch/john.lawson/stochastic/stochWRF_3.8/external/esmf_time_f90  -I/scratch/john.lawson/stochastic/stochWRF_3.8/main -I/scratch/john.lawson/stochastic/stochWRF_3.8/external/io_netcdf -I/scratch/john.lawson/stochastic/stochWRF_3.8/external/io_int -I/scratch/john.lawson/stochastic/stochWRF_3.8/frame -I/scratch/john.lawson/stochastic/stochWRF_3.8/share -I/scratch/john.lawson/stochastic/stochWRF_3.8/phys -I/scratch/john.lawson/stochastic/stochWRF_3.8/chem -I/scratch/john.lawson/stochastic/stochWRF_3.8/inc -I/opt/cray/pe/netcdf-hdf5parallel/4.4.1.1.3/INTEL/16.0/include  -real-size `expr 8 \* 4` -i4  module_shcu_camuwshcu_driver.f90
rm -f module_cu_camzm_driver.o
/lib/cpp -P -I/scratch/john.lawson/stochastic/stochWRF_3.8/inc -DEM_CORE=1 -DNMM_CORE=0 -DNMM_MAX_DIM=2600 -DCOAMPS_CORE=0 -DDA_CORE=0 -DEXP_CORE=0 -DIWORDSIZE=4 -DDWORDSIZE=8 -DRWORDSIZE=4 -DLWORDSIZE=4 -DNONSTANDARD_SYSTEM_FUNC  -DWRF_USE_CLM -DUSE_NETCDF4_FEATURES -DWRFIO_NCD_LARGE_FILE_SUPPORT  -DDM_PARALLEL -DNETCDF -DHDF5 -DUSE_ALLOCATABLES -DGRIB1 -DINTIO -DKEEP_INT_AROUND -DLIMIT_ARGS -DCONFIG_BUF_LEN=65536 -DMAX_DOMAINS_F=21 -DMAX_HISTORY=25 -DNMM_NEST=0  -I. -traditional -DUSE_NETCDF4_FEATURES -DWRFIO_NCD_LARGE_FILE_SUPPORT   module_cu_camzm_driver.F  > module_cu_camzm_driver.bb
/scratch/john.lawson/stochastic/stochWRF_3.8/tools/standard.exe module_cu_camzm_driver.bb | /lib/cpp -P -traditional -DUSE_NETCDF4_FEATURES -DWRFIO_NCD_LARGE_FILE_SUPPORT > module_cu_camzm_driver.f90
rm -f module_cu_camzm_driver.b module_cu_camzm_driver.bb
ftn -o module_cu_camzm_driver.o -c -ip -O3  -w -ftz -fno-alias -align all -FR -convert big_endian    -I../dyn_em -I../dyn_nmm   -I/scratch/john.lawson/stochastic/stochWRF_3.8/external/esmf_time_f90  -I/scratch/john.lawson/stochastic/stochWRF_3.8/main -I/scratch/john.lawson/stochastic/stochWRF_3.8/external/io_netcdf -I/scratch/john.lawson/stochastic/stochWRF_3.8/external/io_int -I/scratch/john.lawson/stochastic/stochWRF_3.8/frame -I/scratch/john.lawson/stochastic/stochWRF_3.8/share -I/scratch/john.lawson/stochastic/stochWRF_3.8/phys -I/scratch/john.lawson/stochastic/stochWRF_3.8/chem -I/scratch/john.lawson/stochastic/stochWRF_3.8/inc -I/opt/cray/pe/netcdf-hdf5parallel/4.4.1.1.3/INTEL/16.0/include  -real-size `expr 8 \* 4` -i4  module_cu_camzm_driver.f90
rm -f module_shallowcu_driver.o
/lib/cpp -P -I/scratch/john.lawson/stochastic/stochWRF_3.8/inc -DEM_CORE=1 -DNMM_CORE=0 -DNMM_MAX_DIM=2600 -DCOAMPS_CORE=0 -DDA_CORE=0 -DEXP_CORE=0 -DIWORDSIZE=4 -DDWORDSIZE=8 -DRWORDSIZE=4 -DLWORDSIZE=4 -DNONSTANDARD_SYSTEM_FUNC  -DWRF_USE_CLM -DUSE_NETCDF4_FEATURES -DWRFIO_NCD_LARGE_FILE_SUPPORT  -DDM_PARALLEL -DNETCDF -DHDF5 -DUSE_ALLOCATABLES -DGRIB1 -DINTIO -DKEEP_INT_AROUND -DLIMIT_ARGS -DCONFIG_BUF_LEN=65536 -DMAX_DOMAINS_F=21 -DMAX_HISTORY=25 -DNMM_NEST=0  -I. -traditional -DUSE_NETCDF4_FEATURES -DWRFIO_NCD_LARGE_FILE_SUPPORT   module_shallowcu_driver.F  > module_shallowcu_driver.bb
/scratch/john.lawson/stochastic/stochWRF_3.8/tools/standard.exe module_shallowcu_driver.bb | /lib/cpp -P -traditional -DUSE_NETCDF4_FEATURES -DWRFIO_NCD_LARGE_FILE_SUPPORT > module_shallowcu_driver.f90
rm -f module_shallowcu_driver.b module_shallowcu_driver.bb
ftn -o module_shallowcu_driver.o -c -ip -O3  -w -ftz -fno-alias -align all -FR -convert big_endian    -I../dyn_em -I../dyn_nmm   -I/scratch/john.lawson/stochastic/stochWRF_3.8/external/esmf_time_f90  -I/scratch/john.lawson/stochastic/stochWRF_3.8/main -I/scratch/john.lawson/stochastic/stochWRF_3.8/external/io_netcdf -I/scratch/john.lawson/stochastic/stochWRF_3.8/external/io_int -I/scratch/john.lawson/stochastic/stochWRF_3.8/frame -I/scratch/john.lawson/stochastic/stochWRF_3.8/share -I/scratch/john.lawson/stochastic/stochWRF_3.8/phys -I/scratch/john.lawson/stochastic/stochWRF_3.8/chem -I/scratch/john.lawson/stochastic/stochWRF_3.8/inc -I/opt/cray/pe/netcdf-hdf5parallel/4.4.1.1.3/INTEL/16.0/include  -real-size `expr 8 \* 4` -i4  module_shallowcu_driver.f90
rm -f module_cumulus_driver.o
/lib/cpp -P -I/scratch/john.lawson/stochastic/stochWRF_3.8/inc -DEM_CORE=1 -DNMM_CORE=0 -DNMM_MAX_DIM=2600 -DCOAMPS_CORE=0 -DDA_CORE=0 -DEXP_CORE=0 -DIWORDSIZE=4 -DDWORDSIZE=8 -DRWORDSIZE=4 -DLWORDSIZE=4 -DNONSTANDARD_SYSTEM_FUNC  -DWRF_USE_CLM -DUSE_NETCDF4_FEATURES -DWRFIO_NCD_LARGE_FILE_SUPPORT  -DDM_PARALLEL -DNETCDF -DHDF5 -DUSE_ALLOCATABLES -DGRIB1 -DINTIO -DKEEP_INT_AROUND -DLIMIT_ARGS -DCONFIG_BUF_LEN=65536 -DMAX_DOMAINS_F=21 -DMAX_HISTORY=25 -DNMM_NEST=0  -I. -traditional -DUSE_NETCDF4_FEATURES -DWRFIO_NCD_LARGE_FILE_SUPPORT   module_cumulus_driver.F  > module_cumulus_driver.bb
/scratch/john.lawson/stochastic/stochWRF_3.8/tools/standard.exe module_cumulus_driver.bb | /lib/cpp -P -traditional -DUSE_NETCDF4_FEATURES -DWRFIO_NCD_LARGE_FILE_SUPPORT > module_cumulus_driver.f90
rm -f module_cumulus_driver.b module_cumulus_driver.bb
ftn -o module_cumulus_driver.o -c -ip -O3  -w -ftz -fno-alias -align all -FR -convert big_endian    -I../dyn_em -I../dyn_nmm   -I/scratch/john.lawson/stochastic/stochWRF_3.8/external/esmf_time_f90  -I/scratch/john.lawson/stochastic/stochWRF_3.8/main -I/scratch/john.lawson/stochastic/stochWRF_3.8/external/io_netcdf -I/scratch/john.lawson/stochastic/stochWRF_3.8/external/io_int -I/scratch/john.lawson/stochastic/stochWRF_3.8/frame -I/scratch/john.lawson/stochastic/stochWRF_3.8/share -I/scratch/john.lawson/stochastic/stochWRF_3.8/phys -I/scratch/john.lawson/stochastic/stochWRF_3.8/chem -I/scratch/john.lawson/stochastic/stochWRF_3.8/inc -I/opt/cray/pe/netcdf-hdf5parallel/4.4.1.1.3/INTEL/16.0/include  -real-size `expr 8 \* 4` -i4  module_cumulus_driver.f90
rm -f module_physics_init.o
rm -f module_surface_driver.o
/lib/cpp -P -I/scratch/john.lawson/stochastic/stochWRF_3.8/inc -DEM_CORE=1 -DNMM_CORE=0 -DNMM_MAX_DIM=2600 -DCOAMPS_CORE=0 -DDA_CORE=0 -DEXP_CORE=0 -DIWORDSIZE=4 -DDWORDSIZE=8 -DRWORDSIZE=4 -DLWORDSIZE=4 -DNONSTANDARD_SYSTEM_FUNC  -DWRF_USE_CLM -DUSE_NETCDF4_FEATURES -DWRFIO_NCD_LARGE_FILE_SUPPORT  -DDM_PARALLEL -DNETCDF -DHDF5 -DUSE_ALLOCATABLES -DGRIB1 -DINTIO -DKEEP_INT_AROUND -DLIMIT_ARGS -DCONFIG_BUF_LEN=65536 -DMAX_DOMAINS_F=21 -DMAX_HISTORY=25 -DNMM_NEST=0  -I. -traditional -DUSE_NETCDF4_FEATURES -DWRFIO_NCD_LARGE_FILE_SUPPORT   module_physics_init.F  > module_physics_init.bb
/lib/cpp -P -I/scratch/john.lawson/stochastic/stochWRF_3.8/inc -DEM_CORE=1 -DNMM_CORE=0 -DNMM_MAX_DIM=2600 -DCOAMPS_CORE=0 -DDA_CORE=0 -DEXP_CORE=0 -DIWORDSIZE=4 -DDWORDSIZE=8 -DRWORDSIZE=4 -DLWORDSIZE=4 -DNONSTANDARD_SYSTEM_FUNC  -DWRF_USE_CLM -DUSE_NETCDF4_FEATURES -DWRFIO_NCD_LARGE_FILE_SUPPORT  -DDM_PARALLEL -DNETCDF -DHDF5 -DUSE_ALLOCATABLES -DGRIB1 -DINTIO -DKEEP_INT_AROUND -DLIMIT_ARGS -DCONFIG_BUF_LEN=65536 -DMAX_DOMAINS_F=21 -DMAX_HISTORY=25 -DNMM_NEST=0  -I. -traditional -DUSE_NETCDF4_FEATURES -DWRFIO_NCD_LARGE_FILE_SUPPORT   module_surface_driver.F  > module_surface_driver.bb
/scratch/john.lawson/stochastic/stochWRF_3.8/tools/standard.exe module_surface_driver.bb | /lib/cpp -P -traditional -DUSE_NETCDF4_FEATURES -DWRFIO_NCD_LARGE_FILE_SUPPORT > module_surface_driver.f90
/scratch/john.lawson/stochastic/stochWRF_3.8/tools/standard.exe module_physics_init.bb | /lib/cpp -P -traditional -DUSE_NETCDF4_FEATURES -DWRFIO_NCD_LARGE_FILE_SUPPORT > module_physics_init.f90
rm -f module_surface_driver.b module_surface_driver.bb
ftn -o module_surface_driver.o -c -ip -O3  -w -ftz -fno-alias -align all -FR -convert big_endian    -I../dyn_em -I../dyn_nmm   -I/scratch/john.lawson/stochastic/stochWRF_3.8/external/esmf_time_f90  -I/scratch/john.lawson/stochastic/stochWRF_3.8/main -I/scratch/john.lawson/stochastic/stochWRF_3.8/external/io_netcdf -I/scratch/john.lawson/stochastic/stochWRF_3.8/external/io_int -I/scratch/john.lawson/stochastic/stochWRF_3.8/frame -I/scratch/john.lawson/stochastic/stochWRF_3.8/share -I/scratch/john.lawson/stochastic/stochWRF_3.8/phys -I/scratch/john.lawson/stochastic/stochWRF_3.8/chem -I/scratch/john.lawson/stochastic/stochWRF_3.8/inc -I/opt/cray/pe/netcdf-hdf5parallel/4.4.1.1.3/INTEL/16.0/include  -real-size `expr 8 \* 4` -i4  module_surface_driver.f90
rm -f module_physics_init.b module_physics_init.bb
ftn -c -real-size `expr 8 \* 4` -i4  -O0 -fno-inline -fno-ip -w -ftz -fno-alias -align all -FR -convert big_endian   -I../dyn_em -I../dyn_nmm   -I/scratch/john.lawson/stochastic/stochWRF_3.8/external/esmf_time_f90  -I/scratch/john.lawson/stochastic/stochWRF_3.8/main -I/scratch/john.lawson/stochastic/stochWRF_3.8/external/io_netcdf -I/scratch/john.lawson/stochastic/stochWRF_3.8/external/io_int -I/scratch/john.lawson/stochastic/stochWRF_3.8/frame -I/scratch/john.lawson/stochastic/stochWRF_3.8/share -I/scratch/john.lawson/stochastic/stochWRF_3.8/phys -I/scratch/john.lawson/stochastic/stochWRF_3.8/chem -I/scratch/john.lawson/stochastic/stochWRF_3.8/inc -I/opt/cray/pe/netcdf-hdf5parallel/4.4.1.1.3/INTEL/16.0/include  module_physics_init.f90
make[3]: Leaving directory '/scratch/john.lawson/stochastic/stochWRF_3.8/phys'
make[2]: Leaving directory '/scratch/john.lawson/stochastic/stochWRF_3.8/phys'
make[1]: Leaving directory '/scratch/john.lawson/stochastic/stochWRF_3.8'
if [ 0  -eq 1 ]    ; then make -i -r MODULE_DIRS="-I../dyn_em -I../dyn_nmm   -I/scratch/john.lawson/stochastic/stochWRF_3.8/external/esmf_time_f90  -I/scratch/john.lawson/stochastic/stochWRF_3.8/main -I/scratch/john.lawson/stochastic/stochWRF_3.8/external/io_netcdf -I/scratch/john.lawson/stochastic/stochWRF_3.8/external/io_int -I/scratch/john.lawson/stochastic/stochWRF_3.8/frame -I/scratch/john.lawson/stochastic/stochWRF_3.8/share -I/scratch/john.lawson/stochastic/stochWRF_3.8/phys -I/scratch/john.lawson/stochastic/stochWRF_3.8/chem -I/scratch/john.lawson/stochastic/stochWRF_3.8/inc -I/opt/cray/pe/netcdf-hdf5parallel/4.4.1.1.3/INTEL/16.0/include " chemics ; fi
if [ 1 -eq 1 ]    ; then make -i -r MODULE_DIRS="-I../dyn_em -I../dyn_nmm   -I/scratch/john.lawson/stochastic/stochWRF_3.8/external/esmf_time_f90  -I/scratch/john.lawson/stochastic/stochWRF_3.8/main -I/scratch/john.lawson/stochastic/stochWRF_3.8/external/io_netcdf -I/scratch/john.lawson/stochastic/stochWRF_3.8/external/io_int -I/scratch/john.lawson/stochastic/stochWRF_3.8/frame -I/scratch/john.lawson/stochastic/stochWRF_3.8/share -I/scratch/john.lawson/stochastic/stochWRF_3.8/phys -I/scratch/john.lawson/stochastic/stochWRF_3.8/chem -I/scratch/john.lawson/stochastic/stochWRF_3.8/inc -I/opt/cray/pe/netcdf-hdf5parallel/4.4.1.1.3/INTEL/16.0/include " em_core ; fi
make[1]: Entering directory '/scratch/john.lawson/stochastic/stochWRF_3.8'
--------------------------------------
if [ 0  -eq 0 ] ; then \
	CF= ; \
else \
	CF="../chem/module_aerosols_sorgam.o ../chem/module_gocart_aerosols.o ../chem/module_mosaic_driver.o ../chem/module_input_tracer.o ../chem/module_aerosols_soa_vbs.o" ; \
fi
( cd dyn_em ; make -i -r -j 2 CF="" )
make[2]: Entering directory '/scratch/john.lawson/stochastic/stochWRF_3.8/dyn_em'
rm -f module_advect_em.o
/lib/cpp -P -I/scratch/john.lawson/stochastic/stochWRF_3.8/inc -DEM_CORE=1 -DNMM_CORE=0 -DNMM_MAX_DIM=2600 -DCOAMPS_CORE=0 -DDA_CORE=0 -DEXP_CORE=0 -DIWORDSIZE=4 -DDWORDSIZE=8 -DRWORDSIZE=4 -DLWORDSIZE=4 -DNONSTANDARD_SYSTEM_FUNC  -DWRF_USE_CLM -DUSE_NETCDF4_FEATURES -DWRFIO_NCD_LARGE_FILE_SUPPORT  -DDM_PARALLEL -DNETCDF -DHDF5 -DUSE_ALLOCATABLES -DGRIB1 -DINTIO -DKEEP_INT_AROUND -DLIMIT_ARGS -DCONFIG_BUF_LEN=65536 -DMAX_DOMAINS_F=21 -DMAX_HISTORY=25 -DNMM_NEST=0  -I. -traditional -DUSE_NETCDF4_FEATURES -DWRFIO_NCD_LARGE_FILE_SUPPORT   module_advect_em.F  > module_advect_em.bb
rm -f module_big_step_utilities_em.o
/lib/cpp -P -I/scratch/john.lawson/stochastic/stochWRF_3.8/inc -DEM_CORE=1 -DNMM_CORE=0 -DNMM_MAX_DIM=2600 -DCOAMPS_CORE=0 -DDA_CORE=0 -DEXP_CORE=0 -DIWORDSIZE=4 -DDWORDSIZE=8 -DRWORDSIZE=4 -DLWORDSIZE=4 -DNONSTANDARD_SYSTEM_FUNC  -DWRF_USE_CLM -DUSE_NETCDF4_FEATURES -DWRFIO_NCD_LARGE_FILE_SUPPORT  -DDM_PARALLEL -DNETCDF -DHDF5 -DUSE_ALLOCATABLES -DGRIB1 -DINTIO -DKEEP_INT_AROUND -DLIMIT_ARGS -DCONFIG_BUF_LEN=65536 -DMAX_DOMAINS_F=21 -DMAX_HISTORY=25 -DNMM_NEST=0  -I. -traditional -DUSE_NETCDF4_FEATURES -DWRFIO_NCD_LARGE_FILE_SUPPORT   module_big_step_utilities_em.F  > module_big_step_utilities_em.bb
/scratch/john.lawson/stochastic/stochWRF_3.8/tools/standard.exe module_big_step_utilities_em.bb | /lib/cpp -P -traditional -DUSE_NETCDF4_FEATURES -DWRFIO_NCD_LARGE_FILE_SUPPORT > module_big_step_utilities_em.f90
/scratch/john.lawson/stochastic/stochWRF_3.8/tools/standard.exe module_advect_em.bb | /lib/cpp -P -traditional -DUSE_NETCDF4_FEATURES -DWRFIO_NCD_LARGE_FILE_SUPPORT > module_advect_em.f90
rm -f module_big_step_utilities_em.b module_big_step_utilities_em.bb
rm -f module_advect_em.b module_advect_em.bb
ftn -o module_big_step_utilities_em.o -c -ip -O3  -w -ftz -fno-alias -align all -FR -convert big_endian    -I../dyn_em -I../dyn_nmm   -I/scratch/john.lawson/stochastic/stochWRF_3.8/external/esmf_time_f90  -I/scratch/john.lawson/stochastic/stochWRF_3.8/main -I/scratch/john.lawson/stochastic/stochWRF_3.8/external/io_netcdf -I/scratch/john.lawson/stochastic/stochWRF_3.8/external/io_int -I/scratch/john.lawson/stochastic/stochWRF_3.8/frame -I/scratch/john.lawson/stochastic/stochWRF_3.8/share -I/scratch/john.lawson/stochastic/stochWRF_3.8/phys -I/scratch/john.lawson/stochastic/stochWRF_3.8/chem -I/scratch/john.lawson/stochastic/stochWRF_3.8/inc -I/opt/cray/pe/netcdf-hdf5parallel/4.4.1.1.3/INTEL/16.0/include  -real-size `expr 8 \* 4` -i4  module_big_step_utilities_em.f90
ftn -o module_advect_em.o -c -ip -O3  -w -ftz -fno-alias -align all -FR -convert big_endian    -I../dyn_em -I../dyn_nmm   -I/scratch/john.lawson/stochastic/stochWRF_3.8/external/esmf_time_f90  -I/scratch/john.lawson/stochastic/stochWRF_3.8/main -I/scratch/john.lawson/stochastic/stochWRF_3.8/external/io_netcdf -I/scratch/john.lawson/stochastic/stochWRF_3.8/external/io_int -I/scratch/john.lawson/stochastic/stochWRF_3.8/frame -I/scratch/john.lawson/stochastic/stochWRF_3.8/share -I/scratch/john.lawson/stochastic/stochWRF_3.8/phys -I/scratch/john.lawson/stochastic/stochWRF_3.8/chem -I/scratch/john.lawson/stochastic/stochWRF_3.8/inc -I/opt/cray/pe/netcdf-hdf5parallel/4.4.1.1.3/INTEL/16.0/include  -real-size `expr 8 \* 4` -i4  module_advect_em.f90
rm -f module_small_step_em.o
/lib/cpp -P -I/scratch/john.lawson/stochastic/stochWRF_3.8/inc -DEM_CORE=1 -DNMM_CORE=0 -DNMM_MAX_DIM=2600 -DCOAMPS_CORE=0 -DDA_CORE=0 -DEXP_CORE=0 -DIWORDSIZE=4 -DDWORDSIZE=8 -DRWORDSIZE=4 -DLWORDSIZE=4 -DNONSTANDARD_SYSTEM_FUNC  -DWRF_USE_CLM -DUSE_NETCDF4_FEATURES -DWRFIO_NCD_LARGE_FILE_SUPPORT  -DDM_PARALLEL -DNETCDF -DHDF5 -DUSE_ALLOCATABLES -DGRIB1 -DINTIO -DKEEP_INT_AROUND -DLIMIT_ARGS -DCONFIG_BUF_LEN=65536 -DMAX_DOMAINS_F=21 -DMAX_HISTORY=25 -DNMM_NEST=0  -I. -traditional -DUSE_NETCDF4_FEATURES -DWRFIO_NCD_LARGE_FILE_SUPPORT   module_small_step_em.F  > module_small_step_em.bb
/scratch/john.lawson/stochastic/stochWRF_3.8/tools/standard.exe module_small_step_em.bb | /lib/cpp -P -traditional -DUSE_NETCDF4_FEATURES -DWRFIO_NCD_LARGE_FILE_SUPPORT > module_small_step_em.f90
rm -f module_small_step_em.b module_small_step_em.bb
ftn -o module_small_step_em.o -c -ip -O3  -w -ftz -fno-alias -align all -FR -convert big_endian    -I../dyn_em -I../dyn_nmm   -I/scratch/john.lawson/stochastic/stochWRF_3.8/external/esmf_time_f90  -I/scratch/john.lawson/stochastic/stochWRF_3.8/main -I/scratch/john.lawson/stochastic/stochWRF_3.8/external/io_netcdf -I/scratch/john.lawson/stochastic/stochWRF_3.8/external/io_int -I/scratch/john.lawson/stochastic/stochWRF_3.8/frame -I/scratch/john.lawson/stochastic/stochWRF_3.8/share -I/scratch/john.lawson/stochastic/stochWRF_3.8/phys -I/scratch/john.lawson/stochastic/stochWRF_3.8/chem -I/scratch/john.lawson/stochastic/stochWRF_3.8/inc -I/opt/cray/pe/netcdf-hdf5parallel/4.4.1.1.3/INTEL/16.0/include  -real-size `expr 8 \* 4` -i4  module_small_step_em.f90
rm -f module_damping_em.o
/lib/cpp -P -I/scratch/john.lawson/stochastic/stochWRF_3.8/inc -DEM_CORE=1 -DNMM_CORE=0 -DNMM_MAX_DIM=2600 -DCOAMPS_CORE=0 -DDA_CORE=0 -DEXP_CORE=0 -DIWORDSIZE=4 -DDWORDSIZE=8 -DRWORDSIZE=4 -DLWORDSIZE=4 -DNONSTANDARD_SYSTEM_FUNC  -DWRF_USE_CLM -DUSE_NETCDF4_FEATURES -DWRFIO_NCD_LARGE_FILE_SUPPORT  -DDM_PARALLEL -DNETCDF -DHDF5 -DUSE_ALLOCATABLES -DGRIB1 -DINTIO -DKEEP_INT_AROUND -DLIMIT_ARGS -DCONFIG_BUF_LEN=65536 -DMAX_DOMAINS_F=21 -DMAX_HISTORY=25 -DNMM_NEST=0  -I. -traditional -DUSE_NETCDF4_FEATURES -DWRFIO_NCD_LARGE_FILE_SUPPORT   module_damping_em.F  > module_damping_em.bb
/scratch/john.lawson/stochastic/stochWRF_3.8/tools/standard.exe module_damping_em.bb | /lib/cpp -P -traditional -DUSE_NETCDF4_FEATURES -DWRFIO_NCD_LARGE_FILE_SUPPORT > module_damping_em.f90
rm -f module_damping_em.b module_damping_em.bb
ftn -o module_damping_em.o -c -ip -O3  -w -ftz -fno-alias -align all -FR -convert big_endian    -I../dyn_em -I../dyn_nmm   -I/scratch/john.lawson/stochastic/stochWRF_3.8/external/esmf_time_f90  -I/scratch/john.lawson/stochastic/stochWRF_3.8/main -I/scratch/john.lawson/stochastic/stochWRF_3.8/external/io_netcdf -I/scratch/john.lawson/stochastic/stochWRF_3.8/external/io_int -I/scratch/john.lawson/stochastic/stochWRF_3.8/frame -I/scratch/john.lawson/stochastic/stochWRF_3.8/share -I/scratch/john.lawson/stochastic/stochWRF_3.8/phys -I/scratch/john.lawson/stochastic/stochWRF_3.8/chem -I/scratch/john.lawson/stochastic/stochWRF_3.8/inc -I/opt/cray/pe/netcdf-hdf5parallel/4.4.1.1.3/INTEL/16.0/include  -real-size `expr 8 \* 4` -i4  module_damping_em.f90
rm -f module_solvedebug_em.o
/lib/cpp -P -I/scratch/john.lawson/stochastic/stochWRF_3.8/inc -DEM_CORE=1 -DNMM_CORE=0 -DNMM_MAX_DIM=2600 -DCOAMPS_CORE=0 -DDA_CORE=0 -DEXP_CORE=0 -DIWORDSIZE=4 -DDWORDSIZE=8 -DRWORDSIZE=4 -DLWORDSIZE=4 -DNONSTANDARD_SYSTEM_FUNC  -DWRF_USE_CLM -DUSE_NETCDF4_FEATURES -DWRFIO_NCD_LARGE_FILE_SUPPORT  -DDM_PARALLEL -DNETCDF -DHDF5 -DUSE_ALLOCATABLES -DGRIB1 -DINTIO -DKEEP_INT_AROUND -DLIMIT_ARGS -DCONFIG_BUF_LEN=65536 -DMAX_DOMAINS_F=21 -DMAX_HISTORY=25 -DNMM_NEST=0  -I. -traditional -DUSE_NETCDF4_FEATURES -DWRFIO_NCD_LARGE_FILE_SUPPORT   module_solvedebug_em.F  > module_solvedebug_em.bb
/scratch/john.lawson/stochastic/stochWRF_3.8/tools/standard.exe module_solvedebug_em.bb | /lib/cpp -P -traditional -DUSE_NETCDF4_FEATURES -DWRFIO_NCD_LARGE_FILE_SUPPORT > module_solvedebug_em.f90
rm -f module_solvedebug_em.b module_solvedebug_em.bb
ftn -o module_solvedebug_em.o -c -ip -O3  -w -ftz -fno-alias -align all -FR -convert big_endian    -I../dyn_em -I../dyn_nmm   -I/scratch/john.lawson/stochastic/stochWRF_3.8/external/esmf_time_f90  -I/scratch/john.lawson/stochastic/stochWRF_3.8/main -I/scratch/john.lawson/stochastic/stochWRF_3.8/external/io_netcdf -I/scratch/john.lawson/stochastic/stochWRF_3.8/external/io_int -I/scratch/john.lawson/stochastic/stochWRF_3.8/frame -I/scratch/john.lawson/stochastic/stochWRF_3.8/share -I/scratch/john.lawson/stochastic/stochWRF_3.8/phys -I/scratch/john.lawson/stochastic/stochWRF_3.8/chem -I/scratch/john.lawson/stochastic/stochWRF_3.8/inc -I/opt/cray/pe/netcdf-hdf5parallel/4.4.1.1.3/INTEL/16.0/include  -real-size `expr 8 \* 4` -i4  module_solvedebug_em.f90
rm -f module_bc_em.o
/lib/cpp -P -I/scratch/john.lawson/stochastic/stochWRF_3.8/inc -DEM_CORE=1 -DNMM_CORE=0 -DNMM_MAX_DIM=2600 -DCOAMPS_CORE=0 -DDA_CORE=0 -DEXP_CORE=0 -DIWORDSIZE=4 -DDWORDSIZE=8 -DRWORDSIZE=4 -DLWORDSIZE=4 -DNONSTANDARD_SYSTEM_FUNC  -DWRF_USE_CLM -DUSE_NETCDF4_FEATURES -DWRFIO_NCD_LARGE_FILE_SUPPORT  -DDM_PARALLEL -DNETCDF -DHDF5 -DUSE_ALLOCATABLES -DGRIB1 -DINTIO -DKEEP_INT_AROUND -DLIMIT_ARGS -DCONFIG_BUF_LEN=65536 -DMAX_DOMAINS_F=21 -DMAX_HISTORY=25 -DNMM_NEST=0  -I. -traditional -DUSE_NETCDF4_FEATURES -DWRFIO_NCD_LARGE_FILE_SUPPORT   module_bc_em.F  > module_bc_em.bb
/scratch/john.lawson/stochastic/stochWRF_3.8/tools/standard.exe module_bc_em.bb | /lib/cpp -P -traditional -DUSE_NETCDF4_FEATURES -DWRFIO_NCD_LARGE_FILE_SUPPORT > module_bc_em.f90
rm -f module_bc_em.b module_bc_em.bb
ftn -o module_bc_em.o -c -ip -O3  -w -ftz -fno-alias -align all -FR -convert big_endian    -I../dyn_em -I../dyn_nmm   -I/scratch/john.lawson/stochastic/stochWRF_3.8/external/esmf_time_f90  -I/scratch/john.lawson/stochastic/stochWRF_3.8/main -I/scratch/john.lawson/stochastic/stochWRF_3.8/external/io_netcdf -I/scratch/john.lawson/stochastic/stochWRF_3.8/external/io_int -I/scratch/john.lawson/stochastic/stochWRF_3.8/frame -I/scratch/john.lawson/stochastic/stochWRF_3.8/share -I/scratch/john.lawson/stochastic/stochWRF_3.8/phys -I/scratch/john.lawson/stochastic/stochWRF_3.8/chem -I/scratch/john.lawson/stochastic/stochWRF_3.8/inc -I/opt/cray/pe/netcdf-hdf5parallel/4.4.1.1.3/INTEL/16.0/include  -real-size `expr 8 \* 4` -i4  module_bc_em.f90
rm -f module_init_utilities.o
/lib/cpp -P -I/scratch/john.lawson/stochastic/stochWRF_3.8/inc -DEM_CORE=1 -DNMM_CORE=0 -DNMM_MAX_DIM=2600 -DCOAMPS_CORE=0 -DDA_CORE=0 -DEXP_CORE=0 -DIWORDSIZE=4 -DDWORDSIZE=8 -DRWORDSIZE=4 -DLWORDSIZE=4 -DNONSTANDARD_SYSTEM_FUNC  -DWRF_USE_CLM -DUSE_NETCDF4_FEATURES -DWRFIO_NCD_LARGE_FILE_SUPPORT  -DDM_PARALLEL -DNETCDF -DHDF5 -DUSE_ALLOCATABLES -DGRIB1 -DINTIO -DKEEP_INT_AROUND -DLIMIT_ARGS -DCONFIG_BUF_LEN=65536 -DMAX_DOMAINS_F=21 -DMAX_HISTORY=25 -DNMM_NEST=0  -I. -traditional -DUSE_NETCDF4_FEATURES -DWRFIO_NCD_LARGE_FILE_SUPPORT   module_init_utilities.F  > module_init_utilities.bb
/scratch/john.lawson/stochastic/stochWRF_3.8/tools/standard.exe module_init_utilities.bb | /lib/cpp -P -traditional -DUSE_NETCDF4_FEATURES -DWRFIO_NCD_LARGE_FILE_SUPPORT > module_init_utilities.f90
rm -f module_init_utilities.b module_init_utilities.bb
ftn -o module_init_utilities.o -c -ip -O3  -w -ftz -fno-alias -align all -FR -convert big_endian    -I../dyn_em -I../dyn_nmm   -I/scratch/john.lawson/stochastic/stochWRF_3.8/external/esmf_time_f90  -I/scratch/john.lawson/stochastic/stochWRF_3.8/main -I/scratch/john.lawson/stochastic/stochWRF_3.8/external/io_netcdf -I/scratch/john.lawson/stochastic/stochWRF_3.8/external/io_int -I/scratch/john.lawson/stochastic/stochWRF_3.8/frame -I/scratch/john.lawson/stochastic/stochWRF_3.8/share -I/scratch/john.lawson/stochastic/stochWRF_3.8/phys -I/scratch/john.lawson/stochastic/stochWRF_3.8/chem -I/scratch/john.lawson/stochastic/stochWRF_3.8/inc -I/opt/cray/pe/netcdf-hdf5parallel/4.4.1.1.3/INTEL/16.0/include  -real-size `expr 8 \* 4` -i4  module_init_utilities.f90
rm -f module_wps_io_arw.o
/scratch/john.lawson/stochastic/stochWRF_3.8/tools/standard.exe module_wps_io_arw.F > module_wps_io_arw.b 
/lib/cpp -P -I/scratch/john.lawson/stochastic/stochWRF_3.8/inc -DEM_CORE=1 -DNMM_CORE=0 -DNMM_MAX_DIM=2600 -DCOAMPS_CORE=0 -DDA_CORE=0 -DEXP_CORE=0 -DIWORDSIZE=4 -DDWORDSIZE=8 -DRWORDSIZE=4 -DLWORDSIZE=4 -DNONSTANDARD_SYSTEM_FUNC  -DWRF_USE_CLM -DUSE_NETCDF4_FEATURES -DWRFIO_NCD_LARGE_FILE_SUPPORT  -DDM_PARALLEL -DNETCDF -DHDF5 -DUSE_ALLOCATABLES -DGRIB1 -DINTIO -DKEEP_INT_AROUND -DLIMIT_ARGS -DCONFIG_BUF_LEN=65536 -DMAX_DOMAINS_F=21 -DMAX_HISTORY=25 -DNMM_NEST=0  -I. -traditional -DUSE_NETCDF4_FEATURES -DWRFIO_NCD_LARGE_FILE_SUPPORT   module_wps_io_arw.b  > module_wps_io_arw.f90
rm -f module_wps_io_arw.b
if fgrep -iq '!$OMP' module_wps_io_arw.f90 ; then \
          if [ -n "" ] ; then echo COMPILING module_wps_io_arw.F WITH OMP ; fi ; \
  ftn -c -real-size `expr 8 \* 4` -i4 -O0 -fno-inline -fno-ip -w -ftz -fno-alias -align all -FR -convert big_endian   -I../dyn_em -I../dyn_nmm   -I/scratch/john.lawson/stochastic/stochWRF_3.8/external/esmf_time_f90  -I/scratch/john.lawson/stochastic/stochWRF_3.8/main -I/scratch/john.lawson/stochastic/stochWRF_3.8/external/io_netcdf -I/scratch/john.lawson/stochastic/stochWRF_3.8/external/io_int -I/scratch/john.lawson/stochastic/stochWRF_3.8/frame -I/scratch/john.lawson/stochastic/stochWRF_3.8/share -I/scratch/john.lawson/stochastic/stochWRF_3.8/phys -I/scratch/john.lawson/stochastic/stochWRF_3.8/chem -I/scratch/john.lawson/stochastic/stochWRF_3.8/inc -I/opt/cray/pe/netcdf-hdf5parallel/4.4.1.1.3/INTEL/16.0/include    module_wps_io_arw.f90 ; \
        else \
          if [ -n "" ] ; then echo COMPILING module_wps_io_arw.F WITHOUT OMP ; fi ; \
  ftn -c -real-size `expr 8 \* 4` -i4 -O0 -fno-inline -fno-ip -w -ftz -fno-alias -align all -FR -convert big_endian   -I../dyn_em -I../dyn_nmm   -I/scratch/john.lawson/stochastic/stochWRF_3.8/external/esmf_time_f90  -I/scratch/john.lawson/stochastic/stochWRF_3.8/main -I/scratch/john.lawson/stochastic/stochWRF_3.8/external/io_netcdf -I/scratch/john.lawson/stochastic/stochWRF_3.8/external/io_int -I/scratch/john.lawson/stochastic/stochWRF_3.8/frame -I/scratch/john.lawson/stochastic/stochWRF_3.8/share -I/scratch/john.lawson/stochastic/stochWRF_3.8/phys -I/scratch/john.lawson/stochastic/stochWRF_3.8/chem -I/scratch/john.lawson/stochastic/stochWRF_3.8/inc -I/opt/cray/pe/netcdf-hdf5parallel/4.4.1.1.3/INTEL/16.0/include   module_wps_io_arw.f90 ; \
        fi
rm -f module_polarfft.o
/lib/cpp -P -I/scratch/john.lawson/stochastic/stochWRF_3.8/inc -DEM_CORE=1 -DNMM_CORE=0 -DNMM_MAX_DIM=2600 -DCOAMPS_CORE=0 -DDA_CORE=0 -DEXP_CORE=0 -DIWORDSIZE=4 -DDWORDSIZE=8 -DRWORDSIZE=4 -DLWORDSIZE=4 -DNONSTANDARD_SYSTEM_FUNC  -DWRF_USE_CLM -DUSE_NETCDF4_FEATURES -DWRFIO_NCD_LARGE_FILE_SUPPORT  -DDM_PARALLEL -DNETCDF -DHDF5 -DUSE_ALLOCATABLES -DGRIB1 -DINTIO -DKEEP_INT_AROUND -DLIMIT_ARGS -DCONFIG_BUF_LEN=65536 -DMAX_DOMAINS_F=21 -DMAX_HISTORY=25 -DNMM_NEST=0  -I. -traditional -DUSE_NETCDF4_FEATURES -DWRFIO_NCD_LARGE_FILE_SUPPORT   module_polarfft.F  > module_polarfft.bb
/scratch/john.lawson/stochastic/stochWRF_3.8/tools/standard.exe module_polarfft.bb | /lib/cpp -P -traditional -DUSE_NETCDF4_FEATURES -DWRFIO_NCD_LARGE_FILE_SUPPORT > module_polarfft.f90
rm -f module_polarfft.b module_polarfft.bb
ftn -o module_polarfft.o -c -ip -O3  -w -ftz -fno-alias -align all -FR -convert big_endian    -I../dyn_em -I../dyn_nmm   -I/scratch/john.lawson/stochastic/stochWRF_3.8/external/esmf_time_f90  -I/scratch/john.lawson/stochastic/stochWRF_3.8/main -I/scratch/john.lawson/stochastic/stochWRF_3.8/external/io_netcdf -I/scratch/john.lawson/stochastic/stochWRF_3.8/external/io_int -I/scratch/john.lawson/stochastic/stochWRF_3.8/frame -I/scratch/john.lawson/stochastic/stochWRF_3.8/share -I/scratch/john.lawson/stochastic/stochWRF_3.8/phys -I/scratch/john.lawson/stochastic/stochWRF_3.8/chem -I/scratch/john.lawson/stochastic/stochWRF_3.8/inc -I/opt/cray/pe/netcdf-hdf5parallel/4.4.1.1.3/INTEL/16.0/include  -real-size `expr 8 \* 4` -i4  module_polarfft.f90
rm -f module_force_scm.o
/lib/cpp -P -I/scratch/john.lawson/stochastic/stochWRF_3.8/inc -DEM_CORE=1 -DNMM_CORE=0 -DNMM_MAX_DIM=2600 -DCOAMPS_CORE=0 -DDA_CORE=0 -DEXP_CORE=0 -DIWORDSIZE=4 -DDWORDSIZE=8 -DRWORDSIZE=4 -DLWORDSIZE=4 -DNONSTANDARD_SYSTEM_FUNC  -DWRF_USE_CLM -DUSE_NETCDF4_FEATURES -DWRFIO_NCD_LARGE_FILE_SUPPORT  -DDM_PARALLEL -DNETCDF -DHDF5 -DUSE_ALLOCATABLES -DGRIB1 -DINTIO -DKEEP_INT_AROUND -DLIMIT_ARGS -DCONFIG_BUF_LEN=65536 -DMAX_DOMAINS_F=21 -DMAX_HISTORY=25 -DNMM_NEST=0  -I. -traditional -DUSE_NETCDF4_FEATURES -DWRFIO_NCD_LARGE_FILE_SUPPORT   module_force_scm.F  > module_force_scm.bb
/scratch/john.lawson/stochastic/stochWRF_3.8/tools/standard.exe module_force_scm.bb | /lib/cpp -P -traditional -DUSE_NETCDF4_FEATURES -DWRFIO_NCD_LARGE_FILE_SUPPORT > module_force_scm.f90
rm -f module_force_scm.b module_force_scm.bb
ftn -o module_force_scm.o -c -ip -O3  -w -ftz -fno-alias -align all -FR -convert big_endian    -I../dyn_em -I../dyn_nmm   -I/scratch/john.lawson/stochastic/stochWRF_3.8/external/esmf_time_f90  -I/scratch/john.lawson/stochastic/stochWRF_3.8/main -I/scratch/john.lawson/stochastic/stochWRF_3.8/external/io_netcdf -I/scratch/john.lawson/stochastic/stochWRF_3.8/external/io_int -I/scratch/john.lawson/stochastic/stochWRF_3.8/frame -I/scratch/john.lawson/stochastic/stochWRF_3.8/share -I/scratch/john.lawson/stochastic/stochWRF_3.8/phys -I/scratch/john.lawson/stochastic/stochWRF_3.8/chem -I/scratch/john.lawson/stochastic/stochWRF_3.8/inc -I/opt/cray/pe/netcdf-hdf5parallel/4.4.1.1.3/INTEL/16.0/include  -real-size `expr 8 \* 4` -i4  module_force_scm.f90
rm -f module_convtrans_prep.o
/lib/cpp -P -I/scratch/john.lawson/stochastic/stochWRF_3.8/inc -DEM_CORE=1 -DNMM_CORE=0 -DNMM_MAX_DIM=2600 -DCOAMPS_CORE=0 -DDA_CORE=0 -DEXP_CORE=0 -DIWORDSIZE=4 -DDWORDSIZE=8 -DRWORDSIZE=4 -DLWORDSIZE=4 -DNONSTANDARD_SYSTEM_FUNC  -DWRF_USE_CLM -DUSE_NETCDF4_FEATURES -DWRFIO_NCD_LARGE_FILE_SUPPORT  -DDM_PARALLEL -DNETCDF -DHDF5 -DUSE_ALLOCATABLES -DGRIB1 -DINTIO -DKEEP_INT_AROUND -DLIMIT_ARGS -DCONFIG_BUF_LEN=65536 -DMAX_DOMAINS_F=21 -DMAX_HISTORY=25 -DNMM_NEST=0  -I. -traditional -DUSE_NETCDF4_FEATURES -DWRFIO_NCD_LARGE_FILE_SUPPORT   module_convtrans_prep.F  > module_convtrans_prep.bb
/scratch/john.lawson/stochastic/stochWRF_3.8/tools/standard.exe module_convtrans_prep.bb | /lib/cpp -P -traditional -DUSE_NETCDF4_FEATURES -DWRFIO_NCD_LARGE_FILE_SUPPORT > module_convtrans_prep.f90
rm -f module_convtrans_prep.b module_convtrans_prep.bb
ftn -o module_convtrans_prep.o -c -ip -O3  -w -ftz -fno-alias -align all -FR -convert big_endian    -I../dyn_em -I../dyn_nmm   -I/scratch/john.lawson/stochastic/stochWRF_3.8/external/esmf_time_f90  -I/scratch/john.lawson/stochastic/stochWRF_3.8/main -I/scratch/john.lawson/stochastic/stochWRF_3.8/external/io_netcdf -I/scratch/john.lawson/stochastic/stochWRF_3.8/external/io_int -I/scratch/john.lawson/stochastic/stochWRF_3.8/frame -I/scratch/john.lawson/stochastic/stochWRF_3.8/share -I/scratch/john.lawson/stochastic/stochWRF_3.8/phys -I/scratch/john.lawson/stochastic/stochWRF_3.8/chem -I/scratch/john.lawson/stochastic/stochWRF_3.8/inc -I/opt/cray/pe/netcdf-hdf5parallel/4.4.1.1.3/INTEL/16.0/include  -real-size `expr 8 \* 4` -i4  module_convtrans_prep.f90
rm -f module_stoch.o
/lib/cpp -P -I/scratch/john.lawson/stochastic/stochWRF_3.8/inc -DEM_CORE=1 -DNMM_CORE=0 -DNMM_MAX_DIM=2600 -DCOAMPS_CORE=0 -DDA_CORE=0 -DEXP_CORE=0 -DIWORDSIZE=4 -DDWORDSIZE=8 -DRWORDSIZE=4 -DLWORDSIZE=4 -DNONSTANDARD_SYSTEM_FUNC  -DWRF_USE_CLM -DUSE_NETCDF4_FEATURES -DWRFIO_NCD_LARGE_FILE_SUPPORT  -DDM_PARALLEL -DNETCDF -DHDF5 -DUSE_ALLOCATABLES -DGRIB1 -DINTIO -DKEEP_INT_AROUND -DLIMIT_ARGS -DCONFIG_BUF_LEN=65536 -DMAX_DOMAINS_F=21 -DMAX_HISTORY=25 -DNMM_NEST=0  -I. -traditional -DUSE_NETCDF4_FEATURES -DWRFIO_NCD_LARGE_FILE_SUPPORT   module_stoch.F  > module_stoch.bb
/scratch/john.lawson/stochastic/stochWRF_3.8/tools/standard.exe module_stoch.bb | /lib/cpp -P -traditional -DUSE_NETCDF4_FEATURES -DWRFIO_NCD_LARGE_FILE_SUPPORT > module_stoch.f90
rm -f module_stoch.b module_stoch.bb
ftn -o module_stoch.o -c -ip -O3  -w -ftz -fno-alias -align all -FR -convert big_endian    -I../dyn_em -I../dyn_nmm   -I/scratch/john.lawson/stochastic/stochWRF_3.8/external/esmf_time_f90  -I/scratch/john.lawson/stochastic/stochWRF_3.8/main -I/scratch/john.lawson/stochastic/stochWRF_3.8/external/io_netcdf -I/scratch/john.lawson/stochastic/stochWRF_3.8/external/io_int -I/scratch/john.lawson/stochastic/stochWRF_3.8/frame -I/scratch/john.lawson/stochastic/stochWRF_3.8/share -I/scratch/john.lawson/stochastic/stochWRF_3.8/phys -I/scratch/john.lawson/stochastic/stochWRF_3.8/chem -I/scratch/john.lawson/stochastic/stochWRF_3.8/inc -I/opt/cray/pe/netcdf-hdf5parallel/4.4.1.1.3/INTEL/16.0/include  -real-size `expr 8 \* 4` -i4  module_stoch.f90
rm -f module_sfs_nba.o
/lib/cpp -P -I/scratch/john.lawson/stochastic/stochWRF_3.8/inc -DEM_CORE=1 -DNMM_CORE=0 -DNMM_MAX_DIM=2600 -DCOAMPS_CORE=0 -DDA_CORE=0 -DEXP_CORE=0 -DIWORDSIZE=4 -DDWORDSIZE=8 -DRWORDSIZE=4 -DLWORDSIZE=4 -DNONSTANDARD_SYSTEM_FUNC  -DWRF_USE_CLM -DUSE_NETCDF4_FEATURES -DWRFIO_NCD_LARGE_FILE_SUPPORT  -DDM_PARALLEL -DNETCDF -DHDF5 -DUSE_ALLOCATABLES -DGRIB1 -DINTIO -DKEEP_INT_AROUND -DLIMIT_ARGS -DCONFIG_BUF_LEN=65536 -DMAX_DOMAINS_F=21 -DMAX_HISTORY=25 -DNMM_NEST=0  -I. -traditional -DUSE_NETCDF4_FEATURES -DWRFIO_NCD_LARGE_FILE_SUPPORT   module_sfs_nba.F  > module_sfs_nba.bb
/scratch/john.lawson/stochastic/stochWRF_3.8/tools/standard.exe module_sfs_nba.bb | /lib/cpp -P -traditional -DUSE_NETCDF4_FEATURES -DWRFIO_NCD_LARGE_FILE_SUPPORT > module_sfs_nba.f90
rm -f module_sfs_nba.b module_sfs_nba.bb
ftn -o module_sfs_nba.o -c -ip -O3  -w -ftz -fno-alias -align all -FR -convert big_endian    -I../dyn_em -I../dyn_nmm   -I/scratch/john.lawson/stochastic/stochWRF_3.8/external/esmf_time_f90  -I/scratch/john.lawson/stochastic/stochWRF_3.8/main -I/scratch/john.lawson/stochastic/stochWRF_3.8/external/io_netcdf -I/scratch/john.lawson/stochastic/stochWRF_3.8/external/io_int -I/scratch/john.lawson/stochastic/stochWRF_3.8/frame -I/scratch/john.lawson/stochastic/stochWRF_3.8/share -I/scratch/john.lawson/stochastic/stochWRF_3.8/phys -I/scratch/john.lawson/stochastic/stochWRF_3.8/chem -I/scratch/john.lawson/stochastic/stochWRF_3.8/inc -I/opt/cray/pe/netcdf-hdf5parallel/4.4.1.1.3/INTEL/16.0/include  -real-size `expr 8 \* 4` -i4  module_sfs_nba.f90
rm -f module_avgflx_em.o
/lib/cpp -P -I/scratch/john.lawson/stochastic/stochWRF_3.8/inc -DEM_CORE=1 -DNMM_CORE=0 -DNMM_MAX_DIM=2600 -DCOAMPS_CORE=0 -DDA_CORE=0 -DEXP_CORE=0 -DIWORDSIZE=4 -DDWORDSIZE=8 -DRWORDSIZE=4 -DLWORDSIZE=4 -DNONSTANDARD_SYSTEM_FUNC  -DWRF_USE_CLM -DUSE_NETCDF4_FEATURES -DWRFIO_NCD_LARGE_FILE_SUPPORT  -DDM_PARALLEL -DNETCDF -DHDF5 -DUSE_ALLOCATABLES -DGRIB1 -DINTIO -DKEEP_INT_AROUND -DLIMIT_ARGS -DCONFIG_BUF_LEN=65536 -DMAX_DOMAINS_F=21 -DMAX_HISTORY=25 -DNMM_NEST=0  -I. -traditional -DUSE_NETCDF4_FEATURES -DWRFIO_NCD_LARGE_FILE_SUPPORT   module_avgflx_em.F  > module_avgflx_em.bb
/scratch/john.lawson/stochastic/stochWRF_3.8/tools/standard.exe module_avgflx_em.bb | /lib/cpp -P -traditional -DUSE_NETCDF4_FEATURES -DWRFIO_NCD_LARGE_FILE_SUPPORT > module_avgflx_em.f90
rm -f module_avgflx_em.b module_avgflx_em.bb
ftn -o module_avgflx_em.o -c -ip -O3  -w -ftz -fno-alias -align all -FR -convert big_endian    -I../dyn_em -I../dyn_nmm   -I/scratch/john.lawson/stochastic/stochWRF_3.8/external/esmf_time_f90  -I/scratch/john.lawson/stochastic/stochWRF_3.8/main -I/scratch/john.lawson/stochastic/stochWRF_3.8/external/io_netcdf -I/scratch/john.lawson/stochastic/stochWRF_3.8/external/io_int -I/scratch/john.lawson/stochastic/stochWRF_3.8/frame -I/scratch/john.lawson/stochastic/stochWRF_3.8/share -I/scratch/john.lawson/stochastic/stochWRF_3.8/phys -I/scratch/john.lawson/stochastic/stochWRF_3.8/chem -I/scratch/john.lawson/stochastic/stochWRF_3.8/inc -I/opt/cray/pe/netcdf-hdf5parallel/4.4.1.1.3/INTEL/16.0/include  -real-size `expr 8 \* 4` -i4  module_avgflx_em.f90
rm -f module_after_all_rk_steps.o
/lib/cpp -P -I/scratch/john.lawson/stochastic/stochWRF_3.8/inc -DEM_CORE=1 -DNMM_CORE=0 -DNMM_MAX_DIM=2600 -DCOAMPS_CORE=0 -DDA_CORE=0 -DEXP_CORE=0 -DIWORDSIZE=4 -DDWORDSIZE=8 -DRWORDSIZE=4 -DLWORDSIZE=4 -DNONSTANDARD_SYSTEM_FUNC  -DWRF_USE_CLM -DUSE_NETCDF4_FEATURES -DWRFIO_NCD_LARGE_FILE_SUPPORT  -DDM_PARALLEL -DNETCDF -DHDF5 -DUSE_ALLOCATABLES -DGRIB1 -DINTIO -DKEEP_INT_AROUND -DLIMIT_ARGS -DCONFIG_BUF_LEN=65536 -DMAX_DOMAINS_F=21 -DMAX_HISTORY=25 -DNMM_NEST=0  -I. -traditional -DUSE_NETCDF4_FEATURES -DWRFIO_NCD_LARGE_FILE_SUPPORT   module_after_all_rk_steps.F  > module_after_all_rk_steps.bb
/scratch/john.lawson/stochastic/stochWRF_3.8/tools/standard.exe module_after_all_rk_steps.bb | /lib/cpp -P -traditional -DUSE_NETCDF4_FEATURES -DWRFIO_NCD_LARGE_FILE_SUPPORT > module_after_all_rk_steps.f90
rm -f module_after_all_rk_steps.b module_after_all_rk_steps.bb
ftn -o module_after_all_rk_steps.o -c -ip -O3  -w -ftz -fno-alias -align all -FR -convert big_endian    -I../dyn_em -I../dyn_nmm   -I/scratch/john.lawson/stochastic/stochWRF_3.8/external/esmf_time_f90  -I/scratch/john.lawson/stochastic/stochWRF_3.8/main -I/scratch/john.lawson/stochastic/stochWRF_3.8/external/io_netcdf -I/scratch/john.lawson/stochastic/stochWRF_3.8/external/io_int -I/scratch/john.lawson/stochastic/stochWRF_3.8/frame -I/scratch/john.lawson/stochastic/stochWRF_3.8/share -I/scratch/john.lawson/stochastic/stochWRF_3.8/phys -I/scratch/john.lawson/stochastic/stochWRF_3.8/chem -I/scratch/john.lawson/stochastic/stochWRF_3.8/inc -I/opt/cray/pe/netcdf-hdf5parallel/4.4.1.1.3/INTEL/16.0/include  -real-size `expr 8 \* 4` -i4  module_after_all_rk_steps.f90
rm -f init_modules_em.o
/scratch/john.lawson/stochastic/stochWRF_3.8/tools/standard.exe init_modules_em.F > init_modules_em.b 
/lib/cpp -P -I/scratch/john.lawson/stochastic/stochWRF_3.8/inc -DEM_CORE=1 -DNMM_CORE=0 -DNMM_MAX_DIM=2600 -DCOAMPS_CORE=0 -DDA_CORE=0 -DEXP_CORE=0 -DIWORDSIZE=4 -DDWORDSIZE=8 -DRWORDSIZE=4 -DLWORDSIZE=4 -DNONSTANDARD_SYSTEM_FUNC  -DWRF_USE_CLM -DUSE_NETCDF4_FEATURES -DWRFIO_NCD_LARGE_FILE_SUPPORT  -DDM_PARALLEL -DNETCDF -DHDF5 -DUSE_ALLOCATABLES -DGRIB1 -DINTIO -DKEEP_INT_AROUND -DLIMIT_ARGS -DCONFIG_BUF_LEN=65536 -DMAX_DOMAINS_F=21 -DMAX_HISTORY=25 -DNMM_NEST=0  -I. -traditional -DUSE_NETCDF4_FEATURES -DWRFIO_NCD_LARGE_FILE_SUPPORT   init_modules_em.b  > init_modules_em.f90
rm -f init_modules_em.b
if fgrep -iq '!$OMP' init_modules_em.f90 ; then \
          if [ -n "" ] ; then echo COMPILING init_modules_em.F WITH OMP ; fi ; \
  ftn -c -real-size `expr 8 \* 4` -i4 -O0 -fno-inline -fno-ip -w -ftz -fno-alias -align all -FR -convert big_endian   -I../dyn_em -I../dyn_nmm   -I/scratch/john.lawson/stochastic/stochWRF_3.8/external/esmf_time_f90  -I/scratch/john.lawson/stochastic/stochWRF_3.8/main -I/scratch/john.lawson/stochastic/stochWRF_3.8/external/io_netcdf -I/scratch/john.lawson/stochastic/stochWRF_3.8/external/io_int -I/scratch/john.lawson/stochastic/stochWRF_3.8/frame -I/scratch/john.lawson/stochastic/stochWRF_3.8/share -I/scratch/john.lawson/stochastic/stochWRF_3.8/phys -I/scratch/john.lawson/stochastic/stochWRF_3.8/chem -I/scratch/john.lawson/stochastic/stochWRF_3.8/inc -I/opt/cray/pe/netcdf-hdf5parallel/4.4.1.1.3/INTEL/16.0/include    init_modules_em.f90 ; \
        else \
          if [ -n "" ] ; then echo COMPILING init_modules_em.F WITHOUT OMP ; fi ; \
  ftn -c -real-size `expr 8 \* 4` -i4 -O0 -fno-inline -fno-ip -w -ftz -fno-alias -align all -FR -convert big_endian   -I../dyn_em -I../dyn_nmm   -I/scratch/john.lawson/stochastic/stochWRF_3.8/external/esmf_time_f90  -I/scratch/john.lawson/stochastic/stochWRF_3.8/main -I/scratch/john.lawson/stochastic/stochWRF_3.8/external/io_netcdf -I/scratch/john.lawson/stochastic/stochWRF_3.8/external/io_int -I/scratch/john.lawson/stochastic/stochWRF_3.8/frame -I/scratch/john.lawson/stochastic/stochWRF_3.8/share -I/scratch/john.lawson/stochastic/stochWRF_3.8/phys -I/scratch/john.lawson/stochastic/stochWRF_3.8/chem -I/scratch/john.lawson/stochastic/stochWRF_3.8/inc -I/opt/cray/pe/netcdf-hdf5parallel/4.4.1.1.3/INTEL/16.0/include   init_modules_em.f90 ; \
        fi
rm -f start_em.o
/scratch/john.lawson/stochastic/stochWRF_3.8/tools/standard.exe start_em.F > start_em.b 
/lib/cpp -P -I/scratch/john.lawson/stochastic/stochWRF_3.8/inc -DEM_CORE=1 -DNMM_CORE=0 -DNMM_MAX_DIM=2600 -DCOAMPS_CORE=0 -DDA_CORE=0 -DEXP_CORE=0 -DIWORDSIZE=4 -DDWORDSIZE=8 -DRWORDSIZE=4 -DLWORDSIZE=4 -DNONSTANDARD_SYSTEM_FUNC  -DWRF_USE_CLM -DUSE_NETCDF4_FEATURES -DWRFIO_NCD_LARGE_FILE_SUPPORT  -DDM_PARALLEL -DNETCDF -DHDF5 -DUSE_ALLOCATABLES -DGRIB1 -DINTIO -DKEEP_INT_AROUND -DLIMIT_ARGS -DCONFIG_BUF_LEN=65536 -DMAX_DOMAINS_F=21 -DMAX_HISTORY=25 -DNMM_NEST=0  -I. -traditional -DUSE_NETCDF4_FEATURES -DWRFIO_NCD_LARGE_FILE_SUPPORT   start_em.b  > start_em.f90
rm -f start_em.b
if fgrep -iq '!$OMP' start_em.f90 ; then \
          if [ -n "" ] ; then echo COMPILING start_em.F WITH OMP ; fi ; \
  ftn -c -real-size `expr 8 \* 4` -i4 -O0 -fno-inline -fno-ip -w -ftz -fno-alias -align all -FR -convert big_endian   -I../dyn_em -I../dyn_nmm   -I/scratch/john.lawson/stochastic/stochWRF_3.8/external/esmf_time_f90  -I/scratch/john.lawson/stochastic/stochWRF_3.8/main -I/scratch/john.lawson/stochastic/stochWRF_3.8/external/io_netcdf -I/scratch/john.lawson/stochastic/stochWRF_3.8/external/io_int -I/scratch/john.lawson/stochastic/stochWRF_3.8/frame -I/scratch/john.lawson/stochastic/stochWRF_3.8/share -I/scratch/john.lawson/stochastic/stochWRF_3.8/phys -I/scratch/john.lawson/stochastic/stochWRF_3.8/chem -I/scratch/john.lawson/stochastic/stochWRF_3.8/inc -I/opt/cray/pe/netcdf-hdf5parallel/4.4.1.1.3/INTEL/16.0/include    start_em.f90 ; \
        else \
          if [ -n "" ] ; then echo COMPILING start_em.F WITHOUT OMP ; fi ; \
  ftn -c -real-size `expr 8 \* 4` -i4 -O0 -fno-inline -fno-ip -w -ftz -fno-alias -align all -FR -convert big_endian   -I../dyn_em -I../dyn_nmm   -I/scratch/john.lawson/stochastic/stochWRF_3.8/external/esmf_time_f90  -I/scratch/john.lawson/stochastic/stochWRF_3.8/main -I/scratch/john.lawson/stochastic/stochWRF_3.8/external/io_netcdf -I/scratch/john.lawson/stochastic/stochWRF_3.8/external/io_int -I/scratch/john.lawson/stochastic/stochWRF_3.8/frame -I/scratch/john.lawson/stochastic/stochWRF_3.8/share -I/scratch/john.lawson/stochastic/stochWRF_3.8/phys -I/scratch/john.lawson/stochastic/stochWRF_3.8/chem -I/scratch/john.lawson/stochastic/stochWRF_3.8/inc -I/opt/cray/pe/netcdf-hdf5parallel/4.4.1.1.3/INTEL/16.0/include   start_em.f90 ; \
        fi
rm -f shift_domain_em.o
/lib/cpp -P -I/scratch/john.lawson/stochastic/stochWRF_3.8/inc -DEM_CORE=1 -DNMM_CORE=0 -DNMM_MAX_DIM=2600 -DCOAMPS_CORE=0 -DDA_CORE=0 -DEXP_CORE=0 -DIWORDSIZE=4 -DDWORDSIZE=8 -DRWORDSIZE=4 -DLWORDSIZE=4 -DNONSTANDARD_SYSTEM_FUNC  -DWRF_USE_CLM -DUSE_NETCDF4_FEATURES -DWRFIO_NCD_LARGE_FILE_SUPPORT  -DDM_PARALLEL -DNETCDF -DHDF5 -DUSE_ALLOCATABLES -DGRIB1 -DINTIO -DKEEP_INT_AROUND -DLIMIT_ARGS -DCONFIG_BUF_LEN=65536 -DMAX_DOMAINS_F=21 -DMAX_HISTORY=25 -DNMM_NEST=0  -I. -traditional -DUSE_NETCDF4_FEATURES -DWRFIO_NCD_LARGE_FILE_SUPPORT   shift_domain_em.F  > shift_domain_em.bb
/scratch/john.lawson/stochastic/stochWRF_3.8/tools/standard.exe shift_domain_em.bb | /lib/cpp -P -traditional -DUSE_NETCDF4_FEATURES -DWRFIO_NCD_LARGE_FILE_SUPPORT > shift_domain_em.f90
rm -f shift_domain_em.b shift_domain_em.bb
ftn -o shift_domain_em.o -c -ip -O3  -w -ftz -fno-alias -align all -FR -convert big_endian    -I../dyn_em -I../dyn_nmm   -I/scratch/john.lawson/stochastic/stochWRF_3.8/external/esmf_time_f90  -I/scratch/john.lawson/stochastic/stochWRF_3.8/main -I/scratch/john.lawson/stochastic/stochWRF_3.8/external/io_netcdf -I/scratch/john.lawson/stochastic/stochWRF_3.8/external/io_int -I/scratch/john.lawson/stochastic/stochWRF_3.8/frame -I/scratch/john.lawson/stochastic/stochWRF_3.8/share -I/scratch/john.lawson/stochastic/stochWRF_3.8/phys -I/scratch/john.lawson/stochastic/stochWRF_3.8/chem -I/scratch/john.lawson/stochastic/stochWRF_3.8/inc -I/opt/cray/pe/netcdf-hdf5parallel/4.4.1.1.3/INTEL/16.0/include  -real-size `expr 8 \* 4` -i4  shift_domain_em.f90
rm -f couple_or_uncouple_em.o
/lib/cpp -P -I/scratch/john.lawson/stochastic/stochWRF_3.8/inc -DEM_CORE=1 -DNMM_CORE=0 -DNMM_MAX_DIM=2600 -DCOAMPS_CORE=0 -DDA_CORE=0 -DEXP_CORE=0 -DIWORDSIZE=4 -DDWORDSIZE=8 -DRWORDSIZE=4 -DLWORDSIZE=4 -DNONSTANDARD_SYSTEM_FUNC  -DWRF_USE_CLM -DUSE_NETCDF4_FEATURES -DWRFIO_NCD_LARGE_FILE_SUPPORT  -DDM_PARALLEL -DNETCDF -DHDF5 -DUSE_ALLOCATABLES -DGRIB1 -DINTIO -DKEEP_INT_AROUND -DLIMIT_ARGS -DCONFIG_BUF_LEN=65536 -DMAX_DOMAINS_F=21 -DMAX_HISTORY=25 -DNMM_NEST=0  -I. -traditional -DUSE_NETCDF4_FEATURES -DWRFIO_NCD_LARGE_FILE_SUPPORT   couple_or_uncouple_em.F  > couple_or_uncouple_em.bb
/scratch/john.lawson/stochastic/stochWRF_3.8/tools/standard.exe couple_or_uncouple_em.bb | /lib/cpp -P -traditional -DUSE_NETCDF4_FEATURES -DWRFIO_NCD_LARGE_FILE_SUPPORT > couple_or_uncouple_em.f90
rm -f couple_or_uncouple_em.b couple_or_uncouple_em.bb
ftn -o couple_or_uncouple_em.o -c -ip -O3  -w -ftz -fno-alias -align all -FR -convert big_endian    -I../dyn_em -I../dyn_nmm   -I/scratch/john.lawson/stochastic/stochWRF_3.8/external/esmf_time_f90  -I/scratch/john.lawson/stochastic/stochWRF_3.8/main -I/scratch/john.lawson/stochastic/stochWRF_3.8/external/io_netcdf -I/scratch/john.lawson/stochastic/stochWRF_3.8/external/io_int -I/scratch/john.lawson/stochastic/stochWRF_3.8/frame -I/scratch/john.lawson/stochastic/stochWRF_3.8/share -I/scratch/john.lawson/stochastic/stochWRF_3.8/phys -I/scratch/john.lawson/stochastic/stochWRF_3.8/chem -I/scratch/john.lawson/stochastic/stochWRF_3.8/inc -I/opt/cray/pe/netcdf-hdf5parallel/4.4.1.1.3/INTEL/16.0/include  -real-size `expr 8 \* 4` -i4  couple_or_uncouple_em.f90
rm -f nest_init_utils.o
/lib/cpp -P -I/scratch/john.lawson/stochastic/stochWRF_3.8/inc -DEM_CORE=1 -DNMM_CORE=0 -DNMM_MAX_DIM=2600 -DCOAMPS_CORE=0 -DDA_CORE=0 -DEXP_CORE=0 -DIWORDSIZE=4 -DDWORDSIZE=8 -DRWORDSIZE=4 -DLWORDSIZE=4 -DNONSTANDARD_SYSTEM_FUNC  -DWRF_USE_CLM -DUSE_NETCDF4_FEATURES -DWRFIO_NCD_LARGE_FILE_SUPPORT  -DDM_PARALLEL -DNETCDF -DHDF5 -DUSE_ALLOCATABLES -DGRIB1 -DINTIO -DKEEP_INT_AROUND -DLIMIT_ARGS -DCONFIG_BUF_LEN=65536 -DMAX_DOMAINS_F=21 -DMAX_HISTORY=25 -DNMM_NEST=0  -I. -traditional -DUSE_NETCDF4_FEATURES -DWRFIO_NCD_LARGE_FILE_SUPPORT   nest_init_utils.F  > nest_init_utils.bb
/scratch/john.lawson/stochastic/stochWRF_3.8/tools/standard.exe nest_init_utils.bb | /lib/cpp -P -traditional -DUSE_NETCDF4_FEATURES -DWRFIO_NCD_LARGE_FILE_SUPPORT > nest_init_utils.f90
rm -f nest_init_utils.b nest_init_utils.bb
ftn -o nest_init_utils.o -c -ip -O3  -w -ftz -fno-alias -align all -FR -convert big_endian    -I../dyn_em -I../dyn_nmm   -I/scratch/john.lawson/stochastic/stochWRF_3.8/external/esmf_time_f90  -I/scratch/john.lawson/stochastic/stochWRF_3.8/main -I/scratch/john.lawson/stochastic/stochWRF_3.8/external/io_netcdf -I/scratch/john.lawson/stochastic/stochWRF_3.8/external/io_int -I/scratch/john.lawson/stochastic/stochWRF_3.8/frame -I/scratch/john.lawson/stochastic/stochWRF_3.8/share -I/scratch/john.lawson/stochastic/stochWRF_3.8/phys -I/scratch/john.lawson/stochastic/stochWRF_3.8/chem -I/scratch/john.lawson/stochastic/stochWRF_3.8/inc -I/opt/cray/pe/netcdf-hdf5parallel/4.4.1.1.3/INTEL/16.0/include  -real-size `expr 8 \* 4` -i4  nest_init_utils.f90
rm -f adapt_timestep_em.o
/lib/cpp -P -I/scratch/john.lawson/stochastic/stochWRF_3.8/inc -DEM_CORE=1 -DNMM_CORE=0 -DNMM_MAX_DIM=2600 -DCOAMPS_CORE=0 -DDA_CORE=0 -DEXP_CORE=0 -DIWORDSIZE=4 -DDWORDSIZE=8 -DRWORDSIZE=4 -DLWORDSIZE=4 -DNONSTANDARD_SYSTEM_FUNC  -DWRF_USE_CLM -DUSE_NETCDF4_FEATURES -DWRFIO_NCD_LARGE_FILE_SUPPORT  -DDM_PARALLEL -DNETCDF -DHDF5 -DUSE_ALLOCATABLES -DGRIB1 -DINTIO -DKEEP_INT_AROUND -DLIMIT_ARGS -DCONFIG_BUF_LEN=65536 -DMAX_DOMAINS_F=21 -DMAX_HISTORY=25 -DNMM_NEST=0  -I. -traditional -DUSE_NETCDF4_FEATURES -DWRFIO_NCD_LARGE_FILE_SUPPORT   adapt_timestep_em.F  > adapt_timestep_em.bb
/scratch/john.lawson/stochastic/stochWRF_3.8/tools/standard.exe adapt_timestep_em.bb | /lib/cpp -P -traditional -DUSE_NETCDF4_FEATURES -DWRFIO_NCD_LARGE_FILE_SUPPORT > adapt_timestep_em.f90
rm -f adapt_timestep_em.b adapt_timestep_em.bb
ftn -o adapt_timestep_em.o -c -ip -O3  -w -ftz -fno-alias -align all -FR -convert big_endian    -I../dyn_em -I../dyn_nmm   -I/scratch/john.lawson/stochastic/stochWRF_3.8/external/esmf_time_f90  -I/scratch/john.lawson/stochastic/stochWRF_3.8/main -I/scratch/john.lawson/stochastic/stochWRF_3.8/external/io_netcdf -I/scratch/john.lawson/stochastic/stochWRF_3.8/external/io_int -I/scratch/john.lawson/stochastic/stochWRF_3.8/frame -I/scratch/john.lawson/stochastic/stochWRF_3.8/share -I/scratch/john.lawson/stochastic/stochWRF_3.8/phys -I/scratch/john.lawson/stochastic/stochWRF_3.8/chem -I/scratch/john.lawson/stochastic/stochWRF_3.8/inc -I/opt/cray/pe/netcdf-hdf5parallel/4.4.1.1.3/INTEL/16.0/include  -real-size `expr 8 \* 4` -i4  adapt_timestep_em.f90
rm -f interp_domain_em.o
/lib/cpp -P -I/scratch/john.lawson/stochastic/stochWRF_3.8/inc -DEM_CORE=1 -DNMM_CORE=0 -DNMM_MAX_DIM=2600 -DCOAMPS_CORE=0 -DDA_CORE=0 -DEXP_CORE=0 -DIWORDSIZE=4 -DDWORDSIZE=8 -DRWORDSIZE=4 -DLWORDSIZE=4 -DNONSTANDARD_SYSTEM_FUNC  -DWRF_USE_CLM -DUSE_NETCDF4_FEATURES -DWRFIO_NCD_LARGE_FILE_SUPPORT  -DDM_PARALLEL -DNETCDF -DHDF5 -DUSE_ALLOCATABLES -DGRIB1 -DINTIO -DKEEP_INT_AROUND -DLIMIT_ARGS -DCONFIG_BUF_LEN=65536 -DMAX_DOMAINS_F=21 -DMAX_HISTORY=25 -DNMM_NEST=0  -I. -traditional -DUSE_NETCDF4_FEATURES -DWRFIO_NCD_LARGE_FILE_SUPPORT   interp_domain_em.F  > interp_domain_em.bb
/scratch/john.lawson/stochastic/stochWRF_3.8/tools/standard.exe interp_domain_em.bb | /lib/cpp -P -traditional -DUSE_NETCDF4_FEATURES -DWRFIO_NCD_LARGE_FILE_SUPPORT > interp_domain_em.f90
rm -f interp_domain_em.b interp_domain_em.bb
ftn -o interp_domain_em.o -c -ip -O3  -w -ftz -fno-alias -align all -FR -convert big_endian    -I../dyn_em -I../dyn_nmm   -I/scratch/john.lawson/stochastic/stochWRF_3.8/external/esmf_time_f90  -I/scratch/john.lawson/stochastic/stochWRF_3.8/main -I/scratch/john.lawson/stochastic/stochWRF_3.8/external/io_netcdf -I/scratch/john.lawson/stochastic/stochWRF_3.8/external/io_int -I/scratch/john.lawson/stochastic/stochWRF_3.8/frame -I/scratch/john.lawson/stochastic/stochWRF_3.8/share -I/scratch/john.lawson/stochastic/stochWRF_3.8/phys -I/scratch/john.lawson/stochastic/stochWRF_3.8/chem -I/scratch/john.lawson/stochastic/stochWRF_3.8/inc -I/opt/cray/pe/netcdf-hdf5parallel/4.4.1.1.3/INTEL/16.0/include  -real-size `expr 8 \* 4` -i4  interp_domain_em.f90
rm -f module_diffusion_em.o
/lib/cpp -P -I/scratch/john.lawson/stochastic/stochWRF_3.8/inc -DEM_CORE=1 -DNMM_CORE=0 -DNMM_MAX_DIM=2600 -DCOAMPS_CORE=0 -DDA_CORE=0 -DEXP_CORE=0 -DIWORDSIZE=4 -DDWORDSIZE=8 -DRWORDSIZE=4 -DLWORDSIZE=4 -DNONSTANDARD_SYSTEM_FUNC  -DWRF_USE_CLM -DUSE_NETCDF4_FEATURES -DWRFIO_NCD_LARGE_FILE_SUPPORT  -DDM_PARALLEL -DNETCDF -DHDF5 -DUSE_ALLOCATABLES -DGRIB1 -DINTIO -DKEEP_INT_AROUND -DLIMIT_ARGS -DCONFIG_BUF_LEN=65536 -DMAX_DOMAINS_F=21 -DMAX_HISTORY=25 -DNMM_NEST=0  -I. -traditional -DUSE_NETCDF4_FEATURES -DWRFIO_NCD_LARGE_FILE_SUPPORT   module_diffusion_em.F  > module_diffusion_em.bb
/scratch/john.lawson/stochastic/stochWRF_3.8/tools/standard.exe module_diffusion_em.bb | /lib/cpp -P -traditional -DUSE_NETCDF4_FEATURES -DWRFIO_NCD_LARGE_FILE_SUPPORT > module_diffusion_em.f90
rm -f module_diffusion_em.b module_diffusion_em.bb
ftn -o module_diffusion_em.o -c -ip -O3  -w -ftz -fno-alias -align all -FR -convert big_endian    -I../dyn_em -I../dyn_nmm   -I/scratch/john.lawson/stochastic/stochWRF_3.8/external/esmf_time_f90  -I/scratch/john.lawson/stochastic/stochWRF_3.8/main -I/scratch/john.lawson/stochastic/stochWRF_3.8/external/io_netcdf -I/scratch/john.lawson/stochastic/stochWRF_3.8/external/io_int -I/scratch/john.lawson/stochastic/stochWRF_3.8/frame -I/scratch/john.lawson/stochastic/stochWRF_3.8/share -I/scratch/john.lawson/stochastic/stochWRF_3.8/phys -I/scratch/john.lawson/stochastic/stochWRF_3.8/chem -I/scratch/john.lawson/stochastic/stochWRF_3.8/inc -I/opt/cray/pe/netcdf-hdf5parallel/4.4.1.1.3/INTEL/16.0/include  -real-size `expr 8 \* 4` -i4  module_diffusion_em.f90
rm -f module_sfs_driver.o
/lib/cpp -P -I/scratch/john.lawson/stochastic/stochWRF_3.8/inc -DEM_CORE=1 -DNMM_CORE=0 -DNMM_MAX_DIM=2600 -DCOAMPS_CORE=0 -DDA_CORE=0 -DEXP_CORE=0 -DIWORDSIZE=4 -DDWORDSIZE=8 -DRWORDSIZE=4 -DLWORDSIZE=4 -DNONSTANDARD_SYSTEM_FUNC  -DWRF_USE_CLM -DUSE_NETCDF4_FEATURES -DWRFIO_NCD_LARGE_FILE_SUPPORT  -DDM_PARALLEL -DNETCDF -DHDF5 -DUSE_ALLOCATABLES -DGRIB1 -DINTIO -DKEEP_INT_AROUND -DLIMIT_ARGS -DCONFIG_BUF_LEN=65536 -DMAX_DOMAINS_F=21 -DMAX_HISTORY=25 -DNMM_NEST=0  -I. -traditional -DUSE_NETCDF4_FEATURES -DWRFIO_NCD_LARGE_FILE_SUPPORT   module_sfs_driver.F  > module_sfs_driver.bb
/scratch/john.lawson/stochastic/stochWRF_3.8/tools/standard.exe module_sfs_driver.bb | /lib/cpp -P -traditional -DUSE_NETCDF4_FEATURES -DWRFIO_NCD_LARGE_FILE_SUPPORT > module_sfs_driver.f90
rm -f module_sfs_driver.b module_sfs_driver.bb
ftn -o module_sfs_driver.o -c -ip -O3  -w -ftz -fno-alias -align all -FR -convert big_endian    -I../dyn_em -I../dyn_nmm   -I/scratch/john.lawson/stochastic/stochWRF_3.8/external/esmf_time_f90  -I/scratch/john.lawson/stochastic/stochWRF_3.8/main -I/scratch/john.lawson/stochastic/stochWRF_3.8/external/io_netcdf -I/scratch/john.lawson/stochastic/stochWRF_3.8/external/io_int -I/scratch/john.lawson/stochastic/stochWRF_3.8/frame -I/scratch/john.lawson/stochastic/stochWRF_3.8/share -I/scratch/john.lawson/stochastic/stochWRF_3.8/phys -I/scratch/john.lawson/stochastic/stochWRF_3.8/chem -I/scratch/john.lawson/stochastic/stochWRF_3.8/inc -I/opt/cray/pe/netcdf-hdf5parallel/4.4.1.1.3/INTEL/16.0/include  -real-size `expr 8 \* 4` -i4  module_sfs_driver.f90
rm -f module_em.o
/lib/cpp -P -I/scratch/john.lawson/stochastic/stochWRF_3.8/inc -DEM_CORE=1 -DNMM_CORE=0 -DNMM_MAX_DIM=2600 -DCOAMPS_CORE=0 -DDA_CORE=0 -DEXP_CORE=0 -DIWORDSIZE=4 -DDWORDSIZE=8 -DRWORDSIZE=4 -DLWORDSIZE=4 -DNONSTANDARD_SYSTEM_FUNC  -DWRF_USE_CLM -DUSE_NETCDF4_FEATURES -DWRFIO_NCD_LARGE_FILE_SUPPORT  -DDM_PARALLEL -DNETCDF -DHDF5 -DUSE_ALLOCATABLES -DGRIB1 -DINTIO -DKEEP_INT_AROUND -DLIMIT_ARGS -DCONFIG_BUF_LEN=65536 -DMAX_DOMAINS_F=21 -DMAX_HISTORY=25 -DNMM_NEST=0  -I. -traditional -DUSE_NETCDF4_FEATURES -DWRFIO_NCD_LARGE_FILE_SUPPORT   module_em.F  > module_em.bb
/scratch/john.lawson/stochastic/stochWRF_3.8/tools/standard.exe module_em.bb | /lib/cpp -P -traditional -DUSE_NETCDF4_FEATURES -DWRFIO_NCD_LARGE_FILE_SUPPORT > module_em.f90
rm -f module_em.b module_em.bb
ftn -o module_em.o -c -ip -O3  -w -ftz -fno-alias -align all -FR -convert big_endian    -I../dyn_em -I../dyn_nmm   -I/scratch/john.lawson/stochastic/stochWRF_3.8/external/esmf_time_f90  -I/scratch/john.lawson/stochastic/stochWRF_3.8/main -I/scratch/john.lawson/stochastic/stochWRF_3.8/external/io_netcdf -I/scratch/john.lawson/stochastic/stochWRF_3.8/external/io_int -I/scratch/john.lawson/stochastic/stochWRF_3.8/frame -I/scratch/john.lawson/stochastic/stochWRF_3.8/share -I/scratch/john.lawson/stochastic/stochWRF_3.8/phys -I/scratch/john.lawson/stochastic/stochWRF_3.8/chem -I/scratch/john.lawson/stochastic/stochWRF_3.8/inc -I/opt/cray/pe/netcdf-hdf5parallel/4.4.1.1.3/INTEL/16.0/include  -real-size `expr 8 \* 4` -i4  module_em.f90
rm -f module_first_rk_step_part1.o
/lib/cpp -P -I/scratch/john.lawson/stochastic/stochWRF_3.8/inc -DEM_CORE=1 -DNMM_CORE=0 -DNMM_MAX_DIM=2600 -DCOAMPS_CORE=0 -DDA_CORE=0 -DEXP_CORE=0 -DIWORDSIZE=4 -DDWORDSIZE=8 -DRWORDSIZE=4 -DLWORDSIZE=4 -DNONSTANDARD_SYSTEM_FUNC  -DWRF_USE_CLM -DUSE_NETCDF4_FEATURES -DWRFIO_NCD_LARGE_FILE_SUPPORT  -DDM_PARALLEL -DNETCDF -DHDF5 -DUSE_ALLOCATABLES -DGRIB1 -DINTIO -DKEEP_INT_AROUND -DLIMIT_ARGS -DCONFIG_BUF_LEN=65536 -DMAX_DOMAINS_F=21 -DMAX_HISTORY=25 -DNMM_NEST=0  -I. -traditional -DUSE_NETCDF4_FEATURES -DWRFIO_NCD_LARGE_FILE_SUPPORT   module_first_rk_step_part1.F  > module_first_rk_step_part1.bb
/scratch/john.lawson/stochastic/stochWRF_3.8/tools/standard.exe module_first_rk_step_part1.bb | /lib/cpp -P -traditional -DUSE_NETCDF4_FEATURES -DWRFIO_NCD_LARGE_FILE_SUPPORT > module_first_rk_step_part1.f90
rm -f module_first_rk_step_part1.b module_first_rk_step_part1.bb
ftn -o module_first_rk_step_part1.o -c -ip -O3  -w -ftz -fno-alias -align all -FR -convert big_endian    -I../dyn_em -I../dyn_nmm   -I/scratch/john.lawson/stochastic/stochWRF_3.8/external/esmf_time_f90  -I/scratch/john.lawson/stochastic/stochWRF_3.8/main -I/scratch/john.lawson/stochastic/stochWRF_3.8/external/io_netcdf -I/scratch/john.lawson/stochastic/stochWRF_3.8/external/io_int -I/scratch/john.lawson/stochastic/stochWRF_3.8/frame -I/scratch/john.lawson/stochastic/stochWRF_3.8/share -I/scratch/john.lawson/stochastic/stochWRF_3.8/phys -I/scratch/john.lawson/stochastic/stochWRF_3.8/chem -I/scratch/john.lawson/stochastic/stochWRF_3.8/inc -I/opt/cray/pe/netcdf-hdf5parallel/4.4.1.1.3/INTEL/16.0/include  -real-size `expr 8 \* 4` -i4  module_first_rk_step_part1.f90
rm -f module_first_rk_step_part2.o
/lib/cpp -P -I/scratch/john.lawson/stochastic/stochWRF_3.8/inc -DEM_CORE=1 -DNMM_CORE=0 -DNMM_MAX_DIM=2600 -DCOAMPS_CORE=0 -DDA_CORE=0 -DEXP_CORE=0 -DIWORDSIZE=4 -DDWORDSIZE=8 -DRWORDSIZE=4 -DLWORDSIZE=4 -DNONSTANDARD_SYSTEM_FUNC  -DWRF_USE_CLM -DUSE_NETCDF4_FEATURES -DWRFIO_NCD_LARGE_FILE_SUPPORT  -DDM_PARALLEL -DNETCDF -DHDF5 -DUSE_ALLOCATABLES -DGRIB1 -DINTIO -DKEEP_INT_AROUND -DLIMIT_ARGS -DCONFIG_BUF_LEN=65536 -DMAX_DOMAINS_F=21 -DMAX_HISTORY=25 -DNMM_NEST=0  -I. -traditional -DUSE_NETCDF4_FEATURES -DWRFIO_NCD_LARGE_FILE_SUPPORT   module_first_rk_step_part2.F  > module_first_rk_step_part2.bb
/scratch/john.lawson/stochastic/stochWRF_3.8/tools/standard.exe module_first_rk_step_part2.bb | /lib/cpp -P -traditional -DUSE_NETCDF4_FEATURES -DWRFIO_NCD_LARGE_FILE_SUPPORT > module_first_rk_step_part2.f90
rm -f module_first_rk_step_part2.b module_first_rk_step_part2.bb
ftn -o module_first_rk_step_part2.o -c -ip -O3  -w -ftz -fno-alias -align all -FR -convert big_endian    -I../dyn_em -I../dyn_nmm   -I/scratch/john.lawson/stochastic/stochWRF_3.8/external/esmf_time_f90  -I/scratch/john.lawson/stochastic/stochWRF_3.8/main -I/scratch/john.lawson/stochastic/stochWRF_3.8/external/io_netcdf -I/scratch/john.lawson/stochastic/stochWRF_3.8/external/io_int -I/scratch/john.lawson/stochastic/stochWRF_3.8/frame -I/scratch/john.lawson/stochastic/stochWRF_3.8/share -I/scratch/john.lawson/stochastic/stochWRF_3.8/phys -I/scratch/john.lawson/stochastic/stochWRF_3.8/chem -I/scratch/john.lawson/stochastic/stochWRF_3.8/inc -I/opt/cray/pe/netcdf-hdf5parallel/4.4.1.1.3/INTEL/16.0/include  -real-size `expr 8 \* 4` -i4  module_first_rk_step_part2.f90
rm -f solve_em.o
/lib/cpp -P -I/scratch/john.lawson/stochastic/stochWRF_3.8/inc -DEM_CORE=1 -DNMM_CORE=0 -DNMM_MAX_DIM=2600 -DCOAMPS_CORE=0 -DDA_CORE=0 -DEXP_CORE=0 -DIWORDSIZE=4 -DDWORDSIZE=8 -DRWORDSIZE=4 -DLWORDSIZE=4 -DNONSTANDARD_SYSTEM_FUNC  -DWRF_USE_CLM -DUSE_NETCDF4_FEATURES -DWRFIO_NCD_LARGE_FILE_SUPPORT  -DDM_PARALLEL -DNETCDF -DHDF5 -DUSE_ALLOCATABLES -DGRIB1 -DINTIO -DKEEP_INT_AROUND -DLIMIT_ARGS -DCONFIG_BUF_LEN=65536 -DMAX_DOMAINS_F=21 -DMAX_HISTORY=25 -DNMM_NEST=0  -I. -traditional -DUSE_NETCDF4_FEATURES -DWRFIO_NCD_LARGE_FILE_SUPPORT   solve_em.F  > solve_em.bb
/scratch/john.lawson/stochastic/stochWRF_3.8/tools/standard.exe solve_em.bb | /lib/cpp -P -traditional -DUSE_NETCDF4_FEATURES -DWRFIO_NCD_LARGE_FILE_SUPPORT > solve_em.f90
rm -f solve_em.b solve_em.bb
ftn -o solve_em.o -c -ip -O3  -w -ftz -fno-alias -align all -FR -convert big_endian    -I../dyn_em -I../dyn_nmm   -I/scratch/john.lawson/stochastic/stochWRF_3.8/external/esmf_time_f90  -I/scratch/john.lawson/stochastic/stochWRF_3.8/main -I/scratch/john.lawson/stochastic/stochWRF_3.8/external/io_netcdf -I/scratch/john.lawson/stochastic/stochWRF_3.8/external/io_int -I/scratch/john.lawson/stochastic/stochWRF_3.8/frame -I/scratch/john.lawson/stochastic/stochWRF_3.8/share -I/scratch/john.lawson/stochastic/stochWRF_3.8/phys -I/scratch/john.lawson/stochastic/stochWRF_3.8/chem -I/scratch/john.lawson/stochastic/stochWRF_3.8/inc -I/opt/cray/pe/netcdf-hdf5parallel/4.4.1.1.3/INTEL/16.0/include  -real-size `expr 8 \* 4` -i4  solve_em.f90
ar ru ../main/libwrflib.a module_advect_em.o module_diffusion_em.o module_small_step_em.o module_big_step_utilities_em.o module_em.o module_solvedebug_em.o module_bc_em.o module_init_utilities.o module_wps_io_arw.o module_damping_em.o module_polarfft.o module_force_scm.o module_first_rk_step_part1.o module_first_rk_step_part2.o module_avgflx_em.o module_sfs_nba.o module_convtrans_prep.o module_sfs_driver.o module_stoch.o module_after_all_rk_steps.o  init_modules_em.o solve_em.o start_em.o shift_domain_em.o couple_or_uncouple_em.o nest_init_utils.o adapt_timestep_em.o interp_domain_em.o
make[2]: Leaving directory '/scratch/john.lawson/stochastic/stochWRF_3.8/dyn_em'
make[1]: Leaving directory '/scratch/john.lawson/stochastic/stochWRF_3.8'
if [ 0 -eq 1 ]   ; then make -i -r MODULE_DIRS="-I../dyn_em -I../dyn_nmm   -I/scratch/john.lawson/stochastic/stochWRF_3.8/external/esmf_time_f90  -I/scratch/john.lawson/stochastic/stochWRF_3.8/main -I/scratch/john.lawson/stochastic/stochWRF_3.8/external/io_netcdf -I/scratch/john.lawson/stochastic/stochWRF_3.8/external/io_int -I/scratch/john.lawson/stochastic/stochWRF_3.8/frame -I/scratch/john.lawson/stochastic/stochWRF_3.8/share -I/scratch/john.lawson/stochastic/stochWRF_3.8/phys -I/scratch/john.lawson/stochastic/stochWRF_3.8/chem -I/scratch/john.lawson/stochastic/stochWRF_3.8/inc -I/opt/cray/pe/netcdf-hdf5parallel/4.4.1.1.3/INTEL/16.0/include " nmm_core ; fi
if [ 0 -eq 1 ]   ; then make -i -r MODULE_DIRS="-I../dyn_em -I../dyn_nmm   -I/scratch/john.lawson/stochastic/stochWRF_3.8/external/esmf_time_f90  -I/scratch/john.lawson/stochastic/stochWRF_3.8/main -I/scratch/john.lawson/stochastic/stochWRF_3.8/external/io_netcdf -I/scratch/john.lawson/stochastic/stochWRF_3.8/external/io_int -I/scratch/john.lawson/stochastic/stochWRF_3.8/frame -I/scratch/john.lawson/stochastic/stochWRF_3.8/share -I/scratch/john.lawson/stochastic/stochWRF_3.8/phys -I/scratch/john.lawson/stochastic/stochWRF_3.8/chem -I/scratch/john.lawson/stochastic/stochWRF_3.8/inc -I/opt/cray/pe/netcdf-hdf5parallel/4.4.1.1.3/INTEL/16.0/include " exp_core ; fi
if [ 0 -eq 1 ]   ; then make -i -r MODULE_DIRS="-I../dyn_em -I../dyn_nmm   -I/scratch/john.lawson/stochastic/stochWRF_3.8/external/esmf_time_f90  -I/scratch/john.lawson/stochastic/stochWRF_3.8/main -I/scratch/john.lawson/stochastic/stochWRF_3.8/external/io_netcdf -I/scratch/john.lawson/stochastic/stochWRF_3.8/external/io_int -I/scratch/john.lawson/stochastic/stochWRF_3.8/frame -I/scratch/john.lawson/stochastic/stochWRF_3.8/share -I/scratch/john.lawson/stochastic/stochWRF_3.8/phys -I/scratch/john.lawson/stochastic/stochWRF_3.8/chem -I/scratch/john.lawson/stochastic/stochWRF_3.8/inc -I/opt/cray/pe/netcdf-hdf5parallel/4.4.1.1.3/INTEL/16.0/include " wrf_hydro ; fi
( cd main ; make -i -r RLFLAGS="" MODULE_DIRS="-I../dyn_em -I../dyn_nmm   -I/scratch/john.lawson/stochastic/stochWRF_3.8/external/esmf_time_f90  -I/scratch/john.lawson/stochastic/stochWRF_3.8/main -I/scratch/john.lawson/stochastic/stochWRF_3.8/external/io_netcdf -I/scratch/john.lawson/stochastic/stochWRF_3.8/external/io_int -I/scratch/john.lawson/stochastic/stochWRF_3.8/frame -I/scratch/john.lawson/stochastic/stochWRF_3.8/share -I/scratch/john.lawson/stochastic/stochWRF_3.8/phys -I/scratch/john.lawson/stochastic/stochWRF_3.8/chem -I/scratch/john.lawson/stochastic/stochWRF_3.8/inc -I/opt/cray/pe/netcdf-hdf5parallel/4.4.1.1.3/INTEL/16.0/include " SOLVER=em em_wrf )
make[1]: Entering directory '/scratch/john.lawson/stochastic/stochWRF_3.8/main'
rm -f ../main/module_wrf_top.o
/lib/cpp -P -I/scratch/john.lawson/stochastic/stochWRF_3.8/inc -DEM_CORE=1 -DNMM_CORE=0 -DNMM_MAX_DIM=2600 -DCOAMPS_CORE=0 -DDA_CORE=0 -DEXP_CORE=0 -DIWORDSIZE=4 -DDWORDSIZE=8 -DRWORDSIZE=4 -DLWORDSIZE=4 -DNONSTANDARD_SYSTEM_FUNC  -DWRF_USE_CLM -DUSE_NETCDF4_FEATURES -DWRFIO_NCD_LARGE_FILE_SUPPORT  -DDM_PARALLEL -DNETCDF -DHDF5 -DUSE_ALLOCATABLES -DGRIB1 -DINTIO -DKEEP_INT_AROUND -DLIMIT_ARGS -DCONFIG_BUF_LEN=65536 -DMAX_DOMAINS_F=21 -DMAX_HISTORY=25 -DNMM_NEST=0  -I. -traditional -DUSE_NETCDF4_FEATURES -DWRFIO_NCD_LARGE_FILE_SUPPORT   ../main/module_wrf_top.F  > ../main/module_wrf_top.bb
/scratch/john.lawson/stochastic/stochWRF_3.8/tools/standard.exe ../main/module_wrf_top.bb | /lib/cpp -P -traditional -DUSE_NETCDF4_FEATURES -DWRFIO_NCD_LARGE_FILE_SUPPORT > ../main/module_wrf_top.f90
rm -f ../main/module_wrf_top.b ../main/module_wrf_top.bb
ftn -o ../main/module_wrf_top.o -c -ip -O3  -w -ftz -fno-alias -align all -FR -convert big_endian    -I../dyn_em -I../dyn_nmm   -I/scratch/john.lawson/stochastic/stochWRF_3.8/external/esmf_time_f90  -I/scratch/john.lawson/stochastic/stochWRF_3.8/main -I/scratch/john.lawson/stochastic/stochWRF_3.8/external/io_netcdf -I/scratch/john.lawson/stochastic/stochWRF_3.8/external/io_int -I/scratch/john.lawson/stochastic/stochWRF_3.8/frame -I/scratch/john.lawson/stochastic/stochWRF_3.8/share -I/scratch/john.lawson/stochastic/stochWRF_3.8/phys -I/scratch/john.lawson/stochastic/stochWRF_3.8/chem -I/scratch/john.lawson/stochastic/stochWRF_3.8/inc -I/opt/cray/pe/netcdf-hdf5parallel/4.4.1.1.3/INTEL/16.0/include  -real-size `expr 8 \* 4` -i4  ../main/module_wrf_top.f90
rm -f wrf.o
/lib/cpp -P -I/scratch/john.lawson/stochastic/stochWRF_3.8/inc -DEM_CORE=1 -DNMM_CORE=0 -DNMM_MAX_DIM=2600 -DCOAMPS_CORE=0 -DDA_CORE=0 -DEXP_CORE=0 -DIWORDSIZE=4 -DDWORDSIZE=8 -DRWORDSIZE=4 -DLWORDSIZE=4 -DNONSTANDARD_SYSTEM_FUNC  -DWRF_USE_CLM -DUSE_NETCDF4_FEATURES -DWRFIO_NCD_LARGE_FILE_SUPPORT  -DDM_PARALLEL -DNETCDF -DHDF5 -DUSE_ALLOCATABLES -DGRIB1 -DINTIO -DKEEP_INT_AROUND -DLIMIT_ARGS -DCONFIG_BUF_LEN=65536 -DMAX_DOMAINS_F=21 -DMAX_HISTORY=25 -DNMM_NEST=0  -I. -traditional -DUSE_NETCDF4_FEATURES -DWRFIO_NCD_LARGE_FILE_SUPPORT   wrf.F  > wrf.bb
/scratch/john.lawson/stochastic/stochWRF_3.8/tools/standard.exe wrf.bb | /lib/cpp -P -traditional -DUSE_NETCDF4_FEATURES -DWRFIO_NCD_LARGE_FILE_SUPPORT > wrf.f90
rm -f wrf.b wrf.bb
ftn -o wrf.o -c -ip -O3  -w -ftz -fno-alias -align all -FR -convert big_endian    -I../dyn_em -I../dyn_nmm   -I/scratch/john.lawson/stochastic/stochWRF_3.8/external/esmf_time_f90  -I/scratch/john.lawson/stochastic/stochWRF_3.8/main -I/scratch/john.lawson/stochastic/stochWRF_3.8/external/io_netcdf -I/scratch/john.lawson/stochastic/stochWRF_3.8/external/io_int -I/scratch/john.lawson/stochastic/stochWRF_3.8/frame -I/scratch/john.lawson/stochastic/stochWRF_3.8/share -I/scratch/john.lawson/stochastic/stochWRF_3.8/phys -I/scratch/john.lawson/stochastic/stochWRF_3.8/chem -I/scratch/john.lawson/stochastic/stochWRF_3.8/inc -I/opt/cray/pe/netcdf-hdf5parallel/4.4.1.1.3/INTEL/16.0/include  -real-size `expr 8 \* 4` -i4  wrf.f90
ranlib  libwrflib.a
ftn -o wrf.exe  -ip -O3  -w -ftz -fno-alias -align all -FR -convert big_endian     wrf.o ../main/module_wrf_top.o libwrflib.a /scratch/john.lawson/stochastic/stochWRF_3.8/external/fftpack/fftpack5/libfftpack.a /scratch/john.lawson/stochastic/stochWRF_3.8/external/io_grib1/libio_grib1.a /scratch/john.lawson/stochastic/stochWRF_3.8/external/io_grib_share/libio_grib_share.a /scratch/john.lawson/stochastic/stochWRF_3.8/external/io_int/libwrfio_int.a -L/scratch/john.lawson/stochastic/stochWRF_3.8/external/esmf_time_f90 -lesmf_time /scratch/john.lawson/stochastic/stochWRF_3.8/external/RSL_LITE/librsl_lite.a /scratch/john.lawson/stochastic/stochWRF_3.8/frame/module_internal_header_util.o /scratch/john.lawson/stochastic/stochWRF_3.8/frame/pack_utils.o  -L/scratch/john.lawson/stochastic/stochWRF_3.8/external/io_netcdf -lwrfio_nf -L/opt/cray/pe/netcdf-hdf5parallel/4.4.1.1.3/INTEL/16.0/lib -lnetcdff -lnetcdf     -L/opt/cray/pe/hdf5-parallel/1.10.0.3/INTEL/16.0/lib -lhdf5_fortran -lhdf5 -lm -lz       
/opt/cray/pe/hdf5-parallel/1.10.0.3/INTEL/16.0/lib/libhdf5.a(H5PL.o): In function `H5PL_load':
H5PL.c:(.text+0x5fa): warning: Using 'dlopen' in statically linked applications requires at runtime the shared libraries from the glibc version used for linking
make[1]: Leaving directory '/scratch/john.lawson/stochastic/stochWRF_3.8/main'
( cd run ; /bin/rm -f wrf.exe ; ln -s ../main/wrf.exe . )
if [ 0 -eq 1 ] ; then \
  ( cd main ; make -i -r RLFLAGS="" MODULE_DIRS="-I../dyn_em -I../dyn_nmm   -I/scratch/john.lawson/stochastic/stochWRF_3.8/external/esmf_time_f90  -I/scratch/john.lawson/stochastic/stochWRF_3.8/main -I/scratch/john.lawson/stochastic/stochWRF_3.8/external/io_netcdf -I/scratch/john.lawson/stochastic/stochWRF_3.8/external/io_int -I/scratch/john.lawson/stochastic/stochWRF_3.8/frame -I/scratch/john.lawson/stochastic/stochWRF_3.8/share -I/scratch/john.lawson/stochastic/stochWRF_3.8/phys -I/scratch/john.lawson/stochastic/stochWRF_3.8/chem -I/scratch/john.lawson/stochastic/stochWRF_3.8/inc -I/opt/cray/pe/netcdf-hdf5parallel/4.4.1.1.3/INTEL/16.0/include " SOLVER=em em_wrf_SST_ESMF ) ; \
fi
build started:   Tue Oct 22 17:09:21 UTC 2019
build completed: Tue Oct 22 18:01:31 UTC 2019
--------------------------------------
( cd main ; make -i -r RLFLAGS="" MODULE_DIRS="-I../dyn_em -I../dyn_nmm   -I/scratch/john.lawson/stochastic/stochWRF_3.8/external/esmf_time_f90  -I/scratch/john.lawson/stochastic/stochWRF_3.8/main -I/scratch/john.lawson/stochastic/stochWRF_3.8/external/io_netcdf -I/scratch/john.lawson/stochastic/stochWRF_3.8/external/io_int -I/scratch/john.lawson/stochastic/stochWRF_3.8/frame -I/scratch/john.lawson/stochastic/stochWRF_3.8/share -I/scratch/john.lawson/stochastic/stochWRF_3.8/phys -I/scratch/john.lawson/stochastic/stochWRF_3.8/chem -I/scratch/john.lawson/stochastic/stochWRF_3.8/inc -I/opt/cray/pe/netcdf-hdf5parallel/4.4.1.1.3/INTEL/16.0/include " SOLVER=em IDEAL_CASE=real em_real )
make[1]: Entering directory '/scratch/john.lawson/stochastic/stochWRF_3.8/main'
rm -f ../dyn_em/module_initialize_real.o
/lib/cpp -P -I/scratch/john.lawson/stochastic/stochWRF_3.8/inc -DEM_CORE=1 -DNMM_CORE=0 -DNMM_MAX_DIM=2600 -DCOAMPS_CORE=0 -DDA_CORE=0 -DEXP_CORE=0 -DIWORDSIZE=4 -DDWORDSIZE=8 -DRWORDSIZE=4 -DLWORDSIZE=4 -DNONSTANDARD_SYSTEM_FUNC  -DWRF_USE_CLM -DUSE_NETCDF4_FEATURES -DWRFIO_NCD_LARGE_FILE_SUPPORT  -DDM_PARALLEL -DNETCDF -DHDF5 -DUSE_ALLOCATABLES -DGRIB1 -DINTIO -DKEEP_INT_AROUND -DLIMIT_ARGS -DCONFIG_BUF_LEN=65536 -DMAX_DOMAINS_F=21 -DMAX_HISTORY=25 -DNMM_NEST=0  -I. -traditional -DUSE_NETCDF4_FEATURES -DWRFIO_NCD_LARGE_FILE_SUPPORT   ../dyn_em/module_initialize_real.F  > ../dyn_em/module_initialize_real.bb
/scratch/john.lawson/stochastic/stochWRF_3.8/tools/standard.exe ../dyn_em/module_initialize_real.bb | /lib/cpp -P -traditional -DUSE_NETCDF4_FEATURES -DWRFIO_NCD_LARGE_FILE_SUPPORT > ../dyn_em/module_initialize_real.f90
rm -f ../dyn_em/module_initialize_real.b ../dyn_em/module_initialize_real.bb
ftn -o ../dyn_em/module_initialize_real.o -c -ip -O3  -w -ftz -fno-alias -align all -FR -convert big_endian    -I../dyn_em -I../dyn_nmm   -I/scratch/john.lawson/stochastic/stochWRF_3.8/external/esmf_time_f90  -I/scratch/john.lawson/stochastic/stochWRF_3.8/main -I/scratch/john.lawson/stochastic/stochWRF_3.8/external/io_netcdf -I/scratch/john.lawson/stochastic/stochWRF_3.8/external/io_int -I/scratch/john.lawson/stochastic/stochWRF_3.8/frame -I/scratch/john.lawson/stochastic/stochWRF_3.8/share -I/scratch/john.lawson/stochastic/stochWRF_3.8/phys -I/scratch/john.lawson/stochastic/stochWRF_3.8/chem -I/scratch/john.lawson/stochastic/stochWRF_3.8/inc -I/opt/cray/pe/netcdf-hdf5parallel/4.4.1.1.3/INTEL/16.0/include  -real-size `expr 8 \* 4` -i4  ../dyn_em/module_initialize_real.f90
rm -f ndown_em.o
/lib/cpp -P -I/scratch/john.lawson/stochastic/stochWRF_3.8/inc -DEM_CORE=1 -DNMM_CORE=0 -DNMM_MAX_DIM=2600 -DCOAMPS_CORE=0 -DDA_CORE=0 -DEXP_CORE=0 -DIWORDSIZE=4 -DDWORDSIZE=8 -DRWORDSIZE=4 -DLWORDSIZE=4 -DNONSTANDARD_SYSTEM_FUNC  -DWRF_USE_CLM -DUSE_NETCDF4_FEATURES -DWRFIO_NCD_LARGE_FILE_SUPPORT  -DDM_PARALLEL -DNETCDF -DHDF5 -DUSE_ALLOCATABLES -DGRIB1 -DINTIO -DKEEP_INT_AROUND -DLIMIT_ARGS -DCONFIG_BUF_LEN=65536 -DMAX_DOMAINS_F=21 -DMAX_HISTORY=25 -DNMM_NEST=0  -I. -traditional -DUSE_NETCDF4_FEATURES -DWRFIO_NCD_LARGE_FILE_SUPPORT   ndown_em.F  > ndown_em.bb
/scratch/john.lawson/stochastic/stochWRF_3.8/tools/standard.exe ndown_em.bb | /lib/cpp -P -traditional -DUSE_NETCDF4_FEATURES -DWRFIO_NCD_LARGE_FILE_SUPPORT > ndown_em.f90
rm -f ndown_em.b ndown_em.bb
ftn -o ndown_em.o -c -ip -O3  -w -ftz -fno-alias -align all -FR -convert big_endian    -I../dyn_em -I../dyn_nmm   -I/scratch/john.lawson/stochastic/stochWRF_3.8/external/esmf_time_f90  -I/scratch/john.lawson/stochastic/stochWRF_3.8/main -I/scratch/john.lawson/stochastic/stochWRF_3.8/external/io_netcdf -I/scratch/john.lawson/stochastic/stochWRF_3.8/external/io_int -I/scratch/john.lawson/stochastic/stochWRF_3.8/frame -I/scratch/john.lawson/stochastic/stochWRF_3.8/share -I/scratch/john.lawson/stochastic/stochWRF_3.8/phys -I/scratch/john.lawson/stochastic/stochWRF_3.8/chem -I/scratch/john.lawson/stochastic/stochWRF_3.8/inc -I/opt/cray/pe/netcdf-hdf5parallel/4.4.1.1.3/INTEL/16.0/include  -real-size `expr 8 \* 4` -i4  ndown_em.f90
rm -f nup_em.o
/lib/cpp -P -I/scratch/john.lawson/stochastic/stochWRF_3.8/inc -DEM_CORE=1 -DNMM_CORE=0 -DNMM_MAX_DIM=2600 -DCOAMPS_CORE=0 -DDA_CORE=0 -DEXP_CORE=0 -DIWORDSIZE=4 -DDWORDSIZE=8 -DRWORDSIZE=4 -DLWORDSIZE=4 -DNONSTANDARD_SYSTEM_FUNC  -DWRF_USE_CLM -DUSE_NETCDF4_FEATURES -DWRFIO_NCD_LARGE_FILE_SUPPORT  -DDM_PARALLEL -DNETCDF -DHDF5 -DUSE_ALLOCATABLES -DGRIB1 -DINTIO -DKEEP_INT_AROUND -DLIMIT_ARGS -DCONFIG_BUF_LEN=65536 -DMAX_DOMAINS_F=21 -DMAX_HISTORY=25 -DNMM_NEST=0  -I. -traditional -DUSE_NETCDF4_FEATURES -DWRFIO_NCD_LARGE_FILE_SUPPORT   nup_em.F  > nup_em.bb
/scratch/john.lawson/stochastic/stochWRF_3.8/tools/standard.exe nup_em.bb | /lib/cpp -P -traditional -DUSE_NETCDF4_FEATURES -DWRFIO_NCD_LARGE_FILE_SUPPORT > nup_em.f90
rm -f nup_em.b nup_em.bb
ftn -o nup_em.o -c -ip -O3  -w -ftz -fno-alias -align all -FR -convert big_endian    -I../dyn_em -I../dyn_nmm   -I/scratch/john.lawson/stochastic/stochWRF_3.8/external/esmf_time_f90  -I/scratch/john.lawson/stochastic/stochWRF_3.8/main -I/scratch/john.lawson/stochastic/stochWRF_3.8/external/io_netcdf -I/scratch/john.lawson/stochastic/stochWRF_3.8/external/io_int -I/scratch/john.lawson/stochastic/stochWRF_3.8/frame -I/scratch/john.lawson/stochastic/stochWRF_3.8/share -I/scratch/john.lawson/stochastic/stochWRF_3.8/phys -I/scratch/john.lawson/stochastic/stochWRF_3.8/chem -I/scratch/john.lawson/stochastic/stochWRF_3.8/inc -I/opt/cray/pe/netcdf-hdf5parallel/4.4.1.1.3/INTEL/16.0/include  -real-size `expr 8 \* 4` -i4  nup_em.f90
rm -f tc_em.o
/lib/cpp -P -I/scratch/john.lawson/stochastic/stochWRF_3.8/inc -DEM_CORE=1 -DNMM_CORE=0 -DNMM_MAX_DIM=2600 -DCOAMPS_CORE=0 -DDA_CORE=0 -DEXP_CORE=0 -DIWORDSIZE=4 -DDWORDSIZE=8 -DRWORDSIZE=4 -DLWORDSIZE=4 -DNONSTANDARD_SYSTEM_FUNC  -DWRF_USE_CLM -DUSE_NETCDF4_FEATURES -DWRFIO_NCD_LARGE_FILE_SUPPORT  -DDM_PARALLEL -DNETCDF -DHDF5 -DUSE_ALLOCATABLES -DGRIB1 -DINTIO -DKEEP_INT_AROUND -DLIMIT_ARGS -DCONFIG_BUF_LEN=65536 -DMAX_DOMAINS_F=21 -DMAX_HISTORY=25 -DNMM_NEST=0  -I. -traditional -DUSE_NETCDF4_FEATURES -DWRFIO_NCD_LARGE_FILE_SUPPORT   tc_em.F  > tc_em.bb
/scratch/john.lawson/stochastic/stochWRF_3.8/tools/standard.exe tc_em.bb | /lib/cpp -P -traditional -DUSE_NETCDF4_FEATURES -DWRFIO_NCD_LARGE_FILE_SUPPORT > tc_em.f90
rm -f tc_em.b tc_em.bb
ftn -o tc_em.o -c -ip -O3  -w -ftz -fno-alias -align all -FR -convert big_endian    -I../dyn_em -I../dyn_nmm   -I/scratch/john.lawson/stochastic/stochWRF_3.8/external/esmf_time_f90  -I/scratch/john.lawson/stochastic/stochWRF_3.8/main -I/scratch/john.lawson/stochastic/stochWRF_3.8/external/io_netcdf -I/scratch/john.lawson/stochastic/stochWRF_3.8/external/io_int -I/scratch/john.lawson/stochastic/stochWRF_3.8/frame -I/scratch/john.lawson/stochastic/stochWRF_3.8/share -I/scratch/john.lawson/stochastic/stochWRF_3.8/phys -I/scratch/john.lawson/stochastic/stochWRF_3.8/chem -I/scratch/john.lawson/stochastic/stochWRF_3.8/inc -I/opt/cray/pe/netcdf-hdf5parallel/4.4.1.1.3/INTEL/16.0/include  -real-size `expr 8 \* 4` -i4  tc_em.f90
rm -f real_em.o
/lib/cpp -P -I/scratch/john.lawson/stochastic/stochWRF_3.8/inc -DEM_CORE=1 -DNMM_CORE=0 -DNMM_MAX_DIM=2600 -DCOAMPS_CORE=0 -DDA_CORE=0 -DEXP_CORE=0 -DIWORDSIZE=4 -DDWORDSIZE=8 -DRWORDSIZE=4 -DLWORDSIZE=4 -DNONSTANDARD_SYSTEM_FUNC  -DWRF_USE_CLM -DUSE_NETCDF4_FEATURES -DWRFIO_NCD_LARGE_FILE_SUPPORT  -DDM_PARALLEL -DNETCDF -DHDF5 -DUSE_ALLOCATABLES -DGRIB1 -DINTIO -DKEEP_INT_AROUND -DLIMIT_ARGS -DCONFIG_BUF_LEN=65536 -DMAX_DOMAINS_F=21 -DMAX_HISTORY=25 -DNMM_NEST=0  -I. -traditional -DUSE_NETCDF4_FEATURES -DWRFIO_NCD_LARGE_FILE_SUPPORT   real_em.F  > real_em.bb
/scratch/john.lawson/stochastic/stochWRF_3.8/tools/standard.exe real_em.bb | /lib/cpp -P -traditional -DUSE_NETCDF4_FEATURES -DWRFIO_NCD_LARGE_FILE_SUPPORT > real_em.f90
rm -f real_em.b real_em.bb
ftn -o real_em.o -c -ip -O3  -w -ftz -fno-alias -align all -FR -convert big_endian    -I../dyn_em -I../dyn_nmm   -I/scratch/john.lawson/stochastic/stochWRF_3.8/external/esmf_time_f90  -I/scratch/john.lawson/stochastic/stochWRF_3.8/main -I/scratch/john.lawson/stochastic/stochWRF_3.8/external/io_netcdf -I/scratch/john.lawson/stochastic/stochWRF_3.8/external/io_int -I/scratch/john.lawson/stochastic/stochWRF_3.8/frame -I/scratch/john.lawson/stochastic/stochWRF_3.8/share -I/scratch/john.lawson/stochastic/stochWRF_3.8/phys -I/scratch/john.lawson/stochastic/stochWRF_3.8/chem -I/scratch/john.lawson/stochastic/stochWRF_3.8/inc -I/opt/cray/pe/netcdf-hdf5parallel/4.4.1.1.3/INTEL/16.0/include  -real-size `expr 8 \* 4` -i4  real_em.f90
ranlib  libwrflib.a
ftn -o ndown.exe  -ip -O3  -w -ftz -fno-alias -align all -FR -convert big_endian     ndown_em.o  ../dyn_em/module_initialize_real.o libwrflib.a /scratch/john.lawson/stochastic/stochWRF_3.8/external/fftpack/fftpack5/libfftpack.a /scratch/john.lawson/stochastic/stochWRF_3.8/external/io_grib1/libio_grib1.a /scratch/john.lawson/stochastic/stochWRF_3.8/external/io_grib_share/libio_grib_share.a /scratch/john.lawson/stochastic/stochWRF_3.8/external/io_int/libwrfio_int.a -L/scratch/john.lawson/stochastic/stochWRF_3.8/external/esmf_time_f90 -lesmf_time /scratch/john.lawson/stochastic/stochWRF_3.8/external/RSL_LITE/librsl_lite.a /scratch/john.lawson/stochastic/stochWRF_3.8/frame/module_internal_header_util.o /scratch/john.lawson/stochastic/stochWRF_3.8/frame/pack_utils.o  -L/scratch/john.lawson/stochastic/stochWRF_3.8/external/io_netcdf -lwrfio_nf -L/opt/cray/pe/netcdf-hdf5parallel/4.4.1.1.3/INTEL/16.0/lib -lnetcdff -lnetcdf     -L/opt/cray/pe/hdf5-parallel/1.10.0.3/INTEL/16.0/lib -lhdf5_fortran -lhdf5 -lm -lz       
/opt/cray/pe/hdf5-parallel/1.10.0.3/INTEL/16.0/lib/libhdf5.a(H5PL.o): In function `H5PL_load':
H5PL.c:(.text+0x5fa): warning: Using 'dlopen' in statically linked applications requires at runtime the shared libraries from the glibc version used for linking
#TEMPORARILY REMOVED ftn -o nup.exe  -ip -O3  -w -ftz -fno-alias -align all -FR -convert big_endian     nup_em.o  ../dyn_em/module_initialize_real.o libwrflib.a /scratch/john.lawson/stochastic/stochWRF_3.8/external/fftpack/fftpack5/libfftpack.a /scratch/john.lawson/stochastic/stochWRF_3.8/external/io_grib1/libio_grib1.a /scratch/john.lawson/stochastic/stochWRF_3.8/external/io_grib_share/libio_grib_share.a /scratch/john.lawson/stochastic/stochWRF_3.8/external/io_int/libwrfio_int.a -L/scratch/john.lawson/stochastic/stochWRF_3.8/external/esmf_time_f90 -lesmf_time /scratch/john.lawson/stochastic/stochWRF_3.8/external/RSL_LITE/librsl_lite.a /scratch/john.lawson/stochastic/stochWRF_3.8/frame/module_internal_header_util.o /scratch/john.lawson/stochastic/stochWRF_3.8/frame/pack_utils.o  -L/scratch/john.lawson/stochastic/stochWRF_3.8/external/io_netcdf -lwrfio_nf -L/opt/cray/pe/netcdf-hdf5parallel/4.4.1.1.3/INTEL/16.0/lib -lnetcdff -lnetcdf     -L/opt/cray/pe/hdf5-parallel/1.10.0.3/INTEL/16.0/lib -lhdf5_fortran -lhdf5 -lm -lz       
ftn -o tc.exe  -ip -O3  -w -ftz -fno-alias -align all -FR -convert big_endian     tc_em.o  ../dyn_em/module_initialize_real.o libwrflib.a /scratch/john.lawson/stochastic/stochWRF_3.8/external/fftpack/fftpack5/libfftpack.a /scratch/john.lawson/stochastic/stochWRF_3.8/external/io_grib1/libio_grib1.a /scratch/john.lawson/stochastic/stochWRF_3.8/external/io_grib_share/libio_grib_share.a /scratch/john.lawson/stochastic/stochWRF_3.8/external/io_int/libwrfio_int.a -L/scratch/john.lawson/stochastic/stochWRF_3.8/external/esmf_time_f90 -lesmf_time /scratch/john.lawson/stochastic/stochWRF_3.8/external/RSL_LITE/librsl_lite.a /scratch/john.lawson/stochastic/stochWRF_3.8/frame/module_internal_header_util.o /scratch/john.lawson/stochastic/stochWRF_3.8/frame/pack_utils.o  -L/scratch/john.lawson/stochastic/stochWRF_3.8/external/io_netcdf -lwrfio_nf -L/opt/cray/pe/netcdf-hdf5parallel/4.4.1.1.3/INTEL/16.0/lib -lnetcdff -lnetcdf     -L/opt/cray/pe/hdf5-parallel/1.10.0.3/INTEL/16.0/lib -lhdf5_fortran -lhdf5 -lm -lz       
/opt/cray/pe/hdf5-parallel/1.10.0.3/INTEL/16.0/lib/libhdf5.a(H5PL.o): In function `H5PL_load':
H5PL.c:(.text+0x5fa): warning: Using 'dlopen' in statically linked applications requires at runtime the shared libraries from the glibc version used for linking
ftn -o real.exe  -ip -O3  -w -ftz -fno-alias -align all -FR -convert big_endian     real_em.o ../dyn_em/module_initialize_real.o libwrflib.a /scratch/john.lawson/stochastic/stochWRF_3.8/external/fftpack/fftpack5/libfftpack.a /scratch/john.lawson/stochastic/stochWRF_3.8/external/io_grib1/libio_grib1.a /scratch/john.lawson/stochastic/stochWRF_3.8/external/io_grib_share/libio_grib_share.a /scratch/john.lawson/stochastic/stochWRF_3.8/external/io_int/libwrfio_int.a -L/scratch/john.lawson/stochastic/stochWRF_3.8/external/esmf_time_f90 -lesmf_time /scratch/john.lawson/stochastic/stochWRF_3.8/external/RSL_LITE/librsl_lite.a /scratch/john.lawson/stochastic/stochWRF_3.8/frame/module_internal_header_util.o /scratch/john.lawson/stochastic/stochWRF_3.8/frame/pack_utils.o  -L/scratch/john.lawson/stochastic/stochWRF_3.8/external/io_netcdf -lwrfio_nf -L/opt/cray/pe/netcdf-hdf5parallel/4.4.1.1.3/INTEL/16.0/lib -lnetcdff -lnetcdf     -L/opt/cray/pe/hdf5-parallel/1.10.0.3/INTEL/16.0/lib -lhdf5_fortran -lhdf5 -lm -lz       
/opt/cray/pe/hdf5-parallel/1.10.0.3/INTEL/16.0/lib/libhdf5.a(H5PL.o): In function `H5PL_load':
H5PL.c:(.text+0x5fa): warning: Using 'dlopen' in statically linked applications requires at runtime the shared libraries from the glibc version used for linking
make[1]: Leaving directory '/scratch/john.lawson/stochastic/stochWRF_3.8/main'
( cd test/em_real ; /bin/rm -f wrf.exe ; ln -s ../../main/wrf.exe . )
if [ 0 -eq 1 ] ; then \
  ( cd main ; make -i -r RLFLAGS="" MODULE_DIRS="-I../dyn_em -I../dyn_nmm   -I/scratch/john.lawson/stochastic/stochWRF_3.8/external/esmf_time_f90  -I/scratch/john.lawson/stochastic/stochWRF_3.8/main -I/scratch/john.lawson/stochastic/stochWRF_3.8/external/io_netcdf -I/scratch/john.lawson/stochastic/stochWRF_3.8/external/io_int -I/scratch/john.lawson/stochastic/stochWRF_3.8/frame -I/scratch/john.lawson/stochastic/stochWRF_3.8/share -I/scratch/john.lawson/stochastic/stochWRF_3.8/phys -I/scratch/john.lawson/stochastic/stochWRF_3.8/chem -I/scratch/john.lawson/stochastic/stochWRF_3.8/inc -I/opt/cray/pe/netcdf-hdf5parallel/4.4.1.1.3/INTEL/16.0/include " SOLVER=em IDEAL_CASE=real em_wrf_SST_ESMF ) ; \
  ( cd test/em_esmf_exp ; /bin/rm -f wrf.exe ; ln -s ../../main/wrf.exe . ) ; \
  ( cd test/em_esmf_exp ; /bin/rm -f wrf_SST_ESMF.exe ; ln -s ../../main/wrf_SST_ESMF.exe . ) ; \
  ( cd test/em_esmf_exp ; /bin/rm -f real.exe ; ln -s ../../main/real.exe . ) ; \
  ( cd test/em_esmf_exp ; /bin/rm -f README.namelist ; ln -s ../../run/README.namelist . ) ; \
  ( cd test/em_esmf_exp ; /bin/rm -f ETAMPNEW_DATA.expanded_rain ETAMPNEW_DATA RRTM_DATA RRTMG_LW_DATA RRTMG_SW_DATA ; \
               ln -sf ../../run/ETAMPNEW_DATA . ;                      \
               ln -sf ../../run/ETAMPNEW_DATA.expanded_rain . ;        \
               ln -sf ../../run/RRTM_DATA . ;                          \
               ln -sf ../../run/RRTMG_LW_DATA . ;                      \
               ln -sf ../../run/RRTMG_SW_DATA . ;                      \
               ln -sf ../../run/CAM_ABS_DATA . ;                       \
               ln -sf ../../run/CAM_AEROPT_DATA . ;                    \
               ln -sf ../../run/CAMtr_volume_mixing_ratio.RCP4.5 . ;   \
               ln -sf ../../run/CAMtr_volume_mixing_ratio.RCP6   . ;   \
               ln -sf ../../run/CAMtr_volume_mixing_ratio.RCP8.5 CAMtr_volume_mixing_ratio ;   \
               ln -sf ../../run/CAMtr_volume_mixing_ratio.A1B    . ;   \
               ln -sf ../../run/CAMtr_volume_mixing_ratio.A2     . ;   \
               ln -sf ../../run/CLM_ALB_ICE_DFS_DATA . ;               \
               ln -sf ../../run/CLM_ALB_ICE_DRC_DATA . ;               \
               ln -sf ../../run/CLM_ASM_ICE_DFS_DATA . ;               \
               ln -sf ../../run/CLM_ASM_ICE_DRC_DATA . ;               \
               ln -sf ../../run/CLM_DRDSDT0_DATA . ;                   \
               ln -sf ../../run/CLM_EXT_ICE_DFS_DATA . ;               \
               ln -sf ../../run/CLM_EXT_ICE_DRC_DATA . ;               \
               ln -sf ../../run/CLM_KAPPA_DATA . ;                     \
               ln -sf ../../run/CLM_TAU_DATA . ;                       \
               ln -sf ../../run/ozone.formatted . ;                    \
               ln -sf ../../run/ozone_lat.formatted . ;                \
               ln -sf ../../run/ozone_plev.formatted . ;               \
               ln -sf ../../run/aerosol.formatted . ;                  \
               ln -sf ../../run/aerosol_lat.formatted . ;              \
               ln -sf ../../run/aerosol_lon.formatted . ;              \
               ln -sf ../../run/aerosol_plev.formatted . ;             \
               ln -sf ../../run/CCN_ACTIVATE.BIN . ;                   \
               if [ 4 -eq 8 ] ; then                        \
                  ln -sf ../../run/ETAMPNEW_DATA_DBL ETAMPNEW_DATA ;   \
                  ln -sf ../../run/ETAMPNEW_DATA.expanded_rain_DBL ETAMPNEW_DATA.expanded_rain ;   \
                  ln -sf ../../run/RRTM_DATA_DBL RRTM_DATA         ;   \
                  ln -sf ../../run/RRTMG_LW_DATA_DBL RRTMG_LW_DATA ;   \
                  ln -sf ../../run/RRTMG_SW_DATA_DBL RRTMG_SW_DATA ;   \
               fi ) ; \
  ( cd test/em_esmf_exp ; /bin/rm -f GENPARM.TBL ; ln -s ../../run/GENPARM.TBL . ) ; \
  ( cd test/em_esmf_exp ; /bin/rm -f LANDUSE.TBL ; ln -s ../../run/LANDUSE.TBL . ) ; \
  ( cd test/em_esmf_exp ; /bin/rm -f SOILPARM.TBL ; ln -s ../../run/SOILPARM.TBL . ) ; \
  ( cd test/em_esmf_exp ; /bin/rm -f URBPARM.TBL ; ln -s ../../run/URBPARM.TBL . ) ; \
  ( cd test/em_esmf_exp ; /bin/rm -f VEGPARM.TBL ; ln -s ../../run/VEGPARM.TBL . ) ; \
  ( cd test/em_esmf_exp ; /bin/rm -f MPTABLE.TBL ; ln -s ../../run/MPTABLE.TBL . ) ; \
  ( cd test/em_esmf_exp ; /bin/rm -f tr49t67 ; ln -s ../../run/tr49t67 . ) ; \
  ( cd test/em_esmf_exp ; /bin/rm -f tr49t85 ; ln -s ../../run/tr49t85 . ) ; \
  ( cd test/em_esmf_exp ; /bin/rm -f tr67t85 ; ln -s ../../run/tr67t85 . ) ; \
  ( cd test/em_esmf_exp ; /bin/rm -f gribmap.txt ; ln -s ../../run/gribmap.txt . ) ; \
  ( cd test/em_esmf_exp ; /bin/rm -f grib2map.tbl ; ln -s ../../run/grib2map.tbl . ) ; \
fi
( cd test/em_real ; /bin/rm -f real.exe ; ln -s ../../main/real.exe . )
( cd test/em_real ; /bin/rm -f tc.exe ; ln -s ../../main/tc.exe . )
( cd test/em_real ; /bin/rm -f ndown.exe ; ln -s ../../main/ndown.exe . )
#TEMPORARILY REMOVED ( cd test/em_real ; /bin/rm -f nup.exe ; ln -s ../../main/nup.exe . )
( cd test/em_real ; /bin/rm -f README.namelist ; ln -s ../../run/README.namelist . )
( cd test/em_real ; /bin/rm -f ETAMPNEW_DATA.expanded_rain ETAMPNEW_DATA RRTM_DATA RRTMG_LW_DATA RRTMG_SW_DATA ;    \
             ln -sf ../../run/ETAMPNEW_DATA . ;                     \
             ln -sf ../../run/ETAMPNEW_DATA.expanded_rain . ;       \
             ln -sf ../../run/RRTM_DATA . ;                         \
             ln -sf ../../run/RRTMG_LW_DATA . ;                     \
             ln -sf ../../run/RRTMG_SW_DATA . ;                     \
             ln -sf ../../run/CAM_ABS_DATA . ;                      \
             ln -sf ../../run/CAM_AEROPT_DATA . ;                   \
             ln -sf ../../run/CAMtr_volume_mixing_ratio.RCP4.5 . ;  \
             ln -sf ../../run/CAMtr_volume_mixing_ratio.RCP6   . ;  \
             ln -sf ../../run/CAMtr_volume_mixing_ratio.RCP8.5 CAMtr_volume_mixing_ratio ;   \
             ln -sf ../../run/CAMtr_volume_mixing_ratio.A1B    . ;  \
             ln -sf ../../run/CAMtr_volume_mixing_ratio.A2     . ;  \
             ln -sf ../../run/CLM_ALB_ICE_DFS_DATA . ;              \
             ln -sf ../../run/CLM_ALB_ICE_DRC_DATA . ;              \
             ln -sf ../../run/CLM_ASM_ICE_DFS_DATA . ;              \
             ln -sf ../../run/CLM_ASM_ICE_DRC_DATA . ;              \
             ln -sf ../../run/CLM_DRDSDT0_DATA . ;                  \
             ln -sf ../../run/CLM_EXT_ICE_DFS_DATA . ;              \
             ln -sf ../../run/CLM_EXT_ICE_DRC_DATA . ;              \
             ln -sf ../../run/CLM_KAPPA_DATA . ;                    \
             ln -sf ../../run/CLM_TAU_DATA . ;                      \
             ln -sf ../../run/ozone.formatted . ;                   \
             ln -sf ../../run/ozone_lat.formatted . ;               \
             ln -sf ../../run/ozone_plev.formatted . ;              \
             ln -sf ../../run/aerosol.formatted . ;                 \
             ln -sf ../../run/aerosol_lat.formatted . ;             \
             ln -sf ../../run/aerosol_lon.formatted . ;             \
             ln -sf ../../run/aerosol_plev.formatted . ;            \
             ln -sf ../../run/capacity.asc . ;            \
             ln -sf ../../run/coeff_p.asc . ;            \
             ln -sf ../../run/coeff_q.asc . ;            \
             ln -sf ../../run/constants.asc . ;            \
             ln -sf ../../run/masses.asc . ;            \
             ln -sf ../../run/termvels.asc . ;            \
             ln -sf ../../run/kernels.asc_s_0_03_0_9 . ;            \
             ln -sf ../../run/kernels_z.asc . ;            \
             ln -sf ../../run/bulkdens.asc_s_0_03_0_9 . ;            \
             ln -sf ../../run/bulkradii.asc_s_0_03_0_9 . ;            \
             ln -sf ../../run/CCN_ACTIVATE.BIN . ;                   \
             if [ 4 -eq 8 ] ; then                       \
                ln -sf ../../run/ETAMPNEW_DATA_DBL ETAMPNEW_DATA ;  \
                ln -sf ../../run/ETAMPNEW_DATA.expanded_rain_DBL ETAMPNEW_DATA.expanded_rain ;   \
                ln -sf ../../run/RRTM_DATA_DBL RRTM_DATA ;          \
                ln -sf ../../run/RRTMG_LW_DATA_DBL RRTMG_LW_DATA ;  \
                ln -sf ../../run/RRTMG_SW_DATA_DBL RRTMG_SW_DATA ;  \
             fi )
( cd test/em_real ; /bin/rm -f GENPARM.TBL ; ln -s ../../run/GENPARM.TBL . )
( cd test/em_real ; /bin/rm -f LANDUSE.TBL ; ln -s ../../run/LANDUSE.TBL . )
( cd test/em_real ; /bin/rm -f SOILPARM.TBL ; ln -s ../../run/SOILPARM.TBL . )
( cd test/em_real ; /bin/rm -f URBPARM.TBL ; ln -s ../../run/URBPARM.TBL . )
( cd test/em_real ; /bin/rm -f VEGPARM.TBL ; ln -s ../../run/VEGPARM.TBL . )
( cd test/em_real ; /bin/rm -f MPTABLE.TBL ; ln -s ../../run/MPTABLE.TBL . )
( cd test/em_real ; /bin/rm -f tr49t67 ; ln -s ../../run/tr49t67 . )
( cd test/em_real ; /bin/rm -f tr49t85 ; ln -s ../../run/tr49t85 . )
( cd test/em_real ; /bin/rm -f tr67t85 ; ln -s ../../run/tr67t85 . )
( cd test/em_real ; /bin/rm -f gribmap.txt ; ln -s ../../run/gribmap.txt . )
( cd test/em_real ; /bin/rm -f grib2map.tbl ; ln -s ../../run/grib2map.tbl . )
( cd run ; /bin/rm -f real.exe ; ln -s ../main/real.exe . )
( cd run ; /bin/rm -f tc.exe ; ln -s ../main/tc.exe . )
( cd run ; /bin/rm -f ndown.exe ; ln -s ../main/ndown.exe . )
#TEMPORARILY REMOVED ( cd run ; /bin/rm -f nup.exe ; ln -s ../main/nup.exe . )
( cd run ; if test -f namelist.input ; then \
	/bin/cp -f namelist.input namelist.input.backup ; fi ; \
	/bin/rm -f namelist.input ; cp ../test/em_real/namelist.input . )
 
==========================================================================
build started:   Tue Oct 22 17:09:21 UTC 2019
build completed: Tue Oct 22 18:03:52 UTC 2019
 
--->                  Executables successfully built                  <---
 
-rwxr-xr-x 1 john.lawson users 376172360 Oct 22 18:03 main/ndown.exe
-rwxr-xr-x 1 john.lawson users 375448192 Oct 22 18:03 main/real.exe
-rwxr-xr-x 1 john.lawson users 374459464 Oct 22 18:03 main/tc.exe
-rwxr-xr-x 1 john.lawson users 421019656 Oct 22 18:01 main/wrf.exe
 
==========================================================================
 
